Archive member included to satisfy reference by file (symbol)

c:/vscodeproject/software/arm_gcc/bin/../lib/gcc/arm-none-eabi/9.2.1/../../../../arm-none-eabi/lib/thumb/v7e-m+fp/hard\libc_nano.a(lib_a-exit.o)
                              c:/vscodeproject/software/arm_gcc/bin/../lib/gcc/arm-none-eabi/9.2.1/../../../../arm-none-eabi/lib/thumb/v7e-m+fp/hard/crt0.o (exit)
c:/vscodeproject/software/arm_gcc/bin/../lib/gcc/arm-none-eabi/9.2.1/../../../../arm-none-eabi/lib/thumb/v7e-m+fp/hard\libc_nano.a(lib_a-impure.o)
                              c:/vscodeproject/software/arm_gcc/bin/../lib/gcc/arm-none-eabi/9.2.1/../../../../arm-none-eabi/lib/thumb/v7e-m+fp/hard\libc_nano.a(lib_a-exit.o) (_global_impure_ptr)
c:/vscodeproject/software/arm_gcc/bin/../lib/gcc/arm-none-eabi/9.2.1/../../../../arm-none-eabi/lib/thumb/v7e-m+fp/hard\libc_nano.a(lib_a-init.o)
                              c:/vscodeproject/software/arm_gcc/bin/../lib/gcc/arm-none-eabi/9.2.1/../../../../arm-none-eabi/lib/thumb/v7e-m+fp/hard/crt0.o (__libc_init_array)
c:/vscodeproject/software/arm_gcc/bin/../lib/gcc/arm-none-eabi/9.2.1/../../../../arm-none-eabi/lib/thumb/v7e-m+fp/hard\libc_nano.a(lib_a-memcpy-stub.o)
                              build/mbfuncother.o (memcpy)
c:/vscodeproject/software/arm_gcc/bin/../lib/gcc/arm-none-eabi/9.2.1/../../../../arm-none-eabi/lib/thumb/v7e-m+fp/hard\libc_nano.a(lib_a-memset.o)
                              c:/vscodeproject/software/arm_gcc/bin/../lib/gcc/arm-none-eabi/9.2.1/../../../../arm-none-eabi/lib/thumb/v7e-m+fp/hard/crt0.o (memset)
c:/vscodeproject/software/arm_gcc/bin/../lib/gcc/arm-none-eabi/9.2.1/../../../../arm-none-eabi/lib/thumb/v7e-m+fp/hard\libc_nano.a(lib_a-snprintf.o)
                              build/w25qxx.o (snprintf)
c:/vscodeproject/software/arm_gcc/bin/../lib/gcc/arm-none-eabi/9.2.1/../../../../arm-none-eabi/lib/thumb/v7e-m+fp/hard\libc_nano.a(lib_a-strlen.o)
                              build/w25qxx.o (strlen)
c:/vscodeproject/software/arm_gcc/bin/../lib/gcc/arm-none-eabi/9.2.1/../../../../arm-none-eabi/lib/thumb/v7e-m+fp/hard\libc_nano.a(lib_a-nano-svfprintf.o)
                              c:/vscodeproject/software/arm_gcc/bin/../lib/gcc/arm-none-eabi/9.2.1/../../../../arm-none-eabi/lib/thumb/v7e-m+fp/hard\libc_nano.a(lib_a-snprintf.o) (_svfprintf_r)
c:/vscodeproject/software/arm_gcc/bin/../lib/gcc/arm-none-eabi/9.2.1/../../../../arm-none-eabi/lib/thumb/v7e-m+fp/hard\libc_nano.a(lib_a-nano-vfprintf_i.o)
                              c:/vscodeproject/software/arm_gcc/bin/../lib/gcc/arm-none-eabi/9.2.1/../../../../arm-none-eabi/lib/thumb/v7e-m+fp/hard\libc_nano.a(lib_a-nano-svfprintf.o) (_printf_i)
c:/vscodeproject/software/arm_gcc/bin/../lib/gcc/arm-none-eabi/9.2.1/../../../../arm-none-eabi/lib/thumb/v7e-m+fp/hard\libc_nano.a(lib_a-memchr.o)
                              c:/vscodeproject/software/arm_gcc/bin/../lib/gcc/arm-none-eabi/9.2.1/../../../../arm-none-eabi/lib/thumb/v7e-m+fp/hard\libc_nano.a(lib_a-nano-svfprintf.o) (memchr)
c:/vscodeproject/software/arm_gcc/bin/../lib/gcc/arm-none-eabi/9.2.1/../../../../arm-none-eabi/lib/thumb/v7e-m+fp/hard\libc_nano.a(lib_a-memmove.o)
                              c:/vscodeproject/software/arm_gcc/bin/../lib/gcc/arm-none-eabi/9.2.1/../../../../arm-none-eabi/lib/thumb/v7e-m+fp/hard\libc_nano.a(lib_a-nano-svfprintf.o) (memmove)
c:/vscodeproject/software/arm_gcc/bin/../lib/gcc/arm-none-eabi/9.2.1/../../../../arm-none-eabi/lib/thumb/v7e-m+fp/hard\libc_nano.a(lib_a-nano-freer.o)
                              c:/vscodeproject/software/arm_gcc/bin/../lib/gcc/arm-none-eabi/9.2.1/../../../../arm-none-eabi/lib/thumb/v7e-m+fp/hard\libc_nano.a(lib_a-nano-svfprintf.o) (_free_r)
c:/vscodeproject/software/arm_gcc/bin/../lib/gcc/arm-none-eabi/9.2.1/../../../../arm-none-eabi/lib/thumb/v7e-m+fp/hard\libc_nano.a(lib_a-nano-mallocr.o)
                              c:/vscodeproject/software/arm_gcc/bin/../lib/gcc/arm-none-eabi/9.2.1/../../../../arm-none-eabi/lib/thumb/v7e-m+fp/hard\libc_nano.a(lib_a-nano-svfprintf.o) (_malloc_r)
c:/vscodeproject/software/arm_gcc/bin/../lib/gcc/arm-none-eabi/9.2.1/../../../../arm-none-eabi/lib/thumb/v7e-m+fp/hard\libc_nano.a(lib_a-nano-reallocr.o)
                              c:/vscodeproject/software/arm_gcc/bin/../lib/gcc/arm-none-eabi/9.2.1/../../../../arm-none-eabi/lib/thumb/v7e-m+fp/hard\libc_nano.a(lib_a-nano-svfprintf.o) (_realloc_r)
c:/vscodeproject/software/arm_gcc/bin/../lib/gcc/arm-none-eabi/9.2.1/../../../../arm-none-eabi/lib/thumb/v7e-m+fp/hard\libc_nano.a(lib_a-sbrkr.o)
                              c:/vscodeproject/software/arm_gcc/bin/../lib/gcc/arm-none-eabi/9.2.1/../../../../arm-none-eabi/lib/thumb/v7e-m+fp/hard\libc_nano.a(lib_a-nano-mallocr.o) (_sbrk_r)
c:/vscodeproject/software/arm_gcc/bin/../lib/gcc/arm-none-eabi/9.2.1/../../../../arm-none-eabi/lib/thumb/v7e-m+fp/hard\libc_nano.a(lib_a-mlock.o)
[...]
Memory Configuration

Name             Origin             Length             Attributes
RAM              0x0000000020000000 0x0000000000020000 xrw
CCMRAM           0x0000000010000000 0x0000000000010000 xrw
FLASH            0x0000000008000000 0x0000000000080000 xr
*default*        0x0000000000000000 0xffffffffffffffff

Linker script and memory map

LOAD c:/vscodeproject/software/arm_gcc/bin/../lib/gcc/arm-none-eabi/9.2.1/thumb/v7e-m+fp/hard/crti.o
LOAD c:/vscodeproject/software/arm_gcc/bin/../lib/gcc/arm-none-eabi/9.2.1/thumb/v7e-m+fp/hard/crtbegin.o
LOAD c:/vscodeproject/software/arm_gcc/bin/../lib/gcc/arm-none-eabi/9.2.1/../../../../arm-none-eabi/lib/thumb/v7e-m+fp/hard/crt0.o
LOAD build/main.o
LOAD build/stm32f4xx_it.o
LOAD build/stm32f4xx_hal_msp.o
LOAD build/stm32f4xx_hal_tim.o
LOAD build/stm32f4xx_hal_tim_ex.o
LOAD build/stm32f4xx_hal_rcc.o
LOAD build/stm32f4xx_hal_rcc_ex.o
LOAD build/stm32f4xx_hal_flash.o
LOAD build/stm32f4xx_hal_flash_ex.o
LOAD build/stm32f4xx_hal_flash_ramfunc.o
LOAD build/stm32f4xx_hal_gpio.o
LOAD build/stm32f4xx_hal_dma_ex.o
LOAD build/stm32f4xx_hal_dma.o
LOAD build/stm32f4xx_hal_pwr.o
LOAD build/stm32f4xx_hal_pwr_ex.o
LOAD build/stm32f4xx_hal_cortex.o
LOAD build/stm32f4xx_hal.o
LOAD build/stm32f4xx_hal_exti.o
LOAD build/stm32f4xx_hal_uart.o
LOAD build/system_stm32f4xx.o
LOAD build/mbascii.o
LOAD build/mbfunccoils.o
LOAD build/mbfunccoils_m.o
LOAD build/mbfuncdiag.o
LOAD build/mbfuncdisc.o
LOAD build/mbfuncdisc_m.o
LOAD build/mbfuncholding.o
LOAD build/mbfuncholding_m.o
LOAD build/mbfuncinput.o
LOAD build/mbfuncinput_m.o
LOAD build/mbfuncother.o
LOAD build/mbutils.o
LOAD build/portevent.o
LOAD build/portevent_m.o
LOAD build/portserial.o
LOAD build/portserial_m.o
LOAD build/porttimer.o
LOAD build/porttimer_m.o
LOAD build/portcritical.o
LOAD build/mbcrc.o
LOAD build/mbrtu.o
LOAD build/mbrtu_m.o
LOAD build/mbtcp.o
LOAD build/mb.o
LOAD build/mb_m.o
LOAD build/user_mb_app.o
LOAD build/user_mb_app_m.o
LOAD build/ReceiveTransmit.o
LOAD build/gpio.o
LOAD build/tim.o
LOAD build/usart.o
LOAD build/spi.o
LOAD build/stm32f4xx_hal_spi.o
LOAD build/w25qxx.o
LOAD build/adc.o
LOAD build/stm32f4xx_hal_adc.o
LOAD build/stm32f4xx_hal_adc_ex.o
LOAD build/stm32f4xx_ll_adc.o
LOAD build/startup_stm32f407xx.o
LOAD c:/vscodeproject/software/arm_gcc/bin/../lib/gcc/arm-none-eabi/9.2.1/../../../../arm-none-eabi/lib/thumb/v7e-m+fp/hard\libc_nano.a
LOAD c:/vscodeproject/software/arm_gcc/bin/../lib/gcc/arm-none-eabi/9.2.1/../../../../arm-none-eabi/lib/thumb/v7e-m+fp/hard\libm.a
LOAD c:/vscodeproject/software/arm_gcc/bin/../lib/gcc/arm-none-eabi/9.2.1/../../../../arm-none-eabi/lib/thumb/v7e-m+fp/hard\libnosys.a
START GROUP
LOAD c:/vscodeproject/software/arm_gcc/bin/../lib/gcc/arm-none-eabi/9.2.1/thumb/v7e-m+fp/hard\libgcc.a
LOAD c:/vscodeproject/software/arm_gcc/bin/../lib/gcc/arm-none-eabi/9.2.1/../../../../arm-none-eabi/lib/thumb/v7e-m+fp/hard\libc_nano.a
END GROUP
START GROUP
LOAD c:/vscodeproject/software/arm_gcc/bin/../lib/gcc/arm-none-eabi/9.2.1/thumb/v7e-m+fp/hard\libgcc.a
LOAD c:/vscodeproject/software/arm_gcc/bin/../lib/gcc/arm-none-eabi/9.2.1/../../../../arm-none-eabi/lib/thumb/v7e-m+fp/hard\libc_nano.a
END GROUP
LOAD c:/vscodeproject/software/arm_gcc/bin/../lib/gcc/arm-none-eabi/9.2.1/thumb/v7e-m+fp/hard/crtend.o
LOAD c:/vscodeproject/software/arm_gcc/bin/../lib/gcc/arm-none-eabi/9.2.1/thumb/v7e-m+fp/hard/crtn.o
                0x0000000020020000                _estack = 0x20020000
                0x0000000000000200                _Min_Heap_Size = 0x200
                0x0000000000000400                _Min_Stack_Size = 0x400

.isr_vector     0x0000000008000000      0x188
                0x0000000008000000                . = ALIGN (0x4)
 *(.isr_vector)
 .isr_vector    0x0000000008000000      0x188 build/startup_stm32f407xx.o
                0x0000000008000000                g_pfnVectors
                0x0000000008000188                . = ALIGN (0x4)

.text           0x0000000008000188     0x42c0
                0x0000000008000188                . = ALIGN (0x4)
 *(.text)
 .text          0x0000000008000188      0x378 c:/vscodeproject/software/arm_gcc/bin/../lib/gcc/arm-none-eabi/9.2.1/thumb/v7e-m+fp/hard\libgcc.a(_arm_addsubdf3.o)
                0x0000000008000188                __aeabi_drsub
                0x0000000008000190                __aeabi_dsub
                0x0000000008000190                __subdf3
                0x0000000008000194                __aeabi_dadd
                0x0000000008000194                __adddf3
                0x000000000800040c                __floatunsidf
                0x000000000800040c                __aeabi_ui2d
                0x000000000800042c                __floatsidf
                0x000000000800042c                __aeabi_i2d
                0x0000000008000450                __aeabi_f2d
                0x0000000008000450                __extendsfdf2
                0x0000000008000494                __floatundidf
                0x0000000008000494                __aeabi_ul2d
                0x00000000080004a4                __floatdidf
                0x00000000080004a4                __aeabi_l2d
 .text          0x0000000008000500      0x424 c:/vscodeproject/software/arm_gcc/bin/../lib/gcc/arm-none-eabi/9.2.1/thumb/v7e-m+fp/hard\libgcc.a(_arm_muldivdf3.o)
                0x0000000008000500                __aeabi_dmul
                0x0000000008000500                __muldf3
                0x0000000008000754                __divdf3
                0x0000000008000754                __aeabi_ddiv
 .text          0x0000000008000924       0xa0 c:/vscodeproject/software/arm_gcc/bin/../lib/gcc/arm-none-eabi/9.2.1/thumb/v7e-m+fp/hard\libgcc.a(_arm_truncdfsf2.o)
                0x0000000008000924                __truncdfsf2
                0x0000000008000924                __aeabi_d2f
 .text          0x00000000080009c4       0x30 c:/vscodeproject/software/arm_gcc/bin/../lib/gcc/arm-none-eabi/9.2.1/thumb/v7e-m+fp/hard\libgcc.a(_aeabi_uldivmod.o)
                0x00000000080009c4                __aeabi_uldivmod
 .text          0x00000000080009f4        0x4 c:/vscodeproject/software/arm_gcc/bin/../lib/gcc/arm-none-eabi/9.2.1/thumb/v7e-m+fp/hard\libgcc.a(_dvmd_tls.o)
                0x00000000080009f4                __aeabi_idiv0
                0x00000000080009f4                __aeabi_ldiv0
 *(.text*)
 .text.__do_global_dtors_aux
                0x00000000080009f8       0x24 c:/vscodeproject/software/arm_gcc/bin/../lib/gcc/arm-none-eabi/9.2.1/thumb/v7e-m+fp/hard/crtbegin.o
 .text.frame_dummy
                0x0000000008000a1c       0x1c c:/vscodeproject/software/arm_gcc/bin/../lib/gcc/arm-none-eabi/9.2.1/thumb/v7e-m+fp/hard/crtbegin.o
 .text.Error_Handler
                0x0000000008000a38        0x4 build/main.o
                0x0000000008000a38                Error_Handler
 .text.SystemClock_Config
                0x0000000008000a3c       0xa4 build/main.o
                0x0000000008000a3c                SystemClock_Config
 .text.main     0x0000000008000ae0       0xc0 build/main.o
                0x0000000008000ae0                main
 .text.NMI_Handler
                0x0000000008000ba0        0x2 build/stm32f4xx_it.o
                0x0000000008000ba0                NMI_Handler
 .text.HardFault_Handler
                0x0000000008000ba2        0x2 build/stm32f4xx_it.o
                0x0000000008000ba2                HardFault_Handler
 .text.MemManage_Handler
                0x0000000008000ba4        0x2 build/stm32f4xx_it.o
                0x0000000008000ba4                MemManage_Handler
 .text.BusFault_Handler
                0x0000000008000ba6        0x2 build/stm32f4xx_it.o
                0x0000000008000ba6                BusFault_Handler
 .text.UsageFault_Handler
                0x0000000008000ba8        0x2 build/stm32f4xx_it.o
                0x0000000008000ba8                UsageFault_Handler
 .text.SVC_Handler
                0x0000000008000baa        0x2 build/stm32f4xx_it.o
                0x0000000008000baa                SVC_Handler
 .text.DebugMon_Handler
                0x0000000008000bac        0x2 build/stm32f4xx_it.o
                0x0000000008000bac                DebugMon_Handler
 .text.PendSV_Handler
                0x0000000008000bae        0x2 build/stm32f4xx_it.o
                0x0000000008000bae                PendSV_Handler
 .text.SysTick_Handler
                0x0000000008000bb0        0x8 build/stm32f4xx_it.o
                0x0000000008000bb0                SysTick_Handler
 .text.TIM3_IRQHandler
                0x0000000008000bb8       0xdc build/stm32f4xx_it.o
                0x0000000008000bb8                TIM3_IRQHandler
 .text.TIM4_IRQHandler
                0x0000000008000c94       0x10 build/stm32f4xx_it.o
                0x0000000008000c94                TIM4_IRQHandler
 .text.USART1_IRQHandler
                0x0000000008000ca4       0x10 build/stm32f4xx_it.o
                0x0000000008000ca4                USART1_IRQHandler
 .text.USART2_IRQHandler
                0x0000000008000cb4       0x10 build/stm32f4xx_it.o
                0x0000000008000cb4                USART2_IRQHandler
 .text.HAL_MspInit
                0x0000000008000cc4       0x38 build/stm32f4xx_hal_msp.o
                0x0000000008000cc4                HAL_MspInit
 .text.TIM_TI1_ConfigInputStage
                0x0000000008000cfc       0x24 build/stm32f4xx_hal_tim.o
 .text.TIM_TI2_ConfigInputStage
                0x0000000008000d20       0x26 build/stm32f4xx_hal_tim.o
 .text.TIM_ITRx_SetConfig
                0x0000000008000d46       0x10 build/stm32f4xx_hal_tim.o
 *fill*         0x0000000008000d56        0x2 
 .text.HAL_TIM_Base_Start_IT
                0x0000000008000d58       0x88 build/stm32f4xx_hal_tim.o
                0x0000000008000d58                HAL_TIM_Base_Start_IT
 .text.HAL_TIM_Base_Stop_IT
                0x0000000008000de0       0x32 build/stm32f4xx_hal_tim.o
                0x0000000008000de0                HAL_TIM_Base_Stop_IT
 .text.HAL_TIM_OC_DelayElapsedCallback
                0x0000000008000e12        0x2 build/stm32f4xx_hal_tim.o
                0x0000000008000e12                HAL_TIM_OC_DelayElapsedCallback
 .text.HAL_TIM_IC_CaptureCallback
                0x0000000008000e14        0x2 build/stm32f4xx_hal_tim.o
                0x0000000008000e14                HAL_TIM_IC_CaptureCallback
 .text.HAL_TIM_PWM_PulseFinishedCallback
                0x0000000008000e16        0x2 build/stm32f4xx_hal_tim.o
                0x0000000008000e16                HAL_TIM_PWM_PulseFinishedCallback
 .text.HAL_TIM_TriggerCallback
                0x0000000008000e18        0x2 build/stm32f4xx_hal_tim.o
                0x0000000008000e18                HAL_TIM_TriggerCallback
 .text.HAL_TIM_IRQHandler
                0x0000000008000e1a      0x17a build/stm32f4xx_hal_tim.o
                0x0000000008000e1a                HAL_TIM_IRQHandler
 .text.TIM_Base_SetConfig
                0x0000000008000f94       0xc8 build/stm32f4xx_hal_tim.o
                0x0000000008000f94                TIM_Base_SetConfig
 .text.HAL_TIM_Base_Init
                0x000000000800105c       0x58 build/stm32f4xx_hal_tim.o
                0x000000000800105c                HAL_TIM_Base_Init
 .text.TIM_ETR_SetConfig
                0x00000000080010b4       0x18 build/stm32f4xx_hal_tim.o
                0x00000000080010b4                TIM_ETR_SetConfig
 .text.HAL_TIM_ConfigClockSource
                0x00000000080010cc       0xda build/stm32f4xx_hal_tim.o
                0x00000000080010cc                HAL_TIM_ConfigClockSource
 *fill*         0x00000000080011a6        0x2 
 .text.HAL_TIMEx_MasterConfigSynchronization
                0x00000000080011a8       0x88 build/stm32f4xx_hal_tim_ex.o
                0x00000000080011a8                HAL_TIMEx_MasterConfigSynchronization
 .text.HAL_TIMEx_CommutCallback
                0x0000000008001230        0x2 build/stm32f4xx_hal_tim_ex.o
                0x0000000008001230                HAL_TIMEx_CommutCallback
 .text.HAL_TIMEx_BreakCallback
                0x0000000008001232        0x2 build/stm32f4xx_hal_tim_ex.o
                0x0000000008001232                HAL_TIMEx_BreakCallback
 .text.HAL_RCC_OscConfig
                0x0000000008001234      0x3f8 build/stm32f4xx_hal_rcc.o
                0x0000000008001234                HAL_RCC_OscConfig
 .text.HAL_RCC_GetSysClockFreq
                0x000000000800162c       0xcc build/stm32f4xx_hal_rcc.o
                0x000000000800162c                HAL_RCC_GetSysClockFreq
 .text.HAL_RCC_ClockConfig
                0x00000000080016f8      0x160 build/stm32f4xx_hal_rcc.o
                0x00000000080016f8                HAL_RCC_ClockConfig
 .text.HAL_RCC_GetHCLKFreq
                0x0000000008001858        0xc build/stm32f4xx_hal_rcc.o
                0x0000000008001858                HAL_RCC_GetHCLKFreq
 .text.HAL_RCC_GetPCLK1Freq
                0x0000000008001864       0x20 build/stm32f4xx_hal_rcc.o
                0x0000000008001864                HAL_RCC_GetPCLK1Freq
 .text.HAL_RCC_GetPCLK2Freq
                0x0000000008001884       0x20 build/stm32f4xx_hal_rcc.o
                0x0000000008001884                HAL_RCC_GetPCLK2Freq
 .text.HAL_GPIO_Init
                0x00000000080018a4      0x1d4 build/stm32f4xx_hal_gpio.o
                0x00000000080018a4                HAL_GPIO_Init
 .text.HAL_GPIO_WritePin
                0x0000000008001a78        0xc build/stm32f4xx_hal_gpio.o
                0x0000000008001a78                HAL_GPIO_WritePin
 .text.HAL_GPIO_TogglePin
                0x0000000008001a84       0x12 build/stm32f4xx_hal_gpio.o
                0x0000000008001a84                HAL_GPIO_TogglePin
 .text.HAL_DMA_Abort
                0x0000000008001a96       0x94 build/stm32f4xx_hal_dma.o
                0x0000000008001a96                HAL_DMA_Abort
 .text.HAL_DMA_Abort_IT
                0x0000000008001b2a       0x26 build/stm32f4xx_hal_dma.o
                0x0000000008001b2a                HAL_DMA_Abort_IT
 .text.HAL_NVIC_SetPriorityGrouping
                0x0000000008001b50       0x24 build/stm32f4xx_hal_cortex.o
                0x0000000008001b50                HAL_NVIC_SetPriorityGrouping
 .text.HAL_NVIC_SetPriority
                0x0000000008001b74       0x68 build/stm32f4xx_hal_cortex.o
                0x0000000008001b74                HAL_NVIC_SetPriority
 .text.HAL_NVIC_EnableIRQ
                0x0000000008001bdc       0x1c build/stm32f4xx_hal_cortex.o
                0x0000000008001bdc                HAL_NVIC_EnableIRQ
 .text.HAL_SYSTICK_Config
                0x0000000008001bf8       0x2c build/stm32f4xx_hal_cortex.o
                0x0000000008001bf8                HAL_SYSTICK_Config
 .text.HAL_InitTick
                0x0000000008001c24       0x4c build/stm32f4xx_hal.o
                0x0000000008001c24                HAL_InitTick
 .text.HAL_Init
                0x0000000008001c70       0x34 build/stm32f4xx_hal.o
                0x0000000008001c70                HAL_Init
 .text.HAL_IncTick
                0x0000000008001ca4       0x18 build/stm32f4xx_hal.o
                0x0000000008001ca4                HAL_IncTick
 .text.HAL_GetTick
                0x0000000008001cbc        0xc build/stm32f4xx_hal.o
                0x0000000008001cbc                HAL_GetTick
 .text.HAL_Delay
                0x0000000008001cc8       0x28 build/stm32f4xx_hal.o
                0x0000000008001cc8                HAL_Delay
 .text.UART_EndRxTransfer
                0x0000000008001cf0       0x32 build/stm32f4xx_hal_uart.o
 .text.UART_Transmit_IT
                0x0000000008001d22       0x60 build/stm32f4xx_hal_uart.o
 *fill*         0x0000000008001d82        0x2 
 .text.UART_SetConfig
                0x0000000008001d84      0x11c build/stm32f4xx_hal_uart.o
 .text.HAL_UART_Init
                0x0000000008001ea0       0x5e build/stm32f4xx_hal_uart.o
                0x0000000008001ea0                HAL_UART_Init
 .text.HAL_UART_Transmit_IT
                0x0000000008001efe       0x48 build/stm32f4xx_hal_uart.o
                0x0000000008001efe                HAL_UART_Transmit_IT
 .text.UART_EndTransmit_IT
                0x0000000008001f46       0x1a build/stm32f4xx_hal_uart.o
 .text.HAL_UART_ErrorCallback
                0x0000000008001f60        0x2 build/stm32f4xx_hal_uart.o
                0x0000000008001f60                HAL_UART_ErrorCallback
 .text.UART_DMAAbortOnError
                0x0000000008001f62       0x10 build/stm32f4xx_hal_uart.o
 .text.HAL_UART_AbortTransmitCpltCallback
                0x0000000008001f72        0x2 build/stm32f4xx_hal_uart.o
                0x0000000008001f72                HAL_UART_AbortTransmitCpltCallback
 .text.HAL_UART_AbortTransmit_IT
                0x0000000008001f74       0x60 build/stm32f4xx_hal_uart.o
                0x0000000008001f74                HAL_UART_AbortTransmit_IT
 .text.UART_DMATxOnlyAbortCallback
                0x0000000008001fd4       0x14 build/stm32f4xx_hal_uart.o
 .text.HAL_UART_AbortReceiveCpltCallback
                0x0000000008001fe8        0x2 build/stm32f4xx_hal_uart.o
                0x0000000008001fe8                HAL_UART_AbortReceiveCpltCallback
 *fill*         0x0000000008001fea        0x2 
 .text.HAL_UART_AbortReceive_IT
                0x0000000008001fec       0x84 build/stm32f4xx_hal_uart.o
                0x0000000008001fec                HAL_UART_AbortReceive_IT
 .text.UART_DMARxOnlyAbortCallback
                0x0000000008002070       0x16 build/stm32f4xx_hal_uart.o
 .text.HAL_UARTEx_RxEventCallback
                0x0000000008002086        0x2 build/stm32f4xx_hal_uart.o
                0x0000000008002086                HAL_UARTEx_RxEventCallback
 .text.UART_Receive_IT
                0x0000000008002088       0xba build/stm32f4xx_hal_uart.o
 *fill*         0x0000000008002142        0x2 
 .text.HAL_UART_IRQHandler
                0x0000000008002144      0x208 build/stm32f4xx_hal_uart.o
                0x0000000008002144                HAL_UART_IRQHandler
 .text.UART_Start_Receive_IT
                0x000000000800234c       0x36 build/stm32f4xx_hal_uart.o
                0x000000000800234c                UART_Start_Receive_IT
 .text.HAL_UART_Receive_IT
                0x0000000008002382       0x38 build/stm32f4xx_hal_uart.o
                0x0000000008002382                HAL_UART_Receive_IT
 *fill*         0x00000000080023ba        0x2 
 .text.SystemInit
                0x00000000080023bc       0x14 build/system_stm32f4xx.o
                0x00000000080023bc                SystemInit
 .text.eMBFuncReadCoils
                0x00000000080023d0       0x74 build/mbfunccoils.o
                0x00000000080023d0                eMBFuncReadCoils
 .text.eMBFuncWriteCoil
                0x0000000008002444       0x60 build/mbfunccoils.o
                0x0000000008002444                eMBFuncWriteCoil
 .text.eMBFuncWriteMultipleCoils
                0x00000000080024a4       0x64 build/mbfunccoils.o
                0x00000000080024a4                eMBFuncWriteMultipleCoils
 .text.eMBFuncReadDiscreteInputs
                0x0000000008002508       0x72 build/mbfuncdisc.o
                0x0000000008002508                eMBFuncReadDiscreteInputs
 .text.eMBFuncWriteHoldingRegister
                0x000000000800257a       0x2c build/mbfuncholding.o
                0x000000000800257a                eMBFuncWriteHoldingRegister
 .text.eMBFuncWriteMultipleHoldingRegister
                0x00000000080025a6       0x52 build/mbfuncholding.o
                0x00000000080025a6                eMBFuncWriteMultipleHoldingRegister
 .text.eMBFuncReadHoldingRegister
                0x00000000080025f8       0x64 build/mbfuncholding.o
                0x00000000080025f8                eMBFuncReadHoldingRegister
 .text.eMBFuncReadWriteMultipleHoldingRegister
                0x000000000800265c       0xa4 build/mbfuncholding.o
                0x000000000800265c                eMBFuncReadWriteMultipleHoldingRegister
 .text.eMBFuncReadInputRegister
                0x0000000008002700       0x64 build/mbfuncinput.o
                0x0000000008002700                eMBFuncReadInputRegister
 .text.eMBFuncReportSlaveID
                0x0000000008002764       0x24 build/mbfuncother.o
                0x0000000008002764                eMBFuncReportSlaveID
 .text.xMBUtilSetBits
                0x0000000008002788       0x40 build/mbutils.o
                0x0000000008002788                xMBUtilSetBits
 .text.xMBUtilGetBits
                0x00000000080027c8       0x28 build/mbutils.o
                0x00000000080027c8                xMBUtilGetBits
 .text.prveMBError2Exception
                0x00000000080027f0       0x18 build/mbutils.o
                0x00000000080027f0                prveMBError2Exception
 .text.xMBPortEventInit
                0x0000000008002808       0x10 build/portevent.o
                0x0000000008002808                xMBPortEventInit
 .text.xMBPortEventPost
                0x0000000008002818       0x18 build/portevent.o
                0x0000000008002818                xMBPortEventPost
 .text.xMBPortEventGet
                0x0000000008002830       0x20 build/portevent.o
                0x0000000008002830                xMBPortEventGet
 .text.xMBPortSerialInit
                0x0000000008002850        0xc build/portserial.o
                0x0000000008002850                xMBPortSerialInit
 .text.vMBPortSerialEnable
                0x000000000800285c       0x3c build/portserial.o
                0x000000000800285c                vMBPortSerialEnable
 .text.xMBPortSerialPutBytes
                0x0000000008002898       0x18 build/portserial.o
                0x0000000008002898                xMBPortSerialPutBytes
 .text.xMBPortSerialGetByte
                0x00000000080028b0       0x10 build/portserial.o
                0x00000000080028b0                xMBPortSerialGetByte
 .text.HAL_UART_RxCpltCallback
                0x00000000080028c0       0x30 build/portserial.o
                0x00000000080028c0                HAL_UART_RxCpltCallback
 .text.HAL_UART_TxCpltCallback
                0x00000000080028f0       0x20 build/portserial.o
                0x00000000080028f0                HAL_UART_TxCpltCallback
 .text.xMBPortTimersInit
                0x0000000008002910       0x14 build/porttimer.o
                0x0000000008002910                xMBPortTimersInit
 .text.vMBPortTimersEnable
                0x0000000008002924       0x1c build/porttimer.o
                0x0000000008002924                vMBPortTimersEnable
 .text.vMBPortTimersDisable
                0x0000000008002940       0x10 build/porttimer.o
                0x0000000008002940                vMBPortTimersDisable
 .text.HAL_TIM_PeriodElapsedCallback
                0x0000000008002950       0x38 build/porttimer.o
                0x0000000008002950                HAL_TIM_PeriodElapsedCallback
 .text.__critical_enter
                0x0000000008002988       0x10 build/portcritical.o
                0x0000000008002988                __critical_enter
 .text.__critical_exit
                0x0000000008002998       0x14 build/portcritical.o
                0x0000000008002998                __critical_exit
 .text.usMBCRC16
                0x00000000080029ac       0x30 build/mbcrc.o
                0x00000000080029ac                usMBCRC16
 .text.eMBRTUInit
                0x00000000080029dc       0x50 build/mbrtu.o
                0x00000000080029dc                eMBRTUInit
 .text.eMBRTUStart
                0x0000000008002a2c       0x20 build/mbrtu.o
                0x0000000008002a2c                eMBRTUStart
 .text.eMBRTUStop
                0x0000000008002a4c       0x18 build/mbrtu.o
                0x0000000008002a4c                eMBRTUStop
 .text.eMBRTUReceive
                0x0000000008002a64       0x54 build/mbrtu.o
                0x0000000008002a64                eMBRTUReceive
 .text.eMBRTUSend
                0x0000000008002ab8       0x94 build/mbrtu.o
                0x0000000008002ab8                eMBRTUSend
 .text.xMBRTUReceiveFSM
                0x0000000008002b4c       0x8c build/mbrtu.o
                0x0000000008002b4c                xMBRTUReceiveFSM
 .text.xMBRTUTransmitFSM
                0x0000000008002bd8       0x60 build/mbrtu.o
                0x0000000008002bd8                xMBRTUTransmitFSM
 .text.xMBRTUTimerT35Expired
                0x0000000008002c38       0x38 build/mbrtu.o
                0x0000000008002c38                xMBRTUTimerT35Expired
 .text.eMBInit  0x0000000008002c70       0xb4 build/mb.o
                0x0000000008002c70                eMBInit
 .text.eMBEnable
                0x0000000008002d24       0x24 build/mb.o
                0x0000000008002d24                eMBEnable
 .text.eMBPoll  0x0000000008002d48      0x100 build/mb.o
                0x0000000008002d48                eMBPoll
 .text.eMBRegInputCB
                0x0000000008002e48       0x48 build/user_mb_app.o
                0x0000000008002e48                eMBRegInputCB
 .text.eMBRegHoldingCB
                0x0000000008002e90       0x7c build/user_mb_app.o
                0x0000000008002e90                eMBRegHoldingCB
 .text.eMBRegCoilsCB
                0x0000000008002f0c       0xbc build/user_mb_app.o
                0x0000000008002f0c                eMBRegCoilsCB
 .text.eMBRegDiscreteCB
                0x0000000008002fc8       0x70 build/user_mb_app.o
                0x0000000008002fc8                eMBRegDiscreteCB
 .text.dataTransmit
                0x0000000008003038       0x2c build/ReceiveTransmit.o
                0x0000000008003038                dataTransmit
 .text.MX_GPIO_Init
                0x0000000008003064       0x88 build/gpio.o
                0x0000000008003064                MX_GPIO_Init
 .text.MX_TIM3_Init
                0x00000000080030ec       0x70 build/tim.o
                0x00000000080030ec                MX_TIM3_Init
 .text.MX_TIM4_Init
                0x000000000800315c       0x6c build/tim.o
                0x000000000800315c                MX_TIM4_Init
 .text.HAL_TIM_Base_MspInit
                0x00000000080031c8       0x74 build/tim.o
                0x00000000080031c8                HAL_TIM_Base_MspInit
 .text.MX_USART1_UART_Init
                0x000000000800323c       0x34 build/usart.o
                0x000000000800323c                MX_USART1_UART_Init
 .text.MX_USART2_UART_Init
                0x0000000008003270       0x34 build/usart.o
                0x0000000008003270                MX_USART2_UART_Init
 .text.HAL_UART_MspInit
                0x00000000080032a4       0xe4 build/usart.o
                0x00000000080032a4                HAL_UART_MspInit
 .text.MX_SPI1_Init
                0x0000000008003388       0x40 build/spi.o
                0x0000000008003388                MX_SPI1_Init
 .text.HAL_SPI_MspInit
                0x00000000080033c8       0x70 build/spi.o
                0x00000000080033c8                HAL_SPI_MspInit
 .text.SPI_WaitFlagStateUntilTimeout
                0x0000000008003438       0xd0 build/stm32f4xx_hal_spi.o
 .text.SPI_EndRxTxTransaction
                0x0000000008003508       0x68 build/stm32f4xx_hal_spi.o
 .text.HAL_SPI_Init
                0x0000000008003570       0xbe build/stm32f4xx_hal_spi.o
                0x0000000008003570                HAL_SPI_Init
 .text.HAL_SPI_TransmitReceive
                0x000000000800362e      0x238 build/stm32f4xx_hal_spi.o
                0x000000000800362e                HAL_SPI_TransmitReceive
 *fill*         0x0000000008003866        0x2 
 .text.W25qxx_Spi
                0x0000000008003868       0x2c build/w25qxx.o
                0x0000000008003868                W25qxx_Spi
 .text.W25qxx_WriteEnable
                0x0000000008003894       0x30 build/w25qxx.o
                0x0000000008003894                W25qxx_WriteEnable
 .text.W25qxx_WaitForWriteEnd
                0x00000000080038c4       0x4c build/w25qxx.o
                0x00000000080038c4                W25qxx_WaitForWriteEnd
 .text.W25qxx_EraseSector
                0x0000000008003910       0x8c build/w25qxx.o
                0x0000000008003910                W25qxx_EraseSector
 .text.W25qxx_WriteByte
                0x000000000800399c       0x88 build/w25qxx.o
                0x000000000800399c                W25qxx_WriteByte
 .text.W25qxx_ReadByte
                0x0000000008003a24       0x84 build/w25qxx.o
                0x0000000008003a24                W25qxx_ReadByte
 .text.MX_ADC1_Init
                0x0000000008003aa8       0x6c build/adc.o
                0x0000000008003aa8                MX_ADC1_Init
 .text.HAL_ADC_MspInit
                0x0000000008003b14       0x30 build/adc.o
                0x0000000008003b14                HAL_ADC_MspInit
 .text.ADC_Init
                0x0000000008003b44      0x134 build/stm32f4xx_hal_adc.o
 .text.HAL_ADC_Init
                0x0000000008003c78       0x56 build/stm32f4xx_hal_adc.o
                0x0000000008003c78                HAL_ADC_Init
 *fill*         0x0000000008003cce        0x2 
 .text.HAL_ADC_Start
                0x0000000008003cd0      0x144 build/stm32f4xx_hal_adc.o
                0x0000000008003cd0                HAL_ADC_Start
 .text.HAL_ADC_Stop
                0x0000000008003e14       0x40 build/stm32f4xx_hal_adc.o
                0x0000000008003e14                HAL_ADC_Stop
 .text.HAL_ADC_PollForConversion
                0x0000000008003e54       0xb8 build/stm32f4xx_hal_adc.o
                0x0000000008003e54                HAL_ADC_PollForConversion
 .text.HAL_ADC_GetValue
                0x0000000008003f0c        0x6 build/stm32f4xx_hal_adc.o
                0x0000000008003f0c                HAL_ADC_GetValue
 *fill*         0x0000000008003f12        0x2 
 .text.HAL_ADC_ConfigChannel
                0x0000000008003f14      0x190 build/stm32f4xx_hal_adc.o
                0x0000000008003f14                HAL_ADC_ConfigChannel
 .text.Reset_Handler
                0x00000000080040a4       0x50 build/startup_stm32f407xx.o
                0x00000000080040a4                Reset_Handler
 .text.Default_Handler
                0x00000000080040f4        0x2 build/startup_stm32f407xx.o
                0x00000000080040f4                RTC_Alarm_IRQHandler
                0x00000000080040f4                HASH_RNG_IRQHandler
                0x00000000080040f4                EXTI2_IRQHandler
                0x00000000080040f4                TIM8_CC_IRQHandler
                0x00000000080040f4                TIM1_CC_IRQHandler
                0x00000000080040f4                DMA2_Stream5_IRQHandler
                0x00000000080040f4                DMA1_Stream5_IRQHandler
                0x00000000080040f4                PVD_IRQHandler
                0x00000000080040f4                SDIO_IRQHandler
                0x00000000080040f4                TAMP_STAMP_IRQHandler
                0x00000000080040f4                CAN2_RX1_IRQHandler
                0x00000000080040f4                EXTI3_IRQHandler
                0x00000000080040f4                TIM8_TRG_COM_TIM14_IRQHandler
                0x00000000080040f4                TIM1_UP_TIM10_IRQHandler
                0x00000000080040f4                TIM8_UP_TIM13_IRQHandler
                0x00000000080040f4                I2C3_ER_IRQHandler
                0x00000000080040f4                EXTI0_IRQHandler
                0x00000000080040f4                I2C2_EV_IRQHandler
                0x00000000080040f4                DMA1_Stream2_IRQHandler
                0x00000000080040f4                CAN1_RX0_IRQHandler
                0x00000000080040f4                FPU_IRQHandler
                0x00000000080040f4                OTG_HS_WKUP_IRQHandler
                0x00000000080040f4                CAN2_SCE_IRQHandler
                0x00000000080040f4                DMA2_Stream2_IRQHandler
                0x00000000080040f4                SPI1_IRQHandler
                0x00000000080040f4                TIM6_DAC_IRQHandler
                0x00000000080040f4                TIM1_BRK_TIM9_IRQHandler
                0x00000000080040f4                DCMI_IRQHandler
                0x00000000080040f4                CAN2_RX0_IRQHandler
                0x00000000080040f4                DMA2_Stream3_IRQHandler
                0x00000000080040f4                USART6_IRQHandler
                0x00000000080040f4                USART3_IRQHandler
                0x00000000080040f4                CAN1_RX1_IRQHandler
                0x00000000080040f4                UART5_IRQHandler
                0x00000000080040f4                DMA2_Stream0_IRQHandler
                0x00000000080040f4                I2C1_EV_IRQHandler
                0x00000000080040f4                DMA1_Stream6_IRQHandler
                0x00000000080040f4                DMA1_Stream1_IRQHandler
                0x00000000080040f4                UART4_IRQHandler
                0x00000000080040f4                RCC_IRQHandler
                0x00000000080040f4                TIM8_BRK_TIM12_IRQHandler
                0x00000000080040f4                Default_Handler
                0x00000000080040f4                EXTI15_10_IRQHandler
                0x00000000080040f4                ADC_IRQHandler
                0x00000000080040f4                DMA1_Stream7_IRQHandler
                0x00000000080040f4                TIM7_IRQHandler
                0x00000000080040f4                CAN2_TX_IRQHandler
                0x00000000080040f4                TIM5_IRQHandler
                0x00000000080040f4                DMA2_Stream7_IRQHandler
                0x00000000080040f4                I2C3_EV_IRQHandler
                0x00000000080040f4                EXTI9_5_IRQHandler
                0x00000000080040f4                RTC_WKUP_IRQHandler
                0x00000000080040f4                ETH_WKUP_IRQHandler
                0x00000000080040f4                SPI2_IRQHandler
                0x00000000080040f4                OTG_HS_EP1_IN_IRQHandler
                0x00000000080040f4                DMA1_Stream0_IRQHandler
                0x00000000080040f4                CAN1_TX_IRQHandler
                0x00000000080040f4                EXTI4_IRQHandler
                0x00000000080040f4                FSMC_IRQHandler
                0x00000000080040f4                ETH_IRQHandler
                0x00000000080040f4                OTG_HS_EP1_OUT_IRQHandler
                0x00000000080040f4                WWDG_IRQHandler
                0x00000000080040f4                TIM2_IRQHandler
                0x00000000080040f4                OTG_FS_WKUP_IRQHandler
                0x00000000080040f4                TIM1_TRG_COM_TIM11_IRQHandler
                0x00000000080040f4                OTG_HS_IRQHandler
                0x00000000080040f4                EXTI1_IRQHandler
                0x00000000080040f4                I2C2_ER_IRQHandler
                0x00000000080040f4                DMA2_Stream1_IRQHandler
                0x00000000080040f4                CAN1_SCE_IRQHandler
                0x00000000080040f4                FLASH_IRQHandler
                0x00000000080040f4                DMA2_Stream4_IRQHandler
                0x00000000080040f4                OTG_FS_IRQHandler
                0x00000000080040f4                SPI3_IRQHandler
                0x00000000080040f4                DMA1_Stream4_IRQHandler
                0x00000000080040f4                I2C1_ER_IRQHandler
                0x00000000080040f4                DMA2_Stream6_IRQHandler
                0x00000000080040f4                DMA1_Stream3_IRQHandler
 *fill*         0x00000000080040f6        0x2 
 .text.__libc_init_array
                0x00000000080040f8       0x48 c:/vscodeproject/software/arm_gcc/bin/../lib/gcc/arm-none-eabi/9.2.1/../../../../arm-none-eabi/lib/thumb/v7e-m+fp/hard\libc_nano.a(lib_a-init.o)
                0x00000000080040f8                __libc_init_array
 .text.memcpy   0x0000000008004140       0x1c c:/vscodeproject/software/arm_gcc/bin/../lib/gcc/arm-none-eabi/9.2.1/../../../../arm-none-eabi/lib/thumb/v7e-m+fp/hard\libc_nano.a(lib_a-memcpy-stub.o)
                0x0000000008004140                memcpy
 .text.memset   0x000000000800415c       0x10 c:/vscodeproject/software/arm_gcc/bin/../lib/gcc/arm-none-eabi/9.2.1/../../../../arm-none-eabi/lib/thumb/v7e-m+fp/hard\libc_nano.a(lib_a-memset.o)
                0x000000000800415c                memset
 .text.__udivmoddi4
                0x000000000800416c      0x2c4 c:/vscodeproject/software/arm_gcc/bin/../lib/gcc/arm-none-eabi/9.2.1/thumb/v7e-m+fp/hard\libgcc.a(_udivmoddi4.o)
                0x000000000800416c                __udivmoddi4
 *(.glue_7)
 .glue_7        0x0000000008004430        0x0 linker stubs
 *(.glue_7t)
 .glue_7t       0x0000000008004430        0x0 linker stubs
 *(.eh_frame)
 .eh_frame      0x0000000008004430        0x0 c:/vscodeproject/software/arm_gcc/bin/../lib/gcc/arm-none-eabi/9.2.1/thumb/v7e-m+fp/hard/crtbegin.o
 *(.init)
 .init          0x0000000008004430        0x4 c:/vscodeproject/software/arm_gcc/bin/../lib/gcc/arm-none-eabi/9.2.1/thumb/v7e-m+fp/hard/crti.o
                0x0000000008004430                _init
 .init          0x0000000008004434        0x8 c:/vscodeproject/software/arm_gcc/bin/../lib/gcc/arm-none-eabi/9.2.1/thumb/v7e-m+fp/hard/crtn.o
 *(.fini)
 .fini          0x000000000800443c        0x4 c:/vscodeproject/software/arm_gcc/bin/../lib/gcc/arm-none-eabi/9.2.1/thumb/v7e-m+fp/hard/crti.o
                0x000000000800443c                _fini
 .fini          0x0000000008004440        0x8 c:/vscodeproject/software/arm_gcc/bin/../lib/gcc/arm-none-eabi/9.2.1/thumb/v7e-m+fp/hard/crtn.o
                0x0000000008004448                . = ALIGN (0x4)
                0x0000000008004448                _etext = .

.vfp11_veneer   0x0000000008004448        0x0
 .vfp11_veneer  0x0000000008004448        0x0 linker stubs

.v4_bx          0x0000000008004448        0x0
 .v4_bx         0x0000000008004448        0x0 linker stubs

.iplt           0x0000000008004448        0x0
 .iplt          0x0000000008004448        0x0 c:/vscodeproject/software/arm_gcc/bin/../lib/gcc/arm-none-eabi/9.2.1/thumb/v7e-m+fp/hard/crtbegin.o

.rodata         0x0000000008004448      0x218
                0x0000000008004448                . = ALIGN (0x4)
 *(.rodata)
 *(.rodata*)
 .rodata.AHBPrescTable
                0x0000000008004448       0x10 build/system_stm32f4xx.o
                0x0000000008004448                AHBPrescTable
 .rodata.APBPrescTable
                0x0000000008004458        0x8 build/system_stm32f4xx.o
                0x0000000008004458                APBPrescTable
 .rodata.aucCRCHi
                0x0000000008004460      0x100 build/mbcrc.o
 .rodata.aucCRCLo
                0x0000000008004560      0x100 build/mbcrc.o
                0x0000000008004660                . = ALIGN (0x4)

.ARM.extab
 *(.ARM.extab* .gnu.linkonce.armextab.*)

.ARM            0x0000000008004660        0x8
                0x0000000008004660                __exidx_start = .
 *(.ARM.exidx*)
 .ARM.exidx.text.__udivmoddi4
                0x0000000008004660        0x8 c:/vscodeproject/software/arm_gcc/bin/../lib/gcc/arm-none-eabi/9.2.1/thumb/v7e-m+fp/hard\libgcc.a(_udivmoddi4.o)
                0x0000000008004668                __exidx_end = .

.rel.dyn        0x0000000008004668        0x0
 .rel.iplt      0x0000000008004668        0x0 c:/vscodeproject/software/arm_gcc/bin/../lib/gcc/arm-none-eabi/9.2.1/thumb/v7e-m+fp/hard/crtbegin.o

.preinit_array  0x0000000008004668        0x0
                0x0000000008004668                PROVIDE (__preinit_array_start = .)
 *(.preinit_array*)
                0x0000000008004668                PROVIDE (__preinit_array_end = .)

.init_array     0x0000000008004668        0x4
                0x0000000008004668                PROVIDE (__init_array_start = .)
 *(SORT_BY_NAME(.init_array.*))
 *(.init_array*)
 .init_array    0x0000000008004668        0x4 c:/vscodeproject/software/arm_gcc/bin/../lib/gcc/arm-none-eabi/9.2.1/thumb/v7e-m+fp/hard/crtbegin.o
                0x000000000800466c                PROVIDE (__init_array_end = .)

.fini_array     0x000000000800466c        0x4
                [!provide]                        PROVIDE (__fini_array_start = .)
 *(SORT_BY_NAME(.fini_array.*))
 *(.fini_array*)
 .fini_array    0x000000000800466c        0x4 c:/vscodeproject/software/arm_gcc/bin/../lib/gcc/arm-none-eabi/9.2.1/thumb/v7e-m+fp/hard/crtbegin.o
                [!provide]                        PROVIDE (__fini_array_end = .)
                0x0000000008004670                _sidata = LOADADDR (.data)

.data           0x0000000020000000       0x90 load address 0x0000000008004670
                0x0000000020000000                . = ALIGN (0x4)
                0x0000000020000000                _sdata = .
 *(.data)
 *(.data*)
 .data.uwTickFreq
                0x0000000020000000        0x1 build/stm32f4xx_hal.o
                0x0000000020000000                uwTickFreq
 *fill*         0x0000000020000001        0x3 
 .data.uwTickPrio
                0x0000000020000004        0x4 build/stm32f4xx_hal.o
                0x0000000020000004                uwTickPrio
 .data.SystemCoreClock
                0x0000000020000008        0x4 build/system_stm32f4xx.o
                0x0000000020000008                SystemCoreClock
 .data.eMBState
                0x000000002000000c        0x1 build/mb.o
 *fill*         0x000000002000000d        0x3 
 .data.xFuncHandlers
                0x0000000020000010       0x80 build/mb.o
                0x0000000020000090                . = ALIGN (0x4)
                0x0000000020000090                _edata = .
                0x0000000008004700                _siccmram = LOADADDR (.ccmram)

.igot.plt       0x0000000020000090        0x0 load address 0x0000000008004700
 .igot.plt      0x0000000020000090        0x0 c:/vscodeproject/software/arm_gcc/bin/../lib/gcc/arm-none-eabi/9.2.1/thumb/v7e-m+fp/hard/crtbegin.o

.ccmram         0x0000000010000000        0x0 load address 0x0000000008004700
                0x0000000010000000                . = ALIGN (0x4)
                0x0000000010000000                _sccmram = .
 *(.ccmram)
 *(.ccmram*)
                0x0000000010000000                . = ALIGN (0x4)
                0x0000000010000000                _eccmram = .
                0x0000000010000000                . = ALIGN (0x4)

.bss            0x0000000020000090      0x3c8
                0x0000000020000090                _sbss = .
                0x0000000020000090                __bss_start__ = _sbss
 *(.bss)
 *(.bss*)
 .bss.completed.10274
                0x0000000020000090        0x1 c:/vscodeproject/software/arm_gcc/bin/../lib/gcc/arm-none-eabi/9.2.1/thumb/v7e-m+fp/hard/crtbegin.o
 *fill*         0x0000000020000091        0x3 
 .bss.object.10279
                0x0000000020000094       0x18 c:/vscodeproject/software/arm_gcc/bin/../lib/gcc/arm-none-eabi/9.2.1/thumb/v7e-m+fp/hard/crtbegin.o
 .bss.Result    0x00000000200000ac        0x4 build/stm32f4xx_it.o
                0x00000000200000ac                Result
 .bss.voltageADC
                0x00000000200000b0        0x4 build/stm32f4xx_it.o
                0x00000000200000b0                voltageADC
 .bss.ucMBSlaveID
                0x00000000200000b4       0x20 build/mbfuncother.o
 .bss.usMBSlaveIDLen
                0x00000000200000d4        0x2 build/mbfuncother.o
 .bss.eQueuedEvent
                0x00000000200000d6        0x1 build/portevent.o
 .bss.xEventInQueue
                0x00000000200000d7        0x1 build/portevent.o
 .bss.singlechar
                0x00000000200000d8        0x1 build/portserial.o
 *fill*         0x00000000200000d9        0x1 
 .bss.counter   0x00000000200000da        0x2 build/porttimer.o
                0x00000000200000da                counter
 .bss.timeout   0x00000000200000dc        0x2 build/porttimer.o
 *fill*         0x00000000200000de        0x2 
 .bss.lock_count
                0x00000000200000e0        0x4 build/portcritical.o
 .bss.eRcvState
                0x00000000200000e4        0x1 build/mbrtu.o
 .bss.eSndState
                0x00000000200000e5        0x1 build/mbrtu.o
 *fill*         0x00000000200000e6        0x2 
 .bss.pucSndBufferCur
                0x00000000200000e8        0x4 build/mbrtu.o
 .bss.usRcvBufferPos
                0x00000000200000ec        0x2 build/mbrtu.o
 .bss.usSndBufferCount
                0x00000000200000ee        0x2 build/mbrtu.o
 .bss.eException.10085
                0x00000000200000f0        0x1 build/mb.o
 *fill*         0x00000000200000f1        0x3 
 .bss.peMBFrameReceiveCur
                0x00000000200000f4        0x4 build/mb.o
 .bss.peMBFrameSendCur
                0x00000000200000f8        0x4 build/mb.o
 .bss.pvMBFrameCloseCur
                0x00000000200000fc        0x4 build/mb.o
 .bss.pvMBFrameStartCur
                0x0000000020000100        0x4 build/mb.o
 .bss.pvMBFrameStopCur
                0x0000000020000104        0x4 build/mb.o
 .bss.ucFunctionCode.10083
                0x0000000020000108        0x1 build/mb.o
 .bss.ucMBAddress
                0x0000000020000109        0x1 build/mb.o
 *fill*         0x000000002000010a        0x2 
 .bss.ucMBFrame.10081
                0x000000002000010c        0x4 build/mb.o
 .bss.ucRcvAddress.10082
                0x0000000020000110        0x1 build/mb.o
 *fill*         0x0000000020000111        0x1 
 .bss.usLength.10084
                0x0000000020000112        0x2 build/mb.o
 .bss.usSCoilStart
                0x0000000020000114        0x2 build/user_mb_app.o
                0x0000000020000114                usSCoilStart
 .bss.usSDiscInStart
                0x0000000020000116        0x2 build/user_mb_app.o
                0x0000000020000116                usSDiscInStart
 .bss.usSRegHoldStart
                0x0000000020000118        0x2 build/user_mb_app.o
                0x0000000020000118                usSRegHoldStart
 .bss.usSRegInStart
                0x000000002000011a        0x2 build/user_mb_app.o
                0x000000002000011a                usSRegInStart
 .bss.tmpe      0x000000002000011c        0x4 build/ReceiveTransmit.o
                0x000000002000011c                tmpe
 *(COMMON)
 COMMON         0x0000000020000120        0x4 build/stm32f4xx_it.o
                0x0000000020000120                temp
 COMMON         0x0000000020000124        0x4 build/stm32f4xx_hal.o
                0x0000000020000124                uwTick
 COMMON         0x0000000020000128        0x4 build/portserial.o
                0x0000000020000128                uart
 COMMON         0x000000002000012c        0x5 build/porttimer.o
                0x000000002000012c                tim
                0x0000000020000130                var
 *fill*         0x0000000020000131        0x3 
 COMMON         0x0000000020000134      0x100 build/mbrtu.o
                0x0000000020000134                ucRTUBuf
 COMMON         0x0000000020000234       0x14 build/mb.o
                0x0000000020000234                pxMBFrameCBTransmitterEmpty
                0x0000000020000238                pxMBPortCBTimerExpired
                0x000000002000023c                pxMBFrameCBByteReceived
                0x0000000020000240                pxMBFrameCBTransmitFSMCur
                0x0000000020000244                pxMBFrameCBReceiveFSMCur
 COMMON         0x0000000020000248       0x30 build/user_mb_app.o
                0x0000000020000248                ucSCoilBuf
                0x000000002000024c                ucSDiscInBuf
                0x0000000020000250                usSRegHoldBuf
                0x0000000020000264                usSRegInBuf
 COMMON         0x0000000020000278       0x90 build/tim.o
                0x0000000020000278                htim4
                0x00000000200002c0                htim3
 COMMON         0x0000000020000308       0x88 build/usart.o
                0x0000000020000308                huart1
                0x000000002000034c                huart2
 COMMON         0x0000000020000390       0x58 build/spi.o
                0x0000000020000390                hspi1
 COMMON         0x00000000200003e8       0x28 build/w25qxx.o
                0x00000000200003e8                w25qxx
 COMMON         0x0000000020000410       0x48 build/adc.o
                0x0000000020000410                hadc1
                0x0000000020000458                . = ALIGN (0x4)
                0x0000000020000458                _ebss = .
                0x0000000020000458                __bss_end__ = _ebss

._user_heap_stack
                0x0000000020000458      0x600
                0x0000000020000458                . = ALIGN (0x8)
                0x0000000020000458                PROVIDE (end = .)
                [!provide]                        PROVIDE (_end = .)
                0x0000000020000658                . = (. + _Min_Heap_Size)
 *fill*         0x0000000020000458      0x200 
                0x0000000020000a58                . = (. + _Min_Stack_Size)
 *fill*         0x0000000020000658      0x400 
                0x0000000020000a58                . = ALIGN (0x8)

/DISCARD/
 libc.a(*)
 libm.a(*)
 libgcc.a(*)

.ARM.attributes
                0x0000000000000000       0x30
 *(.ARM.attributes)
 .ARM.attributes
                0x0000000000000000       0x1e c:/vscodeproject/software/arm_gcc/bin/../lib/gcc/arm-none-eabi/9.2.1/thumb/v7e-m+fp/hard/crti.o
 .ARM.attributes
                0x000000000000001e       0x34 c:/vscodeproject/software/arm_gcc/bin/../lib/gcc/arm-none-eabi/9.2.1/thumb/v7e-m+fp/hard/crtbegin.o
 .ARM.attributes
                0x0000000000000052       0x34 build/main.o
 .ARM.attributes
                0x0000000000000086       0x34 build/stm32f4xx_it.o
 .ARM.attributes
                0x00000000000000ba       0x34 build/stm32f4xx_hal_msp.o
 .ARM.attributes
                0x00000000000000ee       0x34 build/stm32f4xx_hal_tim.o
 .ARM.attributes
                0x0000000000000122       0x34 build/stm32f4xx_hal_tim_ex.o
 .ARM.attributes
                0x0000000000000156       0x34 build/stm32f4xx_hal_rcc.o
 .ARM.attributes
                0x000000000000018a       0x34 build/stm32f4xx_hal_gpio.o
 .ARM.attributes
                0x00000000000001be       0x34 build/stm32f4xx_hal_dma.o
 .ARM.attributes
                0x00000000000001f2       0x34 build/stm32f4xx_hal_cortex.o
 .ARM.attributes
                0x0000000000000226       0x34 build/stm32f4xx_hal.o
 .ARM.attributes
                0x000000000000025a       0x34 build/stm32f4xx_hal_uart.o
 .ARM.attributes
                0x000000000000028e       0x34 build/system_stm32f4xx.o
 .ARM.attributes
                0x00000000000002c2       0x34 build/mbfunccoils.o
 .ARM.attributes
                0x00000000000002f6       0x34 build/mbfuncdisc.o
 .ARM.attributes
                0x000000000000032a       0x34 build/mbfuncholding.o
 .ARM.attributes
                0x000000000000035e       0x34 build/mbfuncinput.o
 .ARM.attributes
                0x0000000000000392       0x34 build/mbfuncother.o
 .ARM.attributes
                0x00000000000003c6       0x34 build/mbutils.o
 .ARM.attributes
                0x00000000000003fa       0x34 build/portevent.o
 .ARM.attributes
                0x000000000000042e       0x34 build/portserial.o
 .ARM.attributes
                0x0000000000000462       0x34 build/porttimer.o
 .ARM.attributes
                0x0000000000000496       0x34 build/portcritical.o
 .ARM.attributes
                0x00000000000004ca       0x34 build/mbcrc.o
 .ARM.attributes
                0x00000000000004fe       0x34 build/mbrtu.o
 .ARM.attributes
                0x0000000000000532       0x34 build/mb.o
 .ARM.attributes
                0x0000000000000566       0x34 build/user_mb_app.o
 .ARM.attributes
                0x000000000000059a       0x34 build/ReceiveTransmit.o
 .ARM.attributes
                0x00000000000005ce       0x34 build/gpio.o
 .ARM.attributes
                0x0000000000000602       0x34 build/tim.o
 .ARM.attributes
                0x0000000000000636       0x34 build/usart.o
 .ARM.attributes
                0x000000000000066a       0x34 build/spi.o
 .ARM.attributes
                0x000000000000069e       0x34 build/stm32f4xx_hal_spi.o
 .ARM.attributes
                0x00000000000006d2       0x34 build/w25qxx.o
 .ARM.attributes
                0x0000000000000706       0x34 build/adc.o
 .ARM.attributes
                0x000000000000073a       0x34 build/stm32f4xx_hal_adc.o
 .ARM.attributes
                0x000000000000076e       0x21 build/startup_stm32f407xx.o
 .ARM.attributes
                0x000000000000078f       0x34 c:/vscodeproject/software/arm_gcc/bin/../lib/gcc/arm-none-eabi/9.2.1/../../../../arm-none-eabi/lib/thumb/v7e-m+fp/hard\libc_nano.a(lib_a-init.o)
 .ARM.attributes
                0x00000000000007c3       0x34 c:/vscodeproject/software/arm_gcc/bin/../lib/gcc/arm-none-eabi/9.2.1/../../../../arm-none-eabi/lib/thumb/v7e-m+fp/hard\libc_nano.a(lib_a-memcpy-stub.o)
 .ARM.attributes
                0x00000000000007f7       0x34 c:/vscodeproject/software/arm_gcc/bin/../lib/gcc/arm-none-eabi/9.2.1/../../../../arm-none-eabi/lib/thumb/v7e-m+fp/hard\libc_nano.a(lib_a-memset.o)
 .ARM.attributes
                0x000000000000082b       0x1e c:/vscodeproject/software/arm_gcc/bin/../lib/gcc/arm-none-eabi/9.2.1/thumb/v7e-m+fp/hard\libgcc.a(_arm_addsubdf3.o)
 .ARM.attributes
                0x0000000000000849       0x1e c:/vscodeproject/software/arm_gcc/bin/../lib/gcc/arm-none-eabi/9.2.1/thumb/v7e-m+fp/hard\libgcc.a(_arm_muldivdf3.o)
 .ARM.attributes
                0x0000000000000867       0x1e c:/vscodeproject/software/arm_gcc/bin/../lib/gcc/arm-none-eabi/9.2.1/thumb/v7e-m+fp/hard\libgcc.a(_arm_truncdfsf2.o)
 .ARM.attributes
                0x0000000000000885       0x1e c:/vscodeproject/software/arm_gcc/bin/../lib/gcc/arm-none-eabi/9.2.1/thumb/v7e-m+fp/hard\libgcc.a(_aeabi_uldivmod.o)
 .ARM.attributes
                0x00000000000008a3       0x34 c:/vscodeproject/software/arm_gcc/bin/../lib/gcc/arm-none-eabi/9.2.1/thumb/v7e-m+fp/hard\libgcc.a(_udivmoddi4.o)
 .ARM.attributes
                0x00000000000008d7       0x1e c:/vscodeproject/software/arm_gcc/bin/../lib/gcc/arm-none-eabi/9.2.1/thumb/v7e-m+fp/hard\libgcc.a(_dvmd_tls.o)
 .ARM.attributes
                0x00000000000008f5       0x1e c:/vscodeproject/software/arm_gcc/bin/../lib/gcc/arm-none-eabi/9.2.1/thumb/v7e-m+fp/hard/crtn.o
OUTPUT(build/studyMCU_407.elf elf32-littlearm)

.debug_info     0x0000000000000000    0x24e24
 .debug_info    0x0000000000000000     0x2324 build/main.o
 .debug_info    0x0000000000002324     0x1b04 build/stm32f4xx_it.o
 .debug_info    0x0000000000003e28      0x3e5 build/stm32f4xx_hal_msp.o
 .debug_info    0x000000000000420d     0x3f02 build/stm32f4xx_hal_tim.o
 .debug_info    0x000000000000810f     0x1cbb build/stm32f4xx_hal_tim_ex.o
 .debug_info    0x0000000000009dca      0xc44 build/stm32f4xx_hal_rcc.o
 .debug_info    0x000000000000aa0e      0x92a build/stm32f4xx_hal_gpio.o
 .debug_info    0x000000000000b338      0xc8b build/stm32f4xx_hal_dma.o
 .debug_info    0x000000000000bfc3     0x123e build/stm32f4xx_hal_cortex.o
 .debug_info    0x000000000000d201      0xb5e build/stm32f4xx_hal.o
 .debug_info    0x000000000000dd5f     0x1f4e build/stm32f4xx_hal_uart.o
 .debug_info    0x000000000000fcad      0x63c build/system_stm32f4xx.o
 .debug_info    0x00000000000102e9      0xf34 build/mbfunccoils.o
 .debug_info    0x000000000001121d      0xd65 build/mbfuncdisc.o
 .debug_info    0x0000000000011f82     0x1019 build/mbfuncholding.o
 .debug_info    0x0000000000012f9b      0xd57 build/mbfuncinput.o
 .debug_info    0x0000000000013cf2      0xdc7 build/mbfuncother.o
 .debug_info    0x0000000000014ab9      0xe1b build/mbutils.o
 .debug_info    0x00000000000158d4      0x2f2 build/portevent.o
 .debug_info    0x0000000000015bc6      0xa2d build/portserial.o
 .debug_info    0x00000000000165f3      0x9d6 build/porttimer.o
 .debug_info    0x0000000000016fc9      0x214 build/portcritical.o
 .debug_info    0x00000000000171dd      0x28d build/mbcrc.o
 .debug_info    0x000000000001746a     0x1210 build/mbrtu.o
 .debug_info    0x000000000001867a     0x1218 build/mb.o
 .debug_info    0x0000000000019892      0x78a build/user_mb_app.o
 .debug_info    0x000000000001a01c      0xca8 build/ReceiveTransmit.o
 .debug_info    0x000000000001acc4      0x5db build/gpio.o
 .debug_info    0x000000000001b29f      0xfbd build/tim.o
 .debug_info    0x000000000001c25c      0xf44 build/usart.o
 .debug_info    0x000000000001d1a0      0xbf9 build/spi.o
 .debug_info    0x000000000001dd99     0x20e8 build/stm32f4xx_hal_spi.o
 .debug_info    0x000000000001fe81     0x341e build/w25qxx.o
 .debug_info    0x000000000002329f      0xaaf build/adc.o
 .debug_info    0x0000000000023d4e     0x10b4 build/stm32f4xx_hal_adc.o
 .debug_info    0x0000000000024e02       0x22 build/startup_stm32f407xx.o

.debug_abbrev   0x0000000000000000     0x500b
 .debug_abbrev  0x0000000000000000      0x311 build/main.o
 .debug_abbrev  0x0000000000000311      0x2c2 build/stm32f4xx_it.o
 .debug_abbrev  0x00000000000005d3      0x11c build/stm32f4xx_hal_msp.o
 .debug_abbrev  0x00000000000006ef      0x2af build/stm32f4xx_hal_tim.o
 .debug_abbrev  0x000000000000099e      0x2ab build/stm32f4xx_hal_tim_ex.o
 .debug_abbrev  0x0000000000000c49      0x2cd build/stm32f4xx_hal_rcc.o
 .debug_abbrev  0x0000000000000f16      0x258 build/stm32f4xx_hal_gpio.o
 .debug_abbrev  0x000000000000116e      0x312 build/stm32f4xx_hal_dma.o
 .debug_abbrev  0x0000000000001480      0x3a8 build/stm32f4xx_hal_cortex.o
 .debug_abbrev  0x0000000000001828      0x21c build/stm32f4xx_hal.o
 .debug_abbrev  0x0000000000001a44      0x318 build/stm32f4xx_hal_uart.o
 .debug_abbrev  0x0000000000001d5c      0x14a build/system_stm32f4xx.o
 .debug_abbrev  0x0000000000001ea6      0x264 build/mbfunccoils.o
 .debug_abbrev  0x000000000000210a      0x253 build/mbfuncdisc.o
 .debug_abbrev  0x000000000000235d      0x25e build/mbfuncholding.o
 .debug_abbrev  0x00000000000025bb      0x253 build/mbfuncinput.o
 .debug_abbrev  0x000000000000280e      0x241 build/mbfuncother.o
 .debug_abbrev  0x0000000000002a4f      0x250 build/mbutils.o
 .debug_abbrev  0x0000000000002c9f      0x122 build/portevent.o
 .debug_abbrev  0x0000000000002dc1      0x237 build/portserial.o
 .debug_abbrev  0x0000000000002ff8      0x220 build/porttimer.o
 .debug_abbrev  0x0000000000003218       0xf1 build/portcritical.o
 .debug_abbrev  0x0000000000003309       0xfd build/mbcrc.o
 .debug_abbrev  0x0000000000003406      0x2cd build/mbrtu.o
 .debug_abbrev  0x00000000000036d3      0x300 build/mb.o
 .debug_abbrev  0x00000000000039d3      0x162 build/user_mb_app.o
 .debug_abbrev  0x0000000000003b35      0x249 build/ReceiveTransmit.o
 .debug_abbrev  0x0000000000003d7e      0x17e build/gpio.o
 .debug_abbrev  0x0000000000003efc      0x1fc build/tim.o
 .debug_abbrev  0x00000000000040f8      0x1fa build/usart.o
 .debug_abbrev  0x00000000000042f2      0x1f1 build/spi.o
 .debug_abbrev  0x00000000000044e3      0x2d2 build/stm32f4xx_hal_spi.o
 .debug_abbrev  0x00000000000047b5      0x389 build/w25qxx.o
 .debug_abbrev  0x0000000000004b3e      0x1fd build/adc.o
 .debug_abbrev  0x0000000000004d3b      0x2be build/stm32f4xx_hal_adc.o
 .debug_abbrev  0x0000000000004ff9       0x12 build/startup_stm32f407xx.o

.debug_loc      0x0000000000000000    0x135ed
 .debug_loc     0x0000000000000000       0x89 build/main.o
 .debug_loc     0x0000000000000089       0xa0 build/stm32f4xx_it.o
 .debug_loc     0x0000000000000129       0x2c build/stm32f4xx_hal_msp.o
 .debug_loc     0x0000000000000155     0x52a7 build/stm32f4xx_hal_tim.o
 .debug_loc     0x00000000000053fc     0x1f68 build/stm32f4xx_hal_tim_ex.o
 .debug_loc     0x0000000000007364      0x6c7 build/stm32f4xx_hal_rcc.o
 .debug_loc     0x0000000000007a2b      0x5db build/stm32f4xx_hal_gpio.o
 .debug_loc     0x0000000000008006      0xd6d build/stm32f4xx_hal_dma.o
 .debug_loc     0x0000000000008d73      0x7d4 build/stm32f4xx_hal_cortex.o
 .debug_loc     0x0000000000009547      0x1e1 build/stm32f4xx_hal.o
 .debug_loc     0x0000000000009728     0x265b build/stm32f4xx_hal_uart.o
 .debug_loc     0x000000000000bd83      0x16c build/system_stm32f4xx.o
 .debug_loc     0x000000000000beef      0x6d6 build/mbfunccoils.o
 .debug_loc     0x000000000000c5c5      0x289 build/mbfuncdisc.o
 .debug_loc     0x000000000000c84e      0x809 build/mbfuncholding.o
 .debug_loc     0x000000000000d057      0x1d8 build/mbfuncinput.o
 .debug_loc     0x000000000000d22f      0x220 build/mbfuncother.o
 .debug_loc     0x000000000000d44f      0x37a build/mbutils.o
 .debug_loc     0x000000000000d7c9       0x89 build/portevent.o
 .debug_loc     0x000000000000d852      0x2a5 build/portserial.o
 .debug_loc     0x000000000000daf7       0xc8 build/porttimer.o
 .debug_loc     0x000000000000dbbf      0x103 build/mbcrc.o
 .debug_loc     0x000000000000dcc2      0x469 build/mbrtu.o
 .debug_loc     0x000000000000e12b      0x459 build/mb.o
 .debug_loc     0x000000000000e584      0x7e8 build/user_mb_app.o
 .debug_loc     0x000000000000ed6c       0x74 build/ReceiveTransmit.o
 .debug_loc     0x000000000000ede0       0x38 build/gpio.o
 .debug_loc     0x000000000000ee18      0x1aa build/tim.o
 .debug_loc     0x000000000000efc2      0x162 build/usart.o
 .debug_loc     0x000000000000f124      0x108 build/spi.o
 .debug_loc     0x000000000000f22c     0x24e5 build/stm32f4xx_hal_spi.o
 .debug_loc     0x0000000000011711     0x109d build/w25qxx.o
 .debug_loc     0x00000000000127ae       0x70 build/adc.o
 .debug_loc     0x000000000001281e      0xdcf build/stm32f4xx_hal_adc.o

.debug_aranges  0x0000000000000000     0x12f8
 .debug_aranges
                0x0000000000000000       0x30 build/main.o
 .debug_aranges
                0x0000000000000030       0x80 build/stm32f4xx_it.o
 .debug_aranges
                0x00000000000000b0       0x20 build/stm32f4xx_hal_msp.o
 .debug_aranges
                0x00000000000000d0      0x3d0 build/stm32f4xx_hal_tim.o
 .debug_aranges
                0x00000000000004a0      0x168 build/stm32f4xx_hal_tim_ex.o
 .debug_aranges
                0x0000000000000608       0x88 build/stm32f4xx_hal_rcc.o
 .debug_aranges
                0x0000000000000690       0x58 build/stm32f4xx_hal_gpio.o
 .debug_aranges
                0x00000000000006e8       0x90 build/stm32f4xx_hal_dma.o
 .debug_aranges
                0x0000000000000778       0xa8 build/stm32f4xx_hal_cortex.o
 .debug_aranges
                0x0000000000000820       0xf0 build/stm32f4xx_hal.o
 .debug_aranges
                0x0000000000000910      0x200 build/stm32f4xx_hal_uart.o
 .debug_aranges
                0x0000000000000b10       0x28 build/system_stm32f4xx.o
 .debug_aranges
                0x0000000000000b38       0x30 build/mbfunccoils.o
 .debug_aranges
                0x0000000000000b68       0x20 build/mbfuncdisc.o
 .debug_aranges
                0x0000000000000b88       0x38 build/mbfuncholding.o
 .debug_aranges
                0x0000000000000bc0       0x20 build/mbfuncinput.o
 .debug_aranges
                0x0000000000000be0       0x28 build/mbfuncother.o
 .debug_aranges
                0x0000000000000c08       0x30 build/mbutils.o
 .debug_aranges
                0x0000000000000c38       0x30 build/portevent.o
 .debug_aranges
                0x0000000000000c68       0x58 build/portserial.o
 .debug_aranges
                0x0000000000000cc0       0x38 build/porttimer.o
 .debug_aranges
                0x0000000000000cf8       0x28 build/portcritical.o
 .debug_aranges
                0x0000000000000d20       0x20 build/mbcrc.o
 .debug_aranges
                0x0000000000000d40       0x58 build/mbrtu.o
 .debug_aranges
                0x0000000000000d98       0x48 build/mb.o
 .debug_aranges
                0x0000000000000de0       0x38 build/user_mb_app.o
 .debug_aranges
                0x0000000000000e18       0x28 build/ReceiveTransmit.o
 .debug_aranges
                0x0000000000000e40       0x20 build/gpio.o
 .debug_aranges
                0x0000000000000e60       0x38 build/tim.o
 .debug_aranges
                0x0000000000000e98       0x38 build/usart.o
 .debug_aranges
                0x0000000000000ed0       0x30 build/spi.o
 .debug_aranges
                0x0000000000000f00      0x1d0 build/stm32f4xx_hal_spi.o
 .debug_aranges
                0x00000000000010d0       0xe8 build/w25qxx.o
 .debug_aranges
                0x00000000000011b8       0x30 build/adc.o
 .debug_aranges
                0x00000000000011e8       0xe8 build/stm32f4xx_hal_adc.o
 .debug_aranges
                0x00000000000012d0       0x28 build/startup_stm32f407xx.o

.debug_ranges   0x0000000000000000     0x11c0
 .debug_ranges  0x0000000000000000       0x20 build/main.o
 .debug_ranges  0x0000000000000020       0x70 build/stm32f4xx_it.o
 .debug_ranges  0x0000000000000090       0x10 build/stm32f4xx_hal_msp.o
 .debug_ranges  0x00000000000000a0      0x3c0 build/stm32f4xx_hal_tim.o
 .debug_ranges  0x0000000000000460      0x158 build/stm32f4xx_hal_tim_ex.o
 .debug_ranges  0x00000000000005b8       0x90 build/stm32f4xx_hal_rcc.o
 .debug_ranges  0x0000000000000648       0x48 build/stm32f4xx_hal_gpio.o
 .debug_ranges  0x0000000000000690       0x80 build/stm32f4xx_hal_dma.o
 .debug_ranges  0x0000000000000710       0xf8 build/stm32f4xx_hal_cortex.o
 .debug_ranges  0x0000000000000808       0xe0 build/stm32f4xx_hal.o
 .debug_ranges  0x00000000000008e8      0x1f0 build/stm32f4xx_hal_uart.o
 .debug_ranges  0x0000000000000ad8       0x18 build/system_stm32f4xx.o
 .debug_ranges  0x0000000000000af0       0x20 build/mbfunccoils.o
 .debug_ranges  0x0000000000000b10       0x10 build/mbfuncdisc.o
 .debug_ranges  0x0000000000000b20       0x28 build/mbfuncholding.o
 .debug_ranges  0x0000000000000b48       0x10 build/mbfuncinput.o
 .debug_ranges  0x0000000000000b58       0x18 build/mbfuncother.o
 .debug_ranges  0x0000000000000b70       0x20 build/mbutils.o
 .debug_ranges  0x0000000000000b90       0x20 build/portevent.o
 .debug_ranges  0x0000000000000bb0       0x48 build/portserial.o
 .debug_ranges  0x0000000000000bf8       0x28 build/porttimer.o
 .debug_ranges  0x0000000000000c20       0x18 build/portcritical.o
 .debug_ranges  0x0000000000000c38       0x10 build/mbcrc.o
 .debug_ranges  0x0000000000000c48       0x48 build/mbrtu.o
 .debug_ranges  0x0000000000000c90       0x38 build/mb.o
 .debug_ranges  0x0000000000000cc8       0x28 build/user_mb_app.o
 .debug_ranges  0x0000000000000cf0       0x18 build/ReceiveTransmit.o
 .debug_ranges  0x0000000000000d08       0x10 build/gpio.o
 .debug_ranges  0x0000000000000d18       0x28 build/tim.o
 .debug_ranges  0x0000000000000d40       0x28 build/usart.o
 .debug_ranges  0x0000000000000d68       0x20 build/spi.o
 .debug_ranges  0x0000000000000d88      0x1c0 build/stm32f4xx_hal_spi.o
 .debug_ranges  0x0000000000000f48      0x160 build/w25qxx.o
 .debug_ranges  0x00000000000010a8       0x20 build/adc.o
 .debug_ranges  0x00000000000010c8       0xd8 build/stm32f4xx_hal_adc.o
 .debug_ranges  0x00000000000011a0       0x20 build/startup_stm32f407xx.o

.debug_line     0x0000000000000000    0x14d54
 .debug_line    0x0000000000000000      0x510 build/main.o
 .debug_line    0x0000000000000510      0x4c5 build/stm32f4xx_it.o
 .debug_line    0x00000000000009d5      0x1a2 build/stm32f4xx_hal_msp.o
 .debug_line    0x0000000000000b77     0x4807 build/stm32f4xx_hal_tim.o
 .debug_line    0x000000000000537e     0x1c7b build/stm32f4xx_hal_tim_ex.o
 .debug_line    0x0000000000006ff9      0xb14 build/stm32f4xx_hal_rcc.o
 .debug_line    0x0000000000007b0d      0x70d build/stm32f4xx_hal_gpio.o
 .debug_line    0x000000000000821a      0xe05 build/stm32f4xx_hal_dma.o
 .debug_line    0x000000000000901f      0x780 build/stm32f4xx_hal_cortex.o
 .debug_line    0x000000000000979f      0x543 build/stm32f4xx_hal.o
 .debug_line    0x0000000000009ce2     0x20d6 build/stm32f4xx_hal_uart.o
 .debug_line    0x000000000000bdb8      0x25f build/system_stm32f4xx.o
 .debug_line    0x000000000000c017      0x50d build/mbfunccoils.o
 .debug_line    0x000000000000c524      0x375 build/mbfuncdisc.o
 .debug_line    0x000000000000c899      0x5ab build/mbfuncholding.o
 .debug_line    0x000000000000ce44      0x359 build/mbfuncinput.o
 .debug_line    0x000000000000d19d      0x353 build/mbfuncother.o
 .debug_line    0x000000000000d4f0      0x399 build/mbutils.o
 .debug_line    0x000000000000d889      0x233 build/portevent.o
 .debug_line    0x000000000000dabc      0x33b build/portserial.o
 .debug_line    0x000000000000ddf7      0x29b build/porttimer.o
 .debug_line    0x000000000000e092      0x1ef build/portcritical.o
 .debug_line    0x000000000000e281      0x1eb build/mbcrc.o
 .debug_line    0x000000000000e46c      0x51d build/mbrtu.o
 .debug_line    0x000000000000e989      0x62a build/mb.o
 .debug_line    0x000000000000efb3      0x4d5 build/user_mb_app.o
 .debug_line    0x000000000000f488      0x2ba build/ReceiveTransmit.o
 .debug_line    0x000000000000f742      0x1dd build/gpio.o
 .debug_line    0x000000000000f91f      0x3c1 build/tim.o
 .debug_line    0x000000000000fce0      0x3d1 build/usart.o
 .debug_line    0x00000000000100b1      0x308 build/spi.o
 .debug_line    0x00000000000103b9     0x24d9 build/stm32f4xx_hal_spi.o
 .debug_line    0x0000000000012892     0x10a7 build/w25qxx.o
 .debug_line    0x0000000000013939      0x2e6 build/adc.o
 .debug_line    0x0000000000013c1f     0x10bf build/stm32f4xx_hal_adc.o
 .debug_line    0x0000000000014cde       0x76 build/startup_stm32f407xx.o

.debug_str      0x0000000000000000     0x5dfe
 .debug_str     0x0000000000000000     0x14a3 build/main.o
                                       0x15ff (size before relaxing)
 .debug_str     0x00000000000014a3      0x1bc build/stm32f4xx_it.o
                                       0x11ac (size before relaxing)
 .debug_str     0x000000000000165f       0x24 build/stm32f4xx_hal_msp.o
                                        0x386 (size before relaxing)
 .debug_str     0x0000000000001683      0xf09 build/stm32f4xx_hal_tim.o
                                       0x1782 (size before relaxing)
 .debug_str     0x000000000000258c      0x591 build/stm32f4xx_hal_tim_ex.o
                                        0xf83 (size before relaxing)
 .debug_str     0x0000000000002b1d      0x221 build/stm32f4xx_hal_rcc.o
                                        0x77c (size before relaxing)
 .debug_str     0x0000000000002d3e      0x14b build/stm32f4xx_hal_gpio.o
                                        0x59e (size before relaxing)
 .debug_str     0x0000000000002e89      0x2d6 build/stm32f4xx_hal_dma.o
                                        0x824 (size before relaxing)
 .debug_str     0x000000000000315f      0x9ee build/stm32f4xx_hal_cortex.o
                                        0xcd8 (size before relaxing)
 .debug_str     0x0000000000003b4d      0x21f build/stm32f4xx_hal.o
                                        0xb99 (size before relaxing)
 .debug_str     0x0000000000003d6c      0x600 build/stm32f4xx_hal_uart.o
                                        0xde2 (size before relaxing)
 .debug_str     0x000000000000436c       0x42 build/system_stm32f4xx.o
                                        0x402 (size before relaxing)
 .debug_str     0x00000000000043ae      0x289 build/mbfunccoils.o
                                        0x98a (size before relaxing)
 .debug_str     0x0000000000004637       0x63 build/mbfuncdisc.o
                                        0x925 (size before relaxing)
 .debug_str     0x000000000000469a      0x130 build/mbfuncholding.o
                                        0xa02 (size before relaxing)
 .debug_str     0x00000000000047ca       0x52 build/mbfuncinput.o
                                        0x916 (size before relaxing)
 .debug_str     0x000000000000481c       0xb4 build/mbfuncother.o
                                        0x93a (size before relaxing)
 .debug_str     0x00000000000048d0       0xa7 build/mbutils.o
                                        0x92d (size before relaxing)
 .debug_str     0x0000000000004977       0xc1 build/portevent.o
                                        0x3d9 (size before relaxing)
 .debug_str     0x0000000000004a38       0xe4 build/portserial.o
                                        0x8da (size before relaxing)
 .debug_str     0x0000000000004b1c       0x7a build/porttimer.o
                                        0x93d (size before relaxing)
 .debug_str     0x0000000000004b96       0x60 build/portcritical.o
                                        0x2cd (size before relaxing)
 .debug_str     0x0000000000004bf6       0x42 build/mbcrc.o
                                        0x2e6 (size before relaxing)
 .debug_str     0x0000000000004c38      0x1a5 build/mbrtu.o
                                        0xa5f (size before relaxing)
 .debug_str     0x0000000000004ddd      0x1c1 build/mb.o
                                        0xb64 (size before relaxing)
 .debug_str     0x0000000000004f9e      0x1de build/user_mb_app.o
                                        0x60e (size before relaxing)
 .debug_str     0x000000000000517c       0x70 build/ReceiveTransmit.o
                                        0x7ab (size before relaxing)
 .debug_str     0x00000000000051ec        0xb build/gpio.o
                                        0x437 (size before relaxing)
 .debug_str     0x00000000000051f7       0x19 build/tim.o
                                        0xf47 (size before relaxing)
 .debug_str     0x0000000000005210       0x17 build/usart.o
                                        0xdfa (size before relaxing)
 .debug_str     0x0000000000005227       0x43 build/spi.o
                                        0x8ae (size before relaxing)
 .debug_str     0x000000000000526a      0x51b build/stm32f4xx_hal_spi.o
                                        0xca8 (size before relaxing)
 .debug_str     0x0000000000005785      0x397 build/w25qxx.o
                                       0x11a8 (size before relaxing)
 .debug_str     0x0000000000005b1c       0x7d build/adc.o
                                        0x80c (size before relaxing)
 .debug_str     0x0000000000005b99      0x241 build/stm32f4xx_hal_adc.o
                                        0xa01 (size before relaxing)
 .debug_str     0x0000000000005dda       0x24 build/startup_stm32f407xx.o
                                         0x3a (size before relaxing)

.comment        0x0000000000000000       0x66
 .comment       0x0000000000000000       0x66 build/main.o
                                         0x67 (size before relaxing)
 .comment       0x0000000000000066       0x67 build/stm32f4xx_it.o
 .comment       0x0000000000000066       0x67 build/stm32f4xx_hal_msp.o
 .comment       0x0000000000000066       0x67 build/stm32f4xx_hal_tim.o
 .comment       0x0000000000000066       0x67 build/stm32f4xx_hal_tim_ex.o
 .comment       0x0000000000000066       0x67 build/stm32f4xx_hal_rcc.o
 .comment       0x0000000000000066       0x67 build/stm32f4xx_hal_gpio.o
 .comment       0x0000000000000066       0x67 build/stm32f4xx_hal_dma.o
 .comment       0x0000000000000066       0x67 build/stm32f4xx_hal_cortex.o
 .comment       0x0000000000000066       0x67 build/stm32f4xx_hal.o
 .comment       0x0000000000000066       0x67 build/stm32f4xx_hal_uart.o
 .comment       0x0000000000000066       0x67 build/system_stm32f4xx.o
 .comment       0x0000000000000066       0x67 build/mbfunccoils.o
 .comment       0x0000000000000066       0x67 build/mbfuncdisc.o
 .comment       0x0000000000000066       0x67 build/mbfuncholding.o
 .comment       0x0000000000000066       0x67 build/mbfuncinput.o
 .comment       0x0000000000000066       0x67 build/mbfuncother.o
 .comment       0x0000000000000066       0x67 build/mbutils.o
 .comment       0x0000000000000066       0x67 build/portevent.o
 .comment       0x0000000000000066       0x67 build/portserial.o
 .comment       0x0000000000000066       0x67 build/porttimer.o
 .comment       0x0000000000000066       0x67 build/portcritical.o
 .comment       0x0000000000000066       0x67 build/mbcrc.o
 .comment       0x0000000000000066       0x67 build/mbrtu.o
 .comment       0x0000000000000066       0x67 build/mb.o
 .comment       0x0000000000000066       0x67 build/user_mb_app.o
 .comment       0x0000000000000066       0x67 build/ReceiveTransmit.o
 .comment       0x0000000000000066       0x67 build/gpio.o
 .comment       0x0000000000000066       0x67 build/tim.o
 .comment       0x0000000000000066       0x67 build/usart.o
 .comment       0x0000000000000066       0x67 build/spi.o
 .comment       0x0000000000000066       0x67 build/stm32f4xx_hal_spi.o
 .comment       0x0000000000000066       0x67 build/w25qxx.o
 .comment       0x0000000000000066       0x67 build/adc.o
 .comment       0x0000000000000066       0x67 build/stm32f4xx_hal_adc.o

.debug_frame    0x0000000000000000     0x3844
 .debug_frame   0x0000000000000000       0x60 build/main.o
 .debug_frame   0x0000000000000060      0x11c build/stm32f4xx_it.o
 .debug_frame   0x000000000000017c       0x28 build/stm32f4xx_hal_msp.o
 .debug_frame   0x00000000000001a4      0xc68 build/stm32f4xx_hal_tim.o
 .debug_frame   0x0000000000000e0c      0x4a8 build/stm32f4xx_hal_tim_ex.o
 .debug_frame   0x00000000000012b4      0x1ac build/stm32f4xx_hal_rcc.o
 .debug_frame   0x0000000000001460       0xec build/stm32f4xx_hal_gpio.o
 .debug_frame   0x000000000000154c      0x1b8 build/stm32f4xx_hal_dma.o
 .debug_frame   0x0000000000001704      0x16c build/stm32f4xx_hal_cortex.o
 .debug_frame   0x0000000000001870      0x200 build/stm32f4xx_hal.o
 .debug_frame   0x0000000000001a70      0x670 build/stm32f4xx_hal_uart.o
 .debug_frame   0x00000000000020e0       0x30 build/system_stm32f4xx.o
 .debug_frame   0x0000000000002110       0x94 build/mbfunccoils.o
 .debug_frame   0x00000000000021a4       0x30 build/mbfuncdisc.o
 .debug_frame   0x00000000000021d4       0x94 build/mbfuncholding.o
 .debug_frame   0x0000000000002268       0x30 build/mbfuncinput.o
 .debug_frame   0x0000000000002298       0x5c build/mbfuncother.o
 .debug_frame   0x00000000000022f4       0x64 build/mbutils.o
 .debug_frame   0x0000000000002358       0x40 build/portevent.o
 .debug_frame   0x0000000000002398       0xd8 build/portserial.o
 .debug_frame   0x0000000000002470       0x74 build/porttimer.o
 .debug_frame   0x00000000000024e4       0x30 build/portcritical.o
 .debug_frame   0x0000000000002514       0x30 build/mbcrc.o
 .debug_frame   0x0000000000002544      0x10c build/mbrtu.o
 .debug_frame   0x0000000000002650       0xd0 build/mb.o
 .debug_frame   0x0000000000002720       0xb0 build/user_mb_app.o
 .debug_frame   0x00000000000027d0       0x38 build/ReceiveTransmit.o
 .debug_frame   0x0000000000002808       0x34 build/gpio.o
 .debug_frame   0x000000000000283c       0x8c build/tim.o
 .debug_frame   0x00000000000028c8       0x88 build/usart.o
 .debug_frame   0x0000000000002950       0x68 build/spi.o
 .debug_frame   0x00000000000029b8      0x640 build/stm32f4xx_hal_spi.o
 .debug_frame   0x0000000000002ff8      0x368 build/w25qxx.o
 .debug_frame   0x0000000000003360       0x58 build/adc.o
 .debug_frame   0x00000000000033b8      0x298 build/stm32f4xx_hal_adc.o
 .debug_frame   0x0000000000003650       0x2c c:/vscodeproject/software/arm_gcc/bin/../lib/gcc/arm-none-eabi/9.2.1/../../../../arm-none-eabi/lib/thumb/v7e-m+fp/hard\libc_nano.a(lib_a-init.o)
 .debug_frame   0x000000000000367c       0x28 c:/vscodeproject/software/arm_gcc/bin/../lib/gcc/arm-none-eabi/9.2.1/../../../../arm-none-eabi/lib/thumb/v7e-m+fp/hard\libc_nano.a(lib_a-memcpy-stub.o)
 .debug_frame   0x00000000000036a4       0x20 c:/vscodeproject/software/arm_gcc/bin/../lib/gcc/arm-none-eabi/9.2.1/../../../../arm-none-eabi/lib/thumb/v7e-m+fp/hard\libc_nano.a(lib_a-memset.o)
 .debug_frame   0x00000000000036c4       0xac c:/vscodeproject/software/arm_gcc/bin/../lib/gcc/arm-none-eabi/9.2.1/thumb/v7e-m+fp/hard\libgcc.a(_arm_addsubdf3.o)
 .debug_frame   0x0000000000003770       0x50 c:/vscodeproject/software/arm_gcc/bin/../lib/gcc/arm-none-eabi/9.2.1/thumb/v7e-m+fp/hard\libgcc.a(_arm_muldivdf3.o)
 .debug_frame   0x00000000000037c0       0x24 c:/vscodeproject/software/arm_gcc/bin/../lib/gcc/arm-none-eabi/9.2.1/thumb/v7e-m+fp/hard\libgcc.a(_arm_truncdfsf2.o)
 .debug_frame   0x00000000000037e4       0x2c c:/vscodeproject/software/arm_gcc/bin/../lib/gcc/arm-none-eabi/9.2.1/thumb/v7e-m+fp/hard\libgcc.a(_aeabi_uldivmod.o)
 .debug_frame   0x0000000000003810       0x34 c:/vscodeproject/software/arm_gcc/bin/../lib/gcc/arm-none-eabi/9.2.1/thumb/v7e-m+fp/hard\libgcc.a(_udivmoddi4.o)

Cross Reference Table

Symbol                                            File
ADC_IRQHandler                                    build/startup_stm32f407xx.o
AHBPrescTable                                     build/system_stm32f4xx.o
                                                  build/stm32f4xx_hal_rcc.o
APBPrescTable                                     build/system_stm32f4xx.o
                                                  build/stm32f4xx_hal_rcc.o
BusFault_Handler                                  build/stm32f4xx_it.o
CAN1_RX0_IRQHandler                               build/startup_stm32f407xx.o
CAN1_RX1_IRQHandler                               build/startup_stm32f407xx.o
CAN1_SCE_IRQHandler                               build/startup_stm32f407xx.o
CAN1_TX_IRQHandler                                build/startup_stm32f407xx.o
CAN2_RX0_IRQHandler                               build/startup_stm32f407xx.o
CAN2_RX1_IRQHandler                               build/startup_stm32f407xx.o
CAN2_SCE_IRQHandler                               build/startup_stm32f407xx.o
CAN2_TX_IRQHandler                                build/startup_stm32f407xx.o
DCMI_IRQHandler                                   build/startup_stm32f407xx.o
DMA1_Stream0_IRQHandler                           build/startup_stm32f407xx.o
DMA1_Stream1_IRQHandler                           build/startup_stm32f407xx.o
DMA1_Stream2_IRQHandler                           build/startup_stm32f407xx.o
DMA1_Stream3_IRQHandler                           build/startup_stm32f407xx.o
DMA1_Stream4_IRQHandler                           build/startup_stm32f407xx.o
DMA1_Stream5_IRQHandler                           build/startup_stm32f407xx.o
DMA1_Stream6_IRQHandler                           build/startup_stm32f407xx.o
DMA1_Stream7_IRQHandler                           build/startup_stm32f407xx.o
DMA2_Stream0_IRQHandler                           build/startup_stm32f407xx.o
DMA2_Stream1_IRQHandler                           build/startup_stm32f407xx.o
DMA2_Stream2_IRQHandler                           build/startup_stm32f407xx.o
DMA2_Stream3_IRQHandler                           build/startup_stm32f407xx.o
DMA2_Stream4_IRQHandler                           build/startup_stm32f407xx.o
DMA2_Stream5_IRQHandler                           build/startup_stm32f407xx.o
DMA2_Stream6_IRQHandler                           build/startup_stm32f407xx.o
DMA2_Stream7_IRQHandler                           build/startup_stm32f407xx.o
DebugMon_Handler                                  build/stm32f4xx_it.o
Default_Handler                                   build/startup_stm32f407xx.o
ETH_IRQHandler                                    build/startup_stm32f407xx.o
ETH_WKUP_IRQHandler                               build/startup_stm32f407xx.o
EXTI0_IRQHandler                                  build/startup_stm32f407xx.o
EXTI15_10_IRQHandler                              build/startup_stm32f407xx.o
EXTI1_IRQHandler                                  build/startup_stm32f407xx.o
EXTI2_IRQHandler                                  build/startup_stm32f407xx.o
EXTI3_IRQHandler                                  build/startup_stm32f407xx.o
EXTI4_IRQHandler                                  build/startup_stm32f407xx.o
EXTI9_5_IRQHandler                                build/startup_stm32f407xx.o
Error_Handler                                     build/main.o
                                                  build/adc.o
                                                  build/spi.o
                                                  build/usart.o
                                                  build/tim.o
FLASH_Erase_Sector                                build/stm32f4xx_hal_flash_ex.o
                                                  build/stm32f4xx_hal_flash.o
FLASH_FlushCaches                                 build/stm32f4xx_hal_flash_ex.o
                                                  build/stm32f4xx_hal_flash.o
FLASH_IRQHandler                                  build/startup_stm32f407xx.o
FLASH_WaitForLastOperation                        build/stm32f4xx_hal_flash.o
                                                  build/stm32f4xx_hal_flash_ex.o
FPU_IRQHandler                                    build/startup_stm32f407xx.o
FSMC_IRQHandler                                   build/startup_stm32f407xx.o
HAL_ADCEx_InjectedConfigChannel                   build/stm32f4xx_hal_adc_ex.o
HAL_ADCEx_InjectedConvCpltCallback                build/stm32f4xx_hal_adc_ex.o
                                                  build/stm32f4xx_hal_adc.o
HAL_ADCEx_InjectedGetValue                        build/stm32f4xx_hal_adc_ex.o
HAL_ADCEx_InjectedPollForConversion               build/stm32f4xx_hal_adc_ex.o
HAL_ADCEx_InjectedStart                           build/stm32f4xx_hal_adc_ex.o
HAL_ADCEx_InjectedStart_IT                        build/stm32f4xx_hal_adc_ex.o
HAL_ADCEx_InjectedStop                            build/stm32f4xx_hal_adc_ex.o
HAL_ADCEx_InjectedStop_IT                         build/stm32f4xx_hal_adc_ex.o
HAL_ADCEx_MultiModeConfigChannel                  build/stm32f4xx_hal_adc_ex.o
HAL_ADCEx_MultiModeGetValue                       build/stm32f4xx_hal_adc_ex.o
HAL_ADCEx_MultiModeStart_DMA                      build/stm32f4xx_hal_adc_ex.o
HAL_ADCEx_MultiModeStop_DMA                       build/stm32f4xx_hal_adc_ex.o
HAL_ADC_AnalogWDGConfig                           build/stm32f4xx_hal_adc.o
HAL_ADC_ConfigChannel                             build/stm32f4xx_hal_adc.o
                                                  build/adc.o
HAL_ADC_ConvCpltCallback                          build/stm32f4xx_hal_adc.o
                                                  build/stm32f4xx_hal_adc_ex.o
HAL_ADC_ConvHalfCpltCallback                      build/stm32f4xx_hal_adc.o
                                                  build/stm32f4xx_hal_adc_ex.o
HAL_ADC_DeInit                                    build/stm32f4xx_hal_adc.o
HAL_ADC_ErrorCallback                             build/stm32f4xx_hal_adc.o
                                                  build/stm32f4xx_hal_adc_ex.o
HAL_ADC_GetError                                  build/stm32f4xx_hal_adc.o
HAL_ADC_GetState                                  build/stm32f4xx_hal_adc.o
HAL_ADC_GetValue                                  build/stm32f4xx_hal_adc.o
                                                  build/stm32f4xx_it.o
HAL_ADC_IRQHandler                                build/stm32f4xx_hal_adc.o
HAL_ADC_Init                                      build/stm32f4xx_hal_adc.o
                                                  build/adc.o
HAL_ADC_LevelOutOfWindowCallback                  build/stm32f4xx_hal_adc.o
HAL_ADC_MspDeInit                                 build/adc.o
HAL_ADC_MspInit                                   build/adc.o
HAL_ADC_PollForConversion                         build/stm32f4xx_hal_adc.o
                                                  build/stm32f4xx_it.o
HAL_ADC_PollForEvent                              build/stm32f4xx_hal_adc.o
HAL_ADC_Start                                     build/stm32f4xx_hal_adc.o
                                                  build/stm32f4xx_it.o
HAL_ADC_Start_DMA                                 build/stm32f4xx_hal_adc.o
HAL_ADC_Start_IT                                  build/stm32f4xx_hal_adc.o
HAL_ADC_Stop                                      build/stm32f4xx_hal_adc.o
                                                  build/stm32f4xx_it.o
HAL_ADC_Stop_DMA                                  build/stm32f4xx_hal_adc.o
HAL_ADC_Stop_IT                                   build/stm32f4xx_hal_adc.o
HAL_DBGMCU_DisableDBGSleepMode                    build/stm32f4xx_hal.o
HAL_DBGMCU_DisableDBGStandbyMode                  build/stm32f4xx_hal.o
HAL_DBGMCU_DisableDBGStopMode                     build/stm32f4xx_hal.o
HAL_DBGMCU_EnableDBGSleepMode                     build/stm32f4xx_hal.o
HAL_DBGMCU_EnableDBGStandbyMode                   build/stm32f4xx_hal.o
HAL_DBGMCU_EnableDBGStopMode                      build/stm32f4xx_hal.o
HAL_DMAEx_ChangeMemory                            build/stm32f4xx_hal_dma_ex.o
HAL_DMAEx_MultiBufferStart                        build/stm32f4xx_hal_dma_ex.o
HAL_DMAEx_MultiBufferStart_IT                     build/stm32f4xx_hal_dma_ex.o
HAL_DMA_Abort                                     build/stm32f4xx_hal_dma.o
                                                  build/stm32f4xx_hal_adc_ex.o
                                                  build/stm32f4xx_hal_adc.o
                                                  build/stm32f4xx_hal_spi.o
                                                  build/stm32f4xx_hal_uart.o
HAL_DMA_Abort_IT                                  build/stm32f4xx_hal_dma.o
                                                  build/stm32f4xx_hal_spi.o
                                                  build/stm32f4xx_hal_uart.o
                                                  build/stm32f4xx_hal_tim_ex.o
                                                  build/stm32f4xx_hal_tim.o
HAL_DMA_DeInit                                    build/stm32f4xx_hal_dma.o
HAL_DMA_GetError                                  build/stm32f4xx_hal_dma.o
                                                  build/stm32f4xx_hal_uart.o
HAL_DMA_GetState                                  build/stm32f4xx_hal_dma.o
HAL_DMA_IRQHandler                                build/stm32f4xx_hal_dma.o
HAL_DMA_Init                                      build/stm32f4xx_hal_dma.o
HAL_DMA_PollForTransfer                           build/stm32f4xx_hal_dma.o
HAL_DMA_RegisterCallback                          build/stm32f4xx_hal_dma.o
HAL_DMA_Start                                     build/stm32f4xx_hal_dma.o
HAL_DMA_Start_IT                                  build/stm32f4xx_hal_dma.o
                                                  build/stm32f4xx_hal_adc_ex.o
                                                  build/stm32f4xx_hal_adc.o
                                                  build/stm32f4xx_hal_spi.o
                                                  build/stm32f4xx_hal_uart.o
                                                  build/stm32f4xx_hal_tim_ex.o
                                                  build/stm32f4xx_hal_tim.o
HAL_DMA_UnRegisterCallback                        build/stm32f4xx_hal_dma.o
HAL_DeInit                                        build/stm32f4xx_hal.o
HAL_Delay                                         build/stm32f4xx_hal.o
                                                  build/w25qxx.o
                                                  build/main.o
HAL_DisableCompensationCell                       build/stm32f4xx_hal.o
HAL_EXTI_ClearConfigLine                          build/stm32f4xx_hal_exti.o
HAL_EXTI_ClearPending                             build/stm32f4xx_hal_exti.o
HAL_EXTI_GenerateSWI                              build/stm32f4xx_hal_exti.o
HAL_EXTI_GetConfigLine                            build/stm32f4xx_hal_exti.o
HAL_EXTI_GetHandle                                build/stm32f4xx_hal_exti.o
HAL_EXTI_GetPending                               build/stm32f4xx_hal_exti.o
HAL_EXTI_IRQHandler                               build/stm32f4xx_hal_exti.o
HAL_EXTI_RegisterCallback                         build/stm32f4xx_hal_exti.o
HAL_EXTI_SetConfigLine                            build/stm32f4xx_hal_exti.o
HAL_EnableCompensationCell                        build/stm32f4xx_hal.o
HAL_FLASHEx_Erase                                 build/stm32f4xx_hal_flash_ex.o
HAL_FLASHEx_Erase_IT                              build/stm32f4xx_hal_flash_ex.o
HAL_FLASHEx_OBGetConfig                           build/stm32f4xx_hal_flash_ex.o
HAL_FLASHEx_OBProgram                             build/stm32f4xx_hal_flash_ex.o
HAL_FLASH_EndOfOperationCallback                  build/stm32f4xx_hal_flash.o
HAL_FLASH_GetError                                build/stm32f4xx_hal_flash.o
HAL_FLASH_IRQHandler                              build/stm32f4xx_hal_flash.o
HAL_FLASH_Lock                                    build/stm32f4xx_hal_flash.o
HAL_FLASH_OB_Launch                               build/stm32f4xx_hal_flash.o
HAL_FLASH_OB_Lock                                 build/stm32f4xx_hal_flash.o
HAL_FLASH_OB_Unlock                               build/stm32f4xx_hal_flash.o
HAL_FLASH_OperationErrorCallback                  build/stm32f4xx_hal_flash.o
HAL_FLASH_Program                                 build/stm32f4xx_hal_flash.o
HAL_FLASH_Program_IT                              build/stm32f4xx_hal_flash.o
HAL_FLASH_Unlock                                  build/stm32f4xx_hal_flash.o
HAL_GPIO_DeInit                                   build/stm32f4xx_hal_gpio.o
                                                  build/spi.o
                                                  build/usart.o
HAL_GPIO_EXTI_Callback                            build/stm32f4xx_hal_gpio.o
HAL_GPIO_EXTI_IRQHandler                          build/stm32f4xx_hal_gpio.o
HAL_GPIO_Init                                     build/stm32f4xx_hal_gpio.o
                                                  build/spi.o
                                                  build/usart.o
                                                  build/gpio.o
                                                  build/stm32f4xx_hal_rcc.o
HAL_GPIO_LockPin                                  build/stm32f4xx_hal_gpio.o
HAL_GPIO_ReadPin                                  build/stm32f4xx_hal_gpio.o
HAL_GPIO_TogglePin                                build/stm32f4xx_hal_gpio.o
                                                  build/stm32f4xx_it.o
HAL_GPIO_WritePin                                 build/stm32f4xx_hal_gpio.o
                                                  build/w25qxx.o
                                                  build/gpio.o
HAL_GetDEVID                                      build/stm32f4xx_hal.o
HAL_GetHalVersion                                 build/stm32f4xx_hal.o
HAL_GetREVID                                      build/stm32f4xx_hal.o
HAL_GetTick                                       build/stm32f4xx_hal.o