Archive member included to satisfy reference by file (symbol)

c:/vscodeproject/software/arm_gcc/bin/../lib/gcc/arm-none-eabi/9.2.1/../../../../arm-none-eabi/lib/thumb/v7e-m+fp/hard\libc_nano.a(lib_a-exit.o)
                              c:/vscodeproject/software/arm_gcc/bin/../lib/gcc/arm-none-eabi/9.2.1/../../../../arm-none-eabi/lib/thumb/v7e-m+fp/hard/crt0.o (exit)
c:/vscodeproject/software/arm_gcc/bin/../lib/gcc/arm-none-eabi/9.2.1/../../../../arm-none-eabi/lib/thumb/v7e-m+fp/hard\libc_nano.a(lib_a-impure.o)
                              c:/vscodeproject/software/arm_gcc/bin/../lib/gcc/arm-none-eabi/9.2.1/../../../../arm-none-eabi/lib/thumb/v7e-m+fp/hard\libc_nano.a(lib_a-exit.o) (_global_impure_ptr)
c:/vscodeproject/software/arm_gcc/bin/../lib/gcc/arm-none-eabi/9.2.1/../../../../arm-none-eabi/lib/thumb/v7e-m+fp/hard\libc_nano.a(lib_a-init.o)
                              c:/vscodeproject/software/arm_gcc/bin/../lib/gcc/arm-none-eabi/9.2.1/../../../../arm-none-eabi/lib/thumb/v7e-m+fp/hard/crt0.o (__libc_init_array)
c:/vscodeproject/software/arm_gcc/bin/../lib/gcc/arm-none-eabi/9.2.1/../../../../arm-none-eabi/lib/thumb/v7e-m+fp/hard\libc_nano.a(lib_a-memcpy-stub.o)
                              build/mbfuncother.o (memcpy)
c:/vscodeproject/software/arm_gcc/bin/../lib/gcc/arm-none-eabi/9.2.1/../../../../arm-none-eabi/lib/thumb/v7e-m+fp/hard\libc_nano.a(lib_a-memset.o)
                              c:/vscodeproject/software/arm_gcc/bin/../lib/gcc/arm-none-eabi/9.2.1/../../../../arm-none-eabi/lib/thumb/v7e-m+fp/hard/crt0.o (memset)
c:/vscodeproject/software/arm_gcc/bin/../lib/gcc/arm-none-eabi/9.2.1/../../../../arm-none-eabi/lib/thumb/v7e-m+fp/hard\libc_nano.a(lib_a-sprintf.o)
                              build/stm32f4xx_it.o (sprintf)
c:/vscodeproject/software/arm_gcc/bin/../lib/gcc/arm-none-eabi/9.2.1/../../../../arm-none-eabi/lib/thumb/v7e-m+fp/hard\libc_nano.a(lib_a-nano-svfprintf.o)
                              c:/vscodeproject/software/arm_gcc/bin/../lib/gcc/arm-none-eabi/9.2.1/../../../../arm-none-eabi/lib/thumb/v7e-m+fp/hard\libc_nano.a(lib_a-sprintf.o) (_svfprintf_r)
c:/vscodeproject/software/arm_gcc/bin/../lib/gcc/arm-none-eabi/9.2.1/../../../../arm-none-eabi/lib/thumb/v7e-m+fp/hard\libc_nano.a(lib_a-nano-vfprintf_i.o)
                              c:/vscodeproject/software/arm_gcc/bin/../lib/gcc/arm-none-eabi/9.2.1/../../../../arm-none-eabi/lib/thumb/v7e-m+fp/hard\libc_nano.a(lib_a-nano-svfprintf.o) (_printf_i)
c:/vscodeproject/software/arm_gcc/bin/../lib/gcc/arm-none-eabi/9.2.1/../../../../arm-none-eabi/lib/thumb/v7e-m+fp/hard\libc_nano.a(lib_a-memchr.o)
                              c:/vscodeproject/software/arm_gcc/bin/../lib/gcc/arm-none-eabi/9.2.1/../../../../arm-none-eabi/lib/thumb/v7e-m+fp/hard\libc_nano.a(lib_a-nano-svfprintf.o) (memchr)
c:/vscodeproject/software/arm_gcc/bin/../lib/gcc/arm-none-eabi/9.2.1/../../../../arm-none-eabi/lib/thumb/v7e-m+fp/hard\libc_nano.a(lib_a-memmove.o)
                              c:/vscodeproject/software/arm_gcc/bin/../lib/gcc/arm-none-eabi/9.2.1/../../../../arm-none-eabi/lib/thumb/v7e-m+fp/hard\libc_nano.a(lib_a-nano-svfprintf.o) (memmove)
c:/vscodeproject/software/arm_gcc/bin/../lib/gcc/arm-none-eabi/9.2.1/../../../../arm-none-eabi/lib/thumb/v7e-m+fp/hard\libc_nano.a(lib_a-nano-freer.o)
                              c:/vscodeproject/software/arm_gcc/bin/../lib/gcc/arm-none-eabi/9.2.1/../../../../arm-none-eabi/lib/thumb/v7e-m+fp/hard\libc_nano.a(lib_a-nano-svfprintf.o) (_free_r)
c:/vscodeproject/software/arm_gcc/bin/../lib/gcc/arm-none-eabi/9.2.1/../../../../arm-none-eabi/lib/thumb/v7e-m+fp/hard\libc_nano.a(lib_a-nano-mallocr.o)
                              c:/vscodeproject/software/arm_gcc/bin/../lib/gcc/arm-none-eabi/9.2.1/../../../../arm-none-eabi/lib/thumb/v7e-m+fp/hard\libc_nano.a(lib_a-nano-svfprintf.o) (_malloc_r)
c:/vscodeproject/software/arm_gcc/bin/../lib/gcc/arm-none-eabi/9.2.1/../../../../arm-none-eabi/lib/thumb/v7e-m+fp/hard\libc_nano.a(lib_a-nano-reallocr.o)
                              c:/vscodeproject/software/arm_gcc/bin/../lib/gcc/arm-none-eabi/9.2.1/../../../../arm-none-eabi/lib/thumb/v7e-m+fp/hard\libc_nano.a(lib_a-nano-svfprintf.o) (_realloc_r)
c:/vscodeproject/software/arm_gcc/bin/../lib/gcc/arm-none-eabi/9.2.1/../../../../arm-none-eabi/lib/thumb/v7e-m+fp/hard\libc_nano.a(lib_a-sbrkr.o)
                              c:/vscodeproject/software/arm_gcc/bin/../lib/gcc/arm-none-eabi/9.2.1/../../../../arm-none-eabi/lib/thumb/v7e-m+fp/hard\libc_nano.a(lib_a-nano-mallocr.o) (_sbrk_r)
c:/vscodeproject/software/arm_gcc/bin/../lib/gcc/arm-none-eabi/9.2.1/../../../../arm-none-eabi/lib/thumb/v7e-m+fp/hard\libc_nano.a(lib_a-mlock.o)
                              c:/vscodeproject/software/arm_gcc/bin/../lib/gcc/arm-none-eabi/9.2.1/../../../../arm-none-eabi/lib/thumb/v7e-m+fp/hard\libc_nano.a(lib_a-nano-freer.o) (__malloc_lock)
[...]
Memory Configuration

Name             Origin             Length             Attributes
RAM              0x0000000020000000 0x0000000000020000 xrw
CCMRAM           0x0000000010000000 0x0000000000010000 xrw
FLASH            0x0000000008000000 0x0000000000080000 xr
*default*        0x0000000000000000 0xffffffffffffffff

Linker script and memory map

LOAD c:/vscodeproject/software/arm_gcc/bin/../lib/gcc/arm-none-eabi/9.2.1/thumb/v7e-m+fp/hard/crti.o
LOAD c:/vscodeproject/software/arm_gcc/bin/../lib/gcc/arm-none-eabi/9.2.1/thumb/v7e-m+fp/hard/crtbegin.o
LOAD c:/vscodeproject/software/arm_gcc/bin/../lib/gcc/arm-none-eabi/9.2.1/../../../../arm-none-eabi/lib/thumb/v7e-m+fp/hard/crt0.o
LOAD build/main.o
LOAD build/gpio.o
LOAD build/adc.o
LOAD build/spi.o
LOAD build/tim.o
LOAD build/usart.o
LOAD build/stm32f4xx_it.o
LOAD build/stm32f4xx_hal_msp.o
LOAD build/stm32f4xx_hal_adc.o
LOAD build/stm32f4xx_hal_adc_ex.o
LOAD build/stm32f4xx_ll_adc.o
LOAD build/stm32f4xx_hal_rcc.o
LOAD build/stm32f4xx_hal_rcc_ex.o
LOAD build/stm32f4xx_hal_flash.o
LOAD build/stm32f4xx_hal_flash_ex.o
LOAD build/stm32f4xx_hal_flash_ramfunc.o
LOAD build/stm32f4xx_hal_gpio.o
LOAD build/stm32f4xx_hal_dma_ex.o
LOAD build/stm32f4xx_hal_dma.o
LOAD build/stm32f4xx_hal_pwr.o
LOAD build/stm32f4xx_hal_pwr_ex.o
LOAD build/stm32f4xx_hal_cortex.o
LOAD build/stm32f4xx_hal.o
LOAD build/stm32f4xx_hal_exti.o
LOAD build/stm32f4xx_hal_spi.o
LOAD build/stm32f4xx_hal_tim.o
LOAD build/stm32f4xx_hal_tim_ex.o
LOAD build/stm32f4xx_hal_uart.o
LOAD build/system_stm32f4xx.o
LOAD build/mbascii.o
LOAD build/mbfunccoils.o
LOAD build/mbfunccoils_m.o
LOAD build/mbfuncdiag.o
LOAD build/mbfuncdisc.o
LOAD build/mbfuncdisc_m.o
LOAD build/mbfuncholding.o
LOAD build/mbfuncholding_m.o
LOAD build/mbfuncinput.o
LOAD build/mbfuncinput_m.o
LOAD build/mbfuncother.o
LOAD build/mbutils.o
LOAD build/portevent.o
LOAD build/portevent_m.o
LOAD build/portserial.o
LOAD build/portserial_m.o
LOAD build/porttimer.o
LOAD build/porttimer_m.o
LOAD build/portcritical.o
LOAD build/mbcrc.o
LOAD build/mbrtu.o
LOAD build/mbrtu_m.o
LOAD build/mbtcp.o
LOAD build/mb.o
LOAD build/mb_m.o
LOAD build/user_mb_app.o
LOAD build/user_mb_app_m.o
LOAD build/ReceiveTransmit.o
LOAD build/st7735.o
LOAD build/fonts.o
LOAD build/startup_stm32f407xx.o
LOAD c:/vscodeproject/software/arm_gcc/bin/../lib/gcc/arm-none-eabi/9.2.1/../../../../arm-none-eabi/lib/thumb/v7e-m+fp/hard\libc_nano.a
LOAD c:/vscodeproject/software/arm_gcc/bin/../lib/gcc/arm-none-eabi/9.2.1/../../../../arm-none-eabi/lib/thumb/v7e-m+fp/hard\libm.a
LOAD c:/vscodeproject/software/arm_gcc/bin/../lib/gcc/arm-none-eabi/9.2.1/../../../../arm-none-eabi/lib/thumb/v7e-m+fp/hard\libnosys.a
START GROUP
LOAD c:/vscodeproject/software/arm_gcc/bin/../lib/gcc/arm-none-eabi/9.2.1/thumb/v7e-m+fp/hard\libgcc.a
LOAD c:/vscodeproject/software/arm_gcc/bin/../lib/gcc/arm-none-eabi/9.2.1/../../../../arm-none-eabi/lib/thumb/v7e-m+fp/hard\libc_nano.a
END GROUP
START GROUP
LOAD c:/vscodeproject/software/arm_gcc/bin/../lib/gcc/arm-none-eabi/9.2.1/thumb/v7e-m+fp/hard\libgcc.a
LOAD c:/vscodeproject/software/arm_gcc/bin/../lib/gcc/arm-none-eabi/9.2.1/../../../../arm-none-eabi/lib/thumb/v7e-m+fp/hard\libc_nano.a
END GROUP
LOAD c:/vscodeproject/software/arm_gcc/bin/../lib/gcc/arm-none-eabi/9.2.1/thumb/v7e-m+fp/hard/crtend.o
LOAD c:/vscodeproject/software/arm_gcc/bin/../lib/gcc/arm-none-eabi/9.2.1/thumb/v7e-m+fp/hard/crtn.o
                0x0000000020020000                _estack = 0x20020000
                0x0000000000000200                _Min_Heap_Size = 0x200
                0x0000000000000400                _Min_Stack_Size = 0x400

.isr_vector     0x0000000008000000      0x188
                0x0000000008000000                . = ALIGN (0x4)
 *(.isr_vector)
 .isr_vector    0x0000000008000000      0x188 build/startup_stm32f407xx.o
                0x0000000008000000                g_pfnVectors
                0x0000000008000188                . = ALIGN (0x4)

.text           0x0000000008000190     0x6b1c
                0x0000000008000190                . = ALIGN (0x4)
 *(.text)
 .text          0x0000000008000190       0xa0 c:/vscodeproject/software/arm_gcc/bin/../lib/gcc/arm-none-eabi/9.2.1/../../../../arm-none-eabi/lib/thumb/v7e-m+fp/hard\libc_nano.a(lib_a-memchr.o)
                0x0000000008000190                memchr
 .text          0x0000000008000230      0x378 c:/vscodeproject/software/arm_gcc/bin/../lib/gcc/arm-none-eabi/9.2.1/thumb/v7e-m+fp/hard\libgcc.a(_arm_addsubdf3.o)
                0x0000000008000230                __aeabi_drsub
                0x0000000008000238                __aeabi_dsub
                0x0000000008000238                __subdf3
                0x000000000800023c                __aeabi_dadd
                0x000000000800023c                __adddf3
                0x00000000080004b4                __floatunsidf
                0x00000000080004b4                __aeabi_ui2d
                0x00000000080004d4                __floatsidf
                0x00000000080004d4                __aeabi_i2d
                0x00000000080004f8                __aeabi_f2d
                0x00000000080004f8                __extendsfdf2
                0x000000000800053c                __floatundidf
                0x000000000800053c                __aeabi_ul2d
                0x000000000800054c                __floatdidf
                0x000000000800054c                __aeabi_l2d
 .text          0x00000000080005a8      0x424 c:/vscodeproject/software/arm_gcc/bin/../lib/gcc/arm-none-eabi/9.2.1/thumb/v7e-m+fp/hard\libgcc.a(_arm_muldivdf3.o)
                0x00000000080005a8                __aeabi_dmul
                0x00000000080005a8                __muldf3
                0x00000000080007fc                __divdf3
                0x00000000080007fc                __aeabi_ddiv
 .text          0x00000000080009cc      0x110 c:/vscodeproject/software/arm_gcc/bin/../lib/gcc/arm-none-eabi/9.2.1/thumb/v7e-m+fp/hard\libgcc.a(_arm_cmpdf2.o)
                0x00000000080009cc                __gtdf2
                0x00000000080009cc                __gedf2
                0x00000000080009d4                __ltdf2
                0x00000000080009d4                __ledf2
                0x00000000080009dc                __nedf2
                0x00000000080009dc                __eqdf2
                0x00000000080009dc                __cmpdf2
                0x0000000008000a58                __aeabi_cdrcmple
                0x0000000008000a68                __aeabi_cdcmpeq
                0x0000000008000a68                __aeabi_cdcmple
                0x0000000008000a78                __aeabi_dcmpeq
                0x0000000008000a8c                __aeabi_dcmplt
                0x0000000008000aa0                __aeabi_dcmple
                0x0000000008000ab4                __aeabi_dcmpge
                0x0000000008000ac8                __aeabi_dcmpgt
 .text          0x0000000008000adc       0x50 c:/vscodeproject/software/arm_gcc/bin/../lib/gcc/arm-none-eabi/9.2.1/thumb/v7e-m+fp/hard\libgcc.a(_arm_fixdfsi.o)
                0x0000000008000adc                __aeabi_d2iz
                0x0000000008000adc                __fixdfsi
 .text          0x0000000008000b2c       0x40 c:/vscodeproject/software/arm_gcc/bin/../lib/gcc/arm-none-eabi/9.2.1/thumb/v7e-m+fp/hard\libgcc.a(_arm_fixunsdfsi.o)
                0x0000000008000b2c                __aeabi_d2uiz
                0x0000000008000b2c                __fixunsdfsi
 .text          0x0000000008000b6c       0xa0 c:/vscodeproject/software/arm_gcc/bin/../lib/gcc/arm-none-eabi/9.2.1/thumb/v7e-m+fp/hard\libgcc.a(_arm_truncdfsf2.o)
                0x0000000008000b6c                __truncdfsf2
                0x0000000008000b6c                __aeabi_d2f
 .text          0x0000000008000c0c       0x30 c:/vscodeproject/software/arm_gcc/bin/../lib/gcc/arm-none-eabi/9.2.1/thumb/v7e-m+fp/hard\libgcc.a(_aeabi_uldivmod.o)
                0x0000000008000c0c                __aeabi_uldivmod
 .text          0x0000000008000c3c        0x4 c:/vscodeproject/software/arm_gcc/bin/../lib/gcc/arm-none-eabi/9.2.1/thumb/v7e-m+fp/hard\libgcc.a(_dvmd_tls.o)
                0x0000000008000c3c                __aeabi_idiv0
                0x0000000008000c3c                __aeabi_ldiv0
 *(.text*)
 .text.__do_global_dtors_aux
                0x0000000008000c40       0x24 c:/vscodeproject/software/arm_gcc/bin/../lib/gcc/arm-none-eabi/9.2.1/thumb/v7e-m+fp/hard/crtbegin.o
 .text.frame_dummy
                0x0000000008000c64       0x1c c:/vscodeproject/software/arm_gcc/bin/../lib/gcc/arm-none-eabi/9.2.1/thumb/v7e-m+fp/hard/crtbegin.o
 .text.Error_Handler
                0x0000000008000c80        0x4 build/main.o
                0x0000000008000c80                Error_Handler
 .text.SystemClock_Config
                0x0000000008000c84       0xa0 build/main.o
                0x0000000008000c84                SystemClock_Config
 .text.main     0x0000000008000d24       0xa4 build/main.o
                0x0000000008000d24                main
 .text.MX_GPIO_Init
                0x0000000008000dc8      0x170 build/gpio.o
                0x0000000008000dc8                MX_GPIO_Init
 .text.MX_ADC1_Init
                0x0000000008000f38       0x6c build/adc.o
                0x0000000008000f38                MX_ADC1_Init
 .text.MX_ADC2_Init
                0x0000000008000fa4       0x6c build/adc.o
                0x0000000008000fa4                MX_ADC2_Init
 .text.HAL_ADC_MspInit
                0x0000000008001010       0x90 build/adc.o
                0x0000000008001010                HAL_ADC_MspInit
 .text.MX_SPI1_Init
                0x00000000080010a0       0x40 build/spi.o
                0x00000000080010a0                MX_SPI1_Init
 .text.MX_SPI2_Init
                0x00000000080010e0       0x40 build/spi.o
                0x00000000080010e0                MX_SPI2_Init
 .text.HAL_SPI_MspInit
                0x0000000008001120       0xcc build/spi.o
                0x0000000008001120                HAL_SPI_MspInit
 .text.MX_TIM2_Init
                0x00000000080011ec       0x70 build/tim.o
                0x00000000080011ec                MX_TIM2_Init
 .text.MX_TIM3_Init
                0x000000000800125c       0x70 build/tim.o
                0x000000000800125c                MX_TIM3_Init
 .text.MX_TIM4_Init
                0x00000000080012cc       0x6c build/tim.o
                0x00000000080012cc                MX_TIM4_Init
 .text.HAL_TIM_Base_MspInit
                0x0000000008001338       0xa4 build/tim.o
                0x0000000008001338                HAL_TIM_Base_MspInit
 .text.MX_USART2_UART_Init
                0x00000000080013dc       0x34 build/usart.o
                0x00000000080013dc                MX_USART2_UART_Init
 .text.HAL_UART_MspInit
                0x0000000008001410       0x80 build/usart.o
                0x0000000008001410                HAL_UART_MspInit
 .text.NMI_Handler
                0x0000000008001490        0x2 build/stm32f4xx_it.o
                0x0000000008001490                NMI_Handler
 .text.HardFault_Handler
                0x0000000008001492        0x2 build/stm32f4xx_it.o
                0x0000000008001492                HardFault_Handler
 .text.MemManage_Handler
                0x0000000008001494        0x2 build/stm32f4xx_it.o
                0x0000000008001494                MemManage_Handler
 .text.BusFault_Handler
                0x0000000008001496        0x2 build/stm32f4xx_it.o
                0x0000000008001496                BusFault_Handler
 .text.UsageFault_Handler
                0x0000000008001498        0x2 build/stm32f4xx_it.o
                0x0000000008001498                UsageFault_Handler
 .text.SVC_Handler
                0x000000000800149a        0x2 build/stm32f4xx_it.o
                0x000000000800149a                SVC_Handler
 .text.DebugMon_Handler
                0x000000000800149c        0x2 build/stm32f4xx_it.o
                0x000000000800149c                DebugMon_Handler
 .text.PendSV_Handler
                0x000000000800149e        0x2 build/stm32f4xx_it.o
                0x000000000800149e                PendSV_Handler
 .text.SysTick_Handler
                0x00000000080014a0        0x8 build/stm32f4xx_it.o
                0x00000000080014a0                SysTick_Handler
 .text.EXTI0_IRQHandler
                0x00000000080014a8       0x4c build/stm32f4xx_it.o
                0x00000000080014a8                EXTI0_IRQHandler
 *fill*         0x00000000080014f4        0x4 
 .text.TIM2_IRQHandler
                0x00000000080014f8      0x178 build/stm32f4xx_it.o
                0x00000000080014f8                TIM2_IRQHandler
 .text.TIM3_IRQHandler
                0x0000000008001670      0x1c4 build/stm32f4xx_it.o
                0x0000000008001670                TIM3_IRQHandler
 .text.TIM4_IRQHandler
                0x0000000008001834       0x10 build/stm32f4xx_it.o
                0x0000000008001834                TIM4_IRQHandler
 .text.USART2_IRQHandler
                0x0000000008001844       0x10 build/stm32f4xx_it.o
                0x0000000008001844                USART2_IRQHandler
 .text.HAL_MspInit
                0x0000000008001854       0x38 build/stm32f4xx_hal_msp.o
                0x0000000008001854                HAL_MspInit
 .text.ADC_Init
                0x000000000800188c      0x134 build/stm32f4xx_hal_adc.o
 .text.HAL_ADC_Init
                0x00000000080019c0       0x56 build/stm32f4xx_hal_adc.o
                0x00000000080019c0                HAL_ADC_Init
 *fill*         0x0000000008001a16        0x2 
 .text.HAL_ADC_Start
                0x0000000008001a18      0x144 build/stm32f4xx_hal_adc.o
                0x0000000008001a18                HAL_ADC_Start
 .text.HAL_ADC_Stop
                0x0000000008001b5c       0x40 build/stm32f4xx_hal_adc.o
                0x0000000008001b5c                HAL_ADC_Stop
 .text.HAL_ADC_PollForConversion
                0x0000000008001b9c       0xb8 build/stm32f4xx_hal_adc.o
                0x0000000008001b9c                HAL_ADC_PollForConversion
 .text.HAL_ADC_GetValue
                0x0000000008001c54        0x6 build/stm32f4xx_hal_adc.o
                0x0000000008001c54                HAL_ADC_GetValue
 *fill*         0x0000000008001c5a        0x2 
 .text.HAL_ADC_ConfigChannel
                0x0000000008001c5c      0x190 build/stm32f4xx_hal_adc.o
                0x0000000008001c5c                HAL_ADC_ConfigChannel
 .text.HAL_RCC_OscConfig
                0x0000000008001dec      0x3f8 build/stm32f4xx_hal_rcc.o
                0x0000000008001dec                HAL_RCC_OscConfig
 .text.HAL_RCC_GetSysClockFreq
                0x00000000080021e4       0xcc build/stm32f4xx_hal_rcc.o
                0x00000000080021e4                HAL_RCC_GetSysClockFreq
 .text.HAL_RCC_ClockConfig
                0x00000000080022b0      0x160 build/stm32f4xx_hal_rcc.o
                0x00000000080022b0                HAL_RCC_ClockConfig
 .text.HAL_RCC_GetHCLKFreq
                0x0000000008002410        0xc build/stm32f4xx_hal_rcc.o
                0x0000000008002410                HAL_RCC_GetHCLKFreq
 .text.HAL_RCC_GetPCLK1Freq
                0x000000000800241c       0x20 build/stm32f4xx_hal_rcc.o
                0x000000000800241c                HAL_RCC_GetPCLK1Freq
 .text.HAL_RCC_GetPCLK2Freq
                0x000000000800243c       0x20 build/stm32f4xx_hal_rcc.o
                0x000000000800243c                HAL_RCC_GetPCLK2Freq
 .text.HAL_GPIO_Init
                0x000000000800245c      0x1d4 build/stm32f4xx_hal_gpio.o
                0x000000000800245c                HAL_GPIO_Init
 .text.HAL_GPIO_WritePin
                0x0000000008002630        0xc build/stm32f4xx_hal_gpio.o
                0x0000000008002630                HAL_GPIO_WritePin
 .text.HAL_GPIO_TogglePin
                0x000000000800263c       0x12 build/stm32f4xx_hal_gpio.o
                0x000000000800263c                HAL_GPIO_TogglePin
 .text.HAL_GPIO_EXTI_Callback
                0x000000000800264e        0x2 build/stm32f4xx_hal_gpio.o
                0x000000000800264e                HAL_GPIO_EXTI_Callback
 .text.HAL_GPIO_EXTI_IRQHandler
                0x0000000008002650       0x1c build/stm32f4xx_hal_gpio.o
                0x0000000008002650                HAL_GPIO_EXTI_IRQHandler
 .text.HAL_DMA_Abort
                0x000000000800266c       0x94 build/stm32f4xx_hal_dma.o
                0x000000000800266c                HAL_DMA_Abort
 .text.HAL_DMA_Abort_IT
                0x0000000008002700       0x26 build/stm32f4xx_hal_dma.o
                0x0000000008002700                HAL_DMA_Abort_IT
 *fill*         0x0000000008002726        0x2 
 .text.HAL_NVIC_SetPriorityGrouping
                0x0000000008002728       0x24 build/stm32f4xx_hal_cortex.o
                0x0000000008002728                HAL_NVIC_SetPriorityGrouping
 .text.HAL_NVIC_SetPriority
                0x000000000800274c       0x68 build/stm32f4xx_hal_cortex.o
                0x000000000800274c                HAL_NVIC_SetPriority
 .text.HAL_NVIC_EnableIRQ
                0x00000000080027b4       0x1c build/stm32f4xx_hal_cortex.o
                0x00000000080027b4                HAL_NVIC_EnableIRQ
 .text.HAL_SYSTICK_Config
                0x00000000080027d0       0x2c build/stm32f4xx_hal_cortex.o
                0x00000000080027d0                HAL_SYSTICK_Config
 .text.HAL_InitTick
                0x00000000080027fc       0x4c build/stm32f4xx_hal.o
                0x00000000080027fc                HAL_InitTick
 .text.HAL_Init
                0x0000000008002848       0x34 build/stm32f4xx_hal.o
                0x0000000008002848                HAL_Init
 .text.HAL_IncTick
                0x000000000800287c       0x18 build/stm32f4xx_hal.o
                0x000000000800287c                HAL_IncTick
 .text.HAL_GetTick
                0x0000000008002894        0xc build/stm32f4xx_hal.o
                0x0000000008002894                HAL_GetTick
 .text.HAL_Delay
                0x00000000080028a0       0x28 build/stm32f4xx_hal.o
                0x00000000080028a0                HAL_Delay
 .text.SPI_WaitFlagStateUntilTimeout
                0x00000000080028c8       0xd0 build/stm32f4xx_hal_spi.o
 .text.SPI_EndRxTxTransaction
                0x0000000008002998       0x68 build/stm32f4xx_hal_spi.o
 .text.HAL_SPI_Init
                0x0000000008002a00       0xbe build/stm32f4xx_hal_spi.o
                0x0000000008002a00                HAL_SPI_Init
 .text.HAL_SPI_Transmit
                0x0000000008002abe      0x1ae build/stm32f4xx_hal_spi.o
                0x0000000008002abe                HAL_SPI_Transmit
 .text.TIM_TI1_ConfigInputStage
                0x0000000008002c6c       0x24 build/stm32f4xx_hal_tim.o
 .text.TIM_TI2_ConfigInputStage
                0x0000000008002c90       0x26 build/stm32f4xx_hal_tim.o
 .text.TIM_ITRx_SetConfig
                0x0000000008002cb6       0x10 build/stm32f4xx_hal_tim.o
 *fill*         0x0000000008002cc6        0x2 
 .text.HAL_TIM_Base_Start_IT
                0x0000000008002cc8       0x88 build/stm32f4xx_hal_tim.o
                0x0000000008002cc8                HAL_TIM_Base_Start_IT
 .text.HAL_TIM_Base_Stop_IT
                0x0000000008002d50       0x32 build/stm32f4xx_hal_tim.o
                0x0000000008002d50                HAL_TIM_Base_Stop_IT
 .text.HAL_TIM_OC_DelayElapsedCallback
                0x0000000008002d82        0x2 build/stm32f4xx_hal_tim.o
                0x0000000008002d82                HAL_TIM_OC_DelayElapsedCallback
 .text.HAL_TIM_IC_CaptureCallback
                0x0000000008002d84        0x2 build/stm32f4xx_hal_tim.o
                0x0000000008002d84                HAL_TIM_IC_CaptureCallback
 .text.HAL_TIM_PWM_PulseFinishedCallback
                0x0000000008002d86        0x2 build/stm32f4xx_hal_tim.o
                0x0000000008002d86                HAL_TIM_PWM_PulseFinishedCallback
 .text.HAL_TIM_TriggerCallback
                0x0000000008002d88        0x2 build/stm32f4xx_hal_tim.o
                0x0000000008002d88                HAL_TIM_TriggerCallback
 .text.HAL_TIM_IRQHandler
                0x0000000008002d8a      0x17a build/stm32f4xx_hal_tim.o
                0x0000000008002d8a                HAL_TIM_IRQHandler
 .text.TIM_Base_SetConfig
                0x0000000008002f04       0xc8 build/stm32f4xx_hal_tim.o
                0x0000000008002f04                TIM_Base_SetConfig
 .text.HAL_TIM_Base_Init
                0x0000000008002fcc       0x58 build/stm32f4xx_hal_tim.o
                0x0000000008002fcc                HAL_TIM_Base_Init
 .text.TIM_ETR_SetConfig
                0x0000000008003024       0x18 build/stm32f4xx_hal_tim.o
                0x0000000008003024                TIM_ETR_SetConfig
 .text.HAL_TIM_ConfigClockSource
                0x000000000800303c       0xfe build/stm32f4xx_hal_tim.o
                0x000000000800303c                HAL_TIM_ConfigClockSource
 *fill*         0x000000000800313a        0x2 
 .text.HAL_TIMEx_MasterConfigSynchronization
                0x000000000800313c       0x88 build/stm32f4xx_hal_tim_ex.o
                0x000000000800313c                HAL_TIMEx_MasterConfigSynchronization
 .text.HAL_TIMEx_CommutCallback
                0x00000000080031c4        0x2 build/stm32f4xx_hal_tim_ex.o
                0x00000000080031c4                HAL_TIMEx_CommutCallback
 .text.HAL_TIMEx_BreakCallback
                0x00000000080031c6        0x2 build/stm32f4xx_hal_tim_ex.o
                0x00000000080031c6                HAL_TIMEx_BreakCallback
 .text.UART_EndRxTransfer
                0x00000000080031c8       0x5c build/stm32f4xx_hal_uart.o
 .text.UART_Transmit_IT
                0x0000000008003224       0x60 build/stm32f4xx_hal_uart.o
 .text.UART_SetConfig
                0x0000000008003284      0x11c build/stm32f4xx_hal_uart.o
 .text.HAL_UART_Init
                0x00000000080033a0       0x5e build/stm32f4xx_hal_uart.o
                0x00000000080033a0                HAL_UART_Init
 .text.HAL_UART_Transmit_IT
                0x00000000080033fe       0x48 build/stm32f4xx_hal_uart.o
                0x00000000080033fe                HAL_UART_Transmit_IT
 .text.UART_EndTransmit_IT
                0x0000000008003446       0x1a build/stm32f4xx_hal_uart.o
 .text.HAL_UART_ErrorCallback
                0x0000000008003460        0x2 build/stm32f4xx_hal_uart.o
                0x0000000008003460                HAL_UART_ErrorCallback
 .text.UART_DMAAbortOnError
                0x0000000008003462       0x10 build/stm32f4xx_hal_uart.o
 .text.HAL_UART_AbortTransmitCpltCallback
                0x0000000008003472        0x2 build/stm32f4xx_hal_uart.o
                0x0000000008003472                HAL_UART_AbortTransmitCpltCallback
 .text.HAL_UART_AbortTransmit_IT
                0x0000000008003474       0x80 build/stm32f4xx_hal_uart.o
                0x0000000008003474                HAL_UART_AbortTransmit_IT
 .text.UART_DMATxOnlyAbortCallback
                0x00000000080034f4       0x14 build/stm32f4xx_hal_uart.o
 .text.HAL_UART_AbortReceiveCpltCallback
                0x0000000008003508        0x2 build/stm32f4xx_hal_uart.o
                0x0000000008003508                HAL_UART_AbortReceiveCpltCallback
 *fill*         0x000000000800350a        0x2 
 .text.HAL_UART_AbortReceive_IT
                0x000000000800350c       0xbc build/stm32f4xx_hal_uart.o
                0x000000000800350c                HAL_UART_AbortReceive_IT
 .text.UART_DMARxOnlyAbortCallback
                0x00000000080035c8       0x16 build/stm32f4xx_hal_uart.o
 .text.HAL_UARTEx_RxEventCallback
                0x00000000080035de        0x2 build/stm32f4xx_hal_uart.o
                0x00000000080035de                HAL_UARTEx_RxEventCallback
 .text.UART_Receive_IT
                0x00000000080035e0       0xe2 build/stm32f4xx_hal_uart.o
 *fill*         0x00000000080036c2        0x2 
 .text.HAL_UART_IRQHandler
                0x00000000080036c4      0x280 build/stm32f4xx_hal_uart.o
                0x00000000080036c4                HAL_UART_IRQHandler
 .text.UART_Start_Receive_IT
                0x0000000008003944       0x36 build/stm32f4xx_hal_uart.o
                0x0000000008003944                UART_Start_Receive_IT
 .text.HAL_UART_Receive_IT
                0x000000000800397a       0x38 build/stm32f4xx_hal_uart.o
                0x000000000800397a                HAL_UART_Receive_IT
 *fill*         0x00000000080039b2        0x2 
 .text.SystemInit
                0x00000000080039b4       0x14 build/system_stm32f4xx.o
                0x00000000080039b4                SystemInit
 .text.eMBFuncReadCoils
                0x00000000080039c8       0x74 build/mbfunccoils.o
                0x00000000080039c8                eMBFuncReadCoils
 .text.eMBFuncWriteCoil
                0x0000000008003a3c       0x60 build/mbfunccoils.o
                0x0000000008003a3c                eMBFuncWriteCoil
 .text.eMBFuncWriteMultipleCoils
                0x0000000008003a9c       0x64 build/mbfunccoils.o
                0x0000000008003a9c                eMBFuncWriteMultipleCoils
 .text.eMBFuncReadDiscreteInputs
                0x0000000008003b00       0x72 build/mbfuncdisc.o
                0x0000000008003b00                eMBFuncReadDiscreteInputs
 .text.eMBFuncWriteHoldingRegister
                0x0000000008003b72       0x2c build/mbfuncholding.o
                0x0000000008003b72                eMBFuncWriteHoldingRegister
 .text.eMBFuncWriteMultipleHoldingRegister
                0x0000000008003b9e       0x52 build/mbfuncholding.o
                0x0000000008003b9e                eMBFuncWriteMultipleHoldingRegister
 .text.eMBFuncReadHoldingRegister
                0x0000000008003bf0       0x64 build/mbfuncholding.o
                0x0000000008003bf0                eMBFuncReadHoldingRegister
 .text.eMBFuncReadWriteMultipleHoldingRegister
                0x0000000008003c54       0xa4 build/mbfuncholding.o
                0x0000000008003c54                eMBFuncReadWriteMultipleHoldingRegister
 .text.eMBFuncReadInputRegister
                0x0000000008003cf8       0x64 build/mbfuncinput.o
                0x0000000008003cf8                eMBFuncReadInputRegister
 .text.eMBFuncReportSlaveID
                0x0000000008003d5c       0x24 build/mbfuncother.o
                0x0000000008003d5c                eMBFuncReportSlaveID
 .text.xMBUtilSetBits
                0x0000000008003d80       0x40 build/mbutils.o
                0x0000000008003d80                xMBUtilSetBits
 .text.xMBUtilGetBits
                0x0000000008003dc0       0x28 build/mbutils.o
                0x0000000008003dc0                xMBUtilGetBits
 .text.prveMBError2Exception
                0x0000000008003de8       0x18 build/mbutils.o
                0x0000000008003de8                prveMBError2Exception
 .text.xMBPortEventInit
                0x0000000008003e00       0x10 build/portevent.o
                0x0000000008003e00                xMBPortEventInit
 .text.xMBPortEventPost
                0x0000000008003e10       0x18 build/portevent.o
                0x0000000008003e10                xMBPortEventPost
 .text.xMBPortEventGet
                0x0000000008003e28       0x20 build/portevent.o
                0x0000000008003e28                xMBPortEventGet
 .text.xMBPortSerialInit
                0x0000000008003e48        0xc build/portserial.o
                0x0000000008003e48                xMBPortSerialInit
 .text.vMBPortSerialEnable
                0x0000000008003e54       0x3c build/portserial.o
                0x0000000008003e54                vMBPortSerialEnable
 .text.xMBPortSerialPutBytes
                0x0000000008003e90       0x18 build/portserial.o
                0x0000000008003e90                xMBPortSerialPutBytes
 .text.xMBPortSerialGetByte
                0x0000000008003ea8       0x10 build/portserial.o
                0x0000000008003ea8                xMBPortSerialGetByte
 .text.HAL_UART_RxCpltCallback
                0x0000000008003eb8       0x30 build/portserial.o
                0x0000000008003eb8                HAL_UART_RxCpltCallback
 .text.HAL_UART_TxCpltCallback
                0x0000000008003ee8       0x20 build/portserial.o
                0x0000000008003ee8                HAL_UART_TxCpltCallback
 .text.xMBPortTimersInit
                0x0000000008003f08       0x14 build/porttimer.o
                0x0000000008003f08                xMBPortTimersInit
 .text.vMBPortTimersEnable
                0x0000000008003f1c       0x1c build/porttimer.o
                0x0000000008003f1c                vMBPortTimersEnable
 .text.vMBPortTimersDisable
                0x0000000008003f38       0x10 build/porttimer.o
                0x0000000008003f38                vMBPortTimersDisable
 .text.HAL_TIM_PeriodElapsedCallback
                0x0000000008003f48       0x38 build/porttimer.o
                0x0000000008003f48                HAL_TIM_PeriodElapsedCallback
 .text.__critical_enter
                0x0000000008003f80       0x10 build/portcritical.o
                0x0000000008003f80                __critical_enter
 .text.__critical_exit
                0x0000000008003f90       0x14 build/portcritical.o
                0x0000000008003f90                __critical_exit
 .text.usMBCRC16
                0x0000000008003fa4       0x30 build/mbcrc.o
                0x0000000008003fa4                usMBCRC16
 .text.eMBRTUInit
                0x0000000008003fd4       0x50 build/mbrtu.o
                0x0000000008003fd4                eMBRTUInit
 .text.eMBRTUStart
                0x0000000008004024       0x20 build/mbrtu.o
                0x0000000008004024                eMBRTUStart
 .text.eMBRTUStop
                0x0000000008004044       0x18 build/mbrtu.o
                0x0000000008004044                eMBRTUStop
 .text.eMBRTUReceive
                0x000000000800405c       0x54 build/mbrtu.o
                0x000000000800405c                eMBRTUReceive
 .text.eMBRTUSend
                0x00000000080040b0       0x94 build/mbrtu.o
                0x00000000080040b0                eMBRTUSend
 .text.xMBRTUReceiveFSM
                0x0000000008004144       0x8c build/mbrtu.o
                0x0000000008004144                xMBRTUReceiveFSM
 .text.xMBRTUTransmitFSM
                0x00000000080041d0       0x60 build/mbrtu.o
                0x00000000080041d0                xMBRTUTransmitFSM
 .text.xMBRTUTimerT35Expired
                0x0000000008004230       0x38 build/mbrtu.o
                0x0000000008004230                xMBRTUTimerT35Expired
 .text.eMBInit  0x0000000008004268       0xb4 build/mb.o
                0x0000000008004268                eMBInit
 .text.eMBEnable
                0x000000000800431c       0x24 build/mb.o
                0x000000000800431c                eMBEnable
 .text.eMBPoll  0x0000000008004340      0x100 build/mb.o
                0x0000000008004340                eMBPoll
 .text.eMBRegInputCB
                0x0000000008004440       0x48 build/user_mb_app.o
                0x0000000008004440                eMBRegInputCB
 .text.eMBRegHoldingCB
                0x0000000008004488       0x7c build/user_mb_app.o
                0x0000000008004488                eMBRegHoldingCB
 .text.eMBRegCoilsCB
                0x0000000008004504       0xbc build/user_mb_app.o
                0x0000000008004504                eMBRegCoilsCB
 .text.eMBRegDiscreteCB
                0x00000000080045c0       0x70 build/user_mb_app.o
                0x00000000080045c0                eMBRegDiscreteCB
 .text.dataTransmit
                0x0000000008004630       0x2c build/ReceiveTransmit.o
                0x0000000008004630                dataTransmit
 .text.ST7735_Select
                0x000000000800465c       0x14 build/st7735.o
 .text.ST7735_Reset
                0x0000000008004670       0x24 build/st7735.o
 .text.ST7735_WriteCommand
                0x0000000008004694       0x30 build/st7735.o
 .text.ST7735_WriteData
                0x00000000080046c4       0x28 build/st7735.o
 .text.ST7735_ExecuteCommandList
                0x00000000080046ec       0x4c build/st7735.o
 .text.ST7735_SetAddressWindow
                0x0000000008004738       0x58 build/st7735.o
 .text.ST7735_WriteChar
                0x0000000008004790       0x96 build/st7735.o
 *fill*         0x0000000008004826        0x2 
 .text.ST7735_Unselect
                0x0000000008004828       0x14 build/st7735.o
                0x0000000008004828                ST7735_Unselect
 .text.ST7735_Init
                0x000000000800483c       0x30 build/st7735.o
                0x000000000800483c                ST7735_Init
 .text.ST7735_DrawPixel
                0x000000000800486c       0x44 build/st7735.o
                0x000000000800486c                ST7735_DrawPixel
 .text.ST7735_WriteString
                0x00000000080048b0       0x72 build/st7735.o
                0x00000000080048b0                ST7735_WriteString
 *fill*         0x0000000008004922        0x2 
 .text.ST7735_FillRectangle
                0x0000000008004924       0x98 build/st7735.o
                0x0000000008004924                ST7735_FillRectangle
 .text.ST7735_FillScreen
                0x00000000080049bc       0x18 build/st7735.o
                0x00000000080049bc                ST7735_FillScreen
 .text.ST7735_FilledRectangle
                0x00000000080049d4       0x38 build/st7735.o
                0x00000000080049d4                ST7735_FilledRectangle
 *fill*         0x0000000008004a0c        0x4 
 .text.ST7735_Charger_v1
                0x0000000008004a10      0x254 build/st7735.o
                0x0000000008004a10                ST7735_Charger_v1
 *fill*         0x0000000008004c64        0x4 
 .text.ST7735_Sinus
                0x0000000008004c68       0x98 build/st7735.o
                0x0000000008004c68                ST7735_Sinus
 .text.Reset_Handler
                0x0000000008004d00       0x50 build/startup_stm32f407xx.o
                0x0000000008004d00                Reset_Handler
 .text.Default_Handler
                0x0000000008004d50        0x2 build/startup_stm32f407xx.o
                0x0000000008004d50                RTC_Alarm_IRQHandler
                0x0000000008004d50                HASH_RNG_IRQHandler
                0x0000000008004d50                EXTI2_IRQHandler
                0x0000000008004d50                TIM8_CC_IRQHandler
                0x0000000008004d50                TIM1_CC_IRQHandler
                0x0000000008004d50                DMA2_Stream5_IRQHandler
                0x0000000008004d50                DMA1_Stream5_IRQHandler
                0x0000000008004d50                PVD_IRQHandler
                0x0000000008004d50                SDIO_IRQHandler
                0x0000000008004d50                TAMP_STAMP_IRQHandler
                0x0000000008004d50                CAN2_RX1_IRQHandler
                0x0000000008004d50                EXTI3_IRQHandler
                0x0000000008004d50                TIM8_TRG_COM_TIM14_IRQHandler
                0x0000000008004d50                TIM1_UP_TIM10_IRQHandler
                0x0000000008004d50                TIM8_UP_TIM13_IRQHandler
                0x0000000008004d50                I2C3_ER_IRQHandler
                0x0000000008004d50                I2C2_EV_IRQHandler
                0x0000000008004d50                DMA1_Stream2_IRQHandler
                0x0000000008004d50                CAN1_RX0_IRQHandler
                0x0000000008004d50                FPU_IRQHandler
                0x0000000008004d50                OTG_HS_WKUP_IRQHandler
                0x0000000008004d50                CAN2_SCE_IRQHandler
                0x0000000008004d50                DMA2_Stream2_IRQHandler
                0x0000000008004d50                SPI1_IRQHandler
                0x0000000008004d50                TIM6_DAC_IRQHandler
                0x0000000008004d50                TIM1_BRK_TIM9_IRQHandler
                0x0000000008004d50                DCMI_IRQHandler
                0x0000000008004d50                CAN2_RX0_IRQHandler
                0x0000000008004d50                DMA2_Stream3_IRQHandler
                0x0000000008004d50                USART6_IRQHandler
                0x0000000008004d50                USART3_IRQHandler
                0x0000000008004d50                CAN1_RX1_IRQHandler
                0x0000000008004d50                UART5_IRQHandler
                0x0000000008004d50                DMA2_Stream0_IRQHandler
                0x0000000008004d50                I2C1_EV_IRQHandler
                0x0000000008004d50                DMA1_Stream6_IRQHandler
                0x0000000008004d50                DMA1_Stream1_IRQHandler
                0x0000000008004d50                UART4_IRQHandler
                0x0000000008004d50                RCC_IRQHandler
                0x0000000008004d50                TIM8_BRK_TIM12_IRQHandler
                0x0000000008004d50                Default_Handler
                0x0000000008004d50                EXTI15_10_IRQHandler
                0x0000000008004d50                ADC_IRQHandler
                0x0000000008004d50                DMA1_Stream7_IRQHandler
                0x0000000008004d50                TIM7_IRQHandler
                0x0000000008004d50                CAN2_TX_IRQHandler
                0x0000000008004d50                TIM5_IRQHandler
                0x0000000008004d50                DMA2_Stream7_IRQHandler
                0x0000000008004d50                I2C3_EV_IRQHandler
                0x0000000008004d50                EXTI9_5_IRQHandler
                0x0000000008004d50                RTC_WKUP_IRQHandler
                0x0000000008004d50                ETH_WKUP_IRQHandler
                0x0000000008004d50                SPI2_IRQHandler
                0x0000000008004d50                OTG_HS_EP1_IN_IRQHandler
                0x0000000008004d50                DMA1_Stream0_IRQHandler
                0x0000000008004d50                CAN1_TX_IRQHandler
                0x0000000008004d50                EXTI4_IRQHandler
                0x0000000008004d50                FSMC_IRQHandler
                0x0000000008004d50                ETH_IRQHandler
                0x0000000008004d50                OTG_HS_EP1_OUT_IRQHandler
                0x0000000008004d50                WWDG_IRQHandler
                0x0000000008004d50                OTG_FS_WKUP_IRQHandler
                0x0000000008004d50                TIM1_TRG_COM_TIM11_IRQHandler
                0x0000000008004d50                OTG_HS_IRQHandler
                0x0000000008004d50                EXTI1_IRQHandler
                0x0000000008004d50                I2C2_ER_IRQHandler
                0x0000000008004d50                DMA2_Stream1_IRQHandler
                0x0000000008004d50                CAN1_SCE_IRQHandler
                0x0000000008004d50                FLASH_IRQHandler
                0x0000000008004d50                DMA2_Stream4_IRQHandler
                0x0000000008004d50                USART1_IRQHandler
                0x0000000008004d50                OTG_FS_IRQHandler
                0x0000000008004d50                SPI3_IRQHandler
                0x0000000008004d50                DMA1_Stream4_IRQHandler
                0x0000000008004d50                I2C1_ER_IRQHandler
                0x0000000008004d50                DMA2_Stream6_IRQHandler
                0x0000000008004d50                DMA1_Stream3_IRQHandler
 *fill*         0x0000000008004d52        0x2 
 .text.__libc_init_array
                0x0000000008004d54       0x48 c:/vscodeproject/software/arm_gcc/bin/../lib/gcc/arm-none-eabi/9.2.1/../../../../arm-none-eabi/lib/thumb/v7e-m+fp/hard\libc_nano.a(lib_a-init.o)
                0x0000000008004d54                __libc_init_array
 .text.memcpy   0x0000000008004d9c       0x1c c:/vscodeproject/software/arm_gcc/bin/../lib/gcc/arm-none-eabi/9.2.1/../../../../arm-none-eabi/lib/thumb/v7e-m+fp/hard\libc_nano.a(lib_a-memcpy-stub.o)
                0x0000000008004d9c                memcpy
 .text.memset   0x0000000008004db8       0x10 c:/vscodeproject/software/arm_gcc/bin/../lib/gcc/arm-none-eabi/9.2.1/../../../../arm-none-eabi/lib/thumb/v7e-m+fp/hard\libc_nano.a(lib_a-memset.o)
                0x0000000008004db8                memset
 .text.sprintf  0x0000000008004dc8       0x40 c:/vscodeproject/software/arm_gcc/bin/../lib/gcc/arm-none-eabi/9.2.1/../../../../arm-none-eabi/lib/thumb/v7e-m+fp/hard\libc_nano.a(lib_a-sprintf.o)
                0x0000000008004dc8                siprintf
                0x0000000008004dc8                sprintf
 .text.__ssputs_r
                0x0000000008004e08       0xb6 c:/vscodeproject/software/arm_gcc/bin/../lib/gcc/arm-none-eabi/9.2.1/../../../../arm-none-eabi/lib/thumb/v7e-m+fp/hard\libc_nano.a(lib_a-nano-svfprintf.o)
                0x0000000008004e08                __ssputs_r
 *fill*         0x0000000008004ebe        0x2 
 .text._svfprintf_r
                0x0000000008004ec0      0x200 c:/vscodeproject/software/arm_gcc/bin/../lib/gcc/arm-none-eabi/9.2.1/../../../../arm-none-eabi/lib/thumb/v7e-m+fp/hard\libc_nano.a(lib_a-nano-svfprintf.o)
                0x0000000008004ec0                _svfiprintf_r
                0x0000000008004ec0                _svfprintf_r
 .text._printf_common
                0x00000000080050c0       0xda c:/vscodeproject/software/arm_gcc/bin/../lib/gcc/arm-none-eabi/9.2.1/../../../../arm-none-eabi/lib/thumb/v7e-m+fp/hard\libc_nano.a(lib_a-nano-vfprintf_i.o)
                0x00000000080050c0                _printf_common
 *fill*         0x000000000800519a        0x2 
 .text._printf_i
                0x000000000800519c      0x24c c:/vscodeproject/software/arm_gcc/bin/../lib/gcc/arm-none-eabi/9.2.1/../../../../arm-none-eabi/lib/thumb/v7e-m+fp/hard\libc_nano.a(lib_a-nano-vfprintf_i.o)
                0x000000000800519c                _printf_i
 .text.memmove  0x00000000080053e8       0x34 c:/vscodeproject/software/arm_gcc/bin/../lib/gcc/arm-none-eabi/9.2.1/../../../../arm-none-eabi/lib/thumb/v7e-m+fp/hard\libc_nano.a(lib_a-memmove.o)
                0x00000000080053e8                memmove
 .text._free_r  0x000000000800541c       0xa0 c:/vscodeproject/software/arm_gcc/bin/../lib/gcc/arm-none-eabi/9.2.1/../../../../arm-none-eabi/lib/thumb/v7e-m+fp/hard\libc_nano.a(lib_a-nano-freer.o)
                0x000000000800541c                _free_r
 .text._malloc_r
                0x00000000080054bc       0xb4 c:/vscodeproject/software/arm_gcc/bin/../lib/gcc/arm-none-eabi/9.2.1/../../../../arm-none-eabi/lib/thumb/v7e-m+fp/hard\libc_nano.a(lib_a-nano-mallocr.o)
                0x00000000080054bc                _malloc_r
 .text._realloc_r
                0x0000000008005570       0x4c c:/vscodeproject/software/arm_gcc/bin/../lib/gcc/arm-none-eabi/9.2.1/../../../../arm-none-eabi/lib/thumb/v7e-m+fp/hard\libc_nano.a(lib_a-nano-reallocr.o)
                0x0000000008005570                _realloc_r
 .text._sbrk_r  0x00000000080055bc       0x20 c:/vscodeproject/software/arm_gcc/bin/../lib/gcc/arm-none-eabi/9.2.1/../../../../arm-none-eabi/lib/thumb/v7e-m+fp/hard\libc_nano.a(lib_a-sbrkr.o)
                0x00000000080055bc                _sbrk_r
 .text.__malloc_lock
                0x00000000080055dc        0xc c:/vscodeproject/software/arm_gcc/bin/../lib/gcc/arm-none-eabi/9.2.1/../../../../arm-none-eabi/lib/thumb/v7e-m+fp/hard\libc_nano.a(lib_a-mlock.o)
                0x00000000080055dc                __malloc_lock
 .text.__malloc_unlock
                0x00000000080055e8        0xc c:/vscodeproject/software/arm_gcc/bin/../lib/gcc/arm-none-eabi/9.2.1/../../../../arm-none-eabi/lib/thumb/v7e-m+fp/hard\libc_nano.a(lib_a-mlock.o)
                0x00000000080055e8                __malloc_unlock
 .text._malloc_usable_size_r
                0x00000000080055f4       0x10 c:/vscodeproject/software/arm_gcc/bin/../lib/gcc/arm-none-eabi/9.2.1/../../../../arm-none-eabi/lib/thumb/v7e-m+fp/hard\libc_nano.a(lib_a-nano-msizer.o)
                0x00000000080055f4                _malloc_usable_size_r
 .text.__retarget_lock_acquire_recursive
                0x0000000008005604        0x2 c:/vscodeproject/software/arm_gcc/bin/../lib/gcc/arm-none-eabi/9.2.1/../../../../arm-none-eabi/lib/thumb/v7e-m+fp/hard\libc_nano.a(lib_a-lock.o)
                0x0000000008005604                __retarget_lock_acquire_recursive
 .text.__retarget_lock_release_recursive
                0x0000000008005606        0x2 c:/vscodeproject/software/arm_gcc/bin/../lib/gcc/arm-none-eabi/9.2.1/../../../../arm-none-eabi/lib/thumb/v7e-m+fp/hard\libc_nano.a(lib_a-lock.o)
                0x0000000008005606                __retarget_lock_release_recursive
 .text.sin      0x0000000008005608       0xb0 c:/vscodeproject/software/arm_gcc/bin/../lib/gcc/arm-none-eabi/9.2.1/../../../../arm-none-eabi/lib/thumb/v7e-m+fp/hard\libm.a(lib_a-s_sin.o)
                0x0000000008005608                sin
 .text.__ieee754_rem_pio2
                0x00000000080056b8      0x46c c:/vscodeproject/software/arm_gcc/bin/../lib/gcc/arm-none-eabi/9.2.1/../../../../arm-none-eabi/lib/thumb/v7e-m+fp/hard\libm.a(lib_a-e_rem_pio2.o)
                0x00000000080056b8                __ieee754_rem_pio2
 *fill*         0x0000000008005b24        0x4 
 .text.__kernel_cos
                0x0000000008005b28      0x27c c:/vscodeproject/software/arm_gcc/bin/../lib/gcc/arm-none-eabi/9.2.1/../../../../arm-none-eabi/lib/thumb/v7e-m+fp/hard\libm.a(lib_a-k_cos.o)
                0x0000000008005b28                __kernel_cos
 *fill*         0x0000000008005da4        0x4 
 .text.__kernel_rem_pio2
                0x0000000008005da8      0x850 c:/vscodeproject/software/arm_gcc/bin/../lib/gcc/arm-none-eabi/9.2.1/../../../../arm-none-eabi/lib/thumb/v7e-m+fp/hard\libm.a(lib_a-k_rem_pio2.o)
                0x0000000008005da8                __kernel_rem_pio2
 .text.__kernel_sin
                0x00000000080065f8      0x17c c:/vscodeproject/software/arm_gcc/bin/../lib/gcc/arm-none-eabi/9.2.1/../../../../arm-none-eabi/lib/thumb/v7e-m+fp/hard\libm.a(lib_a-k_sin.o)
                0x00000000080065f8                __kernel_sin
 .text.fabs     0x0000000008006774       0x14 c:/vscodeproject/software/arm_gcc/bin/../lib/gcc/arm-none-eabi/9.2.1/../../../../arm-none-eabi/lib/thumb/v7e-m+fp/hard\libm.a(lib_a-s_fabs.o)
                0x0000000008006774                fabs
 .text.floor    0x0000000008006788      0x108 c:/vscodeproject/software/arm_gcc/bin/../lib/gcc/arm-none-eabi/9.2.1/../../../../arm-none-eabi/lib/thumb/v7e-m+fp/hard\libm.a(lib_a-s_floor.o)
                0x0000000008006788                floor
 .text.scalbn   0x0000000008006890      0x124 c:/vscodeproject/software/arm_gcc/bin/../lib/gcc/arm-none-eabi/9.2.1/../../../../arm-none-eabi/lib/thumb/v7e-m+fp/hard\libm.a(lib_a-s_scalbn.o)
                0x0000000008006890                scalbn
 .text._sbrk    0x00000000080069b4       0x1c c:/vscodeproject/software/arm_gcc/bin/../lib/gcc/arm-none-eabi/9.2.1/../../../../arm-none-eabi/lib/thumb/v7e-m+fp/hard\libnosys.a(sbrk.o)
                0x00000000080069b4                _sbrk
 .text.__udivmoddi4
                0x00000000080069d0      0x2c4 c:/vscodeproject/software/arm_gcc/bin/../lib/gcc/arm-none-eabi/9.2.1/thumb/v7e-m+fp/hard\libgcc.a(_udivmoddi4.o)
                0x00000000080069d0                __udivmoddi4
 *(.glue_7)
 .glue_7        0x0000000008006c94        0x0 linker stubs
 *(.glue_7t)
 .glue_7t       0x0000000008006c94        0x0 linker stubs
 *(.eh_frame)
 .eh_frame      0x0000000008006c94        0x0 c:/vscodeproject/software/arm_gcc/bin/../lib/gcc/arm-none-eabi/9.2.1/thumb/v7e-m+fp/hard/crtbegin.o
 *(.init)
 .init          0x0000000008006c94        0x4 c:/vscodeproject/software/arm_gcc/bin/../lib/gcc/arm-none-eabi/9.2.1/thumb/v7e-m+fp/hard/crti.o
                0x0000000008006c94                _init
 .init          0x0000000008006c98        0x8 c:/vscodeproject/software/arm_gcc/bin/../lib/gcc/arm-none-eabi/9.2.1/thumb/v7e-m+fp/hard/crtn.o
 *(.fini)
 .fini          0x0000000008006ca0        0x4 c:/vscodeproject/software/arm_gcc/bin/../lib/gcc/arm-none-eabi/9.2.1/thumb/v7e-m+fp/hard/crti.o
                0x0000000008006ca0                _fini
 .fini          0x0000000008006ca4        0x8 c:/vscodeproject/software/arm_gcc/bin/../lib/gcc/arm-none-eabi/9.2.1/thumb/v7e-m+fp/hard/crtn.o
                0x0000000008006cac                . = ALIGN (0x4)
                0x0000000008006cac                _etext = .

.vfp11_veneer   0x0000000008006cac        0x0
 .vfp11_veneer  0x0000000008006cac        0x0 linker stubs

.v4_bx          0x0000000008006cac        0x0
 .v4_bx         0x0000000008006cac        0x0 linker stubs

.iplt           0x0000000008006cac        0x0
 .iplt          0x0000000008006cac        0x0 c:/vscodeproject/software/arm_gcc/bin/../lib/gcc/arm-none-eabi/9.2.1/thumb/v7e-m+fp/hard/crtbegin.o

.rodata         0x0000000008006cb0      0xc38
                0x0000000008006cb0                . = ALIGN (0x4)
 *(.rodata)
 *(.rodata*)
 .rodata.TIM2_IRQHandler.str1.4
                0x0000000008006cb0       0x1a build/stm32f4xx_it.o
 *fill*         0x0000000008006cca        0x2 
 .rodata.TIM3_IRQHandler.str1.4
                0x0000000008006ccc       0x13 build/stm32f4xx_it.o
 *fill*         0x0000000008006cdf        0x1 
 .rodata.AHBPrescTable
                0x0000000008006ce0       0x10 build/system_stm32f4xx.o
                0x0000000008006ce0                AHBPrescTable
 .rodata.APBPrescTable
                0x0000000008006cf0        0x8 build/system_stm32f4xx.o
                0x0000000008006cf0                APBPrescTable
 .rodata.aucCRCHi
                0x0000000008006cf8      0x100 build/mbcrc.o
 .rodata.aucCRCLo
                0x0000000008006df8      0x100 build/mbcrc.o
 .rodata.init_cmds1
                0x0000000008006ef8       0x3b build/st7735.o
 *fill*         0x0000000008006f33        0x1 
 .rodata.init_cmds2
                0x0000000008006f34        0xd build/st7735.o
 *fill*         0x0000000008006f41        0x3 
 .rodata.init_cmds3
                0x0000000008006f44       0x2b build/st7735.o
 *fill*         0x0000000008006f6f        0x1 
 .rodata.Font7x10
                0x0000000008006f70      0x76c build/fonts.o
 .rodata._svfprintf_r.str1.1
                0x00000000080076dc       0x11 c:/vscodeproject/software/arm_gcc/bin/../lib/gcc/arm-none-eabi/9.2.1/../../../../arm-none-eabi/lib/thumb/v7e-m+fp/hard\libc_nano.a(lib_a-nano-svfprintf.o)
 .rodata._printf_i.str1.1
                0x00000000080076ed       0x22 c:/vscodeproject/software/arm_gcc/bin/../lib/gcc/arm-none-eabi/9.2.1/../../../../arm-none-eabi/lib/thumb/v7e-m+fp/hard\libc_nano.a(lib_a-nano-vfprintf_i.o)
 *fill*         0x000000000800770f        0x1 
 .rodata.npio2_hw
                0x0000000008007710       0x80 c:/vscodeproject/software/arm_gcc/bin/../lib/gcc/arm-none-eabi/9.2.1/../../../../arm-none-eabi/lib/thumb/v7e-m+fp/hard\libm.a(lib_a-e_rem_pio2.o)
 .rodata.two_over_pi
                0x0000000008007790      0x108 c:/vscodeproject/software/arm_gcc/bin/../lib/gcc/arm-none-eabi/9.2.1/../../../../arm-none-eabi/lib/thumb/v7e-m+fp/hard\libm.a(lib_a-e_rem_pio2.o)
 .rodata.PIo2   0x0000000008007898       0x40 c:/vscodeproject/software/arm_gcc/bin/../lib/gcc/arm-none-eabi/9.2.1/../../../../arm-none-eabi/lib/thumb/v7e-m+fp/hard\libm.a(lib_a-k_rem_pio2.o)
 .rodata.init_jk
                0x00000000080078d8       0x10 c:/vscodeproject/software/arm_gcc/bin/../lib/gcc/arm-none-eabi/9.2.1/../../../../arm-none-eabi/lib/thumb/v7e-m+fp/hard\libm.a(lib_a-k_rem_pio2.o)
                0x00000000080078e8                . = ALIGN (0x4)

.ARM.extab
 *(.ARM.extab* .gnu.linkonce.armextab.*)

.ARM            0x00000000080078e8        0x8
                0x00000000080078e8                __exidx_start = .
 *(.ARM.exidx*)
 .ARM.exidx.text.__udivmoddi4
                0x00000000080078e8        0x8 c:/vscodeproject/software/arm_gcc/bin/../lib/gcc/arm-none-eabi/9.2.1/thumb/v7e-m+fp/hard\libgcc.a(_udivmoddi4.o)
                0x00000000080078f0                __exidx_end = .

.rel.dyn        0x00000000080078f0        0x0
 .rel.iplt      0x00000000080078f0        0x0 c:/vscodeproject/software/arm_gcc/bin/../lib/gcc/arm-none-eabi/9.2.1/thumb/v7e-m+fp/hard/crtbegin.o

.preinit_array  0x00000000080078f0        0x0
                0x00000000080078f0                PROVIDE (__preinit_array_start = .)
 *(.preinit_array*)
                0x00000000080078f0                PROVIDE (__preinit_array_end = .)

.init_array     0x00000000080078f0        0x4
                0x00000000080078f0                PROVIDE (__init_array_start = .)
 *(SORT_BY_NAME(.init_array.*))
 *(.init_array*)
 .init_array    0x00000000080078f0        0x4 c:/vscodeproject/software/arm_gcc/bin/../lib/gcc/arm-none-eabi/9.2.1/thumb/v7e-m+fp/hard/crtbegin.o
                0x00000000080078f4                PROVIDE (__init_array_end = .)

.fini_array     0x00000000080078f4        0x4
                [!provide]                        PROVIDE (__fini_array_start = .)
 *(SORT_BY_NAME(.fini_array.*))
 *(.fini_array*)
 .fini_array    0x00000000080078f4        0x4 c:/vscodeproject/software/arm_gcc/bin/../lib/gcc/arm-none-eabi/9.2.1/thumb/v7e-m+fp/hard/crtbegin.o
                [!provide]                        PROVIDE (__fini_array_end = .)
                0x00000000080078f8                _sidata = LOADADDR (.data)

.data           0x0000000020000000       0xfc load address 0x00000000080078f8
                0x0000000020000000                . = ALIGN (0x4)
                0x0000000020000000                _sdata = .
 *(.data)
 *(.data*)
 .data.uwTickFreq
                0x0000000020000000        0x1 build/stm32f4xx_hal.o
                0x0000000020000000                uwTickFreq
 *fill*         0x0000000020000001        0x3 
 .data.uwTickPrio
                0x0000000020000004        0x4 build/stm32f4xx_hal.o
                0x0000000020000004                uwTickPrio
 .data.SystemCoreClock
                0x0000000020000008        0x4 build/system_stm32f4xx.o
                0x0000000020000008                SystemCoreClock
 .data.eMBState
                0x000000002000000c        0x1 build/mb.o
 *fill*         0x000000002000000d        0x3 
 .data.xFuncHandlers
                0x0000000020000010       0x80 build/mb.o
 .data.Font_7x10
                0x0000000020000090        0x8 build/fonts.o
                0x0000000020000090                Font_7x10
 .data._impure_ptr
                0x0000000020000098        0x4 c:/vscodeproject/software/arm_gcc/bin/../lib/gcc/arm-none-eabi/9.2.1/../../../../arm-none-eabi/lib/thumb/v7e-m+fp/hard\libc_nano.a(lib_a-impure.o)
                0x0000000020000098                _impure_ptr
 .data.impure_data
                0x000000002000009c       0x60 c:/vscodeproject/software/arm_gcc/bin/../lib/gcc/arm-none-eabi/9.2.1/../../../../arm-none-eabi/lib/thumb/v7e-m+fp/hard\libc_nano.a(lib_a-impure.o)
                0x00000000200000fc                . = ALIGN (0x4)
                0x00000000200000fc                _edata = .
                0x00000000080079f4                _siccmram = LOADADDR (.ccmram)

.igot.plt       0x00000000200000fc        0x0 load address 0x00000000080079f4
 .igot.plt      0x00000000200000fc        0x0 c:/vscodeproject/software/arm_gcc/bin/../lib/gcc/arm-none-eabi/9.2.1/thumb/v7e-m+fp/hard/crtbegin.o

.ccmram         0x0000000010000000        0x0 load address 0x00000000080079f4
                0x0000000010000000                . = ALIGN (0x4)
                0x0000000010000000                _sccmram = .
 *(.ccmram)
 *(.ccmram*)
                0x0000000010000000                . = ALIGN (0x4)
                0x0000000010000000                _eccmram = .
                0x0000000010000000                . = ALIGN (0x4)

.bss            0x00000000200000fc      0x4dc
                0x00000000200000fc                _sbss = .
                0x00000000200000fc                __bss_start__ = _sbss
 *(.bss)
 *(.bss*)
 .bss.completed.10274
                0x00000000200000fc        0x1 c:/vscodeproject/software/arm_gcc/bin/../lib/gcc/arm-none-eabi/9.2.1/thumb/v7e-m+fp/hard/crtbegin.o
 *fill*         0x00000000200000fd        0x3 
 .bss.object.10279
                0x0000000020000100       0x18 c:/vscodeproject/software/arm_gcc/bin/../lib/gcc/arm-none-eabi/9.2.1/thumb/v7e-m+fp/hard/crtbegin.o
 .bss.ADC_IN8   0x0000000020000118       0x28 build/stm32f4xx_it.o
                0x0000000020000118                ADC_IN8
 .bss.ADC_temperatura
                0x0000000020000140       0x28 build/stm32f4xx_it.o
                0x0000000020000140                ADC_temperatura
 .bss.AverageADC
                0x0000000020000168        0x4 build/stm32f4xx_it.o
                0x0000000020000168                AverageADC
 .bss.AverageADC2_IN8
                0x000000002000016c        0x4 build/stm32f4xx_it.o
                0x000000002000016c                AverageADC2_IN8
 .bss.button    0x0000000020000170        0x4 build/stm32f4xx_it.o
                0x0000000020000170                button
 .bss.meanADC   0x0000000020000174        0x4 build/stm32f4xx_it.o
                0x0000000020000174                meanADC
 .bss.meanADC2_IN8
                0x0000000020000178        0x4 build/stm32f4xx_it.o
                0x0000000020000178                meanADC2_IN8
 .bss.voltageADC
                0x000000002000017c        0x4 build/stm32f4xx_it.o
                0x000000002000017c                voltageADC
 .bss.voltageADC2_IN8
                0x0000000020000180        0x4 build/stm32f4xx_it.o
                0x0000000020000180                voltageADC2_IN8
 .bss.ucMBSlaveID
                0x0000000020000184       0x20 build/mbfuncother.o
 .bss.usMBSlaveIDLen
                0x00000000200001a4        0x2 build/mbfuncother.o
 .bss.eQueuedEvent
                0x00000000200001a6        0x1 build/portevent.o
 .bss.xEventInQueue
                0x00000000200001a7        0x1 build/portevent.o
 .bss.singlechar
                0x00000000200001a8        0x1 build/portserial.o
 *fill*         0x00000000200001a9        0x1 
 .bss.counter   0x00000000200001aa        0x2 build/porttimer.o
                0x00000000200001aa                counter
 .bss.timeout   0x00000000200001ac        0x2 build/porttimer.o
 *fill*         0x00000000200001ae        0x2 
 .bss.lock_count
                0x00000000200001b0        0x4 build/portcritical.o
 .bss.eRcvState
                0x00000000200001b4        0x1 build/mbrtu.o
 .bss.eSndState
                0x00000000200001b5        0x1 build/mbrtu.o
 *fill*         0x00000000200001b6        0x2 
 .bss.pucSndBufferCur
                0x00000000200001b8        0x4 build/mbrtu.o
 .bss.usRcvBufferPos
                0x00000000200001bc        0x2 build/mbrtu.o
 .bss.usSndBufferCount
                0x00000000200001be        0x2 build/mbrtu.o
 .bss.eException.10901
                0x00000000200001c0        0x1 build/mb.o
 *fill*         0x00000000200001c1        0x3 
 .bss.peMBFrameReceiveCur
                0x00000000200001c4        0x4 build/mb.o
 .bss.peMBFrameSendCur
                0x00000000200001c8        0x4 build/mb.o
 .bss.pvMBFrameCloseCur
                0x00000000200001cc        0x4 build/mb.o
 .bss.pvMBFrameStartCur
                0x00000000200001d0        0x4 build/mb.o
 .bss.pvMBFrameStopCur
                0x00000000200001d4        0x4 build/mb.o
 .bss.ucFunctionCode.10899
                0x00000000200001d8        0x1 build/mb.o
 .bss.ucMBAddress
                0x00000000200001d9        0x1 build/mb.o
 *fill*         0x00000000200001da        0x2 
 .bss.ucMBFrame.10897
                0x00000000200001dc        0x4 build/mb.o
 .bss.ucRcvAddress.10898
                0x00000000200001e0        0x1 build/mb.o
 *fill*         0x00000000200001e1        0x1 
 .bss.usLength.10900
                0x00000000200001e2        0x2 build/mb.o
 .bss.usSCoilStart
                0x00000000200001e4        0x2 build/user_mb_app.o
                0x00000000200001e4                usSCoilStart
 .bss.usSDiscInStart
                0x00000000200001e6        0x2 build/user_mb_app.o
                0x00000000200001e6                usSDiscInStart
 .bss.usSRegHoldStart
                0x00000000200001e8        0x2 build/user_mb_app.o
                0x00000000200001e8                usSRegHoldStart
 .bss.usSRegInStart
                0x00000000200001ea        0x2 build/user_mb_app.o
                0x00000000200001ea                usSRegInStart
 .bss.tmpe      0x00000000200001ec        0x4 build/ReceiveTransmit.o
                0x00000000200001ec                tmpe
 .bss.__malloc_free_list
                0x00000000200001f0        0x4 c:/vscodeproject/software/arm_gcc/bin/../lib/gcc/arm-none-eabi/9.2.1/../../../../arm-none-eabi/lib/thumb/v7e-m+fp/hard\libc_nano.a(lib_a-nano-mallocr.o)
                0x00000000200001f0                __malloc_free_list
 .bss.__malloc_sbrk_start
                0x00000000200001f4        0x4 c:/vscodeproject/software/arm_gcc/bin/../lib/gcc/arm-none-eabi/9.2.1/../../../../arm-none-eabi/lib/thumb/v7e-m+fp/hard\libc_nano.a(lib_a-nano-mallocr.o)
                0x00000000200001f4                __malloc_sbrk_start
 .bss.heap_end.5507
                0x00000000200001f8        0x4 c:/vscodeproject/software/arm_gcc/bin/../lib/gcc/arm-none-eabi/9.2.1/../../../../arm-none-eabi/lib/thumb/v7e-m+fp/hard\libnosys.a(sbrk.o)
 *(COMMON)
 COMMON         0x00000000200001fc       0x90 build/adc.o
                0x00000000200001fc                hadc2
                0x0000000020000244                hadc1
 COMMON         0x000000002000028c       0xb0 build/spi.o
                0x000000002000028c                hspi2
                0x00000000200002e4                hspi1
 COMMON         0x000000002000033c       0xd8 build/tim.o
                0x000000002000033c                htim4
                0x0000000020000384                htim3
                0x00000000200003cc                htim2
 COMMON         0x0000000020000414       0x44 build/usart.o
                0x0000000020000414                huart2
 COMMON         0x0000000020000458       0x1a build/stm32f4xx_it.o
                0x0000000020000458                MassifADC
                0x0000000020000464                temp
                0x0000000020000468                MassifADC2_IN8
 *fill*         0x0000000020000472        0x2 
 COMMON         0x0000000020000474        0x4 build/stm32f4xx_hal.o
                0x0000000020000474                uwTick
 COMMON         0x0000000020000478        0x4 build/portserial.o
                0x0000000020000478                uart
 COMMON         0x000000002000047c        0x5 build/porttimer.o
                0x000000002000047c                tim
                0x0000000020000480                var
 *fill*         0x0000000020000481        0x3 
 COMMON         0x0000000020000484      0x100 build/mbrtu.o
                0x0000000020000484                ucRTUBuf
 COMMON         0x0000000020000584       0x14 build/mb.o
                0x0000000020000584                pxMBFrameCBTransmitterEmpty
                0x0000000020000588                pxMBPortCBTimerExpired
                0x000000002000058c                pxMBFrameCBByteReceived
                0x0000000020000590                pxMBFrameCBTransmitFSMCur
                0x0000000020000594                pxMBFrameCBReceiveFSMCur
 COMMON         0x0000000020000598       0x30 build/user_mb_app.o
                0x0000000020000598                ucSCoilBuf
                0x000000002000059c                ucSDiscInBuf
                0x00000000200005a0                usSRegHoldBuf
                0x00000000200005b4                usSRegInBuf
 COMMON         0x00000000200005c8        0x4 c:/vscodeproject/software/arm_gcc/bin/../lib/gcc/arm-none-eabi/9.2.1/../../../../arm-none-eabi/lib/thumb/v7e-m+fp/hard\libc_nano.a(lib_a-reent.o)
                0x00000000200005c8                errno
 COMMON         0x00000000200005cc        0x9 c:/vscodeproject/software/arm_gcc/bin/../lib/gcc/arm-none-eabi/9.2.1/../../../../arm-none-eabi/lib/thumb/v7e-m+fp/hard\libc_nano.a(lib_a-lock.o)
                0x00000000200005cc                __lock___atexit_recursive_mutex
                0x00000000200005cd                __lock___arc4random_mutex
                0x00000000200005ce                __lock___env_recursive_mutex
                0x00000000200005cf                __lock___sinit_recursive_mutex
                0x00000000200005d0                __lock___malloc_recursive_mutex
                0x00000000200005d1                __lock___at_quick_exit_mutex
                0x00000000200005d2                __lock___dd_hash_mutex
                0x00000000200005d3                __lock___tz_mutex
                0x00000000200005d4                __lock___sfp_recursive_mutex
                0x00000000200005d8                . = ALIGN (0x4)
 *fill*         0x00000000200005d5        0x3 
                0x00000000200005d8                _ebss = .
                0x00000000200005d8                __bss_end__ = _ebss

._user_heap_stack
                0x00000000200005d8      0x600
                0x00000000200005d8                . = ALIGN (0x8)
                0x00000000200005d8                PROVIDE (end = .)
                [!provide]                        PROVIDE (_end = .)
                0x00000000200007d8                . = (. + _Min_Heap_Size)
 *fill*         0x00000000200005d8      0x200 
                0x0000000020000bd8                . = (. + _Min_Stack_Size)
 *fill*         0x00000000200007d8      0x400 
                0x0000000020000bd8                . = ALIGN (0x8)

/DISCARD/
 libc.a(*)
 libm.a(*)
 libgcc.a(*)

.ARM.attributes
                0x0000000000000000       0x30
 *(.ARM.attributes)
 .ARM.attributes
                0x0000000000000000       0x1e c:/vscodeproject/software/arm_gcc/bin/../lib/gcc/arm-none-eabi/9.2.1/thumb/v7e-m+fp/hard/crti.o
 .ARM.attributes
                0x000000000000001e       0x34 c:/vscodeproject/software/arm_gcc/bin/../lib/gcc/arm-none-eabi/9.2.1/thumb/v7e-m+fp/hard/crtbegin.o
 .ARM.attributes
                0x0000000000000052       0x34 build/main.o
 .ARM.attributes
                0x0000000000000086       0x34 build/gpio.o
 .ARM.attributes
                0x00000000000000ba       0x34 build/adc.o
 .ARM.attributes
                0x00000000000000ee       0x34 build/spi.o
 .ARM.attributes
                0x0000000000000122       0x34 build/tim.o
 .ARM.attributes
                0x0000000000000156       0x34 build/usart.o
 .ARM.attributes
                0x000000000000018a       0x34 build/stm32f4xx_it.o
 .ARM.attributes
                0x00000000000001be       0x34 build/stm32f4xx_hal_msp.o
 .ARM.attributes
                0x00000000000001f2       0x34 build/stm32f4xx_hal_adc.o
 .ARM.attributes
                0x0000000000000226       0x34 build/stm32f4xx_hal_rcc.o
 .ARM.attributes
                0x000000000000025a       0x34 build/stm32f4xx_hal_gpio.o
 .ARM.attributes
                0x000000000000028e       0x34 build/stm32f4xx_hal_dma.o
 .ARM.attributes
                0x00000000000002c2       0x34 build/stm32f4xx_hal_cortex.o
 .ARM.attributes
                0x00000000000002f6       0x34 build/stm32f4xx_hal.o
 .ARM.attributes
                0x000000000000032a       0x34 build/stm32f4xx_hal_spi.o
 .ARM.attributes
                0x000000000000035e       0x34 build/stm32f4xx_hal_tim.o
 .ARM.attributes
                0x0000000000000392       0x34 build/stm32f4xx_hal_tim_ex.o
 .ARM.attributes
                0x00000000000003c6       0x34 build/stm32f4xx_hal_uart.o
 .ARM.attributes
                0x00000000000003fa       0x34 build/system_stm32f4xx.o
 .ARM.attributes
                0x000000000000042e       0x34 build/mbfunccoils.o
 .ARM.attributes
                0x0000000000000462       0x34 build/mbfuncdisc.o
 .ARM.attributes
                0x0000000000000496       0x34 build/mbfuncholding.o
 .ARM.attributes
                0x00000000000004ca       0x34 build/mbfuncinput.o
 .ARM.attributes
                0x00000000000004fe       0x34 build/mbfuncother.o
 .ARM.attributes
                0x0000000000000532       0x34 build/mbutils.o
 .ARM.attributes
                0x0000000000000566       0x34 build/portevent.o
 .ARM.attributes
                0x000000000000059a       0x34 build/portserial.o
 .ARM.attributes
                0x00000000000005ce       0x34 build/porttimer.o
 .ARM.attributes
                0x0000000000000602       0x34 build/portcritical.o
 .ARM.attributes
                0x0000000000000636       0x34 build/mbcrc.o
 .ARM.attributes
                0x000000000000066a       0x34 build/mbrtu.o
 .ARM.attributes
                0x000000000000069e       0x34 build/mb.o
 .ARM.attributes
                0x00000000000006d2       0x34 build/user_mb_app.o
 .ARM.attributes
                0x0000000000000706       0x34 build/ReceiveTransmit.o
 .ARM.attributes
                0x000000000000073a       0x34 build/st7735.o
 .ARM.attributes
                0x000000000000076e       0x39 build/fonts.o
 .ARM.attributes
                0x00000000000007a7       0x21 build/startup_stm32f407xx.o
 .ARM.attributes
                0x00000000000007c8       0x32 c:/vscodeproject/software/arm_gcc/bin/../lib/gcc/arm-none-eabi/9.2.1/../../../../arm-none-eabi/lib/thumb/v7e-m+fp/hard\libc_nano.a(lib_a-impure.o)
 .ARM.attributes
                0x00000000000007fa       0x34 c:/vscodeproject/software/arm_gcc/bin/../lib/gcc/arm-none-eabi/9.2.1/../../../../arm-none-eabi/lib/thumb/v7e-m+fp/hard\libc_nano.a(lib_a-init.o)
 .ARM.attributes
                0x000000000000082e       0x34 c:/vscodeproject/software/arm_gcc/bin/../lib/gcc/arm-none-eabi/9.2.1/../../../../arm-none-eabi/lib/thumb/v7e-m+fp/hard\libc_nano.a(lib_a-memcpy-stub.o)
 .ARM.attributes
                0x0000000000000862       0x34 c:/vscodeproject/software/arm_gcc/bin/../lib/gcc/arm-none-eabi/9.2.1/../../../../arm-none-eabi/lib/thumb/v7e-m+fp/hard\libc_nano.a(lib_a-memset.o)
 .ARM.attributes
                0x0000000000000896       0x34 c:/vscodeproject/software/arm_gcc/bin/../lib/gcc/arm-none-eabi/9.2.1/../../../../arm-none-eabi/lib/thumb/v7e-m+fp/hard\libc_nano.a(lib_a-sprintf.o)
 .ARM.attributes
                0x00000000000008ca       0x34 c:/vscodeproject/software/arm_gcc/bin/../lib/gcc/arm-none-eabi/9.2.1/../../../../arm-none-eabi/lib/thumb/v7e-m+fp/hard\libc_nano.a(lib_a-nano-svfprintf.o)
 .ARM.attributes
                0x00000000000008fe       0x34 c:/vscodeproject/software/arm_gcc/bin/../lib/gcc/arm-none-eabi/9.2.1/../../../../arm-none-eabi/lib/thumb/v7e-m+fp/hard\libc_nano.a(lib_a-nano-vfprintf_i.o)
 .ARM.attributes
                0x0000000000000932       0x1c c:/vscodeproject/software/arm_gcc/bin/../lib/gcc/arm-none-eabi/9.2.1/../../../../arm-none-eabi/lib/thumb/v7e-m+fp/hard\libc_nano.a(lib_a-memchr.o)
 .ARM.attributes
                0x000000000000094e       0x34 c:/vscodeproject/software/arm_gcc/bin/../lib/gcc/arm-none-eabi/9.2.1/../../../../arm-none-eabi/lib/thumb/v7e-m+fp/hard\libc_nano.a(lib_a-memmove.o)
 .ARM.attributes
                0x0000000000000982       0x34 c:/vscodeproject/software/arm_gcc/bin/../lib/gcc/arm-none-eabi/9.2.1/../../../../arm-none-eabi/lib/thumb/v7e-m+fp/hard\libc_nano.a(lib_a-nano-freer.o)
 .ARM.attributes
                0x00000000000009b6       0x34 c:/vscodeproject/software/arm_gcc/bin/../lib/gcc/arm-none-eabi/9.2.1/../../../../arm-none-eabi/lib/thumb/v7e-m+fp/hard\libc_nano.a(lib_a-nano-mallocr.o)
 .ARM.attributes
                0x00000000000009ea       0x34 c:/vscodeproject/software/arm_gcc/bin/../lib/gcc/arm-none-eabi/9.2.1/../../../../arm-none-eabi/lib/thumb/v7e-m+fp/hard\libc_nano.a(lib_a-nano-reallocr.o)
 .ARM.attributes
                0x0000000000000a1e       0x34 c:/vscodeproject/software/arm_gcc/bin/../lib/gcc/arm-none-eabi/9.2.1/../../../../arm-none-eabi/lib/thumb/v7e-m+fp/hard\libc_nano.a(lib_a-sbrkr.o)
 .ARM.attributes
                0x0000000000000a52       0x34 c:/vscodeproject/software/arm_gcc/bin/../lib/gcc/arm-none-eabi/9.2.1/../../../../arm-none-eabi/lib/thumb/v7e-m+fp/hard\libc_nano.a(lib_a-mlock.o)
 .ARM.attributes
                0x0000000000000a86       0x34 c:/vscodeproject/software/arm_gcc/bin/../lib/gcc/arm-none-eabi/9.2.1/../../../../arm-none-eabi/lib/thumb/v7e-m+fp/hard\libc_nano.a(lib_a-nano-msizer.o)
 .ARM.attributes
                0x0000000000000aba       0x34 c:/vscodeproject/software/arm_gcc/bin/../lib/gcc/arm-none-eabi/9.2.1/../../../../arm-none-eabi/lib/thumb/v7e-m+fp/hard\libc_nano.a(lib_a-reent.o)
 .ARM.attributes
                0x0000000000000aee       0x34 c:/vscodeproject/software/arm_gcc/bin/../lib/gcc/arm-none-eabi/9.2.1/../../../../arm-none-eabi/lib/thumb/v7e-m+fp/hard\libc_nano.a(lib_a-lock.o)
 .ARM.attributes
                0x0000000000000b22       0x34 c:/vscodeproject/software/arm_gcc/bin/../lib/gcc/arm-none-eabi/9.2.1/../../../../arm-none-eabi/lib/thumb/v7e-m+fp/hard\libm.a(lib_a-s_sin.o)
 .ARM.attributes
                0x0000000000000b56       0x34 c:/vscodeproject/software/arm_gcc/bin/../lib/gcc/arm-none-eabi/9.2.1/../../../../arm-none-eabi/lib/thumb/v7e-m+fp/hard\libm.a(lib_a-e_rem_pio2.o)
 .ARM.attributes
                0x0000000000000b8a       0x34 c:/vscodeproject/software/arm_gcc/bin/../lib/gcc/arm-none-eabi/9.2.1/../../../../arm-none-eabi/lib/thumb/v7e-m+fp/hard\libm.a(lib_a-k_cos.o)
 .ARM.attributes
                0x0000000000000bbe       0x34 c:/vscodeproject/software/arm_gcc/bin/../lib/gcc/arm-none-eabi/9.2.1/../../../../arm-none-eabi/lib/thumb/v7e-m+fp/hard\libm.a(lib_a-k_rem_pio2.o)
 .ARM.attributes
                0x0000000000000bf2       0x34 c:/vscodeproject/software/arm_gcc/bin/../lib/gcc/arm-none-eabi/9.2.1/../../../../arm-none-eabi/lib/thumb/v7e-m+fp/hard\libm.a(lib_a-k_sin.o)
 .ARM.attributes
                0x0000000000000c26       0x34 c:/vscodeproject/software/arm_gcc/bin/../lib/gcc/arm-none-eabi/9.2.1/../../../../arm-none-eabi/lib/thumb/v7e-m+fp/hard\libm.a(lib_a-s_fabs.o)
 .ARM.attributes
                0x0000000000000c5a       0x34 c:/vscodeproject/software/arm_gcc/bin/../lib/gcc/arm-none-eabi/9.2.1/../../../../arm-none-eabi/lib/thumb/v7e-m+fp/hard\libm.a(lib_a-s_floor.o)
 .ARM.attributes
                0x0000000000000c8e       0x34 c:/vscodeproject/software/arm_gcc/bin/../lib/gcc/arm-none-eabi/9.2.1/../../../../arm-none-eabi/lib/thumb/v7e-m+fp/hard\libm.a(lib_a-s_scalbn.o)
 .ARM.attributes
                0x0000000000000cc2       0x34 c:/vscodeproject/software/arm_gcc/bin/../lib/gcc/arm-none-eabi/9.2.1/../../../../arm-none-eabi/lib/thumb/v7e-m+fp/hard\libnosys.a(sbrk.o)
 .ARM.attributes
                0x0000000000000cf6       0x1e c:/vscodeproject/software/arm_gcc/bin/../lib/gcc/arm-none-eabi/9.2.1/thumb/v7e-m+fp/hard\libgcc.a(_arm_addsubdf3.o)
 .ARM.attributes
                0x0000000000000d14       0x1e c:/vscodeproject/software/arm_gcc/bin/../lib/gcc/arm-none-eabi/9.2.1/thumb/v7e-m+fp/hard\libgcc.a(_arm_muldivdf3.o)
 .ARM.attributes
                0x0000000000000d32       0x1e c:/vscodeproject/software/arm_gcc/bin/../lib/gcc/arm-none-eabi/9.2.1/thumb/v7e-m+fp/hard\libgcc.a(_arm_cmpdf2.o)
 .ARM.attributes
                0x0000000000000d50       0x1e c:/vscodeproject/software/arm_gcc/bin/../lib/gcc/arm-none-eabi/9.2.1/thumb/v7e-m+fp/hard\libgcc.a(_arm_fixdfsi.o)
 .ARM.attributes
                0x0000000000000d6e       0x1e c:/vscodeproject/software/arm_gcc/bin/../lib/gcc/arm-none-eabi/9.2.1/thumb/v7e-m+fp/hard\libgcc.a(_arm_fixunsdfsi.o)
 .ARM.attributes
                0x0000000000000d8c       0x1e c:/vscodeproject/software/arm_gcc/bin/../lib/gcc/arm-none-eabi/9.2.1/thumb/v7e-m+fp/hard\libgcc.a(_arm_truncdfsf2.o)
 .ARM.attributes
                0x0000000000000daa       0x1e c:/vscodeproject/software/arm_gcc/bin/../lib/gcc/arm-none-eabi/9.2.1/thumb/v7e-m+fp/hard\libgcc.a(_aeabi_uldivmod.o)
 .ARM.attributes
                0x0000000000000dc8       0x34 c:/vscodeproject/software/arm_gcc/bin/../lib/gcc/arm-none-eabi/9.2.1/thumb/v7e-m+fp/hard\libgcc.a(_udivmoddi4.o)
 .ARM.attributes
                0x0000000000000dfc       0x1e c:/vscodeproject/software/arm_gcc/bin/../lib/gcc/arm-none-eabi/9.2.1/thumb/v7e-m+fp/hard\libgcc.a(_dvmd_tls.o)
 .ARM.attributes
                0x0000000000000e1a       0x1e c:/vscodeproject/software/arm_gcc/bin/../lib/gcc/arm-none-eabi/9.2.1/thumb/v7e-m+fp/hard/crtn.o
OUTPUT(build/studyMCU_407.elf elf32-littlearm)

.debug_info     0x0000000000000000    0x2eaf8
 .debug_info    0x0000000000000000     0x2333 build/main.o
 .debug_info    0x0000000000002333     0x12f3 build/gpio.o
 .debug_info    0x0000000000003626     0x1699 build/adc.o
 .debug_info    0x0000000000004cbf     0x1646 build/spi.o
 .debug_info    0x0000000000006305     0x1a5f build/tim.o
 .debug_info    0x0000000000007d64     0x17af build/usart.o
 .debug_info    0x0000000000009513     0x2295 build/stm32f4xx_it.o
 .debug_info    0x000000000000b7a8      0xd67 build/stm32f4xx_hal_msp.o
 .debug_info    0x000000000000c50f     0x10b4 build/stm32f4xx_hal_adc.o
 .debug_info    0x000000000000d5c3      0xc44 build/stm32f4xx_hal_rcc.o
 .debug_info    0x000000000000e207      0x92a build/stm32f4xx_hal_gpio.o
 .debug_info    0x000000000000eb31      0xc8b build/stm32f4xx_hal_dma.o
 .debug_info    0x000000000000f7bc     0x123e build/stm32f4xx_hal_cortex.o
 .debug_info    0x00000000000109fa      0xb5e build/stm32f4xx_hal.o
 .debug_info    0x0000000000011558     0x20e8 build/stm32f4xx_hal_spi.o
 .debug_info    0x0000000000013640     0x4151 build/stm32f4xx_hal_tim.o
 .debug_info    0x0000000000017791     0x1d63 build/stm32f4xx_hal_tim_ex.o
 .debug_info    0x00000000000194f4     0x4491 build/stm32f4xx_hal_uart.o
 .debug_info    0x000000000001d985      0x63c build/system_stm32f4xx.o
 .debug_info    0x000000000001dfc1      0xf34 build/mbfunccoils.o
 .debug_info    0x000000000001eef5      0xd65 build/mbfuncdisc.o
 .debug_info    0x000000000001fc5a     0x1019 build/mbfuncholding.o
 .debug_info    0x0000000000020c73      0xd57 build/mbfuncinput.o
 .debug_info    0x00000000000219ca      0xdc7 build/mbfuncother.o
 .debug_info    0x0000000000022791      0xe1b build/mbutils.o
 .debug_info    0x00000000000235ac      0xc6d build/portevent.o
 .debug_info    0x0000000000024219     0x13a6 build/portserial.o
 .debug_info    0x00000000000255bf     0x134f build/porttimer.o
 .debug_info    0x000000000002690e      0xb96 build/portcritical.o
 .debug_info    0x00000000000274a4      0xc08 build/mbcrc.o
 .debug_info    0x00000000000280ac     0x1210 build/mbrtu.o
 .debug_info    0x00000000000292bc     0x1218 build/mb.o
 .debug_info    0x000000000002a4d4     0x1105 build/user_mb_app.o
 .debug_info    0x000000000002b5d9      0xca8 build/ReceiveTransmit.o
 .debug_info    0x000000000002c281     0x269f build/st7735.o
 .debug_info    0x000000000002e920      0x1b6 build/fonts.o
 .debug_info    0x000000000002ead6       0x22 build/startup_stm32f407xx.o

.debug_abbrev   0x0000000000000000     0x5b2e
 .debug_abbrev  0x0000000000000000      0x2f8 build/main.o
 .debug_abbrev  0x00000000000002f8      0x256 build/gpio.o
 .debug_abbrev  0x000000000000054e      0x27b build/adc.o
 .debug_abbrev  0x00000000000007c9      0x27b build/spi.o
 .debug_abbrev  0x0000000000000a44      0x297 build/tim.o
 .debug_abbrev  0x0000000000000cdb      0x284 build/usart.o
 .debug_abbrev  0x0000000000000f5f      0x2fd build/stm32f4xx_it.o
 .debug_abbrev  0x000000000000125c      0x208 build/stm32f4xx_hal_msp.o
 .debug_abbrev  0x0000000000001464      0x2be build/stm32f4xx_hal_adc.o
 .debug_abbrev  0x0000000000001722      0x2cd build/stm32f4xx_hal_rcc.o
 .debug_abbrev  0x00000000000019ef      0x258 build/stm32f4xx_hal_gpio.o
 .debug_abbrev  0x0000000000001c47      0x312 build/stm32f4xx_hal_dma.o
 .debug_abbrev  0x0000000000001f59      0x3a8 build/stm32f4xx_hal_cortex.o
 .debug_abbrev  0x0000000000002301      0x21c build/stm32f4xx_hal.o
 .debug_abbrev  0x000000000000251d      0x2d2 build/stm32f4xx_hal_spi.o
 .debug_abbrev  0x00000000000027ef      0x2af build/stm32f4xx_hal_tim.o
 .debug_abbrev  0x0000000000002a9e      0x2ab build/stm32f4xx_hal_tim_ex.o
 .debug_abbrev  0x0000000000002d49      0x39a build/stm32f4xx_hal_uart.o
 .debug_abbrev  0x00000000000030e3      0x14a build/system_stm32f4xx.o
 .debug_abbrev  0x000000000000322d      0x264 build/mbfunccoils.o
 .debug_abbrev  0x0000000000003491      0x253 build/mbfuncdisc.o
 .debug_abbrev  0x00000000000036e4      0x25e build/mbfuncholding.o
 .debug_abbrev  0x0000000000003942      0x253 build/mbfuncinput.o
 .debug_abbrev  0x0000000000003b95      0x241 build/mbfuncother.o
 .debug_abbrev  0x0000000000003dd6      0x250 build/mbutils.o
 .debug_abbrev  0x0000000000004026      0x234 build/portevent.o
 .debug_abbrev  0x000000000000425a      0x2d2 build/portserial.o
 .debug_abbrev  0x000000000000452c      0x2bb build/porttimer.o
 .debug_abbrev  0x00000000000047e7      0x20c build/portcritical.o
 .debug_abbrev  0x00000000000049f3      0x20f build/mbcrc.o
 .debug_abbrev  0x0000000000004c02      0x2cd build/mbrtu.o
 .debug_abbrev  0x0000000000004ecf      0x300 build/mb.o
 .debug_abbrev  0x00000000000051cf      0x274 build/user_mb_app.o
 .debug_abbrev  0x0000000000005443      0x249 build/ReceiveTransmit.o
 .debug_abbrev  0x000000000000568c      0x3e6 build/st7735.o
 .debug_abbrev  0x0000000000005a72       0xaa build/fonts.o
 .debug_abbrev  0x0000000000005b1c       0x12 build/startup_stm32f407xx.o

.debug_loc      0x0000000000000000    0x16cf5
 .debug_loc     0x0000000000000000       0x72 build/main.o
 .debug_loc     0x0000000000000072       0x39 build/gpio.o
 .debug_loc     0x00000000000000ab      0x170 build/adc.o
 .debug_loc     0x000000000000021b      0x162 build/spi.o
 .debug_loc     0x000000000000037d      0x228 build/tim.o
 .debug_loc     0x00000000000005a5      0x108 build/usart.o
 .debug_loc     0x00000000000006ad      0x1b8 build/stm32f4xx_it.o
 .debug_loc     0x0000000000000865       0x2c build/stm32f4xx_hal_msp.o
 .debug_loc     0x0000000000000891      0xdcf build/stm32f4xx_hal_adc.o
 .debug_loc     0x0000000000001660      0x6c7 build/stm32f4xx_hal_rcc.o
 .debug_loc     0x0000000000001d27      0x5db build/stm32f4xx_hal_gpio.o
 .debug_loc     0x0000000000002302      0xd6d build/stm32f4xx_hal_dma.o
 .debug_loc     0x000000000000306f      0x7d4 build/stm32f4xx_hal_cortex.o
 .debug_loc     0x0000000000003843      0x1e1 build/stm32f4xx_hal.o
 .debug_loc     0x0000000000003a24     0x24e5 build/stm32f4xx_hal_spi.o
 .debug_loc     0x0000000000005f09     0x5b36 build/stm32f4xx_hal_tim.o
 .debug_loc     0x000000000000ba3f     0x2110 build/stm32f4xx_hal_tim_ex.o
 .debug_loc     0x000000000000db4f     0x502f build/stm32f4xx_hal_uart.o
 .debug_loc     0x0000000000012b7e      0x16c build/system_stm32f4xx.o
 .debug_loc     0x0000000000012cea      0x6d6 build/mbfunccoils.o
 .debug_loc     0x00000000000133c0      0x289 build/mbfuncdisc.o
 .debug_loc     0x0000000000013649      0x809 build/mbfuncholding.o
 .debug_loc     0x0000000000013e52      0x1d8 build/mbfuncinput.o
 .debug_loc     0x000000000001402a      0x220 build/mbfuncother.o
 .debug_loc     0x000000000001424a      0x37a build/mbutils.o
 .debug_loc     0x00000000000145c4       0x89 build/portevent.o
 .debug_loc     0x000000000001464d      0x2a5 build/portserial.o
 .debug_loc     0x00000000000148f2       0xc8 build/porttimer.o
 .debug_loc     0x00000000000149ba      0x103 build/mbcrc.o
 .debug_loc     0x0000000000014abd      0x469 build/mbrtu.o
 .debug_loc     0x0000000000014f26      0x459 build/mb.o
 .debug_loc     0x000000000001537f      0x7e8 build/user_mb_app.o
 .debug_loc     0x0000000000015b67       0x74 build/ReceiveTransmit.o
 .debug_loc     0x0000000000015bdb     0x111a build/st7735.o

.debug_aranges  0x0000000000000000     0x1300
 .debug_aranges
                0x0000000000000000       0x30 build/main.o
 .debug_aranges
                0x0000000000000030       0x20 build/gpio.o
 .debug_aranges
                0x0000000000000050       0x38 build/adc.o
 .debug_aranges
                0x0000000000000088       0x38 build/spi.o
 .debug_aranges
                0x00000000000000c0       0x40 build/tim.o
 .debug_aranges
                0x0000000000000100       0x30 build/usart.o
 .debug_aranges
                0x0000000000000130       0x88 build/stm32f4xx_it.o
 .debug_aranges
                0x00000000000001b8       0x20 build/stm32f4xx_hal_msp.o
 .debug_aranges
                0x00000000000001d8       0xe8 build/stm32f4xx_hal_adc.o
 .debug_aranges
                0x00000000000002c0       0x88 build/stm32f4xx_hal_rcc.o
 .debug_aranges
                0x0000000000000348       0x58 build/stm32f4xx_hal_gpio.o
 .debug_aranges
                0x00000000000003a0       0x90 build/stm32f4xx_hal_dma.o
 .debug_aranges
                0x0000000000000430       0xa8 build/stm32f4xx_hal_cortex.o
 .debug_aranges
                0x00000000000004d8       0xf0 build/stm32f4xx_hal.o
 .debug_aranges
                0x00000000000005c8      0x1d0 build/stm32f4xx_hal_spi.o
 .debug_aranges
                0x0000000000000798      0x3d0 build/stm32f4xx_hal_tim.o
 .debug_aranges
                0x0000000000000b68      0x168 build/stm32f4xx_hal_tim_ex.o
 .debug_aranges
                0x0000000000000cd0      0x200 build/stm32f4xx_hal_uart.o
 .debug_aranges
                0x0000000000000ed0       0x28 build/system_stm32f4xx.o
 .debug_aranges
                0x0000000000000ef8       0x30 build/mbfunccoils.o
 .debug_aranges
                0x0000000000000f28       0x20 build/mbfuncdisc.o
 .debug_aranges
                0x0000000000000f48       0x38 build/mbfuncholding.o
 .debug_aranges
                0x0000000000000f80       0x20 build/mbfuncinput.o
 .debug_aranges
                0x0000000000000fa0       0x28 build/mbfuncother.o
 .debug_aranges
                0x0000000000000fc8       0x30 build/mbutils.o
 .debug_aranges
                0x0000000000000ff8       0x30 build/portevent.o
 .debug_aranges
                0x0000000000001028       0x58 build/portserial.o
 .debug_aranges
                0x0000000000001080       0x38 build/porttimer.o
 .debug_aranges
                0x00000000000010b8       0x28 build/portcritical.o
 .debug_aranges
                0x00000000000010e0       0x20 build/mbcrc.o
 .debug_aranges
                0x0000000000001100       0x58 build/mbrtu.o
 .debug_aranges
                0x0000000000001158       0x48 build/mb.o
 .debug_aranges
                0x00000000000011a0       0x38 build/user_mb_app.o
 .debug_aranges
                0x00000000000011d8       0x28 build/ReceiveTransmit.o
 .debug_aranges
                0x0000000000001200       0xc0 build/st7735.o
 .debug_aranges
                0x00000000000012c0       0x18 build/fonts.o
 .debug_aranges
                0x00000000000012d8       0x28 build/startup_stm32f407xx.o

.debug_ranges   0x0000000000000000     0x11b8
 .debug_ranges  0x0000000000000000       0x20 build/main.o
 .debug_ranges  0x0000000000000020       0x10 build/gpio.o
 .debug_ranges  0x0000000000000030       0x28 build/adc.o
 .debug_ranges  0x0000000000000058       0x28 build/spi.o
 .debug_ranges  0x0000000000000080       0x30 build/tim.o
 .debug_ranges  0x00000000000000b0       0x20 build/usart.o
 .debug_ranges  0x00000000000000d0       0x78 build/stm32f4xx_it.o
 .debug_ranges  0x0000000000000148       0x10 build/stm32f4xx_hal_msp.o
 .debug_ranges  0x0000000000000158       0xd8 build/stm32f4xx_hal_adc.o
 .debug_ranges  0x0000000000000230       0x90 build/stm32f4xx_hal_rcc.o
 .debug_ranges  0x00000000000002c0       0x48 build/stm32f4xx_hal_gpio.o
 .debug_ranges  0x0000000000000308       0x80 build/stm32f4xx_hal_dma.o
 .debug_ranges  0x0000000000000388       0xf8 build/stm32f4xx_hal_cortex.o
 .debug_ranges  0x0000000000000480       0xe0 build/stm32f4xx_hal.o
 .debug_ranges  0x0000000000000560      0x1c0 build/stm32f4xx_hal_spi.o
 .debug_ranges  0x0000000000000720      0x3c0 build/stm32f4xx_hal_tim.o
 .debug_ranges  0x0000000000000ae0      0x158 build/stm32f4xx_hal_tim_ex.o
 .debug_ranges  0x0000000000000c38      0x208 build/stm32f4xx_hal_uart.o
 .debug_ranges  0x0000000000000e40       0x18 build/system_stm32f4xx.o
 .debug_ranges  0x0000000000000e58       0x20 build/mbfunccoils.o
 .debug_ranges  0x0000000000000e78       0x10 build/mbfuncdisc.o
 .debug_ranges  0x0000000000000e88       0x28 build/mbfuncholding.o
 .debug_ranges  0x0000000000000eb0       0x10 build/mbfuncinput.o
 .debug_ranges  0x0000000000000ec0       0x18 build/mbfuncother.o
 .debug_ranges  0x0000000000000ed8       0x20 build/mbutils.o
 .debug_ranges  0x0000000000000ef8       0x20 build/portevent.o
 .debug_ranges  0x0000000000000f18       0x48 build/portserial.o
 .debug_ranges  0x0000000000000f60       0x28 build/porttimer.o
 .debug_ranges  0x0000000000000f88       0x18 build/portcritical.o
 .debug_ranges  0x0000000000000fa0       0x10 build/mbcrc.o
 .debug_ranges  0x0000000000000fb0       0x48 build/mbrtu.o
 .debug_ranges  0x0000000000000ff8       0x38 build/mb.o
 .debug_ranges  0x0000000000001030       0x28 build/user_mb_app.o
 .debug_ranges  0x0000000000001058       0x18 build/ReceiveTransmit.o
 .debug_ranges  0x0000000000001070      0x128 build/st7735.o
 .debug_ranges  0x0000000000001198       0x20 build/startup_stm32f407xx.o

.debug_line     0x0000000000000000    0x17c3b
 .debug_line    0x0000000000000000      0x4d8 build/main.o
 .debug_line    0x00000000000004d8      0x32a build/gpio.o
 .debug_line    0x0000000000000802      0x487 build/adc.o
 .debug_line    0x0000000000000c89      0x465 build/spi.o
 .debug_line    0x00000000000010ee      0x4ff build/tim.o
 .debug_line    0x00000000000015ed      0x38b build/usart.o
 .debug_line    0x0000000000001978      0x6eb build/stm32f4xx_it.o
 .debug_line    0x0000000000002063      0x21a build/stm32f4xx_hal_msp.o
 .debug_line    0x000000000000227d     0x10bf build/stm32f4xx_hal_adc.o
 .debug_line    0x000000000000333c      0xb14 build/stm32f4xx_hal_rcc.o
 .debug_line    0x0000000000003e50      0x70d build/stm32f4xx_hal_gpio.o
 .debug_line    0x000000000000455d      0xe2f build/stm32f4xx_hal_dma.o
 .debug_line    0x000000000000538c      0x780 build/stm32f4xx_hal_cortex.o
 .debug_line    0x0000000000005b0c      0x543 build/stm32f4xx_hal.o
 .debug_line    0x000000000000604f     0x24d9 build/stm32f4xx_hal_spi.o
 .debug_line    0x0000000000008528     0x4adb build/stm32f4xx_hal_tim.o
 .debug_line    0x000000000000d003     0x1cfc build/stm32f4xx_hal_tim_ex.o
 .debug_line    0x000000000000ecff     0x45dc build/stm32f4xx_hal_uart.o
 .debug_line    0x00000000000132db      0x264 build/system_stm32f4xx.o
 .debug_line    0x000000000001353f      0x50d build/mbfunccoils.o
 .debug_line    0x0000000000013a4c      0x375 build/mbfuncdisc.o
 .debug_line    0x0000000000013dc1      0x5ab build/mbfuncholding.o
 .debug_line    0x000000000001436c      0x359 build/mbfuncinput.o
 .debug_line    0x00000000000146c5      0x353 build/mbfuncother.o
 .debug_line    0x0000000000014a18      0x399 build/mbutils.o
 .debug_line    0x0000000000014db1      0x2a6 build/portevent.o
 .debug_line    0x0000000000015057      0x3ae build/portserial.o
 .debug_line    0x0000000000015405      0x30e build/porttimer.o
 .debug_line    0x0000000000015713      0x262 build/portcritical.o
 .debug_line    0x0000000000015975      0x25e build/mbcrc.o
 .debug_line    0x0000000000015bd3      0x51d build/mbrtu.o
 .debug_line    0x00000000000160f0      0x62a build/mb.o
 .debug_line    0x000000000001671a      0x548 build/user_mb_app.o
 .debug_line    0x0000000000016c62      0x2ba build/ReceiveTransmit.o
 .debug_line    0x0000000000016f1c      0xbcd build/st7735.o
 .debug_line    0x0000000000017ae9       0xdc build/fonts.o
 .debug_line    0x0000000000017bc5       0x76 build/startup_stm32f407xx.o

.debug_str      0x0000000000000000     0x5d2e
 .debug_str     0x0000000000000000     0x1458 build/main.o
                                       0x15a1 (size before relaxing)
 .debug_str     0x0000000000001458      0x56a build/gpio.o
                                        0xd3c (size before relaxing)
 .debug_str     0x00000000000019c2       0x9a build/adc.o
                                        0xca8 (size before relaxing)
 .debug_str     0x0000000000001a5c       0x48 build/spi.o
                                        0xcb0 (size before relaxing)
 .debug_str     0x0000000000001aa4      0x13e build/tim.o
                                       0x1349 (size before relaxing)
 .debug_str     0x0000000000001be2       0x4e build/usart.o
                                       0x11ce (size before relaxing)
 .debug_str     0x0000000000001c30      0x2aa build/stm32f4xx_it.o
                                       0x1477 (size before relaxing)
 .debug_str     0x0000000000001eda       0x29 build/stm32f4xx_hal_msp.o
                                        0x775 (size before relaxing)
 .debug_str     0x0000000000001f03      0x28c build/stm32f4xx_hal_adc.o
                                        0xa0a (size before relaxing)
 .debug_str     0x000000000000218f      0x1d1 build/stm32f4xx_hal_rcc.o
                                        0x785 (size before relaxing)
 .debug_str     0x0000000000002360       0xf4 build/stm32f4xx_hal_gpio.o
                                        0x5a7 (size before relaxing)
 .debug_str     0x0000000000002454      0x2e4 build/stm32f4xx_hal_dma.o
                                        0x82d (size before relaxing)
 .debug_str     0x0000000000002738      0x4c4 build/stm32f4xx_hal_cortex.o
                                        0xce1 (size before relaxing)
 .debug_str     0x0000000000002bfc      0x21f build/stm32f4xx_hal.o
                                        0xba2 (size before relaxing)
 .debug_str     0x0000000000002e1b      0x52a build/stm32f4xx_hal_spi.o
                                        0xcb1 (size before relaxing)
 .debug_str     0x0000000000003345      0xe20 build/stm32f4xx_hal_tim.o
                                       0x1792 (size before relaxing)
 .debug_str     0x0000000000004165      0x521 build/stm32f4xx_hal_tim_ex.o
                                        0xf93 (size before relaxing)
 .debug_str     0x0000000000004686      0x5d6 build/stm32f4xx_hal_uart.o
                                        0xe0f (size before relaxing)
 .debug_str     0x0000000000004c5c       0x47 build/system_stm32f4xx.o
                                        0x410 (size before relaxing)
 .debug_str     0x0000000000004ca3      0x289 build/mbfunccoils.o
                                        0x993 (size before relaxing)
 .debug_str     0x0000000000004f2c       0x63 build/mbfuncdisc.o
                                        0x92e (size before relaxing)
 .debug_str     0x0000000000004f8f      0x130 build/mbfuncholding.o