Archive member included to satisfy reference by file (symbol)

c:/vscodeproject/software/arm_gcc/bin/../lib/gcc/arm-none-eabi/9.2.1/../../../../arm-none-eabi/lib/thumb/v7e-m+fp/hard\libc_nano.a(lib_a-exit.o)
                              c:/vscodeproject/software/arm_gcc/bin/../lib/gcc/arm-none-eabi/9.2.1/../../../../arm-none-eabi/lib/thumb/v7e-m+fp/hard/crt0.o (exit)
c:/vscodeproject/software/arm_gcc/bin/../lib/gcc/arm-none-eabi/9.2.1/../../../../arm-none-eabi/lib/thumb/v7e-m+fp/hard\libc_nano.a(lib_a-impure.o)
                              c:/vscodeproject/software/arm_gcc/bin/../lib/gcc/arm-none-eabi/9.2.1/../../../../arm-none-eabi/lib/thumb/v7e-m+fp/hard\libc_nano.a(lib_a-exit.o) (_global_impure_ptr)
c:/vscodeproject/software/arm_gcc/bin/../lib/gcc/arm-none-eabi/9.2.1/../../../../arm-none-eabi/lib/thumb/v7e-m+fp/hard\libc_nano.a(lib_a-init.o)
                              c:/vscodeproject/software/arm_gcc/bin/../lib/gcc/arm-none-eabi/9.2.1/../../../../arm-none-eabi/lib/thumb/v7e-m+fp/hard/crt0.o (__libc_init_array)
c:/vscodeproject/software/arm_gcc/bin/../lib/gcc/arm-none-eabi/9.2.1/../../../../arm-none-eabi/lib/thumb/v7e-m+fp/hard\libc_nano.a(lib_a-memcpy-stub.o)
                              build/mbfuncother.o (memcpy)
c:/vscodeproject/software/arm_gcc/bin/../lib/gcc/arm-none-eabi/9.2.1/../../../../arm-none-eabi/lib/thumb/v7e-m+fp/hard\libc_nano.a(lib_a-memset.o)
                              c:/vscodeproject/software/arm_gcc/bin/../lib/gcc/arm-none-eabi/9.2.1/../../../../arm-none-eabi/lib/thumb/v7e-m+fp/hard/crt0.o (memset)
c:/vscodeproject/software/arm_gcc/bin/../lib/gcc/arm-none-eabi/9.2.1/../../../../arm-none-eabi/lib/thumb/v7e-m+fp/hard\libc_nano.a(lib_a-snprintf.o)
                              build/w25qxx.o (snprintf)
c:/vscodeproject/software/arm_gcc/bin/../lib/gcc/arm-none-eabi/9.2.1/../../../../arm-none-eabi/lib/thumb/v7e-m+fp/hard\libc_nano.a(lib_a-strlen.o)
                              build/w25qxx.o (strlen)
c:/vscodeproject/software/arm_gcc/bin/../lib/gcc/arm-none-eabi/9.2.1/../../../../arm-none-eabi/lib/thumb/v7e-m+fp/hard\libc_nano.a(lib_a-nano-svfprintf.o)
                              c:/vscodeproject/software/arm_gcc/bin/../lib/gcc/arm-none-eabi/9.2.1/../../../../arm-none-eabi/lib/thumb/v7e-m+fp/hard\libc_nano.a(lib_a-snprintf.o) (_svfprintf_r)
c:/vscodeproject/software/arm_gcc/bin/../lib/gcc/arm-none-eabi/9.2.1/../../../../arm-none-eabi/lib/thumb/v7e-m+fp/hard\libc_nano.a(lib_a-nano-vfprintf_i.o)
                              c:/vscodeproject/software/arm_gcc/bin/../lib/gcc/arm-none-eabi/9.2.1/../../../../arm-none-eabi/lib/thumb/v7e-m+fp/hard\libc_nano.a(lib_a-nano-svfprintf.o) (_printf_i)
c:/vscodeproject/software/arm_gcc/bin/../lib/gcc/arm-none-eabi/9.2.1/../../../../arm-none-eabi/lib/thumb/v7e-m+fp/hard\libc_nano.a(lib_a-memchr.o)
                              c:/vscodeproject/software/arm_gcc/bin/../lib/gcc/arm-none-eabi/9.2.1/../../../../arm-none-eabi/lib/thumb/v7e-m+fp/hard\libc_nano.a(lib_a-nano-svfprintf.o) (memchr)
c:/vscodeproject/software/arm_gcc/bin/../lib/gcc/arm-none-eabi/9.2.1/../../../../arm-none-eabi/lib/thumb/v7e-m+fp/hard\libc_nano.a(lib_a-memmove.o)
                              c:/vscodeproject/software/arm_gcc/bin/../lib/gcc/arm-none-eabi/9.2.1/../../../../arm-none-eabi/lib/thumb/v7e-m+fp/hard\libc_nano.a(lib_a-nano-svfprintf.o) (memmove)
c:/vscodeproject/software/arm_gcc/bin/../lib/gcc/arm-none-eabi/9.2.1/../../../../arm-none-eabi/lib/thumb/v7e-m+fp/hard\libc_nano.a(lib_a-nano-freer.o)
                              c:/vscodeproject/software/arm_gcc/bin/../lib/gcc/arm-none-eabi/9.2.1/../../../../arm-none-eabi/lib/thumb/v7e-m+fp/hard\libc_nano.a(lib_a-nano-svfprintf.o) (_free_r)
c:/vscodeproject/software/arm_gcc/bin/../lib/gcc/arm-none-eabi/9.2.1/../../../../arm-none-eabi/lib/thumb/v7e-m+fp/hard\libc_nano.a(lib_a-nano-mallocr.o)
                              c:/vscodeproject/software/arm_gcc/bin/../lib/gcc/arm-none-eabi/9.2.1/../../../../arm-none-eabi/lib/thumb/v7e-m+fp/hard\libc_nano.a(lib_a-nano-svfprintf.o) (_malloc_r)
c:/vscodeproject/software/arm_gcc/bin/../lib/gcc/arm-none-eabi/9.2.1/../../../../arm-none-eabi/lib/thumb/v7e-m+fp/hard\libc_nano.a(lib_a-nano-reallocr.o)
                              c:/vscodeproject/software/arm_gcc/bin/../lib/gcc/arm-none-eabi/9.2.1/../../../../arm-none-eabi/lib/thumb/v7e-m+fp/hard\libc_nano.a(lib_a-nano-svfprintf.o) (_realloc_r)
c:/vscodeproject/software/arm_gcc/bin/../lib/gcc/arm-none-eabi/9.2.1/../../../../arm-none-eabi/lib/thumb/v7e-m+fp/hard\libc_nano.a(lib_a-sbrkr.o)
                              c:/vscodeproject/software/arm_gcc/bin/../lib/gcc/arm-none-eabi/9.2.1/../../../../arm-none-eabi/lib/thumb/v7e-m+fp/hard\libc_nano.a(lib_a-nano-mallocr.o) (_sbrk_r)
c:/vscodeproject/software/arm_gcc/bin/../lib/gcc/arm-none-eabi/9.2.1/../../../../arm-none-eabi/lib/thumb/v7e-m+fp/hard\libc_nano.a(lib_a-mlock.o)
[...]
Memory Configuration

Name             Origin             Length             Attributes
RAM              0x0000000020000000 0x0000000000020000 xrw
CCMRAM           0x0000000010000000 0x0000000000010000 xrw
FLASH            0x0000000008000000 0x0000000000080000 xr
*default*        0x0000000000000000 0xffffffffffffffff

Linker script and memory map

LOAD c:/vscodeproject/software/arm_gcc/bin/../lib/gcc/arm-none-eabi/9.2.1/thumb/v7e-m+fp/hard/crti.o
LOAD c:/vscodeproject/software/arm_gcc/bin/../lib/gcc/arm-none-eabi/9.2.1/thumb/v7e-m+fp/hard/crtbegin.o
LOAD c:/vscodeproject/software/arm_gcc/bin/../lib/gcc/arm-none-eabi/9.2.1/../../../../arm-none-eabi/lib/thumb/v7e-m+fp/hard/crt0.o
LOAD build/main.o
LOAD build/stm32f4xx_it.o
LOAD build/stm32f4xx_hal_msp.o
LOAD build/stm32f4xx_hal_tim.o
LOAD build/stm32f4xx_hal_tim_ex.o
LOAD build/stm32f4xx_hal_rcc.o
LOAD build/stm32f4xx_hal_rcc_ex.o
LOAD build/stm32f4xx_hal_flash.o
LOAD build/stm32f4xx_hal_flash_ex.o
LOAD build/stm32f4xx_hal_flash_ramfunc.o
LOAD build/stm32f4xx_hal_gpio.o
LOAD build/stm32f4xx_hal_dma_ex.o
LOAD build/stm32f4xx_hal_dma.o
LOAD build/stm32f4xx_hal_pwr.o
LOAD build/stm32f4xx_hal_pwr_ex.o
LOAD build/stm32f4xx_hal_cortex.o
LOAD build/stm32f4xx_hal.o
LOAD build/stm32f4xx_hal_exti.o
LOAD build/stm32f4xx_hal_uart.o
LOAD build/system_stm32f4xx.o
LOAD build/mbascii.o
LOAD build/mbfunccoils.o
LOAD build/mbfunccoils_m.o
LOAD build/mbfuncdiag.o
LOAD build/mbfuncdisc.o
LOAD build/mbfuncdisc_m.o
LOAD build/mbfuncholding.o
LOAD build/mbfuncholding_m.o
LOAD build/mbfuncinput.o
LOAD build/mbfuncinput_m.o
LOAD build/mbfuncother.o
LOAD build/mbutils.o
LOAD build/portevent.o
LOAD build/portevent_m.o
LOAD build/portserial.o
LOAD build/portserial_m.o
LOAD build/porttimer.o
LOAD build/porttimer_m.o
LOAD build/portcritical.o
LOAD build/mbcrc.o
LOAD build/mbrtu.o
LOAD build/mbrtu_m.o
LOAD build/mbtcp.o
LOAD build/mb.o
LOAD build/mb_m.o
LOAD build/user_mb_app.o
LOAD build/user_mb_app_m.o
LOAD build/gpio.o
LOAD build/tim.o
LOAD build/usart.o
LOAD build/spi.o
LOAD build/stm32f4xx_hal_spi.o
LOAD build/w25qxx.o
LOAD build/startup_stm32f407xx.o
LOAD c:/vscodeproject/software/arm_gcc/bin/../lib/gcc/arm-none-eabi/9.2.1/../../../../arm-none-eabi/lib/thumb/v7e-m+fp/hard\libc_nano.a
LOAD c:/vscodeproject/software/arm_gcc/bin/../lib/gcc/arm-none-eabi/9.2.1/../../../../arm-none-eabi/lib/thumb/v7e-m+fp/hard\libm.a
LOAD c:/vscodeproject/software/arm_gcc/bin/../lib/gcc/arm-none-eabi/9.2.1/../../../../arm-none-eabi/lib/thumb/v7e-m+fp/hard\libnosys.a
START GROUP
LOAD c:/vscodeproject/software/arm_gcc/bin/../lib/gcc/arm-none-eabi/9.2.1/thumb/v7e-m+fp/hard\libgcc.a
LOAD c:/vscodeproject/software/arm_gcc/bin/../lib/gcc/arm-none-eabi/9.2.1/../../../../arm-none-eabi/lib/thumb/v7e-m+fp/hard\libc_nano.a
END GROUP
START GROUP
LOAD c:/vscodeproject/software/arm_gcc/bin/../lib/gcc/arm-none-eabi/9.2.1/thumb/v7e-m+fp/hard\libgcc.a
LOAD c:/vscodeproject/software/arm_gcc/bin/../lib/gcc/arm-none-eabi/9.2.1/../../../../arm-none-eabi/lib/thumb/v7e-m+fp/hard\libc_nano.a
END GROUP
LOAD c:/vscodeproject/software/arm_gcc/bin/../lib/gcc/arm-none-eabi/9.2.1/thumb/v7e-m+fp/hard/crtend.o
LOAD c:/vscodeproject/software/arm_gcc/bin/../lib/gcc/arm-none-eabi/9.2.1/thumb/v7e-m+fp/hard/crtn.o
                0x0000000020020000                _estack = 0x20020000
                0x0000000000000200                _Min_Heap_Size = 0x200
                0x0000000000000400                _Min_Stack_Size = 0x400

.isr_vector     0x0000000008000000      0x188
                0x0000000008000000                . = ALIGN (0x4)
 *(.isr_vector)
 .isr_vector    0x0000000008000000      0x188 build/startup_stm32f407xx.o
                0x0000000008000000                g_pfnVectors
                0x0000000008000188                . = ALIGN (0x4)

.text           0x0000000008000188     0x37d0
                0x0000000008000188                . = ALIGN (0x4)
 *(.text)
 .text          0x0000000008000188       0x30 c:/vscodeproject/software/arm_gcc/bin/../lib/gcc/arm-none-eabi/9.2.1/thumb/v7e-m+fp/hard\libgcc.a(_aeabi_uldivmod.o)
                0x0000000008000188                __aeabi_uldivmod
 .text          0x00000000080001b8        0x4 c:/vscodeproject/software/arm_gcc/bin/../lib/gcc/arm-none-eabi/9.2.1/thumb/v7e-m+fp/hard\libgcc.a(_dvmd_tls.o)
                0x00000000080001b8                __aeabi_idiv0
                0x00000000080001b8                __aeabi_ldiv0
 *(.text*)
 .text.__do_global_dtors_aux
                0x00000000080001bc       0x24 c:/vscodeproject/software/arm_gcc/bin/../lib/gcc/arm-none-eabi/9.2.1/thumb/v7e-m+fp/hard/crtbegin.o
 .text.frame_dummy
                0x00000000080001e0       0x1c c:/vscodeproject/software/arm_gcc/bin/../lib/gcc/arm-none-eabi/9.2.1/thumb/v7e-m+fp/hard/crtbegin.o
 .text.Error_Handler
                0x00000000080001fc        0x4 build/main.o
                0x00000000080001fc                Error_Handler
 .text.SystemClock_Config
                0x0000000008000200       0xa0 build/main.o
                0x0000000008000200                SystemClock_Config
 .text.main     0x00000000080002a0       0xe0 build/main.o
                0x00000000080002a0                main
 .text.NMI_Handler
                0x0000000008000380        0x2 build/stm32f4xx_it.o
                0x0000000008000380                NMI_Handler
 .text.HardFault_Handler
                0x0000000008000382        0x2 build/stm32f4xx_it.o
                0x0000000008000382                HardFault_Handler
 .text.MemManage_Handler
                0x0000000008000384        0x2 build/stm32f4xx_it.o
                0x0000000008000384                MemManage_Handler
 .text.BusFault_Handler
                0x0000000008000386        0x2 build/stm32f4xx_it.o
                0x0000000008000386                BusFault_Handler
 .text.UsageFault_Handler
                0x0000000008000388        0x2 build/stm32f4xx_it.o
                0x0000000008000388                UsageFault_Handler
 .text.SVC_Handler
                0x000000000800038a        0x2 build/stm32f4xx_it.o
                0x000000000800038a                SVC_Handler
 .text.DebugMon_Handler
                0x000000000800038c        0x2 build/stm32f4xx_it.o
                0x000000000800038c                DebugMon_Handler
 .text.PendSV_Handler
                0x000000000800038e        0x2 build/stm32f4xx_it.o
                0x000000000800038e                PendSV_Handler
 .text.SysTick_Handler
                0x0000000008000390        0x8 build/stm32f4xx_it.o
                0x0000000008000390                SysTick_Handler
 .text.TIM4_IRQHandler
                0x0000000008000398       0x10 build/stm32f4xx_it.o
                0x0000000008000398                TIM4_IRQHandler
 .text.USART1_IRQHandler
                0x00000000080003a8       0x10 build/stm32f4xx_it.o
                0x00000000080003a8                USART1_IRQHandler
 .text.USART2_IRQHandler
                0x00000000080003b8       0x10 build/stm32f4xx_it.o
                0x00000000080003b8                USART2_IRQHandler
 .text.HAL_MspInit
                0x00000000080003c8       0x38 build/stm32f4xx_hal_msp.o
                0x00000000080003c8                HAL_MspInit
 .text.TIM_OC1_SetConfig
                0x0000000008000400       0x68 build/stm32f4xx_hal_tim.o
 .text.TIM_OC3_SetConfig
                0x0000000008000468       0x70 build/stm32f4xx_hal_tim.o
 .text.TIM_OC4_SetConfig
                0x00000000080004d8       0x50 build/stm32f4xx_hal_tim.o
 .text.TIM_TI1_ConfigInputStage
                0x0000000008000528       0x24 build/stm32f4xx_hal_tim.o
 .text.TIM_TI2_ConfigInputStage
                0x000000000800054c       0x26 build/stm32f4xx_hal_tim.o
 .text.TIM_ITRx_SetConfig
                0x0000000008000572       0x10 build/stm32f4xx_hal_tim.o
 *fill*         0x0000000008000582        0x2 
 .text.HAL_TIM_Base_Start_IT
                0x0000000008000584       0x88 build/stm32f4xx_hal_tim.o
                0x0000000008000584                HAL_TIM_Base_Start_IT
 .text.HAL_TIM_Base_Stop_IT
                0x000000000800060c       0x32 build/stm32f4xx_hal_tim.o
                0x000000000800060c                HAL_TIM_Base_Stop_IT
 .text.HAL_TIM_OC_DelayElapsedCallback
                0x000000000800063e        0x2 build/stm32f4xx_hal_tim.o
                0x000000000800063e                HAL_TIM_OC_DelayElapsedCallback
 .text.HAL_TIM_IC_CaptureCallback
                0x0000000008000640        0x2 build/stm32f4xx_hal_tim.o
                0x0000000008000640                HAL_TIM_IC_CaptureCallback
 .text.HAL_TIM_PWM_PulseFinishedCallback
                0x0000000008000642        0x2 build/stm32f4xx_hal_tim.o
                0x0000000008000642                HAL_TIM_PWM_PulseFinishedCallback
 .text.HAL_TIM_TriggerCallback
                0x0000000008000644        0x2 build/stm32f4xx_hal_tim.o
                0x0000000008000644                HAL_TIM_TriggerCallback
 .text.HAL_TIM_IRQHandler
                0x0000000008000646      0x17a build/stm32f4xx_hal_tim.o
                0x0000000008000646                HAL_TIM_IRQHandler
 .text.TIM_Base_SetConfig
                0x00000000080007c0       0xc8 build/stm32f4xx_hal_tim.o
                0x00000000080007c0                TIM_Base_SetConfig
 .text.HAL_TIM_Base_Init
                0x0000000008000888       0x58 build/stm32f4xx_hal_tim.o
                0x0000000008000888                HAL_TIM_Base_Init
 .text.HAL_TIM_PWM_Init
                0x00000000080008e0       0x58 build/stm32f4xx_hal_tim.o
                0x00000000080008e0                HAL_TIM_PWM_Init
 .text.TIM_OC2_SetConfig
                0x0000000008000938       0x70 build/stm32f4xx_hal_tim.o
                0x0000000008000938                TIM_OC2_SetConfig
 .text.HAL_TIM_PWM_ConfigChannel
                0x00000000080009a8       0xd0 build/stm32f4xx_hal_tim.o
                0x00000000080009a8                HAL_TIM_PWM_ConfigChannel
 .text.TIM_ETR_SetConfig
                0x0000000008000a78       0x18 build/stm32f4xx_hal_tim.o
                0x0000000008000a78                TIM_ETR_SetConfig
 .text.HAL_TIM_ConfigClockSource
                0x0000000008000a90       0xda build/stm32f4xx_hal_tim.o
                0x0000000008000a90                HAL_TIM_ConfigClockSource
 .text.TIM_CCxChannelCmd
                0x0000000008000b6a       0x24 build/stm32f4xx_hal_tim.o
                0x0000000008000b6a                TIM_CCxChannelCmd
 *fill*         0x0000000008000b8e        0x2 
 .text.HAL_TIM_PWM_Start
                0x0000000008000b90      0x104 build/stm32f4xx_hal_tim.o
                0x0000000008000b90                HAL_TIM_PWM_Start
 .text.HAL_TIM_PWM_Stop
                0x0000000008000c94       0x8c build/stm32f4xx_hal_tim.o
                0x0000000008000c94                HAL_TIM_PWM_Stop
 .text.HAL_TIMEx_MasterConfigSynchronization
                0x0000000008000d20       0x88 build/stm32f4xx_hal_tim_ex.o
                0x0000000008000d20                HAL_TIMEx_MasterConfigSynchronization
 .text.HAL_TIMEx_CommutCallback
                0x0000000008000da8        0x2 build/stm32f4xx_hal_tim_ex.o
                0x0000000008000da8                HAL_TIMEx_CommutCallback
 .text.HAL_TIMEx_BreakCallback
                0x0000000008000daa        0x2 build/stm32f4xx_hal_tim_ex.o
                0x0000000008000daa                HAL_TIMEx_BreakCallback
 .text.HAL_RCC_OscConfig
                0x0000000008000dac      0x3f8 build/stm32f4xx_hal_rcc.o
                0x0000000008000dac                HAL_RCC_OscConfig
 .text.HAL_RCC_GetSysClockFreq
                0x00000000080011a4       0xcc build/stm32f4xx_hal_rcc.o
                0x00000000080011a4                HAL_RCC_GetSysClockFreq
 .text.HAL_RCC_ClockConfig
                0x0000000008001270      0x160 build/stm32f4xx_hal_rcc.o
                0x0000000008001270                HAL_RCC_ClockConfig
 .text.HAL_RCC_GetHCLKFreq
                0x00000000080013d0        0xc build/stm32f4xx_hal_rcc.o
                0x00000000080013d0                HAL_RCC_GetHCLKFreq
 .text.HAL_RCC_GetPCLK1Freq
                0x00000000080013dc       0x20 build/stm32f4xx_hal_rcc.o
                0x00000000080013dc                HAL_RCC_GetPCLK1Freq
 .text.HAL_RCC_GetPCLK2Freq
                0x00000000080013fc       0x20 build/stm32f4xx_hal_rcc.o
                0x00000000080013fc                HAL_RCC_GetPCLK2Freq
 .text.HAL_GPIO_Init
                0x000000000800141c      0x1d4 build/stm32f4xx_hal_gpio.o
                0x000000000800141c                HAL_GPIO_Init
 .text.HAL_GPIO_WritePin
                0x00000000080015f0        0xc build/stm32f4xx_hal_gpio.o
                0x00000000080015f0                HAL_GPIO_WritePin
 .text.HAL_DMA_Abort
                0x00000000080015fc       0x94 build/stm32f4xx_hal_dma.o
                0x00000000080015fc                HAL_DMA_Abort
 .text.HAL_DMA_Abort_IT
                0x0000000008001690       0x26 build/stm32f4xx_hal_dma.o
                0x0000000008001690                HAL_DMA_Abort_IT
 *fill*         0x00000000080016b6        0x2 
 .text.HAL_NVIC_SetPriorityGrouping
                0x00000000080016b8       0x24 build/stm32f4xx_hal_cortex.o
                0x00000000080016b8                HAL_NVIC_SetPriorityGrouping
 .text.HAL_NVIC_SetPriority
                0x00000000080016dc       0x68 build/stm32f4xx_hal_cortex.o
                0x00000000080016dc                HAL_NVIC_SetPriority
 .text.HAL_NVIC_EnableIRQ
                0x0000000008001744       0x1c build/stm32f4xx_hal_cortex.o
                0x0000000008001744                HAL_NVIC_EnableIRQ
 .text.HAL_SYSTICK_Config
                0x0000000008001760       0x2c build/stm32f4xx_hal_cortex.o
                0x0000000008001760                HAL_SYSTICK_Config
 .text.HAL_InitTick
                0x000000000800178c       0x4c build/stm32f4xx_hal.o
                0x000000000800178c                HAL_InitTick
 .text.HAL_Init
                0x00000000080017d8       0x34 build/stm32f4xx_hal.o
                0x00000000080017d8                HAL_Init
 .text.HAL_IncTick
                0x000000000800180c       0x18 build/stm32f4xx_hal.o
                0x000000000800180c                HAL_IncTick
 .text.HAL_GetTick
                0x0000000008001824        0xc build/stm32f4xx_hal.o
                0x0000000008001824                HAL_GetTick
 .text.HAL_Delay
                0x0000000008001830       0x28 build/stm32f4xx_hal.o
                0x0000000008001830                HAL_Delay
 .text.UART_EndRxTransfer
                0x0000000008001858       0x32 build/stm32f4xx_hal_uart.o
 .text.UART_Transmit_IT
                0x000000000800188a       0x60 build/stm32f4xx_hal_uart.o
 *fill*         0x00000000080018ea        0x2 
 .text.UART_SetConfig
                0x00000000080018ec      0x11c build/stm32f4xx_hal_uart.o
 .text.HAL_UART_Init
                0x0000000008001a08       0x5e build/stm32f4xx_hal_uart.o
                0x0000000008001a08                HAL_UART_Init
 .text.HAL_UART_Transmit_IT
                0x0000000008001a66       0x48 build/stm32f4xx_hal_uart.o
                0x0000000008001a66                HAL_UART_Transmit_IT
 .text.UART_EndTransmit_IT
                0x0000000008001aae       0x1a build/stm32f4xx_hal_uart.o
 .text.HAL_UART_ErrorCallback
                0x0000000008001ac8        0x2 build/stm32f4xx_hal_uart.o
                0x0000000008001ac8                HAL_UART_ErrorCallback
 .text.UART_DMAAbortOnError
                0x0000000008001aca       0x10 build/stm32f4xx_hal_uart.o
 .text.HAL_UART_AbortTransmitCpltCallback
                0x0000000008001ada        0x2 build/stm32f4xx_hal_uart.o
                0x0000000008001ada                HAL_UART_AbortTransmitCpltCallback
 .text.HAL_UART_AbortTransmit_IT
                0x0000000008001adc       0x60 build/stm32f4xx_hal_uart.o
                0x0000000008001adc                HAL_UART_AbortTransmit_IT
 .text.UART_DMATxOnlyAbortCallback
                0x0000000008001b3c       0x14 build/stm32f4xx_hal_uart.o
 .text.HAL_UART_AbortReceiveCpltCallback
                0x0000000008001b50        0x2 build/stm32f4xx_hal_uart.o
                0x0000000008001b50                HAL_UART_AbortReceiveCpltCallback
 *fill*         0x0000000008001b52        0x2 
 .text.HAL_UART_AbortReceive_IT
                0x0000000008001b54       0x84 build/stm32f4xx_hal_uart.o
                0x0000000008001b54                HAL_UART_AbortReceive_IT
 .text.UART_DMARxOnlyAbortCallback
                0x0000000008001bd8       0x16 build/stm32f4xx_hal_uart.o
 .text.HAL_UARTEx_RxEventCallback
                0x0000000008001bee        0x2 build/stm32f4xx_hal_uart.o
                0x0000000008001bee                HAL_UARTEx_RxEventCallback
 .text.UART_Receive_IT
                0x0000000008001bf0       0xba build/stm32f4xx_hal_uart.o
 *fill*         0x0000000008001caa        0x2 
 .text.HAL_UART_IRQHandler
                0x0000000008001cac      0x208 build/stm32f4xx_hal_uart.o
                0x0000000008001cac                HAL_UART_IRQHandler
 .text.UART_Start_Receive_IT
                0x0000000008001eb4       0x36 build/stm32f4xx_hal_uart.o
                0x0000000008001eb4                UART_Start_Receive_IT
 .text.HAL_UART_Receive_IT
                0x0000000008001eea       0x38 build/stm32f4xx_hal_uart.o
                0x0000000008001eea                HAL_UART_Receive_IT
 *fill*         0x0000000008001f22        0x2 
 .text.SystemInit
                0x0000000008001f24       0x14 build/system_stm32f4xx.o
                0x0000000008001f24                SystemInit
 .text.eMBFuncReadCoils
                0x0000000008001f38       0x74 build/mbfunccoils.o
                0x0000000008001f38                eMBFuncReadCoils
 .text.eMBFuncWriteCoil
                0x0000000008001fac       0x60 build/mbfunccoils.o
                0x0000000008001fac                eMBFuncWriteCoil
 .text.eMBFuncWriteMultipleCoils
                0x000000000800200c       0x64 build/mbfunccoils.o
                0x000000000800200c                eMBFuncWriteMultipleCoils
 .text.eMBFuncReadDiscreteInputs
                0x0000000008002070       0x72 build/mbfuncdisc.o
                0x0000000008002070                eMBFuncReadDiscreteInputs
 .text.eMBFuncWriteHoldingRegister
                0x00000000080020e2       0x2c build/mbfuncholding.o
                0x00000000080020e2                eMBFuncWriteHoldingRegister
 .text.eMBFuncWriteMultipleHoldingRegister
                0x000000000800210e       0x52 build/mbfuncholding.o
                0x000000000800210e                eMBFuncWriteMultipleHoldingRegister
 .text.eMBFuncReadHoldingRegister
                0x0000000008002160       0x64 build/mbfuncholding.o
                0x0000000008002160                eMBFuncReadHoldingRegister
 .text.eMBFuncReadWriteMultipleHoldingRegister
                0x00000000080021c4       0xa4 build/mbfuncholding.o
                0x00000000080021c4                eMBFuncReadWriteMultipleHoldingRegister
 .text.eMBFuncReadInputRegister
                0x0000000008002268       0x64 build/mbfuncinput.o
                0x0000000008002268                eMBFuncReadInputRegister
 .text.eMBFuncReportSlaveID
                0x00000000080022cc       0x24 build/mbfuncother.o
                0x00000000080022cc                eMBFuncReportSlaveID
 .text.xMBUtilSetBits
                0x00000000080022f0       0x40 build/mbutils.o
                0x00000000080022f0                xMBUtilSetBits
 .text.xMBUtilGetBits
                0x0000000008002330       0x28 build/mbutils.o
                0x0000000008002330                xMBUtilGetBits
 .text.prveMBError2Exception
                0x0000000008002358       0x18 build/mbutils.o
                0x0000000008002358                prveMBError2Exception
 .text.xMBPortEventInit
                0x0000000008002370       0x10 build/portevent.o
                0x0000000008002370                xMBPortEventInit
 .text.xMBPortEventPost
                0x0000000008002380       0x18 build/portevent.o
                0x0000000008002380                xMBPortEventPost
 .text.xMBPortEventGet
                0x0000000008002398       0x20 build/portevent.o
                0x0000000008002398                xMBPortEventGet
 .text.xMBPortSerialInit
                0x00000000080023b8        0xc build/portserial.o
                0x00000000080023b8                xMBPortSerialInit
 .text.vMBPortSerialEnable
                0x00000000080023c4       0x3c build/portserial.o
                0x00000000080023c4                vMBPortSerialEnable
 .text.xMBPortSerialPutBytes
                0x0000000008002400       0x18 build/portserial.o
                0x0000000008002400                xMBPortSerialPutBytes
 .text.xMBPortSerialGetByte
                0x0000000008002418       0x10 build/portserial.o
                0x0000000008002418                xMBPortSerialGetByte
 .text.HAL_UART_RxCpltCallback
                0x0000000008002428       0x30 build/portserial.o
                0x0000000008002428                HAL_UART_RxCpltCallback
 .text.HAL_UART_TxCpltCallback
                0x0000000008002458       0x20 build/portserial.o
                0x0000000008002458                HAL_UART_TxCpltCallback
 .text.xMBPortTimersInit
                0x0000000008002478       0x14 build/porttimer.o
                0x0000000008002478                xMBPortTimersInit
 .text.vMBPortTimersEnable
                0x000000000800248c       0x1c build/porttimer.o
                0x000000000800248c                vMBPortTimersEnable
 .text.vMBPortTimersDisable
                0x00000000080024a8       0x10 build/porttimer.o
                0x00000000080024a8                vMBPortTimersDisable
 .text.HAL_TIM_PeriodElapsedCallback
                0x00000000080024b8       0x38 build/porttimer.o
                0x00000000080024b8                HAL_TIM_PeriodElapsedCallback
 .text.__critical_enter
                0x00000000080024f0       0x10 build/portcritical.o
                0x00000000080024f0                __critical_enter
 .text.__critical_exit
                0x0000000008002500       0x14 build/portcritical.o
                0x0000000008002500                __critical_exit
 .text.usMBCRC16
                0x0000000008002514       0x30 build/mbcrc.o
                0x0000000008002514                usMBCRC16
 .text.eMBRTUInit
                0x0000000008002544       0x50 build/mbrtu.o
                0x0000000008002544                eMBRTUInit
 .text.eMBRTUStart
                0x0000000008002594       0x20 build/mbrtu.o
                0x0000000008002594                eMBRTUStart
 .text.eMBRTUStop
                0x00000000080025b4       0x18 build/mbrtu.o
                0x00000000080025b4                eMBRTUStop
 .text.eMBRTUReceive
                0x00000000080025cc       0x54 build/mbrtu.o
                0x00000000080025cc                eMBRTUReceive
 .text.eMBRTUSend
                0x0000000008002620       0x94 build/mbrtu.o
                0x0000000008002620                eMBRTUSend
 .text.xMBRTUReceiveFSM
                0x00000000080026b4       0x8c build/mbrtu.o
                0x00000000080026b4                xMBRTUReceiveFSM
 .text.xMBRTUTransmitFSM
                0x0000000008002740       0x60 build/mbrtu.o
                0x0000000008002740                xMBRTUTransmitFSM
 .text.xMBRTUTimerT35Expired
                0x00000000080027a0       0x38 build/mbrtu.o
                0x00000000080027a0                xMBRTUTimerT35Expired
 .text.eMBInit  0x00000000080027d8       0xb4 build/mb.o
                0x00000000080027d8                eMBInit
 .text.eMBEnable
                0x000000000800288c       0x24 build/mb.o
                0x000000000800288c                eMBEnable
 .text.eMBPoll  0x00000000080028b0      0x100 build/mb.o
                0x00000000080028b0                eMBPoll
 .text.eMBRegInputCB
                0x00000000080029b0       0x48 build/user_mb_app.o
                0x00000000080029b0                eMBRegInputCB
 .text.eMBRegHoldingCB
                0x00000000080029f8       0x7c build/user_mb_app.o
                0x00000000080029f8                eMBRegHoldingCB
 .text.eMBRegCoilsCB
                0x0000000008002a74       0xbc build/user_mb_app.o
                0x0000000008002a74                eMBRegCoilsCB
 .text.eMBRegDiscreteCB
                0x0000000008002b30       0x70 build/user_mb_app.o
                0x0000000008002b30                eMBRegDiscreteCB
 .text.MX_GPIO_Init
                0x0000000008002ba0       0x80 build/gpio.o
                0x0000000008002ba0                MX_GPIO_Init
 .text.MX_TIM4_Init
                0x0000000008002c20       0x6c build/tim.o
                0x0000000008002c20                MX_TIM4_Init
 .text.HAL_TIM_PWM_MspInit
                0x0000000008002c8c       0x2c build/tim.o
                0x0000000008002c8c                HAL_TIM_PWM_MspInit
 .text.HAL_TIM_Base_MspInit
                0x0000000008002cb8       0x40 build/tim.o
                0x0000000008002cb8                HAL_TIM_Base_MspInit
 .text.HAL_TIM_MspPostInit
                0x0000000008002cf8       0x58 build/tim.o
                0x0000000008002cf8                HAL_TIM_MspPostInit
 .text.MX_TIM2_Init
                0x0000000008002d50       0x84 build/tim.o
                0x0000000008002d50                MX_TIM2_Init
 .text.MX_USART1_UART_Init
                0x0000000008002dd4       0x34 build/usart.o
                0x0000000008002dd4                MX_USART1_UART_Init
 .text.MX_USART2_UART_Init
                0x0000000008002e08       0x34 build/usart.o
                0x0000000008002e08                MX_USART2_UART_Init
 .text.HAL_UART_MspInit
                0x0000000008002e3c       0xe4 build/usart.o
                0x0000000008002e3c                HAL_UART_MspInit
 .text.MX_SPI1_Init
                0x0000000008002f20       0x40 build/spi.o
                0x0000000008002f20                MX_SPI1_Init
 .text.HAL_SPI_MspInit
                0x0000000008002f60       0x70 build/spi.o
                0x0000000008002f60                HAL_SPI_MspInit
 .text.SPI_WaitFlagStateUntilTimeout
                0x0000000008002fd0       0xd0 build/stm32f4xx_hal_spi.o
 .text.SPI_EndRxTxTransaction
                0x00000000080030a0       0x68 build/stm32f4xx_hal_spi.o
 .text.HAL_SPI_Init
                0x0000000008003108       0xbe build/stm32f4xx_hal_spi.o
                0x0000000008003108                HAL_SPI_Init
 .text.HAL_SPI_TransmitReceive
                0x00000000080031c6      0x238 build/stm32f4xx_hal_spi.o
                0x00000000080031c6                HAL_SPI_TransmitReceive
 *fill*         0x00000000080033fe        0x2 
 .text.W25qxx_Spi
                0x0000000008003400       0x2c build/w25qxx.o
                0x0000000008003400                W25qxx_Spi
 .text.W25qxx_WriteEnable
                0x000000000800342c       0x30 build/w25qxx.o
                0x000000000800342c                W25qxx_WriteEnable
 .text.W25qxx_WaitForWriteEnd
                0x000000000800345c       0x4c build/w25qxx.o
                0x000000000800345c                W25qxx_WaitForWriteEnd
 .text.W25qxx_WriteByte
                0x00000000080034a8       0x88 build/w25qxx.o
                0x00000000080034a8                W25qxx_WriteByte
 .text.W25qxx_ReadByte
                0x0000000008003530       0x84 build/w25qxx.o
                0x0000000008003530                W25qxx_ReadByte
 .text.Reset_Handler
                0x00000000080035b4       0x50 build/startup_stm32f407xx.o
                0x00000000080035b4                Reset_Handler
 .text.Default_Handler
                0x0000000008003604        0x2 build/startup_stm32f407xx.o
                0x0000000008003604                RTC_Alarm_IRQHandler
                0x0000000008003604                HASH_RNG_IRQHandler
                0x0000000008003604                EXTI2_IRQHandler
                0x0000000008003604                TIM8_CC_IRQHandler
                0x0000000008003604                TIM1_CC_IRQHandler
                0x0000000008003604                DMA2_Stream5_IRQHandler
                0x0000000008003604                DMA1_Stream5_IRQHandler
                0x0000000008003604                PVD_IRQHandler
                0x0000000008003604                SDIO_IRQHandler
                0x0000000008003604                TAMP_STAMP_IRQHandler
                0x0000000008003604                CAN2_RX1_IRQHandler
                0x0000000008003604                EXTI3_IRQHandler
                0x0000000008003604                TIM8_TRG_COM_TIM14_IRQHandler
                0x0000000008003604                TIM1_UP_TIM10_IRQHandler
                0x0000000008003604                TIM8_UP_TIM13_IRQHandler
                0x0000000008003604                I2C3_ER_IRQHandler
                0x0000000008003604                EXTI0_IRQHandler
                0x0000000008003604                I2C2_EV_IRQHandler
                0x0000000008003604                DMA1_Stream2_IRQHandler
                0x0000000008003604                CAN1_RX0_IRQHandler
                0x0000000008003604                FPU_IRQHandler
                0x0000000008003604                OTG_HS_WKUP_IRQHandler
                0x0000000008003604                CAN2_SCE_IRQHandler
                0x0000000008003604                DMA2_Stream2_IRQHandler
                0x0000000008003604                SPI1_IRQHandler
                0x0000000008003604                TIM6_DAC_IRQHandler
                0x0000000008003604                TIM1_BRK_TIM9_IRQHandler
                0x0000000008003604                DCMI_IRQHandler
                0x0000000008003604                CAN2_RX0_IRQHandler
                0x0000000008003604                DMA2_Stream3_IRQHandler
                0x0000000008003604                USART6_IRQHandler
                0x0000000008003604                USART3_IRQHandler
                0x0000000008003604                CAN1_RX1_IRQHandler
                0x0000000008003604                UART5_IRQHandler
                0x0000000008003604                DMA2_Stream0_IRQHandler
                0x0000000008003604                I2C1_EV_IRQHandler
                0x0000000008003604                DMA1_Stream6_IRQHandler
                0x0000000008003604                DMA1_Stream1_IRQHandler
                0x0000000008003604                UART4_IRQHandler
                0x0000000008003604                TIM3_IRQHandler
                0x0000000008003604                RCC_IRQHandler
                0x0000000008003604                TIM8_BRK_TIM12_IRQHandler
                0x0000000008003604                Default_Handler
                0x0000000008003604                EXTI15_10_IRQHandler
                0x0000000008003604                ADC_IRQHandler
                0x0000000008003604                DMA1_Stream7_IRQHandler
                0x0000000008003604                TIM7_IRQHandler
                0x0000000008003604                CAN2_TX_IRQHandler
                0x0000000008003604                TIM5_IRQHandler
                0x0000000008003604                DMA2_Stream7_IRQHandler
                0x0000000008003604                I2C3_EV_IRQHandler
                0x0000000008003604                EXTI9_5_IRQHandler
                0x0000000008003604                RTC_WKUP_IRQHandler
                0x0000000008003604                ETH_WKUP_IRQHandler
                0x0000000008003604                SPI2_IRQHandler
                0x0000000008003604                OTG_HS_EP1_IN_IRQHandler
                0x0000000008003604                DMA1_Stream0_IRQHandler
                0x0000000008003604                CAN1_TX_IRQHandler
                0x0000000008003604                EXTI4_IRQHandler
                0x0000000008003604                FSMC_IRQHandler
                0x0000000008003604                ETH_IRQHandler
                0x0000000008003604                OTG_HS_EP1_OUT_IRQHandler
                0x0000000008003604                WWDG_IRQHandler
                0x0000000008003604                TIM2_IRQHandler
                0x0000000008003604                OTG_FS_WKUP_IRQHandler
                0x0000000008003604                TIM1_TRG_COM_TIM11_IRQHandler
                0x0000000008003604                OTG_HS_IRQHandler
                0x0000000008003604                EXTI1_IRQHandler
                0x0000000008003604                I2C2_ER_IRQHandler
                0x0000000008003604                DMA2_Stream1_IRQHandler
                0x0000000008003604                CAN1_SCE_IRQHandler
                0x0000000008003604                FLASH_IRQHandler
                0x0000000008003604                DMA2_Stream4_IRQHandler
                0x0000000008003604                OTG_FS_IRQHandler
                0x0000000008003604                SPI3_IRQHandler
                0x0000000008003604                DMA1_Stream4_IRQHandler
                0x0000000008003604                I2C1_ER_IRQHandler
                0x0000000008003604                DMA2_Stream6_IRQHandler
                0x0000000008003604                DMA1_Stream3_IRQHandler
 *fill*         0x0000000008003606        0x2 
 .text.__libc_init_array
                0x0000000008003608       0x48 c:/vscodeproject/software/arm_gcc/bin/../lib/gcc/arm-none-eabi/9.2.1/../../../../arm-none-eabi/lib/thumb/v7e-m+fp/hard\libc_nano.a(lib_a-init.o)
                0x0000000008003608                __libc_init_array
 .text.memcpy   0x0000000008003650       0x1c c:/vscodeproject/software/arm_gcc/bin/../lib/gcc/arm-none-eabi/9.2.1/../../../../arm-none-eabi/lib/thumb/v7e-m+fp/hard\libc_nano.a(lib_a-memcpy-stub.o)
                0x0000000008003650                memcpy
 .text.memset   0x000000000800366c       0x10 c:/vscodeproject/software/arm_gcc/bin/../lib/gcc/arm-none-eabi/9.2.1/../../../../arm-none-eabi/lib/thumb/v7e-m+fp/hard\libc_nano.a(lib_a-memset.o)
                0x000000000800366c                memset
 .text.__udivmoddi4
                0x000000000800367c      0x2c4 c:/vscodeproject/software/arm_gcc/bin/../lib/gcc/arm-none-eabi/9.2.1/thumb/v7e-m+fp/hard\libgcc.a(_udivmoddi4.o)
                0x000000000800367c                __udivmoddi4
 *(.glue_7)
 .glue_7        0x0000000008003940        0x0 linker stubs
 *(.glue_7t)
 .glue_7t       0x0000000008003940        0x0 linker stubs
 *(.eh_frame)
 .eh_frame      0x0000000008003940        0x0 c:/vscodeproject/software/arm_gcc/bin/../lib/gcc/arm-none-eabi/9.2.1/thumb/v7e-m+fp/hard/crtbegin.o
 *(.init)
 .init          0x0000000008003940        0x4 c:/vscodeproject/software/arm_gcc/bin/../lib/gcc/arm-none-eabi/9.2.1/thumb/v7e-m+fp/hard/crti.o
                0x0000000008003940                _init
 .init          0x0000000008003944        0x8 c:/vscodeproject/software/arm_gcc/bin/../lib/gcc/arm-none-eabi/9.2.1/thumb/v7e-m+fp/hard/crtn.o
 *(.fini)
 .fini          0x000000000800394c        0x4 c:/vscodeproject/software/arm_gcc/bin/../lib/gcc/arm-none-eabi/9.2.1/thumb/v7e-m+fp/hard/crti.o
                0x000000000800394c                _fini
 .fini          0x0000000008003950        0x8 c:/vscodeproject/software/arm_gcc/bin/../lib/gcc/arm-none-eabi/9.2.1/thumb/v7e-m+fp/hard/crtn.o
                0x0000000008003958                . = ALIGN (0x4)
                0x0000000008003958                _etext = .

.vfp11_veneer   0x0000000008003958        0x0
 .vfp11_veneer  0x0000000008003958        0x0 linker stubs

.v4_bx          0x0000000008003958        0x0
 .v4_bx         0x0000000008003958        0x0 linker stubs

.iplt           0x0000000008003958        0x0
 .iplt          0x0000000008003958        0x0 c:/vscodeproject/software/arm_gcc/bin/../lib/gcc/arm-none-eabi/9.2.1/thumb/v7e-m+fp/hard/crtbegin.o

.rodata         0x0000000008003958      0x218
                0x0000000008003958                . = ALIGN (0x4)
 *(.rodata)
 *(.rodata*)
 .rodata.AHBPrescTable
                0x0000000008003958       0x10 build/system_stm32f4xx.o
                0x0000000008003958                AHBPrescTable
 .rodata.APBPrescTable
                0x0000000008003968        0x8 build/system_stm32f4xx.o
                0x0000000008003968                APBPrescTable
 .rodata.aucCRCHi
                0x0000000008003970      0x100 build/mbcrc.o
 .rodata.aucCRCLo
                0x0000000008003a70      0x100 build/mbcrc.o
                0x0000000008003b70                . = ALIGN (0x4)

.ARM.extab
 *(.ARM.extab* .gnu.linkonce.armextab.*)

.ARM            0x0000000008003b70        0x8
                0x0000000008003b70                __exidx_start = .
 *(.ARM.exidx*)
 .ARM.exidx.text.__udivmoddi4
                0x0000000008003b70        0x8 c:/vscodeproject/software/arm_gcc/bin/../lib/gcc/arm-none-eabi/9.2.1/thumb/v7e-m+fp/hard\libgcc.a(_udivmoddi4.o)
                0x0000000008003b78                __exidx_end = .

.rel.dyn        0x0000000008003b78        0x0
 .rel.iplt      0x0000000008003b78        0x0 c:/vscodeproject/software/arm_gcc/bin/../lib/gcc/arm-none-eabi/9.2.1/thumb/v7e-m+fp/hard/crtbegin.o

.preinit_array  0x0000000008003b78        0x0
                0x0000000008003b78                PROVIDE (__preinit_array_start = .)
 *(.preinit_array*)
                0x0000000008003b78                PROVIDE (__preinit_array_end = .)

.init_array     0x0000000008003b78        0x4
                0x0000000008003b78                PROVIDE (__init_array_start = .)
 *(SORT_BY_NAME(.init_array.*))
 *(.init_array*)
 .init_array    0x0000000008003b78        0x4 c:/vscodeproject/software/arm_gcc/bin/../lib/gcc/arm-none-eabi/9.2.1/thumb/v7e-m+fp/hard/crtbegin.o
                0x0000000008003b7c                PROVIDE (__init_array_end = .)

.fini_array     0x0000000008003b7c        0x4
                [!provide]                        PROVIDE (__fini_array_start = .)
 *(SORT_BY_NAME(.fini_array.*))
 *(.fini_array*)
 .fini_array    0x0000000008003b7c        0x4 c:/vscodeproject/software/arm_gcc/bin/../lib/gcc/arm-none-eabi/9.2.1/thumb/v7e-m+fp/hard/crtbegin.o
                [!provide]                        PROVIDE (__fini_array_end = .)
                0x0000000008003b80                _sidata = LOADADDR (.data)

.data           0x0000000020000000       0x90 load address 0x0000000008003b80
                0x0000000020000000                . = ALIGN (0x4)
                0x0000000020000000                _sdata = .
 *(.data)
 *(.data*)
 .data.uwTickFreq
                0x0000000020000000        0x1 build/stm32f4xx_hal.o
                0x0000000020000000                uwTickFreq
 *fill*         0x0000000020000001        0x3 
 .data.uwTickPrio
                0x0000000020000004        0x4 build/stm32f4xx_hal.o
                0x0000000020000004                uwTickPrio
 .data.SystemCoreClock
                0x0000000020000008        0x4 build/system_stm32f4xx.o
                0x0000000020000008                SystemCoreClock
 .data.eMBState
                0x000000002000000c        0x1 build/mb.o
 *fill*         0x000000002000000d        0x3 
 .data.xFuncHandlers
                0x0000000020000010       0x80 build/mb.o
                0x0000000020000090                . = ALIGN (0x4)
                0x0000000020000090                _edata = .
                0x0000000008003c10                _siccmram = LOADADDR (.ccmram)

.igot.plt       0x0000000020000090        0x0 load address 0x0000000008003c10
 .igot.plt      0x0000000020000090        0x0 c:/vscodeproject/software/arm_gcc/bin/../lib/gcc/arm-none-eabi/9.2.1/thumb/v7e-m+fp/hard/crtbegin.o

.ccmram         0x0000000010000000        0x0 load address 0x0000000008003c10
                0x0000000010000000                . = ALIGN (0x4)
                0x0000000010000000                _sccmram = .
 *(.ccmram)
 *(.ccmram*)
                0x0000000010000000                . = ALIGN (0x4)
                0x0000000010000000                _eccmram = .
                0x0000000010000000                . = ALIGN (0x4)

.bss            0x0000000020000090      0x370
                0x0000000020000090                _sbss = .
                0x0000000020000090                __bss_start__ = _sbss
 *(.bss)
 *(.bss*)
 .bss.completed.10274
                0x0000000020000090        0x1 c:/vscodeproject/software/arm_gcc/bin/../lib/gcc/arm-none-eabi/9.2.1/thumb/v7e-m+fp/hard/crtbegin.o
 *fill*         0x0000000020000091        0x3 
 .bss.object.10279
                0x0000000020000094       0x18 c:/vscodeproject/software/arm_gcc/bin/../lib/gcc/arm-none-eabi/9.2.1/thumb/v7e-m+fp/hard/crtbegin.o
 .bss.ucMBSlaveID
                0x00000000200000ac       0x20 build/mbfuncother.o
 .bss.usMBSlaveIDLen
                0x00000000200000cc        0x2 build/mbfuncother.o
 .bss.eQueuedEvent
                0x00000000200000ce        0x1 build/portevent.o
 .bss.xEventInQueue
                0x00000000200000cf        0x1 build/portevent.o
 .bss.singlechar
                0x00000000200000d0        0x1 build/portserial.o
 *fill*         0x00000000200000d1        0x1 
 .bss.counter   0x00000000200000d2        0x2 build/porttimer.o
                0x00000000200000d2                counter
 .bss.timeout   0x00000000200000d4        0x2 build/porttimer.o
 *fill*         0x00000000200000d6        0x2 
 .bss.lock_count
                0x00000000200000d8        0x4 build/portcritical.o
 .bss.eRcvState
                0x00000000200000dc        0x1 build/mbrtu.o
 .bss.eSndState
                0x00000000200000dd        0x1 build/mbrtu.o
 *fill*         0x00000000200000de        0x2 
 .bss.pucSndBufferCur
                0x00000000200000e0        0x4 build/mbrtu.o
 .bss.usRcvBufferPos
                0x00000000200000e4        0x2 build/mbrtu.o
 .bss.usSndBufferCount
                0x00000000200000e6        0x2 build/mbrtu.o
 .bss.eException.9573
                0x00000000200000e8        0x1 build/mb.o
 *fill*         0x00000000200000e9        0x3 
 .bss.peMBFrameReceiveCur
                0x00000000200000ec        0x4 build/mb.o
 .bss.peMBFrameSendCur
                0x00000000200000f0        0x4 build/mb.o
 .bss.pvMBFrameCloseCur
                0x00000000200000f4        0x4 build/mb.o
 .bss.pvMBFrameStartCur
                0x00000000200000f8        0x4 build/mb.o
 .bss.pvMBFrameStopCur
                0x00000000200000fc        0x4 build/mb.o
 .bss.ucFunctionCode.9571
                0x0000000020000100        0x1 build/mb.o
 .bss.ucMBAddress
                0x0000000020000101        0x1 build/mb.o
 *fill*         0x0000000020000102        0x2 
 .bss.ucMBFrame.9569
                0x0000000020000104        0x4 build/mb.o
 .bss.ucRcvAddress.9570
                0x0000000020000108        0x1 build/mb.o
 *fill*         0x0000000020000109        0x1 
 .bss.usLength.9572
                0x000000002000010a        0x2 build/mb.o
 .bss.usSCoilStart
                0x000000002000010c        0x2 build/user_mb_app.o
                0x000000002000010c                usSCoilStart
 .bss.usSDiscInStart
                0x000000002000010e        0x2 build/user_mb_app.o
                0x000000002000010e                usSDiscInStart
 .bss.usSRegHoldStart
                0x0000000020000110        0x2 build/user_mb_app.o
                0x0000000020000110                usSRegHoldStart
 .bss.usSRegInStart
                0x0000000020000112        0x2 build/user_mb_app.o
                0x0000000020000112                usSRegInStart
 *(COMMON)
 COMMON         0x0000000020000114        0x4 build/stm32f4xx_hal.o
                0x0000000020000114                uwTick
 COMMON         0x0000000020000118        0x4 build/portserial.o
                0x0000000020000118                uart
 COMMON         0x000000002000011c        0x5 build/porttimer.o
                0x000000002000011c                tim
                0x0000000020000120                var
 *fill*         0x0000000020000121        0x3 
 COMMON         0x0000000020000124      0x100 build/mbrtu.o
                0x0000000020000124                ucRTUBuf
 COMMON         0x0000000020000224       0x14 build/mb.o
                0x0000000020000224                pxMBFrameCBTransmitterEmpty
                0x0000000020000228                pxMBPortCBTimerExpired
                0x000000002000022c                pxMBFrameCBByteReceived
                0x0000000020000230                pxMBFrameCBTransmitFSMCur
                0x0000000020000234                pxMBFrameCBReceiveFSMCur
 COMMON         0x0000000020000238       0x30 build/user_mb_app.o
                0x0000000020000238                ucSCoilBuf
                0x000000002000023c                ucSDiscInBuf
                0x0000000020000240                usSRegHoldBuf
                0x0000000020000254                usSRegInBuf
 COMMON         0x0000000020000268       0x90 build/tim.o
                0x0000000020000268                htim4
                0x00000000200002b0                htim2
 COMMON         0x00000000200002f8       0x88 build/usart.o
                0x00000000200002f8                huart1
                0x000000002000033c                huart2
 COMMON         0x0000000020000380       0x58 build/spi.o
                0x0000000020000380                hspi1
 COMMON         0x00000000200003d8       0x28 build/w25qxx.o
                0x00000000200003d8                w25qxx
                0x0000000020000400                . = ALIGN (0x4)
                0x0000000020000400                _ebss = .
                0x0000000020000400                __bss_end__ = _ebss

._user_heap_stack
                0x0000000020000400      0x600
                0x0000000020000400                . = ALIGN (0x8)
                0x0000000020000400                PROVIDE (end = .)
                [!provide]                        PROVIDE (_end = .)
                0x0000000020000600                . = (. + _Min_Heap_Size)
 *fill*         0x0000000020000400      0x200 
                0x0000000020000a00                . = (. + _Min_Stack_Size)
 *fill*         0x0000000020000600      0x400 
                0x0000000020000a00                . = ALIGN (0x8)

/DISCARD/
 libc.a(*)
 libm.a(*)
 libgcc.a(*)

.ARM.attributes
                0x0000000000000000       0x30
 *(.ARM.attributes)
 .ARM.attributes
                0x0000000000000000       0x1e c:/vscodeproject/software/arm_gcc/bin/../lib/gcc/arm-none-eabi/9.2.1/thumb/v7e-m+fp/hard/crti.o
 .ARM.attributes
                0x000000000000001e       0x34 c:/vscodeproject/software/arm_gcc/bin/../lib/gcc/arm-none-eabi/9.2.1/thumb/v7e-m+fp/hard/crtbegin.o
 .ARM.attributes
                0x0000000000000052       0x34 build/main.o
 .ARM.attributes
                0x0000000000000086       0x34 build/stm32f4xx_it.o
 .ARM.attributes
                0x00000000000000ba       0x34 build/stm32f4xx_hal_msp.o
 .ARM.attributes
                0x00000000000000ee       0x34 build/stm32f4xx_hal_tim.o
 .ARM.attributes
                0x0000000000000122       0x34 build/stm32f4xx_hal_tim_ex.o
 .ARM.attributes
                0x0000000000000156       0x34 build/stm32f4xx_hal_rcc.o
 .ARM.attributes
                0x000000000000018a       0x34 build/stm32f4xx_hal_gpio.o
 .ARM.attributes
                0x00000000000001be       0x34 build/stm32f4xx_hal_dma.o
 .ARM.attributes
                0x00000000000001f2       0x34 build/stm32f4xx_hal_cortex.o
 .ARM.attributes
                0x0000000000000226       0x34 build/stm32f4xx_hal.o
 .ARM.attributes
                0x000000000000025a       0x34 build/stm32f4xx_hal_uart.o
 .ARM.attributes
                0x000000000000028e       0x34 build/system_stm32f4xx.o
 .ARM.attributes
                0x00000000000002c2       0x34 build/mbfunccoils.o
 .ARM.attributes
                0x00000000000002f6       0x34 build/mbfuncdisc.o
 .ARM.attributes
                0x000000000000032a       0x34 build/mbfuncholding.o
 .ARM.attributes
                0x000000000000035e       0x34 build/mbfuncinput.o
 .ARM.attributes
                0x0000000000000392       0x34 build/mbfuncother.o
 .ARM.attributes
                0x00000000000003c6       0x34 build/mbutils.o
 .ARM.attributes
                0x00000000000003fa       0x34 build/portevent.o
 .ARM.attributes
                0x000000000000042e       0x34 build/portserial.o
 .ARM.attributes
                0x0000000000000462       0x34 build/porttimer.o
 .ARM.attributes
                0x0000000000000496       0x34 build/portcritical.o
 .ARM.attributes
                0x00000000000004ca       0x34 build/mbcrc.o
 .ARM.attributes
                0x00000000000004fe       0x34 build/mbrtu.o
 .ARM.attributes
                0x0000000000000532       0x34 build/mb.o
 .ARM.attributes
                0x0000000000000566       0x34 build/user_mb_app.o
 .ARM.attributes
                0x000000000000059a       0x34 build/gpio.o
 .ARM.attributes
                0x00000000000005ce       0x34 build/tim.o
 .ARM.attributes
                0x0000000000000602       0x34 build/usart.o
 .ARM.attributes
                0x0000000000000636       0x34 build/spi.o
 .ARM.attributes
                0x000000000000066a       0x34 build/stm32f4xx_hal_spi.o
 .ARM.attributes
                0x000000000000069e       0x34 build/w25qxx.o
 .ARM.attributes
                0x00000000000006d2       0x21 build/startup_stm32f407xx.o
 .ARM.attributes
                0x00000000000006f3       0x34 c:/vscodeproject/software/arm_gcc/bin/../lib/gcc/arm-none-eabi/9.2.1/../../../../arm-none-eabi/lib/thumb/v7e-m+fp/hard\libc_nano.a(lib_a-init.o)
 .ARM.attributes
                0x0000000000000727       0x34 c:/vscodeproject/software/arm_gcc/bin/../lib/gcc/arm-none-eabi/9.2.1/../../../../arm-none-eabi/lib/thumb/v7e-m+fp/hard\libc_nano.a(lib_a-memcpy-stub.o)
 .ARM.attributes
                0x000000000000075b       0x34 c:/vscodeproject/software/arm_gcc/bin/../lib/gcc/arm-none-eabi/9.2.1/../../../../arm-none-eabi/lib/thumb/v7e-m+fp/hard\libc_nano.a(lib_a-memset.o)
 .ARM.attributes
                0x000000000000078f       0x1e c:/vscodeproject/software/arm_gcc/bin/../lib/gcc/arm-none-eabi/9.2.1/thumb/v7e-m+fp/hard\libgcc.a(_aeabi_uldivmod.o)
 .ARM.attributes
                0x00000000000007ad       0x34 c:/vscodeproject/software/arm_gcc/bin/../lib/gcc/arm-none-eabi/9.2.1/thumb/v7e-m+fp/hard\libgcc.a(_udivmoddi4.o)
 .ARM.attributes
                0x00000000000007e1       0x1e c:/vscodeproject/software/arm_gcc/bin/../lib/gcc/arm-none-eabi/9.2.1/thumb/v7e-m+fp/hard\libgcc.a(_dvmd_tls.o)
 .ARM.attributes
                0x00000000000007ff       0x1e c:/vscodeproject/software/arm_gcc/bin/../lib/gcc/arm-none-eabi/9.2.1/thumb/v7e-m+fp/hard/crtn.o
OUTPUT(build/studyMCU_407.elf elf32-littlearm)

.debug_info     0x0000000000000000    0x20d3a
 .debug_info    0x0000000000000000     0x16ee build/main.o
 .debug_info    0x00000000000016ee      0xbfc build/stm32f4xx_it.o
 .debug_info    0x00000000000022ea      0x3e5 build/stm32f4xx_hal_msp.o
 .debug_info    0x00000000000026cf     0x3f02 build/stm32f4xx_hal_tim.o
 .debug_info    0x00000000000065d1     0x1cbb build/stm32f4xx_hal_tim_ex.o
 .debug_info    0x000000000000828c      0xc44 build/stm32f4xx_hal_rcc.o
 .debug_info    0x0000000000008ed0      0x92a build/stm32f4xx_hal_gpio.o
 .debug_info    0x00000000000097fa      0xc8b build/stm32f4xx_hal_dma.o
 .debug_info    0x000000000000a485     0x123e build/stm32f4xx_hal_cortex.o
 .debug_info    0x000000000000b6c3      0xb5e build/stm32f4xx_hal.o
 .debug_info    0x000000000000c221     0x1f4e build/stm32f4xx_hal_uart.o
 .debug_info    0x000000000000e16f      0x63c build/system_stm32f4xx.o
 .debug_info    0x000000000000e7ab      0xf34 build/mbfunccoils.o
 .debug_info    0x000000000000f6df      0xd65 build/mbfuncdisc.o
 .debug_info    0x0000000000010444     0x1019 build/mbfuncholding.o
 .debug_info    0x000000000001145d      0xd57 build/mbfuncinput.o
 .debug_info    0x00000000000121b4      0xdc7 build/mbfuncother.o
 .debug_info    0x0000000000012f7b      0xe1b build/mbutils.o
 .debug_info    0x0000000000013d96      0x2f2 build/portevent.o
 .debug_info    0x0000000000014088      0xa2d build/portserial.o
 .debug_info    0x0000000000014ab5      0x9d6 build/porttimer.o
 .debug_info    0x000000000001548b      0x214 build/portcritical.o
 .debug_info    0x000000000001569f      0x28d build/mbcrc.o
 .debug_info    0x000000000001592c     0x1210 build/mbrtu.o
 .debug_info    0x0000000000016b3c     0x1218 build/mb.o
 .debug_info    0x0000000000017d54      0x78a build/user_mb_app.o
 .debug_info    0x00000000000184de      0x5bc build/gpio.o
 .debug_info    0x0000000000018a9a     0x123b build/tim.o
 .debug_info    0x0000000000019cd5      0xf44 build/usart.o
 .debug_info    0x000000000001ac19      0xbf9 build/spi.o
 .debug_info    0x000000000001b812     0x20e8 build/stm32f4xx_hal_spi.o
 .debug_info    0x000000000001d8fa     0x341e build/w25qxx.o
 .debug_info    0x0000000000020d18       0x22 build/startup_stm32f407xx.o

.debug_abbrev   0x0000000000000000     0x47ac
 .debug_abbrev  0x0000000000000000      0x287 build/main.o
 .debug_abbrev  0x0000000000000287      0x1aa build/stm32f4xx_it.o
 .debug_abbrev  0x0000000000000431      0x11c build/stm32f4xx_hal_msp.o
 .debug_abbrev  0x000000000000054d      0x2af build/stm32f4xx_hal_tim.o
 .debug_abbrev  0x00000000000007fc      0x2ab build/stm32f4xx_hal_tim_ex.o
 .debug_abbrev  0x0000000000000aa7      0x2cd build/stm32f4xx_hal_rcc.o
 .debug_abbrev  0x0000000000000d74      0x258 build/stm32f4xx_hal_gpio.o
 .debug_abbrev  0x0000000000000fcc      0x312 build/stm32f4xx_hal_dma.o
 .debug_abbrev  0x00000000000012de      0x3a8 build/stm32f4xx_hal_cortex.o
 .debug_abbrev  0x0000000000001686      0x21c build/stm32f4xx_hal.o
 .debug_abbrev  0x00000000000018a2      0x318 build/stm32f4xx_hal_uart.o
 .debug_abbrev  0x0000000000001bba      0x14a build/system_stm32f4xx.o
 .debug_abbrev  0x0000000000001d04      0x264 build/mbfunccoils.o
 .debug_abbrev  0x0000000000001f68      0x253 build/mbfuncdisc.o
 .debug_abbrev  0x00000000000021bb      0x25e build/mbfuncholding.o
 .debug_abbrev  0x0000000000002419      0x253 build/mbfuncinput.o
 .debug_abbrev  0x000000000000266c      0x241 build/mbfuncother.o
 .debug_abbrev  0x00000000000028ad      0x250 build/mbutils.o
 .debug_abbrev  0x0000000000002afd      0x122 build/portevent.o
 .debug_abbrev  0x0000000000002c1f      0x237 build/portserial.o
 .debug_abbrev  0x0000000000002e56      0x220 build/porttimer.o
 .debug_abbrev  0x0000000000003076       0xf1 build/portcritical.o
 .debug_abbrev  0x0000000000003167       0xfd build/mbcrc.o
 .debug_abbrev  0x0000000000003264      0x2cd build/mbrtu.o
 .debug_abbrev  0x0000000000003531      0x300 build/mb.o
 .debug_abbrev  0x0000000000003831      0x162 build/user_mb_app.o
 .debug_abbrev  0x0000000000003993      0x17e build/gpio.o
 .debug_abbrev  0x0000000000003b11      0x243 build/tim.o
 .debug_abbrev  0x0000000000003d54      0x1fa build/usart.o
 .debug_abbrev  0x0000000000003f4e      0x1f1 build/spi.o
 .debug_abbrev  0x000000000000413f      0x2d2 build/stm32f4xx_hal_spi.o
 .debug_abbrev  0x0000000000004411      0x389 build/w25qxx.o
 .debug_abbrev  0x000000000000479a       0x12 build/startup_stm32f407xx.o

.debug_loc      0x0000000000000000    0x12784
 .debug_loc     0x0000000000000000       0xa4 build/main.o
 .debug_loc     0x00000000000000a4       0x80 build/stm32f4xx_it.o
 .debug_loc     0x0000000000000124       0x2c build/stm32f4xx_hal_msp.o
 .debug_loc     0x0000000000000150     0x52a7 build/stm32f4xx_hal_tim.o
 .debug_loc     0x00000000000053f7     0x1f68 build/stm32f4xx_hal_tim_ex.o
 .debug_loc     0x000000000000735f      0x6c7 build/stm32f4xx_hal_rcc.o
 .debug_loc     0x0000000000007a26      0x5db build/stm32f4xx_hal_gpio.o
 .debug_loc     0x0000000000008001      0xd6d build/stm32f4xx_hal_dma.o
 .debug_loc     0x0000000000008d6e      0x7d4 build/stm32f4xx_hal_cortex.o
 .debug_loc     0x0000000000009542      0x1e1 build/stm32f4xx_hal.o
 .debug_loc     0x0000000000009723     0x265b build/stm32f4xx_hal_uart.o
 .debug_loc     0x000000000000bd7e      0x16c build/system_stm32f4xx.o
 .debug_loc     0x000000000000beea      0x6d6 build/mbfunccoils.o
 .debug_loc     0x000000000000c5c0      0x289 build/mbfuncdisc.o
 .debug_loc     0x000000000000c849      0x809 build/mbfuncholding.o
 .debug_loc     0x000000000000d052      0x1d8 build/mbfuncinput.o
 .debug_loc     0x000000000000d22a      0x220 build/mbfuncother.o
 .debug_loc     0x000000000000d44a      0x37a build/mbutils.o
 .debug_loc     0x000000000000d7c4       0x89 build/portevent.o
 .debug_loc     0x000000000000d84d      0x2a5 build/portserial.o
 .debug_loc     0x000000000000daf2       0xc8 build/porttimer.o
 .debug_loc     0x000000000000dbba      0x103 build/mbcrc.o
 .debug_loc     0x000000000000dcbd      0x469 build/mbrtu.o
 .debug_loc     0x000000000000e126      0x459 build/mb.o
 .debug_loc     0x000000000000e57f      0x7e8 build/user_mb_app.o
 .debug_loc     0x000000000000ed67       0x38 build/gpio.o
 .debug_loc     0x000000000000ed9f      0x1f9 build/tim.o
 .debug_loc     0x000000000000ef98      0x162 build/usart.o
 .debug_loc     0x000000000000f0fa      0x108 build/spi.o
 .debug_loc     0x000000000000f202     0x24e5 build/stm32f4xx_hal_spi.o
 .debug_loc     0x00000000000116e7     0x109d build/w25qxx.o

.debug_aranges  0x0000000000000000     0x11c8
 .debug_aranges
                0x0000000000000000       0x30 build/main.o
 .debug_aranges
                0x0000000000000030       0x78 build/stm32f4xx_it.o
 .debug_aranges
                0x00000000000000a8       0x20 build/stm32f4xx_hal_msp.o
 .debug_aranges
                0x00000000000000c8      0x3d0 build/stm32f4xx_hal_tim.o
 .debug_aranges
                0x0000000000000498      0x168 build/stm32f4xx_hal_tim_ex.o
 .debug_aranges
                0x0000000000000600       0x88 build/stm32f4xx_hal_rcc.o
 .debug_aranges
                0x0000000000000688       0x58 build/stm32f4xx_hal_gpio.o
 .debug_aranges
                0x00000000000006e0       0x90 build/stm32f4xx_hal_dma.o
 .debug_aranges
                0x0000000000000770       0xa8 build/stm32f4xx_hal_cortex.o
 .debug_aranges
                0x0000000000000818       0xf0 build/stm32f4xx_hal.o
 .debug_aranges
                0x0000000000000908      0x200 build/stm32f4xx_hal_uart.o
 .debug_aranges
                0x0000000000000b08       0x28 build/system_stm32f4xx.o
 .debug_aranges
                0x0000000000000b30       0x30 build/mbfunccoils.o
 .debug_aranges
                0x0000000000000b60       0x20 build/mbfuncdisc.o
 .debug_aranges
                0x0000000000000b80       0x38 build/mbfuncholding.o
 .debug_aranges
                0x0000000000000bb8       0x20 build/mbfuncinput.o
 .debug_aranges
                0x0000000000000bd8       0x28 build/mbfuncother.o
 .debug_aranges
                0x0000000000000c00       0x30 build/mbutils.o
 .debug_aranges
                0x0000000000000c30       0x30 build/portevent.o
 .debug_aranges
                0x0000000000000c60       0x58 build/portserial.o
 .debug_aranges
                0x0000000000000cb8       0x38 build/porttimer.o
 .debug_aranges
                0x0000000000000cf0       0x28 build/portcritical.o
 .debug_aranges
                0x0000000000000d18       0x20 build/mbcrc.o
 .debug_aranges
                0x0000000000000d38       0x58 build/mbrtu.o
 .debug_aranges
                0x0000000000000d90       0x48 build/mb.o
 .debug_aranges
                0x0000000000000dd8       0x38 build/user_mb_app.o
 .debug_aranges
                0x0000000000000e10       0x20 build/gpio.o
 .debug_aranges
                0x0000000000000e30       0x50 build/tim.o
 .debug_aranges
                0x0000000000000e80       0x38 build/usart.o
 .debug_aranges
                0x0000000000000eb8       0x30 build/spi.o
 .debug_aranges
                0x0000000000000ee8      0x1d0 build/stm32f4xx_hal_spi.o
 .debug_aranges
                0x00000000000010b8       0xe8 build/w25qxx.o
 .debug_aranges
                0x00000000000011a0       0x28 build/startup_stm32f407xx.o

.debug_ranges   0x0000000000000000     0x10c0
 .debug_ranges  0x0000000000000000       0x20 build/main.o
 .debug_ranges  0x0000000000000020       0x68 build/stm32f4xx_it.o
 .debug_ranges  0x0000000000000088       0x10 build/stm32f4xx_hal_msp.o
 .debug_ranges  0x0000000000000098      0x3c0 build/stm32f4xx_hal_tim.o
 .debug_ranges  0x0000000000000458      0x158 build/stm32f4xx_hal_tim_ex.o
 .debug_ranges  0x00000000000005b0       0x90 build/stm32f4xx_hal_rcc.o
 .debug_ranges  0x0000000000000640       0x48 build/stm32f4xx_hal_gpio.o
 .debug_ranges  0x0000000000000688       0x80 build/stm32f4xx_hal_dma.o
 .debug_ranges  0x0000000000000708       0xf8 build/stm32f4xx_hal_cortex.o
 .debug_ranges  0x0000000000000800       0xe0 build/stm32f4xx_hal.o
 .debug_ranges  0x00000000000008e0      0x1f0 build/stm32f4xx_hal_uart.o
 .debug_ranges  0x0000000000000ad0       0x18 build/system_stm32f4xx.o
 .debug_ranges  0x0000000000000ae8       0x20 build/mbfunccoils.o
 .debug_ranges  0x0000000000000b08       0x10 build/mbfuncdisc.o
 .debug_ranges  0x0000000000000b18       0x28 build/mbfuncholding.o
 .debug_ranges  0x0000000000000b40       0x10 build/mbfuncinput.o
 .debug_ranges  0x0000000000000b50       0x18 build/mbfuncother.o
 .debug_ranges  0x0000000000000b68       0x20 build/mbutils.o
 .debug_ranges  0x0000000000000b88       0x20 build/portevent.o
 .debug_ranges  0x0000000000000ba8       0x48 build/portserial.o
 .debug_ranges  0x0000000000000bf0       0x28 build/porttimer.o
 .debug_ranges  0x0000000000000c18       0x18 build/portcritical.o
 .debug_ranges  0x0000000000000c30       0x10 build/mbcrc.o
 .debug_ranges  0x0000000000000c40       0x48 build/mbrtu.o
 .debug_ranges  0x0000000000000c88       0x38 build/mb.o
 .debug_ranges  0x0000000000000cc0       0x28 build/user_mb_app.o
 .debug_ranges  0x0000000000000ce8       0x10 build/gpio.o
 .debug_ranges  0x0000000000000cf8       0x40 build/tim.o
 .debug_ranges  0x0000000000000d38       0x28 build/usart.o
 .debug_ranges  0x0000000000000d60       0x20 build/spi.o
 .debug_ranges  0x0000000000000d80      0x1c0 build/stm32f4xx_hal_spi.o
 .debug_ranges  0x0000000000000f40      0x160 build/w25qxx.o
 .debug_ranges  0x00000000000010a0       0x20 build/startup_stm32f407xx.o

.debug_line     0x0000000000000000    0x1356b
 .debug_line    0x0000000000000000      0x464 build/main.o
 .debug_line    0x0000000000000464      0x32c build/stm32f4xx_it.o
 .debug_line    0x0000000000000790      0x1a2 build/stm32f4xx_hal_msp.o
 .debug_line    0x0000000000000932     0x4807 build/stm32f4xx_hal_tim.o
 .debug_line    0x0000000000005139     0x1c7b build/stm32f4xx_hal_tim_ex.o
 .debug_line    0x0000000000006db4      0xb14 build/stm32f4xx_hal_rcc.o
 .debug_line    0x00000000000078c8      0x70d build/stm32f4xx_hal_gpio.o
 .debug_line    0x0000000000007fd5      0xe05 build/stm32f4xx_hal_dma.o
 .debug_line    0x0000000000008dda      0x780 build/stm32f4xx_hal_cortex.o
 .debug_line    0x000000000000955a      0x543 build/stm32f4xx_hal.o
 .debug_line    0x0000000000009a9d     0x20d6 build/stm32f4xx_hal_uart.o
 .debug_line    0x000000000000bb73      0x25f build/system_stm32f4xx.o
 .debug_line    0x000000000000bdd2      0x50d build/mbfunccoils.o
 .debug_line    0x000000000000c2df      0x375 build/mbfuncdisc.o
 .debug_line    0x000000000000c654      0x5ab build/mbfuncholding.o
 .debug_line    0x000000000000cbff      0x359 build/mbfuncinput.o
 .debug_line    0x000000000000cf58      0x353 build/mbfuncother.o
 .debug_line    0x000000000000d2ab      0x399 build/mbutils.o
 .debug_line    0x000000000000d644      0x233 build/portevent.o
 .debug_line    0x000000000000d877      0x33b build/portserial.o
 .debug_line    0x000000000000dbb2      0x29b build/porttimer.o
 .debug_line    0x000000000000de4d      0x1ef build/portcritical.o
 .debug_line    0x000000000000e03c      0x1eb build/mbcrc.o
 .debug_line    0x000000000000e227      0x51d build/mbrtu.o
 .debug_line    0x000000000000e744      0x62a build/mb.o
 .debug_line    0x000000000000ed6e      0x4d5 build/user_mb_app.o
 .debug_line    0x000000000000f243      0x1dc build/gpio.o
 .debug_line    0x000000000000f41f      0x47d build/tim.o
 .debug_line    0x000000000000f89c      0x3d1 build/usart.o
 .debug_line    0x000000000000fc6d      0x308 build/spi.o
 .debug_line    0x000000000000ff75     0x24d9 build/stm32f4xx_hal_spi.o
 .debug_line    0x000000000001244e     0x10a7 build/w25qxx.o
 .debug_line    0x00000000000134f5       0x76 build/startup_stm32f407xx.o

.debug_str      0x0000000000000000     0x5920
 .debug_str     0x0000000000000000      0xf5b build/main.o
                                       0x1092 (size before relaxing)
 .debug_str     0x0000000000000f5b      0x10a build/stm32f4xx_it.o
                                        0xa90 (size before relaxing)
 .debug_str     0x0000000000001065       0x24 build/stm32f4xx_hal_msp.o
                                        0x38f (size before relaxing)
 .debug_str     0x0000000000001089      0xf1a build/stm32f4xx_hal_tim.o
                                       0x178b (size before relaxing)
 .debug_str     0x0000000000001fa3      0x591 build/stm32f4xx_hal_tim_ex.o
                                        0xf8c (size before relaxing)
 .debug_str     0x0000000000002534      0x253 build/stm32f4xx_hal_rcc.o
                                        0x785 (size before relaxing)
 .debug_str     0x0000000000002787      0x163 build/stm32f4xx_hal_gpio.o
                                        0x5a7 (size before relaxing)
 .debug_str     0x00000000000028ea      0x2d6 build/stm32f4xx_hal_dma.o
                                        0x82d (size before relaxing)
 .debug_str     0x0000000000002bc0      0x9f5 build/stm32f4xx_hal_cortex.o
                                        0xce1 (size before relaxing)
 .debug_str     0x00000000000035b5      0x21f build/stm32f4xx_hal.o
                                        0xba2 (size before relaxing)
 .debug_str     0x00000000000037d4      0x600 build/stm32f4xx_hal_uart.o
                                        0xdeb (size before relaxing)
 .debug_str     0x0000000000003dd4       0x42 build/system_stm32f4xx.o
                                        0x40b (size before relaxing)
 .debug_str     0x0000000000003e16      0x640 build/mbfunccoils.o
                                        0x993 (size before relaxing)
 .debug_str     0x0000000000004456       0x63 build/mbfuncdisc.o
                                        0x92e (size before relaxing)
 .debug_str     0x00000000000044b9      0x130 build/mbfuncholding.o
                                        0xa0b (size before relaxing)
 .debug_str     0x00000000000045e9       0x52 build/mbfuncinput.o
                                        0x91f (size before relaxing)
 .debug_str     0x000000000000463b       0xb4 build/mbfuncother.o
                                        0x943 (size before relaxing)
 .debug_str     0x00000000000046ef       0xa7 build/mbutils.o
                                        0x936 (size before relaxing)
 .debug_str     0x0000000000004796       0xc1 build/portevent.o
                                        0x3e2 (size before relaxing)
 .debug_str     0x0000000000004857       0xe4 build/portserial.o
                                        0x8e3 (size before relaxing)
 .debug_str     0x000000000000493b       0x7a build/porttimer.o
                                        0x946 (size before relaxing)
 .debug_str     0x00000000000049b5       0x60 build/portcritical.o
                                        0x2d6 (size before relaxing)
 .debug_str     0x0000000000004a15       0x42 build/mbcrc.o
                                        0x2ef (size before relaxing)
 .debug_str     0x0000000000004a57      0x1a5 build/mbrtu.o
                                        0xa68 (size before relaxing)
 .debug_str     0x0000000000004bfc      0x1c1 build/mb.o
                                        0xb6d (size before relaxing)
 .debug_str     0x0000000000004dbd      0x1c6 build/user_mb_app.o
                                        0x617 (size before relaxing)
 .debug_str     0x0000000000004f83        0xb build/gpio.o
                                        0x440 (size before relaxing)
 .debug_str     0x0000000000004f8e       0x4f build/tim.o
                                       0x10c0 (size before relaxing)
 .debug_str     0x0000000000004fdd       0x17 build/usart.o
                                        0xe03 (size before relaxing)
 .debug_str     0x0000000000004ff4       0x43 build/spi.o
                                        0x8b7 (size before relaxing)
 .debug_str     0x0000000000005037      0x51b build/stm32f4xx_hal_spi.o
                                        0xcb1 (size before relaxing)
 .debug_str     0x0000000000005552      0x3aa build/w25qxx.o
                                       0x11b1 (size before relaxing)
 .debug_str     0x00000000000058fc       0x24 build/startup_stm32f407xx.o
                                         0x43 (size before relaxing)

.comment        0x0000000000000000       0x66
 .comment       0x0000000000000000       0x66 build/main.o
                                         0x67 (size before relaxing)
 .comment       0x0000000000000066       0x67 build/stm32f4xx_it.o
 .comment       0x0000000000000066       0x67 build/stm32f4xx_hal_msp.o
 .comment       0x0000000000000066       0x67 build/stm32f4xx_hal_tim.o
 .comment       0x0000000000000066       0x67 build/stm32f4xx_hal_tim_ex.o
 .comment       0x0000000000000066       0x67 build/stm32f4xx_hal_rcc.o
 .comment       0x0000000000000066       0x67 build/stm32f4xx_hal_gpio.o
 .comment       0x0000000000000066       0x67 build/stm32f4xx_hal_dma.o
 .comment       0x0000000000000066       0x67 build/stm32f4xx_hal_cortex.o
 .comment       0x0000000000000066       0x67 build/stm32f4xx_hal.o
 .comment       0x0000000000000066       0x67 build/stm32f4xx_hal_uart.o
 .comment       0x0000000000000066       0x67 build/system_stm32f4xx.o
 .comment       0x0000000000000066       0x67 build/mbfunccoils.o
 .comment       0x0000000000000066       0x67 build/mbfuncdisc.o
 .comment       0x0000000000000066       0x67 build/mbfuncholding.o
 .comment       0x0000000000000066       0x67 build/mbfuncinput.o
 .comment       0x0000000000000066       0x67 build/mbfuncother.o
 .comment       0x0000000000000066       0x67 build/mbutils.o
 .comment       0x0000000000000066       0x67 build/portevent.o
 .comment       0x0000000000000066       0x67 build/portserial.o
 .comment       0x0000000000000066       0x67 build/porttimer.o
 .comment       0x0000000000000066       0x67 build/portcritical.o
 .comment       0x0000000000000066       0x67 build/mbcrc.o
 .comment       0x0000000000000066       0x67 build/mbrtu.o
 .comment       0x0000000000000066       0x67 build/mb.o
 .comment       0x0000000000000066       0x67 build/user_mb_app.o
 .comment       0x0000000000000066       0x67 build/gpio.o
 .comment       0x0000000000000066       0x67 build/tim.o
 .comment       0x0000000000000066       0x67 build/usart.o
 .comment       0x0000000000000066       0x67 build/spi.o
 .comment       0x0000000000000066       0x67 build/stm32f4xx_hal_spi.o
 .comment       0x0000000000000066       0x67 build/w25qxx.o

.debug_frame    0x0000000000000000     0x3424
 .debug_frame   0x0000000000000000       0x60 build/main.o
 .debug_frame   0x0000000000000060      0x100 build/stm32f4xx_it.o
 .debug_frame   0x0000000000000160       0x28 build/stm32f4xx_hal_msp.o
 .debug_frame   0x0000000000000188      0xc68 build/stm32f4xx_hal_tim.o
 .debug_frame   0x0000000000000df0      0x4a8 build/stm32f4xx_hal_tim_ex.o
 .debug_frame   0x0000000000001298      0x1ac build/stm32f4xx_hal_rcc.o
 .debug_frame   0x0000000000001444       0xec build/stm32f4xx_hal_gpio.o
 .debug_frame   0x0000000000001530      0x1b8 build/stm32f4xx_hal_dma.o
 .debug_frame   0x00000000000016e8      0x16c build/stm32f4xx_hal_cortex.o
 .debug_frame   0x0000000000001854      0x200 build/stm32f4xx_hal.o
 .debug_frame   0x0000000000001a54      0x670 build/stm32f4xx_hal_uart.o
 .debug_frame   0x00000000000020c4       0x30 build/system_stm32f4xx.o
 .debug_frame   0x00000000000020f4       0x94 build/mbfunccoils.o
 .debug_frame   0x0000000000002188       0x30 build/mbfuncdisc.o
 .debug_frame   0x00000000000021b8       0x94 build/mbfuncholding.o
 .debug_frame   0x000000000000224c       0x30 build/mbfuncinput.o
 .debug_frame   0x000000000000227c       0x5c build/mbfuncother.o
 .debug_frame   0x00000000000022d8       0x64 build/mbutils.o
 .debug_frame   0x000000000000233c       0x40 build/portevent.o
 .debug_frame   0x000000000000237c       0xd8 build/portserial.o
 .debug_frame   0x0000000000002454       0x74 build/porttimer.o
 .debug_frame   0x00000000000024c8       0x30 build/portcritical.o
 .debug_frame   0x00000000000024f8       0x30 build/mbcrc.o
 .debug_frame   0x0000000000002528      0x10c build/mbrtu.o
 .debug_frame   0x0000000000002634       0xd0 build/mb.o
 .debug_frame   0x0000000000002704       0xb0 build/user_mb_app.o
 .debug_frame   0x00000000000027b4       0x34 build/gpio.o
 .debug_frame   0x00000000000027e8       0xd0 build/tim.o
 .debug_frame   0x00000000000028b8       0x88 build/usart.o
 .debug_frame   0x0000000000002940       0x68 build/spi.o
 .debug_frame   0x00000000000029a8      0x640 build/stm32f4xx_hal_spi.o
 .debug_frame   0x0000000000002fe8      0x368 build/w25qxx.o
 .debug_frame   0x0000000000003350       0x2c c:/vscodeproject/software/arm_gcc/bin/../lib/gcc/arm-none-eabi/9.2.1/../../../../arm-none-eabi/lib/thumb/v7e-m+fp/hard\libc_nano.a(lib_a-init.o)
 .debug_frame   0x000000000000337c       0x28 c:/vscodeproject/software/arm_gcc/bin/../lib/gcc/arm-none-eabi/9.2.1/../../../../arm-none-eabi/lib/thumb/v7e-m+fp/hard\libc_nano.a(lib_a-memcpy-stub.o)
 .debug_frame   0x00000000000033a4       0x20 c:/vscodeproject/software/arm_gcc/bin/../lib/gcc/arm-none-eabi/9.2.1/../../../../arm-none-eabi/lib/thumb/v7e-m+fp/hard\libc_nano.a(lib_a-memset.o)
 .debug_frame   0x00000000000033c4       0x2c c:/vscodeproject/software/arm_gcc/bin/../lib/gcc/arm-none-eabi/9.2.1/thumb/v7e-m+fp/hard\libgcc.a(_aeabi_uldivmod.o)
 .debug_frame   0x00000000000033f0       0x34 c:/vscodeproject/software/arm_gcc/bin/../lib/gcc/arm-none-eabi/9.2.1/thumb/v7e-m+fp/hard\libgcc.a(_udivmoddi4.o)

Cross Reference Table

Symbol                                            File
ADC_IRQHandler                                    build/startup_stm32f407xx.o
AHBPrescTable                                     build/system_stm32f4xx.o
                                                  build/stm32f4xx_hal_rcc.o
APBPrescTable                                     build/system_stm32f4xx.o
                                                  build/stm32f4xx_hal_rcc.o
BusFault_Handler                                  build/stm32f4xx_it.o
CAN1_RX0_IRQHandler                               build/startup_stm32f407xx.o
CAN1_RX1_IRQHandler                               build/startup_stm32f407xx.o
CAN1_SCE_IRQHandler                               build/startup_stm32f407xx.o
CAN1_TX_IRQHandler                                build/startup_stm32f407xx.o
CAN2_RX0_IRQHandler                               build/startup_stm32f407xx.o
CAN2_RX1_IRQHandler                               build/startup_stm32f407xx.o
CAN2_SCE_IRQHandler                               build/startup_stm32f407xx.o
CAN2_TX_IRQHandler                                build/startup_stm32f407xx.o
DCMI_IRQHandler                                   build/startup_stm32f407xx.o
DMA1_Stream0_IRQHandler                           build/startup_stm32f407xx.o
DMA1_Stream1_IRQHandler                           build/startup_stm32f407xx.o
DMA1_Stream2_IRQHandler                           build/startup_stm32f407xx.o
DMA1_Stream3_IRQHandler                           build/startup_stm32f407xx.o
DMA1_Stream4_IRQHandler                           build/startup_stm32f407xx.o
DMA1_Stream5_IRQHandler                           build/startup_stm32f407xx.o
DMA1_Stream6_IRQHandler                           build/startup_stm32f407xx.o
DMA1_Stream7_IRQHandler                           build/startup_stm32f407xx.o
DMA2_Stream0_IRQHandler                           build/startup_stm32f407xx.o
DMA2_Stream1_IRQHandler                           build/startup_stm32f407xx.o
DMA2_Stream2_IRQHandler                           build/startup_stm32f407xx.o
DMA2_Stream3_IRQHandler                           build/startup_stm32f407xx.o
DMA2_Stream4_IRQHandler                           build/startup_stm32f407xx.o
DMA2_Stream5_IRQHandler                           build/startup_stm32f407xx.o
DMA2_Stream6_IRQHandler                           build/startup_stm32f407xx.o
DMA2_Stream7_IRQHandler                           build/startup_stm32f407xx.o
DebugMon_Handler                                  build/stm32f4xx_it.o
Default_Handler                                   build/startup_stm32f407xx.o
ETH_IRQHandler                                    build/startup_stm32f407xx.o
ETH_WKUP_IRQHandler                               build/startup_stm32f407xx.o
EXTI0_IRQHandler                                  build/startup_stm32f407xx.o
EXTI15_10_IRQHandler                              build/startup_stm32f407xx.o
EXTI1_IRQHandler                                  build/startup_stm32f407xx.o
EXTI2_IRQHandler                                  build/startup_stm32f407xx.o
EXTI3_IRQHandler                                  build/startup_stm32f407xx.o
EXTI4_IRQHandler                                  build/startup_stm32f407xx.o
EXTI9_5_IRQHandler                                build/startup_stm32f407xx.o
Error_Handler                                     build/main.o
                                                  build/spi.o
                                                  build/usart.o
                                                  build/tim.o
FLASH_Erase_Sector                                build/stm32f4xx_hal_flash_ex.o
                                                  build/stm32f4xx_hal_flash.o
FLASH_FlushCaches                                 build/stm32f4xx_hal_flash_ex.o
                                                  build/stm32f4xx_hal_flash.o
FLASH_IRQHandler                                  build/startup_stm32f407xx.o
FLASH_WaitForLastOperation                        build/stm32f4xx_hal_flash.o
                                                  build/stm32f4xx_hal_flash_ex.o
FPU_IRQHandler                                    build/startup_stm32f407xx.o
FSMC_IRQHandler                                   build/startup_stm32f407xx.o
HAL_DBGMCU_DisableDBGSleepMode                    build/stm32f4xx_hal.o
HAL_DBGMCU_DisableDBGStandbyMode                  build/stm32f4xx_hal.o
HAL_DBGMCU_DisableDBGStopMode                     build/stm32f4xx_hal.o
HAL_DBGMCU_EnableDBGSleepMode                     build/stm32f4xx_hal.o
HAL_DBGMCU_EnableDBGStandbyMode                   build/stm32f4xx_hal.o
HAL_DBGMCU_EnableDBGStopMode                      build/stm32f4xx_hal.o
HAL_DMAEx_ChangeMemory                            build/stm32f4xx_hal_dma_ex.o
HAL_DMAEx_MultiBufferStart                        build/stm32f4xx_hal_dma_ex.o
HAL_DMAEx_MultiBufferStart_IT                     build/stm32f4xx_hal_dma_ex.o
HAL_DMA_Abort                                     build/stm32f4xx_hal_dma.o
                                                  build/stm32f4xx_hal_spi.o
                                                  build/stm32f4xx_hal_uart.o
HAL_DMA_Abort_IT                                  build/stm32f4xx_hal_dma.o
                                                  build/stm32f4xx_hal_spi.o
                                                  build/stm32f4xx_hal_uart.o
                                                  build/stm32f4xx_hal_tim_ex.o
                                                  build/stm32f4xx_hal_tim.o
HAL_DMA_DeInit                                    build/stm32f4xx_hal_dma.o
HAL_DMA_GetError                                  build/stm32f4xx_hal_dma.o
                                                  build/stm32f4xx_hal_uart.o
HAL_DMA_GetState                                  build/stm32f4xx_hal_dma.o
HAL_DMA_IRQHandler                                build/stm32f4xx_hal_dma.o
HAL_DMA_Init                                      build/stm32f4xx_hal_dma.o
HAL_DMA_PollForTransfer                           build/stm32f4xx_hal_dma.o
HAL_DMA_RegisterCallback                          build/stm32f4xx_hal_dma.o
HAL_DMA_Start                                     build/stm32f4xx_hal_dma.o
HAL_DMA_Start_IT                                  build/stm32f4xx_hal_dma.o
                                                  build/stm32f4xx_hal_spi.o
                                                  build/stm32f4xx_hal_uart.o
                                                  build/stm32f4xx_hal_tim_ex.o
                                                  build/stm32f4xx_hal_tim.o
HAL_DMA_UnRegisterCallback                        build/stm32f4xx_hal_dma.o
HAL_DeInit                                        build/stm32f4xx_hal.o
HAL_Delay                                         build/stm32f4xx_hal.o
                                                  build/w25qxx.o
                                                  build/main.o
HAL_DisableCompensationCell                       build/stm32f4xx_hal.o
HAL_EXTI_ClearConfigLine                          build/stm32f4xx_hal_exti.o
HAL_EXTI_ClearPending                             build/stm32f4xx_hal_exti.o
HAL_EXTI_GenerateSWI                              build/stm32f4xx_hal_exti.o
HAL_EXTI_GetConfigLine                            build/stm32f4xx_hal_exti.o
HAL_EXTI_GetHandle                                build/stm32f4xx_hal_exti.o
HAL_EXTI_GetPending                               build/stm32f4xx_hal_exti.o
HAL_EXTI_IRQHandler                               build/stm32f4xx_hal_exti.o
HAL_EXTI_RegisterCallback                         build/stm32f4xx_hal_exti.o
HAL_EXTI_SetConfigLine                            build/stm32f4xx_hal_exti.o
HAL_EnableCompensationCell                        build/stm32f4xx_hal.o
HAL_FLASHEx_Erase                                 build/stm32f4xx_hal_flash_ex.o
HAL_FLASHEx_Erase_IT                              build/stm32f4xx_hal_flash_ex.o
HAL_FLASHEx_OBGetConfig                           build/stm32f4xx_hal_flash_ex.o
HAL_FLASHEx_OBProgram                             build/stm32f4xx_hal_flash_ex.o
HAL_FLASH_EndOfOperationCallback                  build/stm32f4xx_hal_flash.o
HAL_FLASH_GetError                                build/stm32f4xx_hal_flash.o
HAL_FLASH_IRQHandler                              build/stm32f4xx_hal_flash.o
HAL_FLASH_Lock                                    build/stm32f4xx_hal_flash.o
HAL_FLASH_OB_Launch                               build/stm32f4xx_hal_flash.o
HAL_FLASH_OB_Lock                                 build/stm32f4xx_hal_flash.o
HAL_FLASH_OB_Unlock                               build/stm32f4xx_hal_flash.o
HAL_FLASH_OperationErrorCallback                  build/stm32f4xx_hal_flash.o
HAL_FLASH_Program                                 build/stm32f4xx_hal_flash.o
HAL_FLASH_Program_IT                              build/stm32f4xx_hal_flash.o
HAL_FLASH_Unlock                                  build/stm32f4xx_hal_flash.o
HAL_GPIO_DeInit                                   build/stm32f4xx_hal_gpio.o
                                                  build/spi.o
                                                  build/usart.o
HAL_GPIO_EXTI_Callback                            build/stm32f4xx_hal_gpio.o
HAL_GPIO_EXTI_IRQHandler                          build/stm32f4xx_hal_gpio.o
HAL_GPIO_Init                                     build/stm32f4xx_hal_gpio.o
                                                  build/spi.o
                                                  build/usart.o
                                                  build/tim.o
                                                  build/gpio.o
                                                  build/stm32f4xx_hal_rcc.o
HAL_GPIO_LockPin                                  build/stm32f4xx_hal_gpio.o
HAL_GPIO_ReadPin                                  build/stm32f4xx_hal_gpio.o
HAL_GPIO_TogglePin                                build/stm32f4xx_hal_gpio.o
HAL_GPIO_WritePin                                 build/stm32f4xx_hal_gpio.o
                                                  build/w25qxx.o
                                                  build/gpio.o
HAL_GetDEVID                                      build/stm32f4xx_hal.o
HAL_GetHalVersion                                 build/stm32f4xx_hal.o
HAL_GetREVID                                      build/stm32f4xx_hal.o
HAL_GetTick                                       build/stm32f4xx_hal.o
                                                  build/w25qxx.o
                                                  build/stm32f4xx_hal_spi.o
                                                  build/stm32f4xx_hal_uart.o
                                                  build/stm32f4xx_hal_pwr_ex.o
                                                  build/stm32f4xx_hal_dma.o
                                                  build/stm32f4xx_hal_flash.o
                                                  build/stm32f4xx_hal_rcc_ex.o
                                                  build/stm32f4xx_hal_rcc.o
HAL_GetTickFreq                                   build/stm32f4xx_hal.o
HAL_GetTickPrio                                   build/stm32f4xx_hal.o
HAL_GetUIDw0                                      build/stm32f4xx_hal.o
HAL_GetUIDw1                                      build/stm32f4xx_hal.o
HAL_GetUIDw2                                      build/stm32f4xx_hal.o
HAL_HalfDuplex_EnableReceiver                     build/stm32f4xx_hal_uart.o
HAL_HalfDuplex_EnableTransmitter                  build/stm32f4xx_hal_uart.o
HAL_HalfDuplex_Init                               build/stm32f4xx_hal_uart.o
HAL_IncTick                                       build/stm32f4xx_hal.o
                                                  build/stm32f4xx_it.o
HAL_Init                                          build/stm32f4xx_hal.o
                                                  build/main.o
HAL_InitTick                                      build/stm32f4xx_hal.o
                                                  build/stm32f4xx_hal_rcc_ex.o
                                                  build/stm32f4xx_hal_rcc.o
HAL_LIN_Init                                      build/stm32f4xx_hal_uart.o
HAL_LIN_SendBreak                                 build/stm32f4xx_hal_uart.o
HAL_MPU_ConfigRegion                              build/stm32f4xx_hal_cortex.o
HAL_MPU_Disable                                   build/stm32f4xx_hal_cortex.o
HAL_MPU_Enable                                    build/stm32f4xx_hal_cortex.o
HAL_MspDeInit                                     build/stm32f4xx_hal.o
HAL_MspInit                                       build/stm32f4xx_hal_msp.o
HAL_MultiProcessor_EnterMuteMode                  build/stm32f4xx_hal_uart.o
HAL_MultiProcessor_ExitMuteMode                   build/stm32f4xx_hal_uart.o
HAL_MultiProcessor_Init                           build/stm32f4xx_hal_uart.o
HAL_NVIC_ClearPendingIRQ                          build/stm32f4xx_hal_cortex.o
HAL_NVIC_DisableIRQ                               build/stm32f4xx_hal_cortex.o
                                                  build/usart.o
                                                  build/tim.o
HAL_NVIC_EnableIRQ                                build/stm32f4xx_hal_cortex.o
                                                  build/usart.o
                                                  build/tim.o
HAL_NVIC_GetActive                                build/stm32f4xx_hal_cortex.o
HAL_NVIC_GetPendingIRQ                            build/stm32f4xx_hal_cortex.o
HAL_NVIC_GetPriority                              build/stm32f4xx_hal_cortex.o
HAL_NVIC_GetPriorityGrouping                      build/stm32f4xx_hal_cortex.o
HAL_NVIC_SetPendingIRQ                            build/stm32f4xx_hal_cortex.o
HAL_NVIC_SetPriority                              build/stm32f4xx_hal_cortex.o
                                                  build/usart.o
                                                  build/tim.o
                                                  build/stm32f4xx_hal.o
HAL_NVIC_SetPriorityGrouping                      build/stm32f4xx_hal_cortex.o
                                                  build/stm32f4xx_hal.o
HAL_NVIC_SystemReset                              build/stm32f4xx_hal_cortex.o
HAL_PWREx_ControlVoltageScaling                   build/stm32f4xx_hal_pwr_ex.o
HAL_PWREx_DisableBkUpReg                          build/stm32f4xx_hal_pwr_ex.o
HAL_PWREx_DisableFlashPowerDown                   build/stm32f4xx_hal_pwr_ex.o
HAL_PWREx_EnableBkUpReg                           build/stm32f4xx_hal_pwr_ex.o
HAL_PWREx_EnableFlashPowerDown                    build/stm32f4xx_hal_pwr_ex.o
HAL_PWREx_GetVoltageRange                         build/stm32f4xx_hal_pwr_ex.o
HAL_PWR_ConfigPVD                                 build/stm32f4xx_hal_pwr.o
HAL_PWR_DeInit                                    build/stm32f4xx_hal_pwr.o
HAL_PWR_DisableBkUpAccess                         build/stm32f4xx_hal_pwr.o
HAL_PWR_DisablePVD                                build/stm32f4xx_hal_pwr.o
HAL_PWR_DisableSEVOnPend                          build/stm32f4xx_hal_pwr.o
HAL_PWR_DisableSleepOnExit                        build/stm32f4xx_hal_pwr.o
HAL_PWR_DisableWakeUpPin                          build/stm32f4xx_hal_pwr.o
HAL_PWR_EnableBkUpAccess                          build/stm32f4xx_hal_pwr.o
HAL_PWR_EnablePVD                                 build/stm32f4xx_hal_pwr.o
HAL_PWR_EnableSEVOnPend                           build/stm32f4xx_hal_pwr.o
HAL_PWR_EnableSleepOnExit                         build/stm32f4xx_hal_pwr.o
HAL_PWR_EnableWakeUpPin                           build/stm32f4xx_hal_pwr.o
HAL_PWR_EnterSLEEPMode                            build/stm32f4xx_hal_pwr.o
HAL_PWR_EnterSTANDBYMode                          build/stm32f4xx_hal_pwr.o
HAL_PWR_EnterSTOPMode                             build/stm32f4xx_hal_pwr.o
HAL_PWR_PVDCallback                               build/stm32f4xx_hal_pwr.o
HAL_PWR_PVD_IRQHandler                            build/stm32f4xx_hal_pwr.o
HAL_RCCEx_DisablePLLI2S                           build/stm32f4xx_hal_rcc_ex.o
HAL_RCCEx_EnablePLLI2S                            build/stm32f4xx_hal_rcc_ex.o
HAL_RCCEx_GetPeriphCLKConfig                      build/stm32f4xx_hal_rcc_ex.o
HAL_RCCEx_GetPeriphCLKFreq                        build/stm32f4xx_hal_rcc_ex.o
HAL_RCCEx_PeriphCLKConfig                         build/stm32f4xx_hal_rcc_ex.o
HAL_RCC_CSSCallback                               build/stm32f4xx_hal_rcc.o
HAL_RCC_ClockConfig                               build/stm32f4xx_hal_rcc.o
                                                  build/main.o
HAL_RCC_DeInit                                    build/stm32f4xx_hal_rcc_ex.o
                                                  build/stm32f4xx_hal_rcc.o
HAL_RCC_DisableCSS                                build/stm32f4xx_hal_rcc.o
HAL_RCC_EnableCSS                                 build/stm32f4xx_hal_rcc.o
HAL_RCC_GetClockConfig                            build/stm32f4xx_hal_rcc.o
HAL_RCC_GetHCLKFreq                               build/stm32f4xx_hal_rcc.o
HAL_RCC_GetOscConfig                              build/stm32f4xx_hal_rcc.o
HAL_RCC_GetPCLK1Freq                              build/stm32f4xx_hal_rcc.o
                                                  build/stm32f4xx_hal_uart.o
HAL_RCC_GetPCLK2Freq                              build/stm32f4xx_hal_rcc.o
                                                  build/stm32f4xx_hal_uart.o
HAL_RCC_GetSysClockFreq                           build/stm32f4xx_hal_rcc.o
HAL_RCC_MCOConfig                                 build/stm32f4xx_hal_rcc.o
HAL_RCC_NMI_IRQHandler                            build/stm32f4xx_hal_rcc.o
HAL_RCC_OscConfig                                 build/stm32f4xx_hal_rcc.o
                                                  build/main.o
HAL_ResumeTick                                    build/stm32f4xx_hal.o
HAL_SPI_Abort                                     build/stm32f4xx_hal_spi.o
HAL_SPI_AbortCpltCallback                         build/stm32f4xx_hal_spi.o
HAL_SPI_Abort_IT                                  build/stm32f4xx_hal_spi.o
HAL_SPI_DMAPause                                  build/stm32f4xx_hal_spi.o
HAL_SPI_DMAResume                                 build/stm32f4xx_hal_spi.o
HAL_SPI_DMAStop                                   build/stm32f4xx_hal_spi.o
HAL_SPI_DeInit                                    build/stm32f4xx_hal_spi.o
HAL_SPI_ErrorCallback                             build/stm32f4xx_hal_spi.o
HAL_SPI_GetError                                  build/stm32f4xx_hal_spi.o
HAL_SPI_GetState                                  build/stm32f4xx_hal_spi.o
HAL_SPI_IRQHandler                                build/stm32f4xx_hal_spi.o
HAL_SPI_Init                                      build/stm32f4xx_hal_spi.o
                                                  build/spi.o
HAL_SPI_MspDeInit                                 build/spi.o
HAL_SPI_MspInit                                   build/spi.o
HAL_SPI_Receive                                   build/stm32f4xx_hal_spi.o
                                                  build/w25qxx.o
HAL_SPI_Receive_DMA                               build/stm32f4xx_hal_spi.o
HAL_SPI_Receive_IT                                build/stm32f4xx_hal_spi.o
HAL_SPI_RxCpltCallback                            build/stm32f4xx_hal_spi.o
HAL_SPI_RxHalfCpltCallback                        build/stm32f4xx_hal_spi.o
HAL_SPI_Transmit                                  build/stm32f4xx_hal_spi.o
                                                  build/w25qxx.o
HAL_SPI_TransmitReceive                           build/stm32f4xx_hal_spi.o
                                                  build/w25qxx.o
HAL_SPI_TransmitReceive_DMA                       build/stm32f4xx_hal_spi.o
HAL_SPI_TransmitReceive_IT                        build/stm32f4xx_hal_spi.o
HAL_SPI_Transmit_DMA                              build/stm32f4xx_hal_spi.o
HAL_SPI_Transmit_IT                               build/stm32f4xx_hal_spi.o
HAL_SPI_TxCpltCallback                            build/stm32f4xx_hal_spi.o
HAL_SPI_TxHalfCpltCallback                        build/stm32f4xx_hal_spi.o
HAL_SPI_TxRxCpltCallback                          build/stm32f4xx_hal_spi.o
HAL_SPI_TxRxHalfCpltCallback                      build/stm32f4xx_hal_spi.o