Archive member included to satisfy reference by file (symbol)

c:/vscodeproject/software/arm_gcc/bin/../lib/gcc/arm-none-eabi/9.2.1/../../../../arm-none-eabi/lib/thumb/v7e-m+fp/hard\libc_nano.a(lib_a-exit.o)
                              c:/vscodeproject/software/arm_gcc/bin/../lib/gcc/arm-none-eabi/9.2.1/../../../../arm-none-eabi/lib/thumb/v7e-m+fp/hard/crt0.o (exit)
c:/vscodeproject/software/arm_gcc/bin/../lib/gcc/arm-none-eabi/9.2.1/../../../../arm-none-eabi/lib/thumb/v7e-m+fp/hard\libc_nano.a(lib_a-impure.o)
                              c:/vscodeproject/software/arm_gcc/bin/../lib/gcc/arm-none-eabi/9.2.1/../../../../arm-none-eabi/lib/thumb/v7e-m+fp/hard\libc_nano.a(lib_a-exit.o) (_global_impure_ptr)
c:/vscodeproject/software/arm_gcc/bin/../lib/gcc/arm-none-eabi/9.2.1/../../../../arm-none-eabi/lib/thumb/v7e-m+fp/hard\libc_nano.a(lib_a-init.o)
                              c:/vscodeproject/software/arm_gcc/bin/../lib/gcc/arm-none-eabi/9.2.1/../../../../arm-none-eabi/lib/thumb/v7e-m+fp/hard/crt0.o (__libc_init_array)
c:/vscodeproject/software/arm_gcc/bin/../lib/gcc/arm-none-eabi/9.2.1/../../../../arm-none-eabi/lib/thumb/v7e-m+fp/hard\libc_nano.a(lib_a-memcpy-stub.o)
                              build/mbfuncother.o (memcpy)
c:/vscodeproject/software/arm_gcc/bin/../lib/gcc/arm-none-eabi/9.2.1/../../../../arm-none-eabi/lib/thumb/v7e-m+fp/hard\libc_nano.a(lib_a-memset.o)
                              c:/vscodeproject/software/arm_gcc/bin/../lib/gcc/arm-none-eabi/9.2.1/../../../../arm-none-eabi/lib/thumb/v7e-m+fp/hard/crt0.o (memset)
c:/vscodeproject/software/arm_gcc/bin/../lib/gcc/arm-none-eabi/9.2.1/../../../../arm-none-eabi/lib/thumb/v7e-m+fp/hard\libnosys.a(_exit.o)
                              c:/vscodeproject/software/arm_gcc/bin/../lib/gcc/arm-none-eabi/9.2.1/../../../../arm-none-eabi/lib/thumb/v7e-m+fp/hard\libc_nano.a(lib_a-exit.o) (_exit)
c:/vscodeproject/software/arm_gcc/bin/../lib/gcc/arm-none-eabi/9.2.1/thumb/v7e-m+fp/hard\libgcc.a(_arm_muldf3.o)
                              build/stm32f4xx_it.o (__aeabi_dmul)
c:/vscodeproject/software/arm_gcc/bin/../lib/gcc/arm-none-eabi/9.2.1/thumb/v7e-m+fp/hard\libgcc.a(_arm_addsubdf3.o)
                              build/stm32f4xx_it.o (__aeabi_dsub)
c:/vscodeproject/software/arm_gcc/bin/../lib/gcc/arm-none-eabi/9.2.1/thumb/v7e-m+fp/hard\libgcc.a(_arm_muldivdf3.o)
                              build/stm32f4xx_it.o (__aeabi_ddiv)
c:/vscodeproject/software/arm_gcc/bin/../lib/gcc/arm-none-eabi/9.2.1/thumb/v7e-m+fp/hard\libgcc.a(_arm_truncdfsf2.o)
                              build/stm32f4xx_it.o (__aeabi_d2f)
c:/vscodeproject/software/arm_gcc/bin/../lib/gcc/arm-none-eabi/9.2.1/thumb/v7e-m+fp/hard\libgcc.a(_aeabi_uldivmod.o)
                              build/stm32f4xx_hal_rcc.o (__aeabi_uldivmod)
c:/vscodeproject/software/arm_gcc/bin/../lib/gcc/arm-none-eabi/9.2.1/thumb/v7e-m+fp/hard\libgcc.a(_udivmoddi4.o)
                              c:/vscodeproject/software/arm_gcc/bin/../lib/gcc/arm-none-eabi/9.2.1/thumb/v7e-m+fp/hard\libgcc.a(_aeabi_uldivmod.o) (__udivmoddi4)
c:/vscodeproject/software/arm_gcc/bin/../lib/gcc/arm-none-eabi/9.2.1/thumb/v7e-m+fp/hard\libgcc.a(_dvmd_tls.o)
                              c:/vscodeproject/software/arm_gcc/bin/../lib/gcc/arm-none-eabi/9.2.1/thumb/v7e-m+fp/hard\libgcc.a(_aeabi_uldivmod.o) (__aeabi_ldiv0)

Allocating common symbols
Common symbol       size              file

pxMBFrameCBTransmitterEmpty
                    0x4               build/mb.o
tim                 0x4               build/porttimer.o
RegisterValueOne    0x2               build/ReceiveTransmit.o
hspi2               0x58              build/spi.o
pxMBPortCBTimerExpired
                    0x4               build/mb.o
htim4               0x48              build/tim.o
MassifADC           0xa               build/stm32f4xx_it.o
ucSCoilBuf          0x2               build/user_mb_app.o
out                 0x2               build/ReceiveTransmit.o
uwTick              0x4               build/stm32f4xx_hal.o
temp                0x4               build/stm32f4xx_it.o
pFlash              0x20              build/stm32f4xx_hal_flash.o
ucRTUBuf            0x100             build/mbrtu.o
htim3               0x48              build/tim.o
hadc1               0x48              build/adc.o
pxMBFrameCBByteReceived
                    0x4               build/mb.o
huart1              0x44              build/usart.o
pxMBFrameCBTransmitFSMCur
                    0x4               build/mb.o
ucSDiscInBuf        0x2               build/user_mb_app.o
usSRegHoldBuf       0x14              build/user_mb_app.o
usSRegInBuf         0x14              build/user_mb_app.o
pxMBFrameCBReceiveFSMCur
                    0x4               build/mb.o
var                 0x1               build/porttimer.o
hspi1               0x58              build/spi.o
huart2              0x44              build/usart.o
uart                0x4               build/portserial.o
[...]
Memory Configuration

Name             Origin             Length             Attributes
RAM              0x0000000020000000 0x0000000000020000 xrw
CCMRAM           0x0000000010000000 0x0000000000010000 xrw
FLASH            0x0000000008000000 0x0000000000080000 xr
*default*        0x0000000000000000 0xffffffffffffffff

Linker script and memory map

LOAD c:/vscodeproject/software/arm_gcc/bin/../lib/gcc/arm-none-eabi/9.2.1/thumb/v7e-m+fp/hard/crti.o
LOAD c:/vscodeproject/software/arm_gcc/bin/../lib/gcc/arm-none-eabi/9.2.1/thumb/v7e-m+fp/hard/crtbegin.o
LOAD c:/vscodeproject/software/arm_gcc/bin/../lib/gcc/arm-none-eabi/9.2.1/../../../../arm-none-eabi/lib/thumb/v7e-m+fp/hard/crt0.o
LOAD build/main.o
LOAD build/gpio.o
LOAD build/adc.o
LOAD build/spi.o
LOAD build/tim.o
LOAD build/usart.o
LOAD build/stm32f4xx_it.o
LOAD build/stm32f4xx_hal_msp.o
LOAD build/stm32f4xx_hal_adc.o
LOAD build/stm32f4xx_hal_adc_ex.o
LOAD build/stm32f4xx_ll_adc.o
LOAD build/stm32f4xx_hal_rcc.o
LOAD build/stm32f4xx_hal_rcc_ex.o
LOAD build/stm32f4xx_hal_flash.o
LOAD build/stm32f4xx_hal_flash_ex.o
LOAD build/stm32f4xx_hal_flash_ramfunc.o
LOAD build/stm32f4xx_hal_gpio.o
LOAD build/stm32f4xx_hal_dma_ex.o
LOAD build/stm32f4xx_hal_dma.o
LOAD build/stm32f4xx_hal_pwr.o
LOAD build/stm32f4xx_hal_pwr_ex.o
LOAD build/stm32f4xx_hal_cortex.o
LOAD build/stm32f4xx_hal.o
LOAD build/stm32f4xx_hal_exti.o
LOAD build/stm32f4xx_hal_spi.o
LOAD build/stm32f4xx_hal_tim.o
LOAD build/stm32f4xx_hal_tim_ex.o
LOAD build/stm32f4xx_hal_uart.o
LOAD build/system_stm32f4xx.o
LOAD build/mbascii.o
LOAD build/mbfunccoils.o
LOAD build/mbfunccoils_m.o
LOAD build/mbfuncdiag.o
LOAD build/mbfuncdisc.o
LOAD build/mbfuncdisc_m.o
LOAD build/mbfuncholding.o
LOAD build/mbfuncholding_m.o
LOAD build/mbfuncinput.o
LOAD build/mbfuncinput_m.o
LOAD build/mbfuncother.o
LOAD build/mbutils.o
LOAD build/portevent.o
LOAD build/portevent_m.o
LOAD build/portserial.o
LOAD build/portserial_m.o
LOAD build/porttimer.o
LOAD build/porttimer_m.o
LOAD build/portcritical.o
LOAD build/mbcrc.o
LOAD build/mbrtu.o
LOAD build/mbrtu_m.o
LOAD build/mbtcp.o
LOAD build/mb.o
LOAD build/mb_m.o
LOAD build/user_mb_app.o
LOAD build/user_mb_app_m.o
LOAD build/ReceiveTransmit.o
LOAD build/st7735.o
LOAD build/fonts.o
LOAD build/startup_stm32f407xx.o
LOAD c:/vscodeproject/software/arm_gcc/bin/../lib/gcc/arm-none-eabi/9.2.1/../../../../arm-none-eabi/lib/thumb/v7e-m+fp/hard\libc_nano.a
LOAD c:/vscodeproject/software/arm_gcc/bin/../lib/gcc/arm-none-eabi/9.2.1/../../../../arm-none-eabi/lib/thumb/v7e-m+fp/hard\libm.a
LOAD c:/vscodeproject/software/arm_gcc/bin/../lib/gcc/arm-none-eabi/9.2.1/../../../../arm-none-eabi/lib/thumb/v7e-m+fp/hard\libnosys.a
START GROUP
LOAD c:/vscodeproject/software/arm_gcc/bin/../lib/gcc/arm-none-eabi/9.2.1/thumb/v7e-m+fp/hard\libgcc.a
LOAD c:/vscodeproject/software/arm_gcc/bin/../lib/gcc/arm-none-eabi/9.2.1/../../../../arm-none-eabi/lib/thumb/v7e-m+fp/hard\libc_nano.a
END GROUP
START GROUP
LOAD c:/vscodeproject/software/arm_gcc/bin/../lib/gcc/arm-none-eabi/9.2.1/thumb/v7e-m+fp/hard\libgcc.a
LOAD c:/vscodeproject/software/arm_gcc/bin/../lib/gcc/arm-none-eabi/9.2.1/../../../../arm-none-eabi/lib/thumb/v7e-m+fp/hard\libc_nano.a
END GROUP
LOAD c:/vscodeproject/software/arm_gcc/bin/../lib/gcc/arm-none-eabi/9.2.1/thumb/v7e-m+fp/hard/crtend.o
LOAD c:/vscodeproject/software/arm_gcc/bin/../lib/gcc/arm-none-eabi/9.2.1/thumb/v7e-m+fp/hard/crtn.o
                0x0000000020020000                _estack = 0x20020000
                0x0000000000000200                _Min_Heap_Size = 0x200
                0x0000000000000400                _Min_Stack_Size = 0x400

.isr_vector     0x0000000008000000      0x188
                0x0000000008000000                . = ALIGN (0x4)
 *(.isr_vector)
 .isr_vector    0x0000000008000000      0x188 build/startup_stm32f407xx.o
                0x0000000008000000                g_pfnVectors
                0x0000000008000188                . = ALIGN (0x4)

.text           0x0000000008000188     0x441c
                0x0000000008000188                . = ALIGN (0x4)
 *(.text)
 .text          0x0000000008000188      0x378 c:/vscodeproject/software/arm_gcc/bin/../lib/gcc/arm-none-eabi/9.2.1/thumb/v7e-m+fp/hard\libgcc.a(_arm_addsubdf3.o)
                0x0000000008000188                __aeabi_drsub
                0x0000000008000190                __aeabi_dsub
                0x0000000008000190                __subdf3
                0x0000000008000194                __aeabi_dadd
                0x0000000008000194                __adddf3
                0x000000000800040c                __floatunsidf
                0x000000000800040c                __aeabi_ui2d
                0x000000000800042c                __floatsidf
                0x000000000800042c                __aeabi_i2d
                0x0000000008000450                __aeabi_f2d
                0x0000000008000450                __extendsfdf2
                0x0000000008000494                __floatundidf
                0x0000000008000494                __aeabi_ul2d
                0x00000000080004a4                __floatdidf
                0x00000000080004a4                __aeabi_l2d
 .text          0x0000000008000500      0x424 c:/vscodeproject/software/arm_gcc/bin/../lib/gcc/arm-none-eabi/9.2.1/thumb/v7e-m+fp/hard\libgcc.a(_arm_muldivdf3.o)
                0x0000000008000500                __aeabi_dmul
                0x0000000008000500                __muldf3
                0x0000000008000754                __divdf3
                0x0000000008000754                __aeabi_ddiv
 .text          0x0000000008000924       0xa0 c:/vscodeproject/software/arm_gcc/bin/../lib/gcc/arm-none-eabi/9.2.1/thumb/v7e-m+fp/hard\libgcc.a(_arm_truncdfsf2.o)
                0x0000000008000924                __truncdfsf2
                0x0000000008000924                __aeabi_d2f
 .text          0x00000000080009c4       0x30 c:/vscodeproject/software/arm_gcc/bin/../lib/gcc/arm-none-eabi/9.2.1/thumb/v7e-m+fp/hard\libgcc.a(_aeabi_uldivmod.o)
                0x00000000080009c4                __aeabi_uldivmod
 .text          0x00000000080009f4        0x4 c:/vscodeproject/software/arm_gcc/bin/../lib/gcc/arm-none-eabi/9.2.1/thumb/v7e-m+fp/hard\libgcc.a(_dvmd_tls.o)
                0x00000000080009f4                __aeabi_idiv0
                0x00000000080009f4                __aeabi_ldiv0
 *(.text*)
 .text.__do_global_dtors_aux
                0x00000000080009f8       0x24 c:/vscodeproject/software/arm_gcc/bin/../lib/gcc/arm-none-eabi/9.2.1/thumb/v7e-m+fp/hard/crtbegin.o
 .text.frame_dummy
                0x0000000008000a1c       0x1c c:/vscodeproject/software/arm_gcc/bin/../lib/gcc/arm-none-eabi/9.2.1/thumb/v7e-m+fp/hard/crtbegin.o
 .text.Error_Handler
                0x0000000008000a38        0x4 build/main.o
                0x0000000008000a38                Error_Handler
 .text.SystemClock_Config
                0x0000000008000a3c       0xa0 build/main.o
                0x0000000008000a3c                SystemClock_Config
 .text.main     0x0000000008000adc       0x80 build/main.o
                0x0000000008000adc                main
 .text.MX_GPIO_Init
                0x0000000008000b5c       0xdc build/gpio.o
                0x0000000008000b5c                MX_GPIO_Init
 .text.MX_ADC1_Init
                0x0000000008000c38       0x6c build/adc.o
                0x0000000008000c38                MX_ADC1_Init
 .text.HAL_ADC_MspInit
                0x0000000008000ca4       0x30 build/adc.o
                0x0000000008000ca4                HAL_ADC_MspInit
 .text.MX_SPI1_Init
                0x0000000008000cd4       0x40 build/spi.o
                0x0000000008000cd4                MX_SPI1_Init
 .text.MX_SPI2_Init
                0x0000000008000d14       0x40 build/spi.o
                0x0000000008000d14                MX_SPI2_Init
 .text.HAL_SPI_MspInit
                0x0000000008000d54       0xcc build/spi.o
                0x0000000008000d54                HAL_SPI_MspInit
 .text.MX_TIM3_Init
                0x0000000008000e20       0x70 build/tim.o
                0x0000000008000e20                MX_TIM3_Init
 .text.MX_TIM4_Init
                0x0000000008000e90       0x6c build/tim.o
                0x0000000008000e90                MX_TIM4_Init
 .text.HAL_TIM_Base_MspInit
                0x0000000008000efc       0x74 build/tim.o
                0x0000000008000efc                HAL_TIM_Base_MspInit
 .text.MX_USART1_UART_Init
                0x0000000008000f70       0x34 build/usart.o
                0x0000000008000f70                MX_USART1_UART_Init
 .text.MX_USART2_UART_Init
                0x0000000008000fa4       0x34 build/usart.o
                0x0000000008000fa4                MX_USART2_UART_Init
 .text.HAL_UART_MspInit
                0x0000000008000fd8       0xe4 build/usart.o
                0x0000000008000fd8                HAL_UART_MspInit
 .text.NMI_Handler
                0x00000000080010bc        0x2 build/stm32f4xx_it.o
                0x00000000080010bc                NMI_Handler
 .text.HardFault_Handler
                0x00000000080010be        0x2 build/stm32f4xx_it.o
                0x00000000080010be                HardFault_Handler
 .text.MemManage_Handler
                0x00000000080010c0        0x2 build/stm32f4xx_it.o
                0x00000000080010c0                MemManage_Handler
 .text.BusFault_Handler
                0x00000000080010c2        0x2 build/stm32f4xx_it.o
                0x00000000080010c2                BusFault_Handler
 .text.UsageFault_Handler
                0x00000000080010c4        0x2 build/stm32f4xx_it.o
                0x00000000080010c4                UsageFault_Handler
 .text.SVC_Handler
                0x00000000080010c6        0x2 build/stm32f4xx_it.o
                0x00000000080010c6                SVC_Handler
 .text.DebugMon_Handler
                0x00000000080010c8        0x2 build/stm32f4xx_it.o
                0x00000000080010c8                DebugMon_Handler
 .text.PendSV_Handler
                0x00000000080010ca        0x2 build/stm32f4xx_it.o
                0x00000000080010ca                PendSV_Handler
 .text.SysTick_Handler
                0x00000000080010cc        0x8 build/stm32f4xx_it.o
                0x00000000080010cc                SysTick_Handler
 *fill*         0x00000000080010d4        0x4 
 .text.TIM3_IRQHandler
                0x00000000080010d8      0x148 build/stm32f4xx_it.o
                0x00000000080010d8                TIM3_IRQHandler
 .text.TIM4_IRQHandler
                0x0000000008001220       0x10 build/stm32f4xx_it.o
                0x0000000008001220                TIM4_IRQHandler
 .text.USART1_IRQHandler
                0x0000000008001230       0x10 build/stm32f4xx_it.o
                0x0000000008001230                USART1_IRQHandler
 .text.USART2_IRQHandler
                0x0000000008001240       0x10 build/stm32f4xx_it.o
                0x0000000008001240                USART2_IRQHandler
 .text.HAL_MspInit
                0x0000000008001250       0x38 build/stm32f4xx_hal_msp.o
                0x0000000008001250                HAL_MspInit
 .text.ADC_Init
                0x0000000008001288      0x134 build/stm32f4xx_hal_adc.o
 .text.HAL_ADC_Init
                0x00000000080013bc       0x56 build/stm32f4xx_hal_adc.o
                0x00000000080013bc                HAL_ADC_Init
 *fill*         0x0000000008001412        0x2 
 .text.HAL_ADC_Start
                0x0000000008001414      0x144 build/stm32f4xx_hal_adc.o
                0x0000000008001414                HAL_ADC_Start
 .text.HAL_ADC_Stop
                0x0000000008001558       0x40 build/stm32f4xx_hal_adc.o
                0x0000000008001558                HAL_ADC_Stop
 .text.HAL_ADC_PollForConversion
                0x0000000008001598       0xb8 build/stm32f4xx_hal_adc.o
                0x0000000008001598                HAL_ADC_PollForConversion
 .text.HAL_ADC_GetValue
                0x0000000008001650        0x6 build/stm32f4xx_hal_adc.o
                0x0000000008001650                HAL_ADC_GetValue
 *fill*         0x0000000008001656        0x2 
 .text.HAL_ADC_ConfigChannel
                0x0000000008001658      0x190 build/stm32f4xx_hal_adc.o
                0x0000000008001658                HAL_ADC_ConfigChannel
 .text.HAL_RCC_OscConfig
                0x00000000080017e8      0x3f8 build/stm32f4xx_hal_rcc.o
                0x00000000080017e8                HAL_RCC_OscConfig
 .text.HAL_RCC_GetSysClockFreq
                0x0000000008001be0       0xcc build/stm32f4xx_hal_rcc.o
                0x0000000008001be0                HAL_RCC_GetSysClockFreq
 .text.HAL_RCC_ClockConfig
                0x0000000008001cac      0x160 build/stm32f4xx_hal_rcc.o
                0x0000000008001cac                HAL_RCC_ClockConfig
 .text.HAL_RCC_GetHCLKFreq
                0x0000000008001e0c        0xc build/stm32f4xx_hal_rcc.o
                0x0000000008001e0c                HAL_RCC_GetHCLKFreq
 .text.HAL_RCC_GetPCLK1Freq
                0x0000000008001e18       0x20 build/stm32f4xx_hal_rcc.o
                0x0000000008001e18                HAL_RCC_GetPCLK1Freq
 .text.HAL_RCC_GetPCLK2Freq
                0x0000000008001e38       0x20 build/stm32f4xx_hal_rcc.o
                0x0000000008001e38                HAL_RCC_GetPCLK2Freq
 .text.HAL_GPIO_Init
                0x0000000008001e58      0x1d4 build/stm32f4xx_hal_gpio.o
                0x0000000008001e58                HAL_GPIO_Init
 .text.HAL_GPIO_WritePin
                0x000000000800202c        0xc build/stm32f4xx_hal_gpio.o
                0x000000000800202c                HAL_GPIO_WritePin
 .text.HAL_GPIO_TogglePin
                0x0000000008002038       0x12 build/stm32f4xx_hal_gpio.o
                0x0000000008002038                HAL_GPIO_TogglePin
 .text.HAL_DMA_Abort
                0x000000000800204a       0x94 build/stm32f4xx_hal_dma.o
                0x000000000800204a                HAL_DMA_Abort
 .text.HAL_DMA_Abort_IT
                0x00000000080020de       0x26 build/stm32f4xx_hal_dma.o
                0x00000000080020de                HAL_DMA_Abort_IT
 .text.HAL_NVIC_SetPriorityGrouping
                0x0000000008002104       0x24 build/stm32f4xx_hal_cortex.o
                0x0000000008002104                HAL_NVIC_SetPriorityGrouping
 .text.HAL_NVIC_SetPriority
                0x0000000008002128       0x68 build/stm32f4xx_hal_cortex.o
                0x0000000008002128                HAL_NVIC_SetPriority
 .text.HAL_NVIC_EnableIRQ
                0x0000000008002190       0x1c build/stm32f4xx_hal_cortex.o
                0x0000000008002190                HAL_NVIC_EnableIRQ
 .text.HAL_SYSTICK_Config
                0x00000000080021ac       0x2c build/stm32f4xx_hal_cortex.o
                0x00000000080021ac                HAL_SYSTICK_Config
 .text.HAL_InitTick
                0x00000000080021d8       0x4c build/stm32f4xx_hal.o
                0x00000000080021d8                HAL_InitTick
 .text.HAL_Init
                0x0000000008002224       0x34 build/stm32f4xx_hal.o
                0x0000000008002224                HAL_Init
 .text.HAL_IncTick
                0x0000000008002258       0x18 build/stm32f4xx_hal.o
                0x0000000008002258                HAL_IncTick
 .text.HAL_GetTick
                0x0000000008002270        0xc build/stm32f4xx_hal.o
                0x0000000008002270                HAL_GetTick
 .text.HAL_Delay
                0x000000000800227c       0x28 build/stm32f4xx_hal.o
                0x000000000800227c                HAL_Delay
 .text.SPI_WaitFlagStateUntilTimeout
                0x00000000080022a4       0xd0 build/stm32f4xx_hal_spi.o
 .text.SPI_EndRxTxTransaction
                0x0000000008002374       0x68 build/stm32f4xx_hal_spi.o
 .text.HAL_SPI_Init
                0x00000000080023dc       0xbe build/stm32f4xx_hal_spi.o
                0x00000000080023dc                HAL_SPI_Init
 .text.HAL_SPI_Transmit
                0x000000000800249a      0x1ae build/stm32f4xx_hal_spi.o
                0x000000000800249a                HAL_SPI_Transmit
 .text.TIM_TI1_ConfigInputStage
                0x0000000008002648       0x24 build/stm32f4xx_hal_tim.o
 .text.TIM_TI2_ConfigInputStage
                0x000000000800266c       0x26 build/stm32f4xx_hal_tim.o
 .text.TIM_ITRx_SetConfig
                0x0000000008002692       0x10 build/stm32f4xx_hal_tim.o
 *fill*         0x00000000080026a2        0x2 
 .text.HAL_TIM_Base_Start_IT
                0x00000000080026a4       0x88 build/stm32f4xx_hal_tim.o
                0x00000000080026a4                HAL_TIM_Base_Start_IT
 .text.HAL_TIM_Base_Stop_IT
                0x000000000800272c       0x32 build/stm32f4xx_hal_tim.o
                0x000000000800272c                HAL_TIM_Base_Stop_IT
 .text.HAL_TIM_OC_DelayElapsedCallback
                0x000000000800275e        0x2 build/stm32f4xx_hal_tim.o
                0x000000000800275e                HAL_TIM_OC_DelayElapsedCallback
 .text.HAL_TIM_IC_CaptureCallback
                0x0000000008002760        0x2 build/stm32f4xx_hal_tim.o
                0x0000000008002760                HAL_TIM_IC_CaptureCallback
 .text.HAL_TIM_PWM_PulseFinishedCallback
                0x0000000008002762        0x2 build/stm32f4xx_hal_tim.o
                0x0000000008002762                HAL_TIM_PWM_PulseFinishedCallback
 .text.HAL_TIM_TriggerCallback
                0x0000000008002764        0x2 build/stm32f4xx_hal_tim.o
                0x0000000008002764                HAL_TIM_TriggerCallback
 .text.HAL_TIM_IRQHandler
                0x0000000008002766      0x17a build/stm32f4xx_hal_tim.o
                0x0000000008002766                HAL_TIM_IRQHandler
 .text.TIM_Base_SetConfig
                0x00000000080028e0       0xc8 build/stm32f4xx_hal_tim.o
                0x00000000080028e0                TIM_Base_SetConfig
 .text.HAL_TIM_Base_Init
                0x00000000080029a8       0x58 build/stm32f4xx_hal_tim.o
                0x00000000080029a8                HAL_TIM_Base_Init
 .text.TIM_ETR_SetConfig
                0x0000000008002a00       0x18 build/stm32f4xx_hal_tim.o
                0x0000000008002a00                TIM_ETR_SetConfig
 .text.HAL_TIM_ConfigClockSource
                0x0000000008002a18       0xfe build/stm32f4xx_hal_tim.o
                0x0000000008002a18                HAL_TIM_ConfigClockSource
 *fill*         0x0000000008002b16        0x2 
 .text.HAL_TIMEx_MasterConfigSynchronization
                0x0000000008002b18       0x88 build/stm32f4xx_hal_tim_ex.o
                0x0000000008002b18                HAL_TIMEx_MasterConfigSynchronization
 .text.HAL_TIMEx_CommutCallback
                0x0000000008002ba0        0x2 build/stm32f4xx_hal_tim_ex.o
                0x0000000008002ba0                HAL_TIMEx_CommutCallback
 .text.HAL_TIMEx_BreakCallback
                0x0000000008002ba2        0x2 build/stm32f4xx_hal_tim_ex.o
                0x0000000008002ba2                HAL_TIMEx_BreakCallback
 .text.UART_EndRxTransfer
                0x0000000008002ba4       0x5c build/stm32f4xx_hal_uart.o
 .text.UART_Transmit_IT
                0x0000000008002c00       0x60 build/stm32f4xx_hal_uart.o
 .text.UART_SetConfig
                0x0000000008002c60      0x11c build/stm32f4xx_hal_uart.o
 .text.HAL_UART_Init
                0x0000000008002d7c       0x5e build/stm32f4xx_hal_uart.o
                0x0000000008002d7c                HAL_UART_Init
 .text.HAL_UART_Transmit_IT
                0x0000000008002dda       0x48 build/stm32f4xx_hal_uart.o
                0x0000000008002dda                HAL_UART_Transmit_IT
 .text.UART_EndTransmit_IT
                0x0000000008002e22       0x1a build/stm32f4xx_hal_uart.o
 .text.HAL_UART_ErrorCallback
                0x0000000008002e3c        0x2 build/stm32f4xx_hal_uart.o
                0x0000000008002e3c                HAL_UART_ErrorCallback
 .text.UART_DMAAbortOnError
                0x0000000008002e3e       0x10 build/stm32f4xx_hal_uart.o
 .text.HAL_UART_AbortTransmitCpltCallback
                0x0000000008002e4e        0x2 build/stm32f4xx_hal_uart.o
                0x0000000008002e4e                HAL_UART_AbortTransmitCpltCallback
 .text.HAL_UART_AbortTransmit_IT
                0x0000000008002e50       0x80 build/stm32f4xx_hal_uart.o
                0x0000000008002e50                HAL_UART_AbortTransmit_IT
 .text.UART_DMATxOnlyAbortCallback
                0x0000000008002ed0       0x14 build/stm32f4xx_hal_uart.o
 .text.HAL_UART_AbortReceiveCpltCallback
                0x0000000008002ee4        0x2 build/stm32f4xx_hal_uart.o
                0x0000000008002ee4                HAL_UART_AbortReceiveCpltCallback
 *fill*         0x0000000008002ee6        0x2 
 .text.HAL_UART_AbortReceive_IT
                0x0000000008002ee8       0xbc build/stm32f4xx_hal_uart.o
                0x0000000008002ee8                HAL_UART_AbortReceive_IT
 .text.UART_DMARxOnlyAbortCallback
                0x0000000008002fa4       0x16 build/stm32f4xx_hal_uart.o
 .text.HAL_UARTEx_RxEventCallback
                0x0000000008002fba        0x2 build/stm32f4xx_hal_uart.o
                0x0000000008002fba                HAL_UARTEx_RxEventCallback
 .text.UART_Receive_IT
                0x0000000008002fbc       0xe2 build/stm32f4xx_hal_uart.o
 *fill*         0x000000000800309e        0x2 
 .text.HAL_UART_IRQHandler
                0x00000000080030a0      0x280 build/stm32f4xx_hal_uart.o
                0x00000000080030a0                HAL_UART_IRQHandler
 .text.UART_Start_Receive_IT
                0x0000000008003320       0x36 build/stm32f4xx_hal_uart.o
                0x0000000008003320                UART_Start_Receive_IT
 .text.HAL_UART_Receive_IT
                0x0000000008003356       0x38 build/stm32f4xx_hal_uart.o
                0x0000000008003356                HAL_UART_Receive_IT
 *fill*         0x000000000800338e        0x2 
 .text.SystemInit
                0x0000000008003390       0x14 build/system_stm32f4xx.o
                0x0000000008003390                SystemInit
 .text.eMBFuncReadCoils
                0x00000000080033a4       0x74 build/mbfunccoils.o
                0x00000000080033a4                eMBFuncReadCoils
 .text.eMBFuncWriteCoil
                0x0000000008003418       0x60 build/mbfunccoils.o
                0x0000000008003418                eMBFuncWriteCoil
 .text.eMBFuncWriteMultipleCoils
                0x0000000008003478       0x64 build/mbfunccoils.o
                0x0000000008003478                eMBFuncWriteMultipleCoils
 .text.eMBFuncReadDiscreteInputs
                0x00000000080034dc       0x72 build/mbfuncdisc.o
                0x00000000080034dc                eMBFuncReadDiscreteInputs
 .text.eMBFuncWriteHoldingRegister
                0x000000000800354e       0x2c build/mbfuncholding.o
                0x000000000800354e                eMBFuncWriteHoldingRegister
 .text.eMBFuncWriteMultipleHoldingRegister
                0x000000000800357a       0x52 build/mbfuncholding.o
                0x000000000800357a                eMBFuncWriteMultipleHoldingRegister
 .text.eMBFuncReadHoldingRegister
                0x00000000080035cc       0x64 build/mbfuncholding.o
                0x00000000080035cc                eMBFuncReadHoldingRegister
 .text.eMBFuncReadWriteMultipleHoldingRegister
                0x0000000008003630       0xa4 build/mbfuncholding.o
                0x0000000008003630                eMBFuncReadWriteMultipleHoldingRegister
 .text.eMBFuncReadInputRegister
                0x00000000080036d4       0x64 build/mbfuncinput.o
                0x00000000080036d4                eMBFuncReadInputRegister
 .text.eMBFuncReportSlaveID
                0x0000000008003738       0x24 build/mbfuncother.o
                0x0000000008003738                eMBFuncReportSlaveID
 .text.xMBUtilSetBits
                0x000000000800375c       0x40 build/mbutils.o
                0x000000000800375c                xMBUtilSetBits
 .text.xMBUtilGetBits
                0x000000000800379c       0x28 build/mbutils.o
                0x000000000800379c                xMBUtilGetBits
 .text.prveMBError2Exception
                0x00000000080037c4       0x18 build/mbutils.o
                0x00000000080037c4                prveMBError2Exception
 .text.xMBPortEventInit
                0x00000000080037dc       0x10 build/portevent.o
                0x00000000080037dc                xMBPortEventInit
 .text.xMBPortEventPost
                0x00000000080037ec       0x18 build/portevent.o
                0x00000000080037ec                xMBPortEventPost
 .text.xMBPortEventGet
                0x0000000008003804       0x20 build/portevent.o
                0x0000000008003804                xMBPortEventGet
 .text.xMBPortSerialInit
                0x0000000008003824        0xc build/portserial.o
                0x0000000008003824                xMBPortSerialInit
 .text.vMBPortSerialEnable
                0x0000000008003830       0x3c build/portserial.o
                0x0000000008003830                vMBPortSerialEnable
 .text.xMBPortSerialPutBytes
                0x000000000800386c       0x18 build/portserial.o
                0x000000000800386c                xMBPortSerialPutBytes
 .text.xMBPortSerialGetByte
                0x0000000008003884       0x10 build/portserial.o
                0x0000000008003884                xMBPortSerialGetByte
 .text.HAL_UART_RxCpltCallback
                0x0000000008003894       0x30 build/portserial.o
                0x0000000008003894                HAL_UART_RxCpltCallback
 .text.HAL_UART_TxCpltCallback
                0x00000000080038c4       0x20 build/portserial.o
                0x00000000080038c4                HAL_UART_TxCpltCallback
 .text.xMBPortTimersInit
                0x00000000080038e4       0x14 build/porttimer.o
                0x00000000080038e4                xMBPortTimersInit
 .text.vMBPortTimersEnable
                0x00000000080038f8       0x1c build/porttimer.o
                0x00000000080038f8                vMBPortTimersEnable
 .text.vMBPortTimersDisable
                0x0000000008003914       0x10 build/porttimer.o
                0x0000000008003914                vMBPortTimersDisable
 .text.HAL_TIM_PeriodElapsedCallback
                0x0000000008003924       0x38 build/porttimer.o
                0x0000000008003924                HAL_TIM_PeriodElapsedCallback
 .text.__critical_enter
                0x000000000800395c       0x10 build/portcritical.o
                0x000000000800395c                __critical_enter
 .text.__critical_exit
                0x000000000800396c       0x14 build/portcritical.o
                0x000000000800396c                __critical_exit
 .text.usMBCRC16
                0x0000000008003980       0x30 build/mbcrc.o
                0x0000000008003980                usMBCRC16
 .text.eMBRTUInit
                0x00000000080039b0       0x50 build/mbrtu.o
                0x00000000080039b0                eMBRTUInit
 .text.eMBRTUStart
                0x0000000008003a00       0x20 build/mbrtu.o
                0x0000000008003a00                eMBRTUStart
 .text.eMBRTUStop
                0x0000000008003a20       0x18 build/mbrtu.o
                0x0000000008003a20                eMBRTUStop
 .text.eMBRTUReceive
                0x0000000008003a38       0x54 build/mbrtu.o
                0x0000000008003a38                eMBRTUReceive
 .text.eMBRTUSend
                0x0000000008003a8c       0x94 build/mbrtu.o
                0x0000000008003a8c                eMBRTUSend
 .text.xMBRTUReceiveFSM
                0x0000000008003b20       0x8c build/mbrtu.o
                0x0000000008003b20                xMBRTUReceiveFSM
 .text.xMBRTUTransmitFSM
                0x0000000008003bac       0x60 build/mbrtu.o
                0x0000000008003bac                xMBRTUTransmitFSM
 .text.xMBRTUTimerT35Expired
                0x0000000008003c0c       0x38 build/mbrtu.o
                0x0000000008003c0c                xMBRTUTimerT35Expired
 .text.eMBInit  0x0000000008003c44       0xb4 build/mb.o
                0x0000000008003c44                eMBInit
 .text.eMBEnable
                0x0000000008003cf8       0x24 build/mb.o
                0x0000000008003cf8                eMBEnable
 .text.eMBPoll  0x0000000008003d1c      0x100 build/mb.o
                0x0000000008003d1c                eMBPoll
 .text.eMBRegInputCB
                0x0000000008003e1c       0x48 build/user_mb_app.o
                0x0000000008003e1c                eMBRegInputCB
 .text.eMBRegHoldingCB
                0x0000000008003e64       0x7c build/user_mb_app.o
                0x0000000008003e64                eMBRegHoldingCB
 .text.eMBRegCoilsCB
                0x0000000008003ee0       0xbc build/user_mb_app.o
                0x0000000008003ee0                eMBRegCoilsCB
 .text.eMBRegDiscreteCB
                0x0000000008003f9c       0x70 build/user_mb_app.o
                0x0000000008003f9c                eMBRegDiscreteCB
 .text.dataTransmit
                0x000000000800400c       0x2c build/ReceiveTransmit.o
                0x000000000800400c                dataTransmit
 .text.ST7735_Select
                0x0000000008004038       0x14 build/st7735.o
 .text.ST7735_Reset
                0x000000000800404c       0x24 build/st7735.o
 .text.ST7735_WriteCommand
                0x0000000008004070       0x30 build/st7735.o
 .text.ST7735_WriteData
                0x00000000080040a0       0x28 build/st7735.o
 .text.ST7735_ExecuteCommandList
                0x00000000080040c8       0x4c build/st7735.o
 .text.ST7735_SetAddressWindow
                0x0000000008004114       0x58 build/st7735.o
 .text.ST7735_Unselect
                0x000000000800416c       0x14 build/st7735.o
                0x000000000800416c                ST7735_Unselect
 .text.ST7735_Init
                0x0000000008004180       0x30 build/st7735.o
                0x0000000008004180                ST7735_Init
 .text.ST7735_DrawImage
                0x00000000080041b0       0x50 build/st7735.o
                0x00000000080041b0                ST7735_DrawImage
 .text.Reset_Handler
                0x0000000008004200       0x50 build/startup_stm32f407xx.o
                0x0000000008004200                Reset_Handler
 .text.Default_Handler
                0x0000000008004250        0x2 build/startup_stm32f407xx.o
                0x0000000008004250                RTC_Alarm_IRQHandler
                0x0000000008004250                HASH_RNG_IRQHandler
                0x0000000008004250                EXTI2_IRQHandler
                0x0000000008004250                TIM8_CC_IRQHandler
                0x0000000008004250                TIM1_CC_IRQHandler
                0x0000000008004250                DMA2_Stream5_IRQHandler
                0x0000000008004250                DMA1_Stream5_IRQHandler
                0x0000000008004250                PVD_IRQHandler
                0x0000000008004250                SDIO_IRQHandler
                0x0000000008004250                TAMP_STAMP_IRQHandler
                0x0000000008004250                CAN2_RX1_IRQHandler
                0x0000000008004250                EXTI3_IRQHandler
                0x0000000008004250                TIM8_TRG_COM_TIM14_IRQHandler
                0x0000000008004250                TIM1_UP_TIM10_IRQHandler
                0x0000000008004250                TIM8_UP_TIM13_IRQHandler
                0x0000000008004250                I2C3_ER_IRQHandler
                0x0000000008004250                EXTI0_IRQHandler
                0x0000000008004250                I2C2_EV_IRQHandler
                0x0000000008004250                DMA1_Stream2_IRQHandler
                0x0000000008004250                CAN1_RX0_IRQHandler
                0x0000000008004250                FPU_IRQHandler
                0x0000000008004250                OTG_HS_WKUP_IRQHandler
                0x0000000008004250                CAN2_SCE_IRQHandler
                0x0000000008004250                DMA2_Stream2_IRQHandler
                0x0000000008004250                SPI1_IRQHandler
                0x0000000008004250                TIM6_DAC_IRQHandler
                0x0000000008004250                TIM1_BRK_TIM9_IRQHandler
                0x0000000008004250                DCMI_IRQHandler
                0x0000000008004250                CAN2_RX0_IRQHandler
                0x0000000008004250                DMA2_Stream3_IRQHandler
                0x0000000008004250                USART6_IRQHandler
                0x0000000008004250                USART3_IRQHandler
                0x0000000008004250                CAN1_RX1_IRQHandler
                0x0000000008004250                UART5_IRQHandler
                0x0000000008004250                DMA2_Stream0_IRQHandler
                0x0000000008004250                I2C1_EV_IRQHandler
                0x0000000008004250                DMA1_Stream6_IRQHandler
                0x0000000008004250                DMA1_Stream1_IRQHandler
                0x0000000008004250                UART4_IRQHandler
                0x0000000008004250                RCC_IRQHandler
                0x0000000008004250                TIM8_BRK_TIM12_IRQHandler
                0x0000000008004250                Default_Handler
                0x0000000008004250                EXTI15_10_IRQHandler
                0x0000000008004250                ADC_IRQHandler
                0x0000000008004250                DMA1_Stream7_IRQHandler
                0x0000000008004250                TIM7_IRQHandler
                0x0000000008004250                CAN2_TX_IRQHandler
                0x0000000008004250                TIM5_IRQHandler
                0x0000000008004250                DMA2_Stream7_IRQHandler
                0x0000000008004250                I2C3_EV_IRQHandler
                0x0000000008004250                EXTI9_5_IRQHandler
                0x0000000008004250                RTC_WKUP_IRQHandler
                0x0000000008004250                ETH_WKUP_IRQHandler
                0x0000000008004250                SPI2_IRQHandler
                0x0000000008004250                OTG_HS_EP1_IN_IRQHandler
                0x0000000008004250                DMA1_Stream0_IRQHandler
                0x0000000008004250                CAN1_TX_IRQHandler
                0x0000000008004250                EXTI4_IRQHandler
                0x0000000008004250                FSMC_IRQHandler
                0x0000000008004250                ETH_IRQHandler
                0x0000000008004250                OTG_HS_EP1_OUT_IRQHandler
                0x0000000008004250                WWDG_IRQHandler
                0x0000000008004250                TIM2_IRQHandler
                0x0000000008004250                OTG_FS_WKUP_IRQHandler
                0x0000000008004250                TIM1_TRG_COM_TIM11_IRQHandler
                0x0000000008004250                OTG_HS_IRQHandler
                0x0000000008004250                EXTI1_IRQHandler
                0x0000000008004250                I2C2_ER_IRQHandler
                0x0000000008004250                DMA2_Stream1_IRQHandler
                0x0000000008004250                CAN1_SCE_IRQHandler
                0x0000000008004250                FLASH_IRQHandler
                0x0000000008004250                DMA2_Stream4_IRQHandler
                0x0000000008004250                OTG_FS_IRQHandler
                0x0000000008004250                SPI3_IRQHandler
                0x0000000008004250                DMA1_Stream4_IRQHandler
                0x0000000008004250                I2C1_ER_IRQHandler
                0x0000000008004250                DMA2_Stream6_IRQHandler
                0x0000000008004250                DMA1_Stream3_IRQHandler
 *fill*         0x0000000008004252        0x2 
 .text.__libc_init_array
                0x0000000008004254       0x48 c:/vscodeproject/software/arm_gcc/bin/../lib/gcc/arm-none-eabi/9.2.1/../../../../arm-none-eabi/lib/thumb/v7e-m+fp/hard\libc_nano.a(lib_a-init.o)
                0x0000000008004254                __libc_init_array
 .text.memcpy   0x000000000800429c       0x1c c:/vscodeproject/software/arm_gcc/bin/../lib/gcc/arm-none-eabi/9.2.1/../../../../arm-none-eabi/lib/thumb/v7e-m+fp/hard\libc_nano.a(lib_a-memcpy-stub.o)
                0x000000000800429c                memcpy
 .text.memset   0x00000000080042b8       0x10 c:/vscodeproject/software/arm_gcc/bin/../lib/gcc/arm-none-eabi/9.2.1/../../../../arm-none-eabi/lib/thumb/v7e-m+fp/hard\libc_nano.a(lib_a-memset.o)
                0x00000000080042b8                memset
 .text.__udivmoddi4
                0x00000000080042c8      0x2c4 c:/vscodeproject/software/arm_gcc/bin/../lib/gcc/arm-none-eabi/9.2.1/thumb/v7e-m+fp/hard\libgcc.a(_udivmoddi4.o)
                0x00000000080042c8                __udivmoddi4
 *(.glue_7)
 .glue_7        0x000000000800458c        0x0 linker stubs
 *(.glue_7t)
 .glue_7t       0x000000000800458c        0x0 linker stubs
 *(.eh_frame)
 .eh_frame      0x000000000800458c        0x0 c:/vscodeproject/software/arm_gcc/bin/../lib/gcc/arm-none-eabi/9.2.1/thumb/v7e-m+fp/hard/crtbegin.o
 *(.init)
 .init          0x000000000800458c        0x4 c:/vscodeproject/software/arm_gcc/bin/../lib/gcc/arm-none-eabi/9.2.1/thumb/v7e-m+fp/hard/crti.o
                0x000000000800458c                _init
 .init          0x0000000008004590        0x8 c:/vscodeproject/software/arm_gcc/bin/../lib/gcc/arm-none-eabi/9.2.1/thumb/v7e-m+fp/hard/crtn.o
 *(.fini)
 .fini          0x0000000008004598        0x4 c:/vscodeproject/software/arm_gcc/bin/../lib/gcc/arm-none-eabi/9.2.1/thumb/v7e-m+fp/hard/crti.o
                0x0000000008004598                _fini
 .fini          0x000000000800459c        0x8 c:/vscodeproject/software/arm_gcc/bin/../lib/gcc/arm-none-eabi/9.2.1/thumb/v7e-m+fp/hard/crtn.o
                0x00000000080045a4                . = ALIGN (0x4)
                0x00000000080045a4                _etext = .

.vfp11_veneer   0x00000000080045a4        0x0
 .vfp11_veneer  0x00000000080045a4        0x0 linker stubs

.v4_bx          0x00000000080045a4        0x0
 .v4_bx         0x00000000080045a4        0x0 linker stubs

.iplt           0x00000000080045a4        0x0
 .iplt          0x00000000080045a4        0x0 c:/vscodeproject/software/arm_gcc/bin/../lib/gcc/arm-none-eabi/9.2.1/thumb/v7e-m+fp/hard/crtbegin.o

.rodata         0x00000000080045a4      0x358
                0x00000000080045a4                . = ALIGN (0x4)
 *(.rodata)
 *(.rodata*)
 .rodata.test_img_128x128
                0x00000000080045a4       0xc8 build/main.o
                0x00000000080045a4                test_img_128x128
 .rodata.AHBPrescTable
                0x000000000800466c       0x10 build/system_stm32f4xx.o
                0x000000000800466c                AHBPrescTable
 .rodata.APBPrescTable
                0x000000000800467c        0x8 build/system_stm32f4xx.o
                0x000000000800467c                APBPrescTable
 .rodata.aucCRCHi
                0x0000000008004684      0x100 build/mbcrc.o
 .rodata.aucCRCLo
                0x0000000008004784      0x100 build/mbcrc.o
 .rodata.init_cmds1
                0x0000000008004884       0x3b build/st7735.o
 *fill*         0x00000000080048bf        0x1 
 .rodata.init_cmds2
                0x00000000080048c0        0xd build/st7735.o
 *fill*         0x00000000080048cd        0x3 
 .rodata.init_cmds3
                0x00000000080048d0       0x2b build/st7735.o
                0x00000000080048fc                . = ALIGN (0x4)
 *fill*         0x00000000080048fb        0x1 

.ARM.extab
 *(.ARM.extab* .gnu.linkonce.armextab.*)

.ARM            0x00000000080048fc        0x8
                0x00000000080048fc                __exidx_start = .
 *(.ARM.exidx*)
 .ARM.exidx.text.__udivmoddi4
                0x00000000080048fc        0x8 c:/vscodeproject/software/arm_gcc/bin/../lib/gcc/arm-none-eabi/9.2.1/thumb/v7e-m+fp/hard\libgcc.a(_udivmoddi4.o)
                0x0000000008004904                __exidx_end = .

.rel.dyn        0x0000000008004904        0x0
 .rel.iplt      0x0000000008004904        0x0 c:/vscodeproject/software/arm_gcc/bin/../lib/gcc/arm-none-eabi/9.2.1/thumb/v7e-m+fp/hard/crtbegin.o

.preinit_array  0x0000000008004904        0x0
                0x0000000008004904                PROVIDE (__preinit_array_start = .)
 *(.preinit_array*)
                0x0000000008004904                PROVIDE (__preinit_array_end = .)

.init_array     0x0000000008004904        0x4
                0x0000000008004904                PROVIDE (__init_array_start = .)
 *(SORT_BY_NAME(.init_array.*))
 *(.init_array*)
 .init_array    0x0000000008004904        0x4 c:/vscodeproject/software/arm_gcc/bin/../lib/gcc/arm-none-eabi/9.2.1/thumb/v7e-m+fp/hard/crtbegin.o
                0x0000000008004908                PROVIDE (__init_array_end = .)

.fini_array     0x0000000008004908        0x4
                [!provide]                        PROVIDE (__fini_array_start = .)
 *(SORT_BY_NAME(.fini_array.*))
 *(.fini_array*)
 .fini_array    0x0000000008004908        0x4 c:/vscodeproject/software/arm_gcc/bin/../lib/gcc/arm-none-eabi/9.2.1/thumb/v7e-m+fp/hard/crtbegin.o
                [!provide]                        PROVIDE (__fini_array_end = .)
                0x000000000800490c                _sidata = LOADADDR (.data)

.data           0x0000000020000000       0x90 load address 0x000000000800490c
                0x0000000020000000                . = ALIGN (0x4)
                0x0000000020000000                _sdata = .
 *(.data)
 *(.data*)
 .data.uwTickFreq
                0x0000000020000000        0x1 build/stm32f4xx_hal.o
                0x0000000020000000                uwTickFreq
 *fill*         0x0000000020000001        0x3 
 .data.uwTickPrio
                0x0000000020000004        0x4 build/stm32f4xx_hal.o
                0x0000000020000004                uwTickPrio
 .data.SystemCoreClock
                0x0000000020000008        0x4 build/system_stm32f4xx.o
                0x0000000020000008                SystemCoreClock
 .data.eMBState
                0x000000002000000c        0x1 build/mb.o
 *fill*         0x000000002000000d        0x3 
 .data.xFuncHandlers
                0x0000000020000010       0x80 build/mb.o
                0x0000000020000090                . = ALIGN (0x4)
                0x0000000020000090                _edata = .
                0x000000000800499c                _siccmram = LOADADDR (.ccmram)

.igot.plt       0x0000000020000090        0x0 load address 0x000000000800499c
 .igot.plt      0x0000000020000090        0x0 c:/vscodeproject/software/arm_gcc/bin/../lib/gcc/arm-none-eabi/9.2.1/thumb/v7e-m+fp/hard/crtbegin.o

.ccmram         0x0000000010000000        0x0 load address 0x000000000800499c
                0x0000000010000000                . = ALIGN (0x4)
                0x0000000010000000                _sccmram = .
 *(.ccmram)
 *(.ccmram*)
                0x0000000010000000                . = ALIGN (0x4)
                0x0000000010000000                _eccmram = .
                0x0000000010000000                . = ALIGN (0x4)

.bss            0x0000000020000090      0x40c
                0x0000000020000090                _sbss = .
                0x0000000020000090                __bss_start__ = _sbss
 *(.bss)
 *(.bss*)
 .bss.completed.10274
                0x0000000020000090        0x1 c:/vscodeproject/software/arm_gcc/bin/../lib/gcc/arm-none-eabi/9.2.1/thumb/v7e-m+fp/hard/crtbegin.o
 *fill*         0x0000000020000091        0x3 
 .bss.object.10279
                0x0000000020000094       0x18 c:/vscodeproject/software/arm_gcc/bin/../lib/gcc/arm-none-eabi/9.2.1/thumb/v7e-m+fp/hard/crtbegin.o
 .bss.AverageADC
                0x00000000200000ac        0x4 build/stm32f4xx_it.o
                0x00000000200000ac                AverageADC
 .bss.Result    0x00000000200000b0        0x4 build/stm32f4xx_it.o
                0x00000000200000b0                Result
 .bss.meanADC   0x00000000200000b4        0x4 build/stm32f4xx_it.o
                0x00000000200000b4                meanADC
 .bss.voltageADC
                0x00000000200000b8        0x4 build/stm32f4xx_it.o
                0x00000000200000b8                voltageADC
 .bss.ucMBSlaveID
                0x00000000200000bc       0x20 build/mbfuncother.o
 .bss.usMBSlaveIDLen
                0x00000000200000dc        0x2 build/mbfuncother.o
 .bss.eQueuedEvent
                0x00000000200000de        0x1 build/portevent.o
 .bss.xEventInQueue
                0x00000000200000df        0x1 build/portevent.o
 .bss.singlechar
                0x00000000200000e0        0x1 build/portserial.o
 *fill*         0x00000000200000e1        0x1 
 .bss.counter   0x00000000200000e2        0x2 build/porttimer.o
                0x00000000200000e2                counter
 .bss.timeout   0x00000000200000e4        0x2 build/porttimer.o
 *fill*         0x00000000200000e6        0x2 
 .bss.lock_count
                0x00000000200000e8        0x4 build/portcritical.o
 .bss.eRcvState
                0x00000000200000ec        0x1 build/mbrtu.o
 .bss.eSndState
                0x00000000200000ed        0x1 build/mbrtu.o
 *fill*         0x00000000200000ee        0x2 
 .bss.pucSndBufferCur
                0x00000000200000f0        0x4 build/mbrtu.o
 .bss.usRcvBufferPos
                0x00000000200000f4        0x2 build/mbrtu.o
 .bss.usSndBufferCount
                0x00000000200000f6        0x2 build/mbrtu.o
 .bss.eException.10085
                0x00000000200000f8        0x1 build/mb.o
 *fill*         0x00000000200000f9        0x3 
 .bss.peMBFrameReceiveCur
                0x00000000200000fc        0x4 build/mb.o
 .bss.peMBFrameSendCur
                0x0000000020000100        0x4 build/mb.o
 .bss.pvMBFrameCloseCur
                0x0000000020000104        0x4 build/mb.o
 .bss.pvMBFrameStartCur
                0x0000000020000108        0x4 build/mb.o
 .bss.pvMBFrameStopCur
                0x000000002000010c        0x4 build/mb.o
 .bss.ucFunctionCode.10083
                0x0000000020000110        0x1 build/mb.o
 .bss.ucMBAddress
                0x0000000020000111        0x1 build/mb.o
 *fill*         0x0000000020000112        0x2 
 .bss.ucMBFrame.10081
                0x0000000020000114        0x4 build/mb.o
 .bss.ucRcvAddress.10082
                0x0000000020000118        0x1 build/mb.o
 *fill*         0x0000000020000119        0x1 
 .bss.usLength.10084
                0x000000002000011a        0x2 build/mb.o
 .bss.usSCoilStart
                0x000000002000011c        0x2 build/user_mb_app.o
                0x000000002000011c                usSCoilStart
 .bss.usSDiscInStart
                0x000000002000011e        0x2 build/user_mb_app.o
                0x000000002000011e                usSDiscInStart
 .bss.usSRegHoldStart
                0x0000000020000120        0x2 build/user_mb_app.o
                0x0000000020000120                usSRegHoldStart
 .bss.usSRegInStart
                0x0000000020000122        0x2 build/user_mb_app.o
                0x0000000020000122                usSRegInStart
 .bss.tmpe      0x0000000020000124        0x4 build/ReceiveTransmit.o
                0x0000000020000124                tmpe
 *(COMMON)
 COMMON         0x0000000020000128       0x48 build/adc.o
                0x0000000020000128                hadc1
 COMMON         0x0000000020000170       0xb0 build/spi.o
                0x0000000020000170                hspi2
                0x00000000200001c8                hspi1
 COMMON         0x0000000020000220       0x90 build/tim.o
                0x0000000020000220                htim4
                0x0000000020000268                htim3
 COMMON         0x00000000200002b0       0x88 build/usart.o
                0x00000000200002b0                huart1
                0x00000000200002f4                huart2
 COMMON         0x0000000020000338       0x10 build/stm32f4xx_it.o
                0x0000000020000338                MassifADC
                0x0000000020000344                temp
 COMMON         0x0000000020000348        0x4 build/stm32f4xx_hal.o
                0x0000000020000348                uwTick
 COMMON         0x000000002000034c        0x4 build/portserial.o
                0x000000002000034c                uart
 COMMON         0x0000000020000350        0x5 build/porttimer.o
                0x0000000020000350                tim
                0x0000000020000354                var
 *fill*         0x0000000020000355        0x3 
 COMMON         0x0000000020000358      0x100 build/mbrtu.o
                0x0000000020000358                ucRTUBuf
 COMMON         0x0000000020000458       0x14 build/mb.o
                0x0000000020000458                pxMBFrameCBTransmitterEmpty
                0x000000002000045c                pxMBPortCBTimerExpired
                0x0000000020000460                pxMBFrameCBByteReceived
                0x0000000020000464                pxMBFrameCBTransmitFSMCur
                0x0000000020000468                pxMBFrameCBReceiveFSMCur
 COMMON         0x000000002000046c       0x30 build/user_mb_app.o
                0x000000002000046c                ucSCoilBuf
                0x0000000020000470                ucSDiscInBuf
                0x0000000020000474                usSRegHoldBuf
                0x0000000020000488                usSRegInBuf
                0x000000002000049c                . = ALIGN (0x4)
                0x000000002000049c                _ebss = .
                0x000000002000049c                __bss_end__ = _ebss

._user_heap_stack
                0x000000002000049c      0x604
                0x00000000200004a0                . = ALIGN (0x8)
 *fill*         0x000000002000049c        0x4 
                [!provide]                        PROVIDE (end = .)
                [!provide]                        PROVIDE (_end = .)
                0x00000000200006a0                . = (. + _Min_Heap_Size)
 *fill*         0x00000000200004a0      0x200 
                0x0000000020000aa0                . = (. + _Min_Stack_Size)
 *fill*         0x00000000200006a0      0x400 
                0x0000000020000aa0                . = ALIGN (0x8)

/DISCARD/
 libc.a(*)
 libm.a(*)
 libgcc.a(*)

.ARM.attributes
                0x0000000000000000       0x30
 *(.ARM.attributes)
 .ARM.attributes
                0x0000000000000000       0x1e c:/vscodeproject/software/arm_gcc/bin/../lib/gcc/arm-none-eabi/9.2.1/thumb/v7e-m+fp/hard/crti.o
 .ARM.attributes
                0x000000000000001e       0x34 c:/vscodeproject/software/arm_gcc/bin/../lib/gcc/arm-none-eabi/9.2.1/thumb/v7e-m+fp/hard/crtbegin.o
 .ARM.attributes
                0x0000000000000052       0x34 build/main.o
 .ARM.attributes
                0x0000000000000086       0x34 build/gpio.o
 .ARM.attributes
                0x00000000000000ba       0x34 build/adc.o
 .ARM.attributes
                0x00000000000000ee       0x34 build/spi.o
 .ARM.attributes
                0x0000000000000122       0x34 build/tim.o
 .ARM.attributes
                0x0000000000000156       0x34 build/usart.o
 .ARM.attributes
                0x000000000000018a       0x34 build/stm32f4xx_it.o
 .ARM.attributes
                0x00000000000001be       0x34 build/stm32f4xx_hal_msp.o
 .ARM.attributes
                0x00000000000001f2       0x34 build/stm32f4xx_hal_adc.o
 .ARM.attributes
                0x0000000000000226       0x34 build/stm32f4xx_hal_rcc.o
 .ARM.attributes
                0x000000000000025a       0x34 build/stm32f4xx_hal_gpio.o
 .ARM.attributes
                0x000000000000028e       0x34 build/stm32f4xx_hal_dma.o
 .ARM.attributes
                0x00000000000002c2       0x34 build/stm32f4xx_hal_cortex.o
 .ARM.attributes
                0x00000000000002f6       0x34 build/stm32f4xx_hal.o
 .ARM.attributes
                0x000000000000032a       0x34 build/stm32f4xx_hal_spi.o
 .ARM.attributes
                0x000000000000035e       0x34 build/stm32f4xx_hal_tim.o
 .ARM.attributes
                0x0000000000000392       0x34 build/stm32f4xx_hal_tim_ex.o
 .ARM.attributes
                0x00000000000003c6       0x34 build/stm32f4xx_hal_uart.o
 .ARM.attributes
                0x00000000000003fa       0x34 build/system_stm32f4xx.o
 .ARM.attributes
                0x000000000000042e       0x34 build/mbfunccoils.o
 .ARM.attributes
                0x0000000000000462       0x34 build/mbfuncdisc.o
 .ARM.attributes
                0x0000000000000496       0x34 build/mbfuncholding.o
 .ARM.attributes
                0x00000000000004ca       0x34 build/mbfuncinput.o
 .ARM.attributes
                0x00000000000004fe       0x34 build/mbfuncother.o
 .ARM.attributes
                0x0000000000000532       0x34 build/mbutils.o
 .ARM.attributes
                0x0000000000000566       0x34 build/portevent.o
 .ARM.attributes
                0x000000000000059a       0x34 build/portserial.o
 .ARM.attributes
                0x00000000000005ce       0x34 build/porttimer.o
 .ARM.attributes
                0x0000000000000602       0x34 build/portcritical.o
 .ARM.attributes
                0x0000000000000636       0x34 build/mbcrc.o
 .ARM.attributes
                0x000000000000066a       0x34 build/mbrtu.o
 .ARM.attributes
                0x000000000000069e       0x34 build/mb.o
 .ARM.attributes
                0x00000000000006d2       0x34 build/user_mb_app.o
 .ARM.attributes
                0x0000000000000706       0x34 build/ReceiveTransmit.o
 .ARM.attributes
                0x000000000000073a       0x34 build/st7735.o
 .ARM.attributes
                0x000000000000076e       0x21 build/startup_stm32f407xx.o
 .ARM.attributes
                0x000000000000078f       0x34 c:/vscodeproject/software/arm_gcc/bin/../lib/gcc/arm-none-eabi/9.2.1/../../../../arm-none-eabi/lib/thumb/v7e-m+fp/hard\libc_nano.a(lib_a-init.o)
 .ARM.attributes
                0x00000000000007c3       0x34 c:/vscodeproject/software/arm_gcc/bin/../lib/gcc/arm-none-eabi/9.2.1/../../../../arm-none-eabi/lib/thumb/v7e-m+fp/hard\libc_nano.a(lib_a-memcpy-stub.o)
 .ARM.attributes
                0x00000000000007f7       0x34 c:/vscodeproject/software/arm_gcc/bin/../lib/gcc/arm-none-eabi/9.2.1/../../../../arm-none-eabi/lib/thumb/v7e-m+fp/hard\libc_nano.a(lib_a-memset.o)
 .ARM.attributes
                0x000000000000082b       0x1e c:/vscodeproject/software/arm_gcc/bin/../lib/gcc/arm-none-eabi/9.2.1/thumb/v7e-m+fp/hard\libgcc.a(_arm_addsubdf3.o)
 .ARM.attributes
                0x0000000000000849       0x1e c:/vscodeproject/software/arm_gcc/bin/../lib/gcc/arm-none-eabi/9.2.1/thumb/v7e-m+fp/hard\libgcc.a(_arm_muldivdf3.o)
 .ARM.attributes
                0x0000000000000867       0x1e c:/vscodeproject/software/arm_gcc/bin/../lib/gcc/arm-none-eabi/9.2.1/thumb/v7e-m+fp/hard\libgcc.a(_arm_truncdfsf2.o)
 .ARM.attributes
                0x0000000000000885       0x1e c:/vscodeproject/software/arm_gcc/bin/../lib/gcc/arm-none-eabi/9.2.1/thumb/v7e-m+fp/hard\libgcc.a(_aeabi_uldivmod.o)
 .ARM.attributes
                0x00000000000008a3       0x34 c:/vscodeproject/software/arm_gcc/bin/../lib/gcc/arm-none-eabi/9.2.1/thumb/v7e-m+fp/hard\libgcc.a(_udivmoddi4.o)
 .ARM.attributes
                0x00000000000008d7       0x1e c:/vscodeproject/software/arm_gcc/bin/../lib/gcc/arm-none-eabi/9.2.1/thumb/v7e-m+fp/hard\libgcc.a(_dvmd_tls.o)
 .ARM.attributes
                0x00000000000008f5       0x1e c:/vscodeproject/software/arm_gcc/bin/../lib/gcc/arm-none-eabi/9.2.1/thumb/v7e-m+fp/hard/crtn.o
OUTPUT(build/studyMCU_407.elf elf32-littlearm)

.debug_info     0x0000000000000000    0x25581
 .debug_info    0x0000000000000000     0x21d8 build/main.o
 .debug_info    0x00000000000021d8      0x64d build/gpio.o
 .debug_info    0x0000000000002825      0xaaf build/adc.o
 .debug_info    0x00000000000032d4      0xcc6 build/spi.o
 .debug_info    0x0000000000003f9a      0xfbd build/tim.o
 .debug_info    0x0000000000004f57      0xf44 build/usart.o
 .debug_info    0x0000000000005e9b     0x1b8e build/stm32f4xx_it.o
 .debug_info    0x0000000000007a29      0x3e5 build/stm32f4xx_hal_msp.o
 .debug_info    0x0000000000007e0e     0x10b4 build/stm32f4xx_hal_adc.o
 .debug_info    0x0000000000008ec2      0xc44 build/stm32f4xx_hal_rcc.o
 .debug_info    0x0000000000009b06      0x92a build/stm32f4xx_hal_gpio.o
 .debug_info    0x000000000000a430      0xc8b build/stm32f4xx_hal_dma.o
 .debug_info    0x000000000000b0bb     0x123e build/stm32f4xx_hal_cortex.o
 .debug_info    0x000000000000c2f9      0xb5e build/stm32f4xx_hal.o
 .debug_info    0x000000000000ce57     0x20e8 build/stm32f4xx_hal_spi.o
 .debug_info    0x000000000000ef3f     0x4151 build/stm32f4xx_hal_tim.o
 .debug_info    0x0000000000013090     0x1d63 build/stm32f4xx_hal_tim_ex.o
 .debug_info    0x0000000000014df3     0x4491 build/stm32f4xx_hal_uart.o
 .debug_info    0x0000000000019284      0x63c build/system_stm32f4xx.o
 .debug_info    0x00000000000198c0      0xf34 build/mbfunccoils.o
 .debug_info    0x000000000001a7f4      0xd65 build/mbfuncdisc.o
 .debug_info    0x000000000001b559     0x1019 build/mbfuncholding.o
 .debug_info    0x000000000001c572      0xd57 build/mbfuncinput.o
 .debug_info    0x000000000001d2c9      0xdc7 build/mbfuncother.o
 .debug_info    0x000000000001e090      0xe1b build/mbutils.o
 .debug_info    0x000000000001eeab      0x2f2 build/portevent.o
 .debug_info    0x000000000001f19d      0xa2d build/portserial.o
 .debug_info    0x000000000001fbca      0x9d6 build/porttimer.o
 .debug_info    0x00000000000205a0      0x214 build/portcritical.o
 .debug_info    0x00000000000207b4      0x28d build/mbcrc.o
 .debug_info    0x0000000000020a41     0x1210 build/mbrtu.o
 .debug_info    0x0000000000021c51     0x1218 build/mb.o
 .debug_info    0x0000000000022e69      0x78a build/user_mb_app.o
 .debug_info    0x00000000000235f3      0xca8 build/ReceiveTransmit.o
 .debug_info    0x000000000002429b     0x12c4 build/st7735.o
 .debug_info    0x000000000002555f       0x22 build/startup_stm32f407xx.o

.debug_abbrev   0x0000000000000000     0x4fc7
 .debug_abbrev  0x0000000000000000      0x2ef build/main.o
 .debug_abbrev  0x00000000000002ef      0x17e build/gpio.o
 .debug_abbrev  0x000000000000046d      0x1fd build/adc.o
 .debug_abbrev  0x000000000000066a      0x1f1 build/spi.o
 .debug_abbrev  0x000000000000085b      0x1fc build/tim.o
 .debug_abbrev  0x0000000000000a57      0x1fa build/usart.o
 .debug_abbrev  0x0000000000000c51      0x2e1 build/stm32f4xx_it.o
 .debug_abbrev  0x0000000000000f32      0x11c build/stm32f4xx_hal_msp.o
 .debug_abbrev  0x000000000000104e      0x2be build/stm32f4xx_hal_adc.o
 .debug_abbrev  0x000000000000130c      0x2cd build/stm32f4xx_hal_rcc.o
 .debug_abbrev  0x00000000000015d9      0x258 build/stm32f4xx_hal_gpio.o
 .debug_abbrev  0x0000000000001831      0x312 build/stm32f4xx_hal_dma.o
 .debug_abbrev  0x0000000000001b43      0x3a8 build/stm32f4xx_hal_cortex.o
 .debug_abbrev  0x0000000000001eeb      0x21c build/stm32f4xx_hal.o
 .debug_abbrev  0x0000000000002107      0x2d2 build/stm32f4xx_hal_spi.o
 .debug_abbrev  0x00000000000023d9      0x2af build/stm32f4xx_hal_tim.o
 .debug_abbrev  0x0000000000002688      0x2ab build/stm32f4xx_hal_tim_ex.o
 .debug_abbrev  0x0000000000002933      0x39a build/stm32f4xx_hal_uart.o
 .debug_abbrev  0x0000000000002ccd      0x14a build/system_stm32f4xx.o
 .debug_abbrev  0x0000000000002e17      0x264 build/mbfunccoils.o
 .debug_abbrev  0x000000000000307b      0x253 build/mbfuncdisc.o
 .debug_abbrev  0x00000000000032ce      0x25e build/mbfuncholding.o
 .debug_abbrev  0x000000000000352c      0x253 build/mbfuncinput.o
 .debug_abbrev  0x000000000000377f      0x241 build/mbfuncother.o
 .debug_abbrev  0x00000000000039c0      0x250 build/mbutils.o
 .debug_abbrev  0x0000000000003c10      0x122 build/portevent.o
 .debug_abbrev  0x0000000000003d32      0x237 build/portserial.o
 .debug_abbrev  0x0000000000003f69      0x220 build/porttimer.o
 .debug_abbrev  0x0000000000004189       0xf1 build/portcritical.o
 .debug_abbrev  0x000000000000427a       0xfd build/mbcrc.o
 .debug_abbrev  0x0000000000004377      0x2cd build/mbrtu.o
 .debug_abbrev  0x0000000000004644      0x300 build/mb.o
 .debug_abbrev  0x0000000000004944      0x162 build/user_mb_app.o
 .debug_abbrev  0x0000000000004aa6      0x249 build/ReceiveTransmit.o
 .debug_abbrev  0x0000000000004cef      0x2c6 build/st7735.o
 .debug_abbrev  0x0000000000004fb5       0x12 build/startup_stm32f407xx.o

.debug_loc      0x0000000000000000    0x16465
 .debug_loc     0x0000000000000000       0x72 build/main.o
 .debug_loc     0x0000000000000072       0x39 build/gpio.o
 .debug_loc     0x00000000000000ab       0x70 build/adc.o
 .debug_loc     0x000000000000011b      0x162 build/spi.o
 .debug_loc     0x000000000000027d      0x1aa build/tim.o
 .debug_loc     0x0000000000000427      0x162 build/usart.o
 .debug_loc     0x0000000000000589       0xe6 build/stm32f4xx_it.o
 .debug_loc     0x000000000000066f       0x2c build/stm32f4xx_hal_msp.o
 .debug_loc     0x000000000000069b      0xdcf build/stm32f4xx_hal_adc.o
 .debug_loc     0x000000000000146a      0x6c7 build/stm32f4xx_hal_rcc.o
 .debug_loc     0x0000000000001b31      0x5db build/stm32f4xx_hal_gpio.o
 .debug_loc     0x000000000000210c      0xd6d build/stm32f4xx_hal_dma.o
 .debug_loc     0x0000000000002e79      0x7d4 build/stm32f4xx_hal_cortex.o
 .debug_loc     0x000000000000364d      0x1e1 build/stm32f4xx_hal.o
 .debug_loc     0x000000000000382e     0x24e5 build/stm32f4xx_hal_spi.o
 .debug_loc     0x0000000000005d13     0x5b36 build/stm32f4xx_hal_tim.o
 .debug_loc     0x000000000000b849     0x2110 build/stm32f4xx_hal_tim_ex.o
 .debug_loc     0x000000000000d959     0x502f build/stm32f4xx_hal_uart.o
 .debug_loc     0x0000000000012988      0x16c build/system_stm32f4xx.o
 .debug_loc     0x0000000000012af4      0x6d6 build/mbfunccoils.o
 .debug_loc     0x00000000000131ca      0x289 build/mbfuncdisc.o
 .debug_loc     0x0000000000013453      0x809 build/mbfuncholding.o
 .debug_loc     0x0000000000013c5c      0x1d8 build/mbfuncinput.o
 .debug_loc     0x0000000000013e34      0x220 build/mbfuncother.o
 .debug_loc     0x0000000000014054      0x37a build/mbutils.o
 .debug_loc     0x00000000000143ce       0x89 build/portevent.o
 .debug_loc     0x0000000000014457      0x2a5 build/portserial.o
 .debug_loc     0x00000000000146fc       0xc8 build/porttimer.o
 .debug_loc     0x00000000000147c4      0x103 build/mbcrc.o
 .debug_loc     0x00000000000148c7      0x469 build/mbrtu.o
 .debug_loc     0x0000000000014d30      0x459 build/mb.o
 .debug_loc     0x0000000000015189      0x7e8 build/user_mb_app.o
 .debug_loc     0x0000000000015971       0x74 build/ReceiveTransmit.o
 .debug_loc     0x00000000000159e5      0xa80 build/st7735.o

.debug_aranges  0x0000000000000000     0x12a8
 .debug_aranges
                0x0000000000000000       0x30 build/main.o
 .debug_aranges
                0x0000000000000030       0x20 build/gpio.o
 .debug_aranges
                0x0000000000000050       0x30 build/adc.o
 .debug_aranges
                0x0000000000000080       0x38 build/spi.o
 .debug_aranges
                0x00000000000000b8       0x38 build/tim.o
 .debug_aranges
                0x00000000000000f0       0x38 build/usart.o
 .debug_aranges
                0x0000000000000128       0x80 build/stm32f4xx_it.o
 .debug_aranges
                0x00000000000001a8       0x20 build/stm32f4xx_hal_msp.o
 .debug_aranges
                0x00000000000001c8       0xe8 build/stm32f4xx_hal_adc.o
 .debug_aranges
                0x00000000000002b0       0x88 build/stm32f4xx_hal_rcc.o
 .debug_aranges
                0x0000000000000338       0x58 build/stm32f4xx_hal_gpio.o
 .debug_aranges
                0x0000000000000390       0x90 build/stm32f4xx_hal_dma.o
 .debug_aranges
                0x0000000000000420       0xa8 build/stm32f4xx_hal_cortex.o
 .debug_aranges
                0x00000000000004c8       0xf0 build/stm32f4xx_hal.o
 .debug_aranges
                0x00000000000005b8      0x1d0 build/stm32f4xx_hal_spi.o
 .debug_aranges
                0x0000000000000788      0x3d0 build/stm32f4xx_hal_tim.o
 .debug_aranges
                0x0000000000000b58      0x168 build/stm32f4xx_hal_tim_ex.o
 .debug_aranges
                0x0000000000000cc0      0x200 build/stm32f4xx_hal_uart.o
 .debug_aranges
                0x0000000000000ec0       0x28 build/system_stm32f4xx.o
 .debug_aranges
                0x0000000000000ee8       0x30 build/mbfunccoils.o
 .debug_aranges
                0x0000000000000f18       0x20 build/mbfuncdisc.o
 .debug_aranges
                0x0000000000000f38       0x38 build/mbfuncholding.o
 .debug_aranges
                0x0000000000000f70       0x20 build/mbfuncinput.o
 .debug_aranges
                0x0000000000000f90       0x28 build/mbfuncother.o
 .debug_aranges
                0x0000000000000fb8       0x30 build/mbutils.o
 .debug_aranges
                0x0000000000000fe8       0x30 build/portevent.o
 .debug_aranges
                0x0000000000001018       0x58 build/portserial.o
 .debug_aranges
                0x0000000000001070       0x38 build/porttimer.o
 .debug_aranges
                0x00000000000010a8       0x28 build/portcritical.o
 .debug_aranges
                0x00000000000010d0       0x20 build/mbcrc.o
 .debug_aranges
                0x00000000000010f0       0x58 build/mbrtu.o
 .debug_aranges
                0x0000000000001148       0x48 build/mb.o
 .debug_aranges
                0x0000000000001190       0x38 build/user_mb_app.o
 .debug_aranges
                0x00000000000011c8       0x28 build/ReceiveTransmit.o
 .debug_aranges
                0x00000000000011f0       0x90 build/st7735.o
 .debug_aranges
                0x0000000000001280       0x28 build/startup_stm32f407xx.o

.debug_ranges   0x0000000000000000     0x1118
 .debug_ranges  0x0000000000000000       0x20 build/main.o
 .debug_ranges  0x0000000000000020       0x10 build/gpio.o
 .debug_ranges  0x0000000000000030       0x20 build/adc.o
 .debug_ranges  0x0000000000000050       0x28 build/spi.o
 .debug_ranges  0x0000000000000078       0x28 build/tim.o
 .debug_ranges  0x00000000000000a0       0x28 build/usart.o
 .debug_ranges  0x00000000000000c8       0x70 build/stm32f4xx_it.o
 .debug_ranges  0x0000000000000138       0x10 build/stm32f4xx_hal_msp.o
 .debug_ranges  0x0000000000000148       0xd8 build/stm32f4xx_hal_adc.o
 .debug_ranges  0x0000000000000220       0x90 build/stm32f4xx_hal_rcc.o
 .debug_ranges  0x00000000000002b0       0x48 build/stm32f4xx_hal_gpio.o
 .debug_ranges  0x00000000000002f8       0x80 build/stm32f4xx_hal_dma.o
 .debug_ranges  0x0000000000000378       0xf8 build/stm32f4xx_hal_cortex.o
 .debug_ranges  0x0000000000000470       0xe0 build/stm32f4xx_hal.o
 .debug_ranges  0x0000000000000550      0x1c0 build/stm32f4xx_hal_spi.o
 .debug_ranges  0x0000000000000710      0x3c0 build/stm32f4xx_hal_tim.o
 .debug_ranges  0x0000000000000ad0      0x158 build/stm32f4xx_hal_tim_ex.o
 .debug_ranges  0x0000000000000c28      0x208 build/stm32f4xx_hal_uart.o
 .debug_ranges  0x0000000000000e30       0x18 build/system_stm32f4xx.o
 .debug_ranges  0x0000000000000e48       0x20 build/mbfunccoils.o
 .debug_ranges  0x0000000000000e68       0x10 build/mbfuncdisc.o
 .debug_ranges  0x0000000000000e78       0x28 build/mbfuncholding.o
 .debug_ranges  0x0000000000000ea0       0x10 build/mbfuncinput.o
 .debug_ranges  0x0000000000000eb0       0x18 build/mbfuncother.o
 .debug_ranges  0x0000000000000ec8       0x20 build/mbutils.o
 .debug_ranges  0x0000000000000ee8       0x20 build/portevent.o
 .debug_ranges  0x0000000000000f08       0x48 build/portserial.o
 .debug_ranges  0x0000000000000f50       0x28 build/porttimer.o
 .debug_ranges  0x0000000000000f78       0x18 build/portcritical.o
 .debug_ranges  0x0000000000000f90       0x10 build/mbcrc.o
 .debug_ranges  0x0000000000000fa0       0x48 build/mbrtu.o
 .debug_ranges  0x0000000000000fe8       0x38 build/mb.o
 .debug_ranges  0x0000000000001020       0x28 build/user_mb_app.o
 .debug_ranges  0x0000000000001048       0x18 build/ReceiveTransmit.o
 .debug_ranges  0x0000000000001060       0x98 build/st7735.o
 .debug_ranges  0x00000000000010f8       0x20 build/startup_stm32f407xx.o

.debug_line     0x0000000000000000    0x16da0
 .debug_line    0x0000000000000000      0x4c2 build/main.o
 .debug_line    0x00000000000004c2      0x22b build/gpio.o
 .debug_line    0x00000000000006ed      0x2f0 build/adc.o
 .debug_line    0x00000000000009dd      0x3f2 build/spi.o
 .debug_line    0x0000000000000dcf      0x3cb build/tim.o
 .debug_line    0x000000000000119a      0x3db build/usart.o
 .debug_line    0x0000000000001575      0x55e build/stm32f4xx_it.o
 .debug_line    0x0000000000001ad3      0x1a7 build/stm32f4xx_hal_msp.o
 .debug_line    0x0000000000001c7a     0x10bf build/stm32f4xx_hal_adc.o
 .debug_line    0x0000000000002d39      0xb14 build/stm32f4xx_hal_rcc.o
 .debug_line    0x000000000000384d      0x70d build/stm32f4xx_hal_gpio.o
 .debug_line    0x0000000000003f5a      0xe2f build/stm32f4xx_hal_dma.o
 .debug_line    0x0000000000004d89      0x780 build/stm32f4xx_hal_cortex.o
 .debug_line    0x0000000000005509      0x543 build/stm32f4xx_hal.o
 .debug_line    0x0000000000005a4c     0x24d9 build/stm32f4xx_hal_spi.o
 .debug_line    0x0000000000007f25     0x4adb build/stm32f4xx_hal_tim.o
 .debug_line    0x000000000000ca00     0x1cfc build/stm32f4xx_hal_tim_ex.o
 .debug_line    0x000000000000e6fc     0x45dc build/stm32f4xx_hal_uart.o
 .debug_line    0x0000000000012cd8      0x264 build/system_stm32f4xx.o
 .debug_line    0x0000000000012f3c      0x50d build/mbfunccoils.o
 .debug_line    0x0000000000013449      0x375 build/mbfuncdisc.o
 .debug_line    0x00000000000137be      0x5ab build/mbfuncholding.o
 .debug_line    0x0000000000013d69      0x359 build/mbfuncinput.o
 .debug_line    0x00000000000140c2      0x353 build/mbfuncother.o
 .debug_line    0x0000000000014415      0x399 build/mbutils.o
 .debug_line    0x00000000000147ae      0x233 build/portevent.o
 .debug_line    0x00000000000149e1      0x33b build/portserial.o
 .debug_line    0x0000000000014d1c      0x29b build/porttimer.o
 .debug_line    0x0000000000014fb7      0x1ef build/portcritical.o
 .debug_line    0x00000000000151a6      0x1eb build/mbcrc.o
 .debug_line    0x0000000000015391      0x51d build/mbrtu.o
 .debug_line    0x00000000000158ae      0x62a build/mb.o
 .debug_line    0x0000000000015ed8      0x4d5 build/user_mb_app.o
 .debug_line    0x00000000000163ad      0x2ba build/ReceiveTransmit.o
 .debug_line    0x0000000000016667      0x6c3 build/st7735.o
 .debug_line    0x0000000000016d2a       0x76 build/startup_stm32f407xx.o

.debug_str      0x0000000000000000     0x5ba2
 .debug_str     0x0000000000000000     0x13f0 build/main.o
                                       0x1539 (size before relaxing)
 .debug_str     0x00000000000013f0       0xb4 build/gpio.o
                                        0x445 (size before relaxing)
 .debug_str     0x00000000000014a4       0x8a build/adc.o
                                        0x81a (size before relaxing)
 .debug_str     0x000000000000152e       0x58 build/spi.o
                                        0x8cf (size before relaxing)
 .debug_str     0x0000000000001586      0x654 build/tim.o
                                        0xf55 (size before relaxing)
 .debug_str     0x0000000000001bda       0x4e build/usart.o
                                        0xe08 (size before relaxing)
 .debug_str     0x0000000000001c28      0x1d9 build/stm32f4xx_it.o
                                       0x11d7 (size before relaxing)
 .debug_str     0x0000000000001e01       0x29 build/stm32f4xx_hal_msp.o
                                        0x394 (size before relaxing)
 .debug_str     0x0000000000001e2a      0x28c build/stm32f4xx_hal_adc.o
                                        0xa0a (size before relaxing)
 .debug_str     0x00000000000020b6      0x1d1 build/stm32f4xx_hal_rcc.o
                                        0x785 (size before relaxing)
 .debug_str     0x0000000000002287      0x10d build/stm32f4xx_hal_gpio.o
                                        0x5a7 (size before relaxing)
 .debug_str     0x0000000000002394      0x2e4 build/stm32f4xx_hal_dma.o
                                        0x82d (size before relaxing)
 .debug_str     0x0000000000002678      0x4c4 build/stm32f4xx_hal_cortex.o
                                        0xce1 (size before relaxing)
 .debug_str     0x0000000000002b3c      0x21f build/stm32f4xx_hal.o
                                        0xba2 (size before relaxing)
 .debug_str     0x0000000000002d5b      0x52a build/stm32f4xx_hal_spi.o
                                        0xcb1 (size before relaxing)
 .debug_str     0x0000000000003285      0xe20 build/stm32f4xx_hal_tim.o
                                       0x1792 (size before relaxing)
 .debug_str     0x00000000000040a5      0x521 build/stm32f4xx_hal_tim_ex.o
                                        0xf93 (size before relaxing)
 .debug_str     0x00000000000045c6      0x5d6 build/stm32f4xx_hal_uart.o
                                        0xe0f (size before relaxing)
 .debug_str     0x0000000000004b9c       0x47 build/system_stm32f4xx.o
                                        0x410 (size before relaxing)
 .debug_str     0x0000000000004be3      0x289 build/mbfunccoils.o
                                        0x993 (size before relaxing)
 .debug_str     0x0000000000004e6c       0x63 build/mbfuncdisc.o
                                        0x92e (size before relaxing)
 .debug_str     0x0000000000004ecf      0x130 build/mbfuncholding.o
                                        0xa0b (size before relaxing)
 .debug_str     0x0000000000004fff       0x52 build/mbfuncinput.o
                                        0x91f (size before relaxing)
 .debug_str     0x0000000000005051       0xb4 build/mbfuncother.o
                                        0x943 (size before relaxing)
 .debug_str     0x0000000000005105       0xa7 build/mbutils.o
                                        0x936 (size before relaxing)
 .debug_str     0x00000000000051ac       0xc1 build/portevent.o
                                        0x3e2 (size before relaxing)
 .debug_str     0x000000000000526d       0xe4 build/portserial.o
                                        0x8e3 (size before relaxing)
 .debug_str     0x0000000000005351       0x72 build/porttimer.o
                                        0x946 (size before relaxing)
 .debug_str     0x00000000000053c3       0x60 build/portcritical.o
                                        0x2d6 (size before relaxing)
 .debug_str     0x0000000000005423       0x42 build/mbcrc.o
                                        0x2ef (size before relaxing)
 .debug_str     0x0000000000005465      0x1a5 build/mbrtu.o
                                        0xa68 (size before relaxing)
 .debug_str     0x000000000000560a      0x1c1 build/mb.o
                                        0xb6d (size before relaxing)
 .debug_str     0x00000000000057cb      0x1de build/user_mb_app.o
                                        0x617 (size before relaxing)
 .debug_str     0x00000000000059a9       0x70 build/ReceiveTransmit.o
                                        0x7b4 (size before relaxing)
 .debug_str     0x0000000000005a19      0x165 build/st7735.o
                                        0x8f8 (size before relaxing)
 .debug_str     0x0000000000005b7e       0x24 build/startup_stm32f407xx.o
                                         0x43 (size before relaxing)

.comment        0x0000000000000000       0x66
 .comment       0x0000000000000000       0x66 build/main.o
                                         0x67 (size before relaxing)
 .comment       0x0000000000000066       0x67 build/gpio.o
 .comment       0x0000000000000066       0x67 build/adc.o
 .comment       0x0000000000000066       0x67 build/spi.o
 .comment       0x0000000000000066       0x67 build/tim.o
 .comment       0x0000000000000066       0x67 build/usart.o
 .comment       0x0000000000000066       0x67 build/stm32f4xx_it.o
 .comment       0x0000000000000066       0x67 build/stm32f4xx_hal_msp.o
 .comment       0x0000000000000066       0x67 build/stm32f4xx_hal_adc.o
 .comment       0x0000000000000066       0x67 build/stm32f4xx_hal_rcc.o
 .comment       0x0000000000000066       0x67 build/stm32f4xx_hal_gpio.o
 .comment       0x0000000000000066       0x67 build/stm32f4xx_hal_dma.o
 .comment       0x0000000000000066       0x67 build/stm32f4xx_hal_cortex.o
 .comment       0x0000000000000066       0x67 build/stm32f4xx_hal.o
 .comment       0x0000000000000066       0x67 build/stm32f4xx_hal_spi.o
 .comment       0x0000000000000066       0x67 build/stm32f4xx_hal_tim.o
 .comment       0x0000000000000066       0x67 build/stm32f4xx_hal_tim_ex.o
 .comment       0x0000000000000066       0x67 build/stm32f4xx_hal_uart.o
 .comment       0x0000000000000066       0x67 build/system_stm32f4xx.o
 .comment       0x0000000000000066       0x67 build/mbfunccoils.o
 .comment       0x0000000000000066       0x67 build/mbfuncdisc.o
 .comment       0x0000000000000066       0x67 build/mbfuncholding.o
 .comment       0x0000000000000066       0x67 build/mbfuncinput.o
 .comment       0x0000000000000066       0x67 build/mbfuncother.o
 .comment       0x0000000000000066       0x67 build/mbutils.o
 .comment       0x0000000000000066       0x67 build/portevent.o
 .comment       0x0000000000000066       0x67 build/portserial.o
 .comment       0x0000000000000066       0x67 build/porttimer.o
 .comment       0x0000000000000066       0x67 build/portcritical.o
 .comment       0x0000000000000066       0x67 build/mbcrc.o
 .comment       0x0000000000000066       0x67 build/mbrtu.o
 .comment       0x0000000000000066       0x67 build/mb.o
 .comment       0x0000000000000066       0x67 build/user_mb_app.o
 .comment       0x0000000000000066       0x67 build/ReceiveTransmit.o
 .comment       0x0000000000000066       0x67 build/st7735.o

.debug_frame    0x0000000000000000     0x3780
 .debug_frame   0x0000000000000000       0x60 build/main.o
 .debug_frame   0x0000000000000060       0x3c build/gpio.o
 .debug_frame   0x000000000000009c       0x58 build/adc.o
 .debug_frame   0x00000000000000f4       0x84 build/spi.o
 .debug_frame   0x0000000000000178       0x8c build/tim.o
 .debug_frame   0x0000000000000204       0x88 build/usart.o
 .debug_frame   0x000000000000028c      0x120 build/stm32f4xx_it.o
 .debug_frame   0x00000000000003ac       0x28 build/stm32f4xx_hal_msp.o
 .debug_frame   0x00000000000003d4      0x298 build/stm32f4xx_hal_adc.o
 .debug_frame   0x000000000000066c      0x1ac build/stm32f4xx_hal_rcc.o
 .debug_frame   0x0000000000000818       0xec build/stm32f4xx_hal_gpio.o
 .debug_frame   0x0000000000000904      0x1b8 build/stm32f4xx_hal_dma.o
 .debug_frame   0x0000000000000abc      0x16c build/stm32f4xx_hal_cortex.o
 .debug_frame   0x0000000000000c28      0x200 build/stm32f4xx_hal.o
 .debug_frame   0x0000000000000e28      0x640 build/stm32f4xx_hal_spi.o
 .debug_frame   0x0000000000001468      0xc70 build/stm32f4xx_hal_tim.o
 .debug_frame   0x00000000000020d8      0x4a8 build/stm32f4xx_hal_tim_ex.o
 .debug_frame   0x0000000000002580      0x674 build/stm32f4xx_hal_uart.o
 .debug_frame   0x0000000000002bf4       0x30 build/system_stm32f4xx.o
 .debug_frame   0x0000000000002c24       0x94 build/mbfunccoils.o
 .debug_frame   0x0000000000002cb8       0x30 build/mbfuncdisc.o
 .debug_frame   0x0000000000002ce8       0x94 build/mbfuncholding.o
 .debug_frame   0x0000000000002d7c       0x30 build/mbfuncinput.o
 .debug_frame   0x0000000000002dac       0x5c build/mbfuncother.o
 .debug_frame   0x0000000000002e08       0x64 build/mbutils.o
 .debug_frame   0x0000000000002e6c       0x40 build/portevent.o
 .debug_frame   0x0000000000002eac       0xd8 build/portserial.o
 .debug_frame   0x0000000000002f84       0x74 build/porttimer.o
 .debug_frame   0x0000000000002ff8       0x30 build/portcritical.o
 .debug_frame   0x0000000000003028       0x30 build/mbcrc.o
 .debug_frame   0x0000000000003058      0x10c build/mbrtu.o
 .debug_frame   0x0000000000003164       0xd0 build/mb.o
 .debug_frame   0x0000000000003234       0xb0 build/user_mb_app.o
 .debug_frame   0x00000000000032e4       0x38 build/ReceiveTransmit.o
 .debug_frame   0x000000000000331c      0x270 build/st7735.o
 .debug_frame   0x000000000000358c       0x2c c:/vscodeproject/software/arm_gcc/bin/../lib/gcc/arm-none-eabi/9.2.1/../../../../arm-none-eabi/lib/thumb/v7e-m+fp/hard\libc_nano.a(lib_a-init.o)
 .debug_frame   0x00000000000035b8       0x28 c:/vscodeproject/software/arm_gcc/bin/../lib/gcc/arm-none-eabi/9.2.1/../../../../arm-none-eabi/lib/thumb/v7e-m+fp/hard\libc_nano.a(lib_a-memcpy-stub.o)
 .debug_frame   0x00000000000035e0       0x20 c:/vscodeproject/software/arm_gcc/bin/../lib/gcc/arm-none-eabi/9.2.1/../../../../arm-none-eabi/lib/thumb/v7e-m+fp/hard\libc_nano.a(lib_a-memset.o)
 .debug_frame   0x0000000000003600       0xac c:/vscodeproject/software/arm_gcc/bin/../lib/gcc/arm-none-eabi/9.2.1/thumb/v7e-m+fp/hard\libgcc.a(_arm_addsubdf3.o)
 .debug_frame   0x00000000000036ac       0x50 c:/vscodeproject/software/arm_gcc/bin/../lib/gcc/arm-none-eabi/9.2.1/thumb/v7e-m+fp/hard\libgcc.a(_arm_muldivdf3.o)
 .debug_frame   0x00000000000036fc       0x24 c:/vscodeproject/software/arm_gcc/bin/../lib/gcc/arm-none-eabi/9.2.1/thumb/v7e-m+fp/hard\libgcc.a(_arm_truncdfsf2.o)
 .debug_frame   0x0000000000003720       0x2c c:/vscodeproject/software/arm_gcc/bin/../lib/gcc/arm-none-eabi/9.2.1/thumb/v7e-m+fp/hard\libgcc.a(_aeabi_uldivmod.o)
 .debug_frame   0x000000000000374c       0x34 c:/vscodeproject/software/arm_gcc/bin/../lib/gcc/arm-none-eabi/9.2.1/thumb/v7e-m+fp/hard\libgcc.a(_udivmoddi4.o)

Cross Reference Table

Symbol                                            File
ADC_IRQHandler                                    build/startup_stm32f407xx.o
AHBPrescTable                                     build/system_stm32f4xx.o
                                                  build/stm32f4xx_hal_rcc.o
APBPrescTable                                     build/system_stm32f4xx.o
                                                  build/stm32f4xx_hal_rcc.o
AverageADC                                        build/stm32f4xx_it.o
BusFault_Handler                                  build/stm32f4xx_it.o
CAN1_RX0_IRQHandler                               build/startup_stm32f407xx.o
CAN1_RX1_IRQHandler                               build/startup_stm32f407xx.o
CAN1_SCE_IRQHandler                               build/startup_stm32f407xx.o
CAN1_TX_IRQHandler                                build/startup_stm32f407xx.o
CAN2_RX0_IRQHandler                               build/startup_stm32f407xx.o
CAN2_RX1_IRQHandler                               build/startup_stm32f407xx.o
CAN2_SCE_IRQHandler                               build/startup_stm32f407xx.o
CAN2_TX_IRQHandler                                build/startup_stm32f407xx.o
DCMI_IRQHandler                                   build/startup_stm32f407xx.o
DMA1_Stream0_IRQHandler                           build/startup_stm32f407xx.o
DMA1_Stream1_IRQHandler                           build/startup_stm32f407xx.o
DMA1_Stream2_IRQHandler                           build/startup_stm32f407xx.o
DMA1_Stream3_IRQHandler                           build/startup_stm32f407xx.o
DMA1_Stream4_IRQHandler                           build/startup_stm32f407xx.o
DMA1_Stream5_IRQHandler                           build/startup_stm32f407xx.o
DMA1_Stream6_IRQHandler                           build/startup_stm32f407xx.o
DMA1_Stream7_IRQHandler                           build/startup_stm32f407xx.o
DMA2_Stream0_IRQHandler                           build/startup_stm32f407xx.o
DMA2_Stream1_IRQHandler                           build/startup_stm32f407xx.o
DMA2_Stream2_IRQHandler                           build/startup_stm32f407xx.o
DMA2_Stream3_IRQHandler                           build/startup_stm32f407xx.o
DMA2_Stream4_IRQHandler                           build/startup_stm32f407xx.o
DMA2_Stream5_IRQHandler                           build/startup_stm32f407xx.o
DMA2_Stream6_IRQHandler                           build/startup_stm32f407xx.o
DMA2_Stream7_IRQHandler                           build/startup_stm32f407xx.o
DebugMon_Handler                                  build/stm32f4xx_it.o
Default_Handler                                   build/startup_stm32f407xx.o
ETH_IRQHandler                                    build/startup_stm32f407xx.o
ETH_WKUP_IRQHandler                               build/startup_stm32f407xx.o
EXTI0_IRQHandler                                  build/startup_stm32f407xx.o
EXTI15_10_IRQHandler                              build/startup_stm32f407xx.o
EXTI1_IRQHandler                                  build/startup_stm32f407xx.o
EXTI2_IRQHandler                                  build/startup_stm32f407xx.o
EXTI3_IRQHandler                                  build/startup_stm32f407xx.o
EXTI4_IRQHandler                                  build/startup_stm32f407xx.o
EXTI9_5_IRQHandler                                build/startup_stm32f407xx.o
Error_Handler                                     build/main.o
                                                  build/usart.o
                                                  build/tim.o
                                                  build/spi.o
                                                  build/adc.o
FLASH_Erase_Sector                                build/stm32f4xx_hal_flash_ex.o
                                                  build/stm32f4xx_hal_flash.o
FLASH_FlushCaches                                 build/stm32f4xx_hal_flash_ex.o
                                                  build/stm32f4xx_hal_flash.o
FLASH_IRQHandler                                  build/startup_stm32f407xx.o
FLASH_WaitForLastOperation                        build/stm32f4xx_hal_flash.o
                                                  build/stm32f4xx_hal_flash_ex.o
FPU_IRQHandler                                    build/startup_stm32f407xx.o
FSMC_IRQHandler                                   build/startup_stm32f407xx.o
Font_11x18                                        build/fonts.o
Font_16x26                                        build/fonts.o
Font_7x10                                         build/fonts.o
HAL_ADCEx_InjectedConfigChannel                   build/stm32f4xx_hal_adc_ex.o
HAL_ADCEx_InjectedConvCpltCallback                build/stm32f4xx_hal_adc_ex.o
                                                  build/stm32f4xx_hal_adc.o
HAL_ADCEx_InjectedGetValue                        build/stm32f4xx_hal_adc_ex.o
HAL_ADCEx_InjectedPollForConversion               build/stm32f4xx_hal_adc_ex.o
HAL_ADCEx_InjectedStart                           build/stm32f4xx_hal_adc_ex.o
HAL_ADCEx_InjectedStart_IT                        build/stm32f4xx_hal_adc_ex.o
HAL_ADCEx_InjectedStop                            build/stm32f4xx_hal_adc_ex.o
HAL_ADCEx_InjectedStop_IT                         build/stm32f4xx_hal_adc_ex.o
HAL_ADCEx_MultiModeConfigChannel                  build/stm32f4xx_hal_adc_ex.o
HAL_ADCEx_MultiModeGetValue                       build/stm32f4xx_hal_adc_ex.o
HAL_ADCEx_MultiModeStart_DMA                      build/stm32f4xx_hal_adc_ex.o
HAL_ADCEx_MultiModeStop_DMA                       build/stm32f4xx_hal_adc_ex.o
HAL_ADC_AnalogWDGConfig                           build/stm32f4xx_hal_adc.o
HAL_ADC_ConfigChannel                             build/stm32f4xx_hal_adc.o
                                                  build/adc.o
HAL_ADC_ConvCpltCallback                          build/stm32f4xx_hal_adc.o
                                                  build/stm32f4xx_hal_adc_ex.o
HAL_ADC_ConvHalfCpltCallback                      build/stm32f4xx_hal_adc.o
                                                  build/stm32f4xx_hal_adc_ex.o
HAL_ADC_DeInit                                    build/stm32f4xx_hal_adc.o
HAL_ADC_ErrorCallback                             build/stm32f4xx_hal_adc.o
                                                  build/stm32f4xx_hal_adc_ex.o
HAL_ADC_GetError                                  build/stm32f4xx_hal_adc.o
HAL_ADC_GetState                                  build/stm32f4xx_hal_adc.o
HAL_ADC_GetValue                                  build/stm32f4xx_hal_adc.o
                                                  build/stm32f4xx_it.o
HAL_ADC_IRQHandler                                build/stm32f4xx_hal_adc.o
HAL_ADC_Init                                      build/stm32f4xx_hal_adc.o
                                                  build/adc.o
HAL_ADC_LevelOutOfWindowCallback                  build/stm32f4xx_hal_adc.o
HAL_ADC_MspDeInit                                 build/adc.o
HAL_ADC_MspInit                                   build/adc.o
HAL_ADC_PollForConversion                         build/stm32f4xx_hal_adc.o
                                                  build/stm32f4xx_it.o
HAL_ADC_PollForEvent                              build/stm32f4xx_hal_adc.o
HAL_ADC_Start                                     build/stm32f4xx_hal_adc.o
                                                  build/stm32f4xx_it.o
HAL_ADC_Start_DMA                                 build/stm32f4xx_hal_adc.o
HAL_ADC_Start_IT                                  build/stm32f4xx_hal_adc.o
HAL_ADC_Stop                                      build/stm32f4xx_hal_adc.o
                                                  build/stm32f4xx_it.o
HAL_ADC_Stop_DMA                                  build/stm32f4xx_hal_adc.o
HAL_ADC_Stop_IT                                   build/stm32f4xx_hal_adc.o
HAL_DBGMCU_DisableDBGSleepMode                    build/stm32f4xx_hal.o
HAL_DBGMCU_DisableDBGStandbyMode                  build/stm32f4xx_hal.o
HAL_DBGMCU_DisableDBGStopMode                     build/stm32f4xx_hal.o
HAL_DBGMCU_EnableDBGSleepMode                     build/stm32f4xx_hal.o
HAL_DBGMCU_EnableDBGStandbyMode                   build/stm32f4xx_hal.o
HAL_DBGMCU_EnableDBGStopMode                      build/stm32f4xx_hal.o
HAL_DMAEx_ChangeMemory                            build/stm32f4xx_hal_dma_ex.o
HAL_DMAEx_MultiBufferStart                        build/stm32f4xx_hal_dma_ex.o
HAL_DMAEx_MultiBufferStart_IT                     build/stm32f4xx_hal_dma_ex.o
HAL_DMA_Abort                                     build/stm32f4xx_hal_dma.o
                                                  build/stm32f4xx_hal_uart.o
                                                  build/stm32f4xx_hal_spi.o
                                                  build/stm32f4xx_hal_adc_ex.o
                                                  build/stm32f4xx_hal_adc.o
HAL_DMA_Abort_IT                                  build/stm32f4xx_hal_dma.o
                                                  build/stm32f4xx_hal_uart.o
                                                  build/stm32f4xx_hal_tim_ex.o
                                                  build/stm32f4xx_hal_tim.o
                                                  build/stm32f4xx_hal_spi.o
HAL_DMA_DeInit                                    build/stm32f4xx_hal_dma.o
HAL_DMA_GetError                                  build/stm32f4xx_hal_dma.o
                                                  build/stm32f4xx_hal_uart.o
HAL_DMA_GetState                                  build/stm32f4xx_hal_dma.o
HAL_DMA_IRQHandler                                build/stm32f4xx_hal_dma.o
HAL_DMA_Init                                      build/stm32f4xx_hal_dma.o
HAL_DMA_PollForTransfer                           build/stm32f4xx_hal_dma.o
HAL_DMA_RegisterCallback                          build/stm32f4xx_hal_dma.o
HAL_DMA_Start                                     build/stm32f4xx_hal_dma.o
HAL_DMA_Start_IT                                  build/stm32f4xx_hal_dma.o
                                                  build/stm32f4xx_hal_uart.o
                                                  build/stm32f4xx_hal_tim_ex.o
                                                  build/stm32f4xx_hal_tim.o
                                                  build/stm32f4xx_hal_spi.o
                                                  build/stm32f4xx_hal_adc_ex.o
                                                  build/stm32f4xx_hal_adc.o
HAL_DMA_UnRegisterCallback                        build/stm32f4xx_hal_dma.o
HAL_DeInit                                        build/stm32f4xx_hal.o
HAL_Delay                                         build/stm32f4xx_hal.o
                                                  build/st7735.o
                                                  build/main.o
HAL_DisableCompensationCell                       build/stm32f4xx_hal.o
HAL_EXTI_ClearConfigLine                          build/stm32f4xx_hal_exti.o
HAL_EXTI_ClearPending                             build/stm32f4xx_hal_exti.o
HAL_EXTI_GenerateSWI                              build/stm32f4xx_hal_exti.o
HAL_EXTI_GetConfigLine                            build/stm32f4xx_hal_exti.o
HAL_EXTI_GetHandle                                build/stm32f4xx_hal_exti.o
HAL_EXTI_GetPending                               build/stm32f4xx_hal_exti.o
HAL_EXTI_IRQHandler                               build/stm32f4xx_hal_exti.o
HAL_EXTI_RegisterCallback                         build/stm32f4xx_hal_exti.o
HAL_EXTI_SetConfigLine                            build/stm32f4xx_hal_exti.o
HAL_EnableCompensationCell                        build/stm32f4xx_hal.o
HAL_FLASHEx_Erase                                 build/stm32f4xx_hal_flash_ex.o
HAL_FLASHEx_Erase_IT                              build/stm32f4xx_hal_flash_ex.o
HAL_FLASHEx_OBGetConfig                           build/stm32f4xx_hal_flash_ex.o
HAL_FLASHEx_OBProgram                             build/stm32f4xx_hal_flash_ex.o
HAL_FLASH_EndOfOperationCallback                  build/stm32f4xx_hal_flash.o
HAL_FLASH_GetError                                build/stm32f4xx_hal_flash.o
HAL_FLASH_IRQHandler                              build/stm32f4xx_hal_flash.o
HAL_FLASH_Lock                                    build/stm32f4xx_hal_flash.o
HAL_FLASH_OB_Launch                               build/stm32f4xx_hal_flash.o
HAL_FLASH_OB_Lock                                 build/stm32f4xx_hal_flash.o
HAL_FLASH_OB_Unlock                               build/stm32f4xx_hal_flash.o
HAL_FLASH_OperationErrorCallback                  build/stm32f4xx_hal_flash.o
HAL_FLASH_Program                                 build/stm32f4xx_hal_flash.o
HAL_FLASH_Program_IT                              build/stm32f4xx_hal_flash.o
HAL_FLASH_Unlock                                  build/stm32f4xx_hal_flash.o
HAL_GPIO_DeInit                                   build/stm32f4xx_hal_gpio.o
                                                  build/usart.o
                                                  build/spi.o