Archive member included to satisfy reference by file (symbol)

c:/vscodeproject/software/arm_gcc/bin/../lib/gcc/arm-none-eabi/9.2.1/../../../../arm-none-eabi/lib/thumb/v7e-m+fp/hard\libc_nano.a(lib_a-exit.o)
                              c:/vscodeproject/software/arm_gcc/bin/../lib/gcc/arm-none-eabi/9.2.1/../../../../arm-none-eabi/lib/thumb/v7e-m+fp/hard/crt0.o (exit)
c:/vscodeproject/software/arm_gcc/bin/../lib/gcc/arm-none-eabi/9.2.1/../../../../arm-none-eabi/lib/thumb/v7e-m+fp/hard\libc_nano.a(lib_a-impure.o)
                              c:/vscodeproject/software/arm_gcc/bin/../lib/gcc/arm-none-eabi/9.2.1/../../../../arm-none-eabi/lib/thumb/v7e-m+fp/hard\libc_nano.a(lib_a-exit.o) (_global_impure_ptr)
c:/vscodeproject/software/arm_gcc/bin/../lib/gcc/arm-none-eabi/9.2.1/../../../../arm-none-eabi/lib/thumb/v7e-m+fp/hard\libc_nano.a(lib_a-init.o)
                              c:/vscodeproject/software/arm_gcc/bin/../lib/gcc/arm-none-eabi/9.2.1/../../../../arm-none-eabi/lib/thumb/v7e-m+fp/hard/crt0.o (__libc_init_array)
c:/vscodeproject/software/arm_gcc/bin/../lib/gcc/arm-none-eabi/9.2.1/../../../../arm-none-eabi/lib/thumb/v7e-m+fp/hard\libc_nano.a(lib_a-memcpy-stub.o)
                              build/mbfuncother.o (memcpy)
c:/vscodeproject/software/arm_gcc/bin/../lib/gcc/arm-none-eabi/9.2.1/../../../../arm-none-eabi/lib/thumb/v7e-m+fp/hard\libc_nano.a(lib_a-memset.o)
                              c:/vscodeproject/software/arm_gcc/bin/../lib/gcc/arm-none-eabi/9.2.1/../../../../arm-none-eabi/lib/thumb/v7e-m+fp/hard/crt0.o (memset)
c:/vscodeproject/software/arm_gcc/bin/../lib/gcc/arm-none-eabi/9.2.1/../../../../arm-none-eabi/lib/thumb/v7e-m+fp/hard\libc_nano.a(lib_a-snprintf.o)
                              build/FlashPROM.o (snprintf)
c:/vscodeproject/software/arm_gcc/bin/../lib/gcc/arm-none-eabi/9.2.1/../../../../arm-none-eabi/lib/thumb/v7e-m+fp/hard\libc_nano.a(lib_a-strlen.o)
                              build/FlashPROM.o (strlen)
c:/vscodeproject/software/arm_gcc/bin/../lib/gcc/arm-none-eabi/9.2.1/../../../../arm-none-eabi/lib/thumb/v7e-m+fp/hard\libc_nano.a(lib_a-nano-svfprintf.o)
                              c:/vscodeproject/software/arm_gcc/bin/../lib/gcc/arm-none-eabi/9.2.1/../../../../arm-none-eabi/lib/thumb/v7e-m+fp/hard\libc_nano.a(lib_a-snprintf.o) (_svfprintf_r)
c:/vscodeproject/software/arm_gcc/bin/../lib/gcc/arm-none-eabi/9.2.1/../../../../arm-none-eabi/lib/thumb/v7e-m+fp/hard\libc_nano.a(lib_a-nano-vfprintf_i.o)
                              c:/vscodeproject/software/arm_gcc/bin/../lib/gcc/arm-none-eabi/9.2.1/../../../../arm-none-eabi/lib/thumb/v7e-m+fp/hard\libc_nano.a(lib_a-nano-svfprintf.o) (_printf_i)
c:/vscodeproject/software/arm_gcc/bin/../lib/gcc/arm-none-eabi/9.2.1/../../../../arm-none-eabi/lib/thumb/v7e-m+fp/hard\libc_nano.a(lib_a-memchr.o)
                              c:/vscodeproject/software/arm_gcc/bin/../lib/gcc/arm-none-eabi/9.2.1/../../../../arm-none-eabi/lib/thumb/v7e-m+fp/hard\libc_nano.a(lib_a-nano-svfprintf.o) (memchr)
c:/vscodeproject/software/arm_gcc/bin/../lib/gcc/arm-none-eabi/9.2.1/../../../../arm-none-eabi/lib/thumb/v7e-m+fp/hard\libc_nano.a(lib_a-memmove.o)
                              c:/vscodeproject/software/arm_gcc/bin/../lib/gcc/arm-none-eabi/9.2.1/../../../../arm-none-eabi/lib/thumb/v7e-m+fp/hard\libc_nano.a(lib_a-nano-svfprintf.o) (memmove)
c:/vscodeproject/software/arm_gcc/bin/../lib/gcc/arm-none-eabi/9.2.1/../../../../arm-none-eabi/lib/thumb/v7e-m+fp/hard\libc_nano.a(lib_a-nano-freer.o)
                              c:/vscodeproject/software/arm_gcc/bin/../lib/gcc/arm-none-eabi/9.2.1/../../../../arm-none-eabi/lib/thumb/v7e-m+fp/hard\libc_nano.a(lib_a-nano-svfprintf.o) (_free_r)
c:/vscodeproject/software/arm_gcc/bin/../lib/gcc/arm-none-eabi/9.2.1/../../../../arm-none-eabi/lib/thumb/v7e-m+fp/hard\libc_nano.a(lib_a-nano-mallocr.o)
                              c:/vscodeproject/software/arm_gcc/bin/../lib/gcc/arm-none-eabi/9.2.1/../../../../arm-none-eabi/lib/thumb/v7e-m+fp/hard\libc_nano.a(lib_a-nano-svfprintf.o) (_malloc_r)
c:/vscodeproject/software/arm_gcc/bin/../lib/gcc/arm-none-eabi/9.2.1/../../../../arm-none-eabi/lib/thumb/v7e-m+fp/hard\libc_nano.a(lib_a-nano-reallocr.o)
                              c:/vscodeproject/software/arm_gcc/bin/../lib/gcc/arm-none-eabi/9.2.1/../../../../arm-none-eabi/lib/thumb/v7e-m+fp/hard\libc_nano.a(lib_a-nano-svfprintf.o) (_realloc_r)
c:/vscodeproject/software/arm_gcc/bin/../lib/gcc/arm-none-eabi/9.2.1/../../../../arm-none-eabi/lib/thumb/v7e-m+fp/hard\libc_nano.a(lib_a-sbrkr.o)
                              c:/vscodeproject/software/arm_gcc/bin/../lib/gcc/arm-none-eabi/9.2.1/../../../../arm-none-eabi/lib/thumb/v7e-m+fp/hard\libc_nano.a(lib_a-nano-mallocr.o) (_sbrk_r)
c:/vscodeproject/software/arm_gcc/bin/../lib/gcc/arm-none-eabi/9.2.1/../../../../arm-none-eabi/lib/thumb/v7e-m+fp/hard\libc_nano.a(lib_a-mlock.o)
[...]
Memory Configuration

Name             Origin             Length             Attributes
RAM              0x0000000020000000 0x0000000000020000 xrw
CCMRAM           0x0000000010000000 0x0000000000010000 xrw
FLASH            0x0000000008000000 0x0000000000080000 xr
*default*        0x0000000000000000 0xffffffffffffffff

Linker script and memory map

LOAD c:/vscodeproject/software/arm_gcc/bin/../lib/gcc/arm-none-eabi/9.2.1/thumb/v7e-m+fp/hard/crti.o
LOAD c:/vscodeproject/software/arm_gcc/bin/../lib/gcc/arm-none-eabi/9.2.1/thumb/v7e-m+fp/hard/crtbegin.o
LOAD c:/vscodeproject/software/arm_gcc/bin/../lib/gcc/arm-none-eabi/9.2.1/../../../../arm-none-eabi/lib/thumb/v7e-m+fp/hard/crt0.o
LOAD build/main.o
LOAD build/stm32f4xx_it.o
LOAD build/stm32f4xx_hal_msp.o
LOAD build/stm32f4xx_hal_tim.o
LOAD build/stm32f4xx_hal_tim_ex.o
LOAD build/stm32f4xx_hal_rcc.o
LOAD build/stm32f4xx_hal_rcc_ex.o
LOAD build/stm32f4xx_hal_flash.o
LOAD build/stm32f4xx_hal_flash_ex.o
LOAD build/stm32f4xx_hal_flash_ramfunc.o
LOAD build/stm32f4xx_hal_gpio.o
LOAD build/stm32f4xx_hal_dma_ex.o
LOAD build/stm32f4xx_hal_dma.o
LOAD build/stm32f4xx_hal_pwr.o
LOAD build/stm32f4xx_hal_pwr_ex.o
LOAD build/stm32f4xx_hal_cortex.o
LOAD build/stm32f4xx_hal.o
LOAD build/stm32f4xx_hal_exti.o
LOAD build/stm32f4xx_hal_uart.o
LOAD build/system_stm32f4xx.o
LOAD build/mbascii.o
LOAD build/mbfunccoils.o
LOAD build/mbfunccoils_m.o
LOAD build/mbfuncdiag.o
LOAD build/mbfuncdisc.o
LOAD build/mbfuncdisc_m.o
LOAD build/mbfuncholding.o
LOAD build/mbfuncholding_m.o
LOAD build/mbfuncinput.o
LOAD build/mbfuncinput_m.o
LOAD build/mbfuncother.o
LOAD build/mbutils.o
LOAD build/portevent.o
LOAD build/portevent_m.o
LOAD build/portserial.o
LOAD build/portserial_m.o
LOAD build/porttimer.o
LOAD build/porttimer_m.o
LOAD build/portcritical.o
LOAD build/mbcrc.o
LOAD build/mbrtu.o
LOAD build/mbrtu_m.o
LOAD build/mbtcp.o
LOAD build/mb.o
LOAD build/mb_m.o
LOAD build/user_mb_app.o
LOAD build/user_mb_app_m.o
LOAD build/FlashPROM.o
LOAD build/gpio.o
LOAD build/tim.o
LOAD build/usart.o
LOAD build/crc.o
LOAD build/stm32f4xx_hal_crc.o
LOAD build/startup_stm32f407xx.o
LOAD c:/vscodeproject/software/arm_gcc/bin/../lib/gcc/arm-none-eabi/9.2.1/../../../../arm-none-eabi/lib/thumb/v7e-m+fp/hard\libc_nano.a
LOAD c:/vscodeproject/software/arm_gcc/bin/../lib/gcc/arm-none-eabi/9.2.1/../../../../arm-none-eabi/lib/thumb/v7e-m+fp/hard\libm.a
LOAD c:/vscodeproject/software/arm_gcc/bin/../lib/gcc/arm-none-eabi/9.2.1/../../../../arm-none-eabi/lib/thumb/v7e-m+fp/hard\libnosys.a
START GROUP
LOAD c:/vscodeproject/software/arm_gcc/bin/../lib/gcc/arm-none-eabi/9.2.1/thumb/v7e-m+fp/hard\libgcc.a
LOAD c:/vscodeproject/software/arm_gcc/bin/../lib/gcc/arm-none-eabi/9.2.1/../../../../arm-none-eabi/lib/thumb/v7e-m+fp/hard\libc_nano.a
END GROUP
START GROUP
LOAD c:/vscodeproject/software/arm_gcc/bin/../lib/gcc/arm-none-eabi/9.2.1/thumb/v7e-m+fp/hard\libgcc.a
LOAD c:/vscodeproject/software/arm_gcc/bin/../lib/gcc/arm-none-eabi/9.2.1/../../../../arm-none-eabi/lib/thumb/v7e-m+fp/hard\libc_nano.a
END GROUP
LOAD c:/vscodeproject/software/arm_gcc/bin/../lib/gcc/arm-none-eabi/9.2.1/thumb/v7e-m+fp/hard/crtend.o
LOAD c:/vscodeproject/software/arm_gcc/bin/../lib/gcc/arm-none-eabi/9.2.1/thumb/v7e-m+fp/hard/crtn.o
                0x0000000020020000                _estack = 0x20020000
                0x0000000000000200                _Min_Heap_Size = 0x200
                0x0000000000000400                _Min_Stack_Size = 0x400

.isr_vector     0x0000000008000000      0x188
                0x0000000008000000                . = ALIGN (0x4)
 *(.isr_vector)
 .isr_vector    0x0000000008000000      0x188 build/startup_stm32f407xx.o
                0x0000000008000000                g_pfnVectors
                0x0000000008000188                . = ALIGN (0x4)

.text           0x0000000008000190     0x397c
                0x0000000008000190                . = ALIGN (0x4)
 *(.text)
 .text          0x0000000008000190       0x10 c:/vscodeproject/software/arm_gcc/bin/../lib/gcc/arm-none-eabi/9.2.1/../../../../arm-none-eabi/lib/thumb/v7e-m+fp/hard\libc_nano.a(lib_a-strlen.o)
                0x0000000008000190                strlen
 .text          0x00000000080001a0       0xa0 c:/vscodeproject/software/arm_gcc/bin/../lib/gcc/arm-none-eabi/9.2.1/../../../../arm-none-eabi/lib/thumb/v7e-m+fp/hard\libc_nano.a(lib_a-memchr.o)
                0x00000000080001a0                memchr
 .text          0x0000000008000240       0x30 c:/vscodeproject/software/arm_gcc/bin/../lib/gcc/arm-none-eabi/9.2.1/thumb/v7e-m+fp/hard\libgcc.a(_aeabi_uldivmod.o)
                0x0000000008000240                __aeabi_uldivmod
 .text          0x0000000008000270        0x4 c:/vscodeproject/software/arm_gcc/bin/../lib/gcc/arm-none-eabi/9.2.1/thumb/v7e-m+fp/hard\libgcc.a(_dvmd_tls.o)
                0x0000000008000270                __aeabi_idiv0
                0x0000000008000270                __aeabi_ldiv0
 *(.text*)
 .text.__do_global_dtors_aux
                0x0000000008000274       0x24 c:/vscodeproject/software/arm_gcc/bin/../lib/gcc/arm-none-eabi/9.2.1/thumb/v7e-m+fp/hard/crtbegin.o
 .text.frame_dummy
                0x0000000008000298       0x1c c:/vscodeproject/software/arm_gcc/bin/../lib/gcc/arm-none-eabi/9.2.1/thumb/v7e-m+fp/hard/crtbegin.o
 .text.Error_Handler
                0x00000000080002b4        0x4 build/main.o
                0x00000000080002b4                Error_Handler
 .text.SystemClock_Config
                0x00000000080002b8       0xa0 build/main.o
                0x00000000080002b8                SystemClock_Config
 .text.main     0x0000000008000358       0x84 build/main.o
                0x0000000008000358                main
 .text.NMI_Handler
                0x00000000080003dc        0x2 build/stm32f4xx_it.o
                0x00000000080003dc                NMI_Handler
 .text.HardFault_Handler
                0x00000000080003de        0x2 build/stm32f4xx_it.o
                0x00000000080003de                HardFault_Handler
 .text.MemManage_Handler
                0x00000000080003e0        0x2 build/stm32f4xx_it.o
                0x00000000080003e0                MemManage_Handler
 .text.BusFault_Handler
                0x00000000080003e2        0x2 build/stm32f4xx_it.o
                0x00000000080003e2                BusFault_Handler
 .text.UsageFault_Handler
                0x00000000080003e4        0x2 build/stm32f4xx_it.o
                0x00000000080003e4                UsageFault_Handler
 .text.SVC_Handler
                0x00000000080003e6        0x2 build/stm32f4xx_it.o
                0x00000000080003e6                SVC_Handler
 .text.DebugMon_Handler
                0x00000000080003e8        0x2 build/stm32f4xx_it.o
                0x00000000080003e8                DebugMon_Handler
 .text.PendSV_Handler
                0x00000000080003ea        0x2 build/stm32f4xx_it.o
                0x00000000080003ea                PendSV_Handler
 .text.SysTick_Handler
                0x00000000080003ec        0x8 build/stm32f4xx_it.o
                0x00000000080003ec                SysTick_Handler
 .text.TIM4_IRQHandler
                0x00000000080003f4       0x10 build/stm32f4xx_it.o
                0x00000000080003f4                TIM4_IRQHandler
 .text.USART1_IRQHandler
                0x0000000008000404       0x10 build/stm32f4xx_it.o
                0x0000000008000404                USART1_IRQHandler
 .text.USART2_IRQHandler
                0x0000000008000414       0x10 build/stm32f4xx_it.o
                0x0000000008000414                USART2_IRQHandler
 .text.HAL_MspInit
                0x0000000008000424       0x38 build/stm32f4xx_hal_msp.o
                0x0000000008000424                HAL_MspInit
 .text.TIM_TI1_ConfigInputStage
                0x000000000800045c       0x24 build/stm32f4xx_hal_tim.o
 .text.TIM_TI2_ConfigInputStage
                0x0000000008000480       0x26 build/stm32f4xx_hal_tim.o
 .text.TIM_ITRx_SetConfig
                0x00000000080004a6       0x10 build/stm32f4xx_hal_tim.o
 *fill*         0x00000000080004b6        0x2 
 .text.HAL_TIM_Base_Start_IT
                0x00000000080004b8       0x88 build/stm32f4xx_hal_tim.o
                0x00000000080004b8                HAL_TIM_Base_Start_IT
 .text.HAL_TIM_Base_Stop_IT
                0x0000000008000540       0x32 build/stm32f4xx_hal_tim.o
                0x0000000008000540                HAL_TIM_Base_Stop_IT
 .text.HAL_TIM_OC_DelayElapsedCallback
                0x0000000008000572        0x2 build/stm32f4xx_hal_tim.o
                0x0000000008000572                HAL_TIM_OC_DelayElapsedCallback
 .text.HAL_TIM_IC_CaptureCallback
                0x0000000008000574        0x2 build/stm32f4xx_hal_tim.o
                0x0000000008000574                HAL_TIM_IC_CaptureCallback
 .text.HAL_TIM_PWM_PulseFinishedCallback
                0x0000000008000576        0x2 build/stm32f4xx_hal_tim.o
                0x0000000008000576                HAL_TIM_PWM_PulseFinishedCallback
 .text.HAL_TIM_TriggerCallback
                0x0000000008000578        0x2 build/stm32f4xx_hal_tim.o
                0x0000000008000578                HAL_TIM_TriggerCallback
 .text.HAL_TIM_IRQHandler
                0x000000000800057a      0x17a build/stm32f4xx_hal_tim.o
                0x000000000800057a                HAL_TIM_IRQHandler
 .text.TIM_Base_SetConfig
                0x00000000080006f4       0xc8 build/stm32f4xx_hal_tim.o
                0x00000000080006f4                TIM_Base_SetConfig
 .text.HAL_TIM_Base_Init
                0x00000000080007bc       0x58 build/stm32f4xx_hal_tim.o
                0x00000000080007bc                HAL_TIM_Base_Init
 .text.TIM_ETR_SetConfig
                0x0000000008000814       0x18 build/stm32f4xx_hal_tim.o
                0x0000000008000814                TIM_ETR_SetConfig
 .text.HAL_TIM_ConfigClockSource
                0x000000000800082c       0xda build/stm32f4xx_hal_tim.o
                0x000000000800082c                HAL_TIM_ConfigClockSource
 *fill*         0x0000000008000906        0x2 
 .text.HAL_TIMEx_MasterConfigSynchronization
                0x0000000008000908       0x88 build/stm32f4xx_hal_tim_ex.o
                0x0000000008000908                HAL_TIMEx_MasterConfigSynchronization
 .text.HAL_TIMEx_CommutCallback
                0x0000000008000990        0x2 build/stm32f4xx_hal_tim_ex.o
                0x0000000008000990                HAL_TIMEx_CommutCallback
 .text.HAL_TIMEx_BreakCallback
                0x0000000008000992        0x2 build/stm32f4xx_hal_tim_ex.o
                0x0000000008000992                HAL_TIMEx_BreakCallback
 .text.HAL_RCC_OscConfig
                0x0000000008000994      0x3f8 build/stm32f4xx_hal_rcc.o
                0x0000000008000994                HAL_RCC_OscConfig
 .text.HAL_RCC_GetSysClockFreq
                0x0000000008000d8c       0xcc build/stm32f4xx_hal_rcc.o
                0x0000000008000d8c                HAL_RCC_GetSysClockFreq
 .text.HAL_RCC_ClockConfig
                0x0000000008000e58      0x160 build/stm32f4xx_hal_rcc.o
                0x0000000008000e58                HAL_RCC_ClockConfig
 .text.HAL_RCC_GetHCLKFreq
                0x0000000008000fb8        0xc build/stm32f4xx_hal_rcc.o
                0x0000000008000fb8                HAL_RCC_GetHCLKFreq
 .text.HAL_RCC_GetPCLK1Freq
                0x0000000008000fc4       0x20 build/stm32f4xx_hal_rcc.o
                0x0000000008000fc4                HAL_RCC_GetPCLK1Freq
 .text.HAL_RCC_GetPCLK2Freq
                0x0000000008000fe4       0x20 build/stm32f4xx_hal_rcc.o
                0x0000000008000fe4                HAL_RCC_GetPCLK2Freq
 .text.FLASH_SetErrorCode
                0x0000000008001004       0x8c build/stm32f4xx_hal_flash.o
 .text.HAL_FLASH_Unlock
                0x0000000008001090       0x30 build/stm32f4xx_hal_flash.o
                0x0000000008001090                HAL_FLASH_Unlock
 .text.HAL_FLASH_Lock
                0x00000000080010c0       0x14 build/stm32f4xx_hal_flash.o
                0x00000000080010c0                HAL_FLASH_Lock
 .text.HAL_FLASH_GetError
                0x00000000080010d4        0xc build/stm32f4xx_hal_flash.o
                0x00000000080010d4                HAL_FLASH_GetError
 .text.FLASH_WaitForLastOperation
                0x00000000080010e0       0x60 build/stm32f4xx_hal_flash.o
                0x00000000080010e0                FLASH_WaitForLastOperation
 .text.FLASH_MassErase
                0x0000000008001140       0x24 build/stm32f4xx_hal_flash_ex.o
 .text.FLASH_Erase_Sector
                0x0000000008001164       0x58 build/stm32f4xx_hal_flash_ex.o
                0x0000000008001164                FLASH_Erase_Sector
 .text.FLASH_FlushCaches
                0x00000000080011bc       0x60 build/stm32f4xx_hal_flash_ex.o
                0x00000000080011bc                FLASH_FlushCaches
 .text.HAL_FLASHEx_Erase
                0x000000000800121c       0x94 build/stm32f4xx_hal_flash_ex.o
                0x000000000800121c                HAL_FLASHEx_Erase
 .text.HAL_GPIO_Init
                0x00000000080012b0      0x1d4 build/stm32f4xx_hal_gpio.o
                0x00000000080012b0                HAL_GPIO_Init
 .text.HAL_GPIO_WritePin
                0x0000000008001484        0xc build/stm32f4xx_hal_gpio.o
                0x0000000008001484                HAL_GPIO_WritePin
 .text.HAL_GPIO_TogglePin
                0x0000000008001490       0x12 build/stm32f4xx_hal_gpio.o
                0x0000000008001490                HAL_GPIO_TogglePin
 .text.HAL_DMA_Abort
                0x00000000080014a2       0x94 build/stm32f4xx_hal_dma.o
                0x00000000080014a2                HAL_DMA_Abort
 .text.HAL_DMA_Abort_IT
                0x0000000008001536       0x26 build/stm32f4xx_hal_dma.o
                0x0000000008001536                HAL_DMA_Abort_IT
 .text.HAL_NVIC_SetPriorityGrouping
                0x000000000800155c       0x24 build/stm32f4xx_hal_cortex.o
                0x000000000800155c                HAL_NVIC_SetPriorityGrouping
 .text.HAL_NVIC_SetPriority
                0x0000000008001580       0x68 build/stm32f4xx_hal_cortex.o
                0x0000000008001580                HAL_NVIC_SetPriority
 .text.HAL_NVIC_EnableIRQ
                0x00000000080015e8       0x1c build/stm32f4xx_hal_cortex.o
                0x00000000080015e8                HAL_NVIC_EnableIRQ
 .text.HAL_SYSTICK_Config
                0x0000000008001604       0x2c build/stm32f4xx_hal_cortex.o
                0x0000000008001604                HAL_SYSTICK_Config
 .text.HAL_InitTick
                0x0000000008001630       0x4c build/stm32f4xx_hal.o
                0x0000000008001630                HAL_InitTick
 .text.HAL_Init
                0x000000000800167c       0x34 build/stm32f4xx_hal.o
                0x000000000800167c                HAL_Init
 .text.HAL_IncTick
                0x00000000080016b0       0x18 build/stm32f4xx_hal.o
                0x00000000080016b0                HAL_IncTick
 .text.HAL_GetTick
                0x00000000080016c8        0xc build/stm32f4xx_hal.o
                0x00000000080016c8                HAL_GetTick
 .text.HAL_Delay
                0x00000000080016d4       0x28 build/stm32f4xx_hal.o
                0x00000000080016d4                HAL_Delay
 .text.UART_EndRxTransfer
                0x00000000080016fc       0x32 build/stm32f4xx_hal_uart.o
 .text.UART_Transmit_IT
                0x000000000800172e       0x60 build/stm32f4xx_hal_uart.o
 *fill*         0x000000000800178e        0x2 
 .text.UART_SetConfig
                0x0000000008001790      0x11c build/stm32f4xx_hal_uart.o
 .text.UART_WaitOnFlagUntilTimeout
                0x00000000080018ac       0x68 build/stm32f4xx_hal_uart.o
 .text.HAL_UART_Init
                0x0000000008001914       0x5e build/stm32f4xx_hal_uart.o
                0x0000000008001914                HAL_UART_Init
 .text.HAL_UART_Transmit
                0x0000000008001972       0xd8 build/stm32f4xx_hal_uart.o
                0x0000000008001972                HAL_UART_Transmit
 .text.HAL_UART_Transmit_IT
                0x0000000008001a4a       0x48 build/stm32f4xx_hal_uart.o
                0x0000000008001a4a                HAL_UART_Transmit_IT
 .text.UART_EndTransmit_IT
                0x0000000008001a92       0x1a build/stm32f4xx_hal_uart.o
 .text.HAL_UART_ErrorCallback
                0x0000000008001aac        0x2 build/stm32f4xx_hal_uart.o
                0x0000000008001aac                HAL_UART_ErrorCallback
 .text.UART_DMAAbortOnError
                0x0000000008001aae       0x10 build/stm32f4xx_hal_uart.o
 .text.HAL_UART_AbortTransmitCpltCallback
                0x0000000008001abe        0x2 build/stm32f4xx_hal_uart.o
                0x0000000008001abe                HAL_UART_AbortTransmitCpltCallback
 .text.HAL_UART_AbortTransmit_IT
                0x0000000008001ac0       0x60 build/stm32f4xx_hal_uart.o
                0x0000000008001ac0                HAL_UART_AbortTransmit_IT
 .text.UART_DMATxOnlyAbortCallback
                0x0000000008001b20       0x14 build/stm32f4xx_hal_uart.o
 .text.HAL_UART_AbortReceiveCpltCallback
                0x0000000008001b34        0x2 build/stm32f4xx_hal_uart.o
                0x0000000008001b34                HAL_UART_AbortReceiveCpltCallback
 *fill*         0x0000000008001b36        0x2 
 .text.HAL_UART_AbortReceive_IT
                0x0000000008001b38       0x84 build/stm32f4xx_hal_uart.o
                0x0000000008001b38                HAL_UART_AbortReceive_IT
 .text.UART_DMARxOnlyAbortCallback
                0x0000000008001bbc       0x16 build/stm32f4xx_hal_uart.o
 .text.HAL_UARTEx_RxEventCallback
                0x0000000008001bd2        0x2 build/stm32f4xx_hal_uart.o
                0x0000000008001bd2                HAL_UARTEx_RxEventCallback
 .text.UART_Receive_IT
                0x0000000008001bd4       0xba build/stm32f4xx_hal_uart.o
 *fill*         0x0000000008001c8e        0x2 
 .text.HAL_UART_IRQHandler
                0x0000000008001c90      0x208 build/stm32f4xx_hal_uart.o
                0x0000000008001c90                HAL_UART_IRQHandler
 .text.UART_Start_Receive_IT
                0x0000000008001e98       0x36 build/stm32f4xx_hal_uart.o
                0x0000000008001e98                UART_Start_Receive_IT
 .text.HAL_UART_Receive_IT
                0x0000000008001ece       0x38 build/stm32f4xx_hal_uart.o
                0x0000000008001ece                HAL_UART_Receive_IT
 *fill*         0x0000000008001f06        0x2 
 .text.SystemInit
                0x0000000008001f08       0x14 build/system_stm32f4xx.o
                0x0000000008001f08                SystemInit
 .text.eMBFuncReadCoils
                0x0000000008001f1c       0x74 build/mbfunccoils.o
                0x0000000008001f1c                eMBFuncReadCoils
 .text.eMBFuncWriteCoil
                0x0000000008001f90       0x60 build/mbfunccoils.o
                0x0000000008001f90                eMBFuncWriteCoil
 .text.eMBFuncWriteMultipleCoils
                0x0000000008001ff0       0x64 build/mbfunccoils.o
                0x0000000008001ff0                eMBFuncWriteMultipleCoils
 .text.eMBFuncReadDiscreteInputs
                0x0000000008002054       0x72 build/mbfuncdisc.o
                0x0000000008002054                eMBFuncReadDiscreteInputs
 .text.eMBFuncWriteHoldingRegister
                0x00000000080020c6       0x2c build/mbfuncholding.o
                0x00000000080020c6                eMBFuncWriteHoldingRegister
 .text.eMBFuncWriteMultipleHoldingRegister
                0x00000000080020f2       0x52 build/mbfuncholding.o
                0x00000000080020f2                eMBFuncWriteMultipleHoldingRegister
 .text.eMBFuncReadHoldingRegister
                0x0000000008002144       0x64 build/mbfuncholding.o
                0x0000000008002144                eMBFuncReadHoldingRegister
 .text.eMBFuncReadWriteMultipleHoldingRegister
                0x00000000080021a8       0xa4 build/mbfuncholding.o
                0x00000000080021a8                eMBFuncReadWriteMultipleHoldingRegister
 .text.eMBFuncReadInputRegister
                0x000000000800224c       0x64 build/mbfuncinput.o
                0x000000000800224c                eMBFuncReadInputRegister
 .text.eMBFuncReportSlaveID
                0x00000000080022b0       0x24 build/mbfuncother.o
                0x00000000080022b0                eMBFuncReportSlaveID
 .text.xMBUtilSetBits
                0x00000000080022d4       0x40 build/mbutils.o
                0x00000000080022d4                xMBUtilSetBits
 .text.xMBUtilGetBits
                0x0000000008002314       0x28 build/mbutils.o
                0x0000000008002314                xMBUtilGetBits
 .text.prveMBError2Exception
                0x000000000800233c       0x18 build/mbutils.o
                0x000000000800233c                prveMBError2Exception
 .text.xMBPortEventInit
                0x0000000008002354       0x10 build/portevent.o
                0x0000000008002354                xMBPortEventInit
 .text.xMBPortEventPost
                0x0000000008002364       0x18 build/portevent.o
                0x0000000008002364                xMBPortEventPost
 .text.xMBPortEventGet
                0x000000000800237c       0x20 build/portevent.o
                0x000000000800237c                xMBPortEventGet
 .text.xMBPortSerialInit
                0x000000000800239c        0xc build/portserial.o
                0x000000000800239c                xMBPortSerialInit
 .text.vMBPortSerialEnable
                0x00000000080023a8       0x3c build/portserial.o
                0x00000000080023a8                vMBPortSerialEnable
 .text.xMBPortSerialPutBytes
                0x00000000080023e4       0x18 build/portserial.o
                0x00000000080023e4                xMBPortSerialPutBytes
 .text.xMBPortSerialGetByte
                0x00000000080023fc       0x10 build/portserial.o
                0x00000000080023fc                xMBPortSerialGetByte
 .text.HAL_UART_RxCpltCallback
                0x000000000800240c       0x30 build/portserial.o
                0x000000000800240c                HAL_UART_RxCpltCallback
 .text.HAL_UART_TxCpltCallback
                0x000000000800243c       0x20 build/portserial.o
                0x000000000800243c                HAL_UART_TxCpltCallback
 .text.xMBPortTimersInit
                0x000000000800245c       0x14 build/porttimer.o
                0x000000000800245c                xMBPortTimersInit
 .text.vMBPortTimersEnable
                0x0000000008002470       0x1c build/porttimer.o
                0x0000000008002470                vMBPortTimersEnable
 .text.vMBPortTimersDisable
                0x000000000800248c       0x10 build/porttimer.o
                0x000000000800248c                vMBPortTimersDisable
 .text.HAL_TIM_PeriodElapsedCallback
                0x000000000800249c       0x38 build/porttimer.o
                0x000000000800249c                HAL_TIM_PeriodElapsedCallback
 .text.__critical_enter
                0x00000000080024d4       0x10 build/portcritical.o
                0x00000000080024d4                __critical_enter
 .text.__critical_exit
                0x00000000080024e4       0x14 build/portcritical.o
                0x00000000080024e4                __critical_exit
 .text.usMBCRC16
                0x00000000080024f8       0x30 build/mbcrc.o
                0x00000000080024f8                usMBCRC16
 .text.eMBRTUInit
                0x0000000008002528       0x50 build/mbrtu.o
                0x0000000008002528                eMBRTUInit
 .text.eMBRTUStart
                0x0000000008002578       0x20 build/mbrtu.o
                0x0000000008002578                eMBRTUStart
 .text.eMBRTUStop
                0x0000000008002598       0x18 build/mbrtu.o
                0x0000000008002598                eMBRTUStop
 .text.eMBRTUReceive
                0x00000000080025b0       0x54 build/mbrtu.o
                0x00000000080025b0                eMBRTUReceive
 .text.eMBRTUSend
                0x0000000008002604       0x94 build/mbrtu.o
                0x0000000008002604                eMBRTUSend
 .text.xMBRTUReceiveFSM
                0x0000000008002698       0x8c build/mbrtu.o
                0x0000000008002698                xMBRTUReceiveFSM
 .text.xMBRTUTransmitFSM
                0x0000000008002724       0x60 build/mbrtu.o
                0x0000000008002724                xMBRTUTransmitFSM
 .text.xMBRTUTimerT35Expired
                0x0000000008002784       0x38 build/mbrtu.o
                0x0000000008002784                xMBRTUTimerT35Expired
 .text.eMBInit  0x00000000080027bc       0xb4 build/mb.o
                0x00000000080027bc                eMBInit
 .text.eMBEnable
                0x0000000008002870       0x24 build/mb.o
                0x0000000008002870                eMBEnable
 .text.eMBPoll  0x0000000008002894      0x100 build/mb.o
                0x0000000008002894                eMBPoll
 .text.eMBRegInputCB
                0x0000000008002994       0x48 build/user_mb_app.o
                0x0000000008002994                eMBRegInputCB
 .text.eMBRegHoldingCB
                0x00000000080029dc       0x7c build/user_mb_app.o
                0x00000000080029dc                eMBRegHoldingCB
 .text.eMBRegCoilsCB
                0x0000000008002a58       0xbc build/user_mb_app.o
                0x0000000008002a58                eMBRegCoilsCB
 .text.eMBRegDiscreteCB
                0x0000000008002b14       0x70 build/user_mb_app.o
                0x0000000008002b14                eMBRegDiscreteCB
 .text.erase_flash
                0x0000000008002b84       0x5c build/FlashPROM.o
                0x0000000008002b84                erase_flash
 .text.flash_search_adress
                0x0000000008002be0       0x34 build/FlashPROM.o
                0x0000000008002be0                flash_search_adress
 .text.MX_GPIO_Init
                0x0000000008002c14       0x68 build/gpio.o
                0x0000000008002c14                MX_GPIO_Init
 .text.MX_TIM4_Init
                0x0000000008002c7c       0x6c build/tim.o
                0x0000000008002c7c                MX_TIM4_Init
 .text.HAL_TIM_Base_MspInit
                0x0000000008002ce8       0x40 build/tim.o
                0x0000000008002ce8                HAL_TIM_Base_MspInit
 .text.MX_USART1_UART_Init
                0x0000000008002d28       0x34 build/usart.o
                0x0000000008002d28                MX_USART1_UART_Init
 .text.MX_USART2_UART_Init
                0x0000000008002d5c       0x34 build/usart.o
                0x0000000008002d5c                MX_USART2_UART_Init
 .text.HAL_UART_MspInit
                0x0000000008002d90       0xe4 build/usart.o
                0x0000000008002d90                HAL_UART_MspInit
 .text.MX_CRC_Init
                0x0000000008002e74       0x20 build/crc.o
                0x0000000008002e74                MX_CRC_Init
 .text.HAL_CRC_MspInit
                0x0000000008002e94       0x30 build/crc.o
                0x0000000008002e94                HAL_CRC_MspInit
 .text.HAL_CRC_Init
                0x0000000008002ec4       0x1e build/stm32f4xx_hal_crc.o
                0x0000000008002ec4                HAL_CRC_Init
 *fill*         0x0000000008002ee2        0x2 
 .text.Reset_Handler
                0x0000000008002ee4       0x50 build/startup_stm32f407xx.o
                0x0000000008002ee4                Reset_Handler
 .text.Default_Handler
                0x0000000008002f34        0x2 build/startup_stm32f407xx.o
                0x0000000008002f34                RTC_Alarm_IRQHandler
                0x0000000008002f34                HASH_RNG_IRQHandler
                0x0000000008002f34                EXTI2_IRQHandler
                0x0000000008002f34                TIM8_CC_IRQHandler
                0x0000000008002f34                TIM1_CC_IRQHandler
                0x0000000008002f34                DMA2_Stream5_IRQHandler
                0x0000000008002f34                DMA1_Stream5_IRQHandler
                0x0000000008002f34                PVD_IRQHandler
                0x0000000008002f34                SDIO_IRQHandler
                0x0000000008002f34                TAMP_STAMP_IRQHandler
                0x0000000008002f34                CAN2_RX1_IRQHandler
                0x0000000008002f34                EXTI3_IRQHandler
                0x0000000008002f34                TIM8_TRG_COM_TIM14_IRQHandler
                0x0000000008002f34                TIM1_UP_TIM10_IRQHandler
                0x0000000008002f34                TIM8_UP_TIM13_IRQHandler
                0x0000000008002f34                I2C3_ER_IRQHandler
                0x0000000008002f34                EXTI0_IRQHandler
                0x0000000008002f34                I2C2_EV_IRQHandler
                0x0000000008002f34                DMA1_Stream2_IRQHandler
                0x0000000008002f34                CAN1_RX0_IRQHandler
                0x0000000008002f34                FPU_IRQHandler
                0x0000000008002f34                OTG_HS_WKUP_IRQHandler
                0x0000000008002f34                CAN2_SCE_IRQHandler
                0x0000000008002f34                DMA2_Stream2_IRQHandler
                0x0000000008002f34                SPI1_IRQHandler
                0x0000000008002f34                TIM6_DAC_IRQHandler
                0x0000000008002f34                TIM1_BRK_TIM9_IRQHandler
                0x0000000008002f34                DCMI_IRQHandler
                0x0000000008002f34                CAN2_RX0_IRQHandler
                0x0000000008002f34                DMA2_Stream3_IRQHandler
                0x0000000008002f34                USART6_IRQHandler
                0x0000000008002f34                USART3_IRQHandler
                0x0000000008002f34                CAN1_RX1_IRQHandler
                0x0000000008002f34                UART5_IRQHandler
                0x0000000008002f34                DMA2_Stream0_IRQHandler
                0x0000000008002f34                I2C1_EV_IRQHandler
                0x0000000008002f34                DMA1_Stream6_IRQHandler
                0x0000000008002f34                DMA1_Stream1_IRQHandler
                0x0000000008002f34                UART4_IRQHandler
                0x0000000008002f34                TIM3_IRQHandler
                0x0000000008002f34                RCC_IRQHandler
                0x0000000008002f34                TIM8_BRK_TIM12_IRQHandler
                0x0000000008002f34                Default_Handler
                0x0000000008002f34                EXTI15_10_IRQHandler
                0x0000000008002f34                ADC_IRQHandler
                0x0000000008002f34                DMA1_Stream7_IRQHandler
                0x0000000008002f34                TIM7_IRQHandler
                0x0000000008002f34                CAN2_TX_IRQHandler
                0x0000000008002f34                TIM5_IRQHandler
                0x0000000008002f34                DMA2_Stream7_IRQHandler
                0x0000000008002f34                I2C3_EV_IRQHandler
                0x0000000008002f34                EXTI9_5_IRQHandler
                0x0000000008002f34                RTC_WKUP_IRQHandler
                0x0000000008002f34                ETH_WKUP_IRQHandler
                0x0000000008002f34                SPI2_IRQHandler
                0x0000000008002f34                OTG_HS_EP1_IN_IRQHandler
                0x0000000008002f34                DMA1_Stream0_IRQHandler
                0x0000000008002f34                CAN1_TX_IRQHandler
                0x0000000008002f34                EXTI4_IRQHandler
                0x0000000008002f34                FSMC_IRQHandler
                0x0000000008002f34                ETH_IRQHandler
                0x0000000008002f34                OTG_HS_EP1_OUT_IRQHandler
                0x0000000008002f34                WWDG_IRQHandler
                0x0000000008002f34                TIM2_IRQHandler
                0x0000000008002f34                OTG_FS_WKUP_IRQHandler
                0x0000000008002f34                TIM1_TRG_COM_TIM11_IRQHandler
                0x0000000008002f34                OTG_HS_IRQHandler
                0x0000000008002f34                EXTI1_IRQHandler
                0x0000000008002f34                I2C2_ER_IRQHandler
                0x0000000008002f34                DMA2_Stream1_IRQHandler
                0x0000000008002f34                CAN1_SCE_IRQHandler
                0x0000000008002f34                FLASH_IRQHandler
                0x0000000008002f34                DMA2_Stream4_IRQHandler
                0x0000000008002f34                OTG_FS_IRQHandler
                0x0000000008002f34                SPI3_IRQHandler
                0x0000000008002f34                DMA1_Stream4_IRQHandler
                0x0000000008002f34                I2C1_ER_IRQHandler
                0x0000000008002f34                DMA2_Stream6_IRQHandler
                0x0000000008002f34                DMA1_Stream3_IRQHandler
 *fill*         0x0000000008002f36        0x2 
 .text.__libc_init_array
                0x0000000008002f38       0x48 c:/vscodeproject/software/arm_gcc/bin/../lib/gcc/arm-none-eabi/9.2.1/../../../../arm-none-eabi/lib/thumb/v7e-m+fp/hard\libc_nano.a(lib_a-init.o)
                0x0000000008002f38                __libc_init_array
 .text.memcpy   0x0000000008002f80       0x1c c:/vscodeproject/software/arm_gcc/bin/../lib/gcc/arm-none-eabi/9.2.1/../../../../arm-none-eabi/lib/thumb/v7e-m+fp/hard\libc_nano.a(lib_a-memcpy-stub.o)
                0x0000000008002f80                memcpy
 .text.memset   0x0000000008002f9c       0x10 c:/vscodeproject/software/arm_gcc/bin/../lib/gcc/arm-none-eabi/9.2.1/../../../../arm-none-eabi/lib/thumb/v7e-m+fp/hard\libc_nano.a(lib_a-memset.o)
                0x0000000008002f9c                memset
 .text.snprintf
                0x0000000008002fac       0x68 c:/vscodeproject/software/arm_gcc/bin/../lib/gcc/arm-none-eabi/9.2.1/../../../../arm-none-eabi/lib/thumb/v7e-m+fp/hard\libc_nano.a(lib_a-snprintf.o)
                0x0000000008002fac                sniprintf
                0x0000000008002fac                snprintf
 .text.__ssputs_r
                0x0000000008003014       0xb6 c:/vscodeproject/software/arm_gcc/bin/../lib/gcc/arm-none-eabi/9.2.1/../../../../arm-none-eabi/lib/thumb/v7e-m+fp/hard\libc_nano.a(lib_a-nano-svfprintf.o)
                0x0000000008003014                __ssputs_r
 *fill*         0x00000000080030ca        0x2 
 .text._svfprintf_r
                0x00000000080030cc      0x200 c:/vscodeproject/software/arm_gcc/bin/../lib/gcc/arm-none-eabi/9.2.1/../../../../arm-none-eabi/lib/thumb/v7e-m+fp/hard\libc_nano.a(lib_a-nano-svfprintf.o)
                0x00000000080030cc                _svfiprintf_r
                0x00000000080030cc                _svfprintf_r
 .text._printf_common
                0x00000000080032cc       0xda c:/vscodeproject/software/arm_gcc/bin/../lib/gcc/arm-none-eabi/9.2.1/../../../../arm-none-eabi/lib/thumb/v7e-m+fp/hard\libc_nano.a(lib_a-nano-vfprintf_i.o)
                0x00000000080032cc                _printf_common
 *fill*         0x00000000080033a6        0x2 
 .text._printf_i
                0x00000000080033a8      0x24c c:/vscodeproject/software/arm_gcc/bin/../lib/gcc/arm-none-eabi/9.2.1/../../../../arm-none-eabi/lib/thumb/v7e-m+fp/hard\libc_nano.a(lib_a-nano-vfprintf_i.o)
                0x00000000080033a8                _printf_i
 .text.memmove  0x00000000080035f4       0x34 c:/vscodeproject/software/arm_gcc/bin/../lib/gcc/arm-none-eabi/9.2.1/../../../../arm-none-eabi/lib/thumb/v7e-m+fp/hard\libc_nano.a(lib_a-memmove.o)
                0x00000000080035f4                memmove
 .text._free_r  0x0000000008003628       0xa0 c:/vscodeproject/software/arm_gcc/bin/../lib/gcc/arm-none-eabi/9.2.1/../../../../arm-none-eabi/lib/thumb/v7e-m+fp/hard\libc_nano.a(lib_a-nano-freer.o)
                0x0000000008003628                _free_r
 .text._malloc_r
                0x00000000080036c8       0xb4 c:/vscodeproject/software/arm_gcc/bin/../lib/gcc/arm-none-eabi/9.2.1/../../../../arm-none-eabi/lib/thumb/v7e-m+fp/hard\libc_nano.a(lib_a-nano-mallocr.o)
                0x00000000080036c8                _malloc_r
 .text._realloc_r
                0x000000000800377c       0x4c c:/vscodeproject/software/arm_gcc/bin/../lib/gcc/arm-none-eabi/9.2.1/../../../../arm-none-eabi/lib/thumb/v7e-m+fp/hard\libc_nano.a(lib_a-nano-reallocr.o)
                0x000000000800377c                _realloc_r
 .text._sbrk_r  0x00000000080037c8       0x20 c:/vscodeproject/software/arm_gcc/bin/../lib/gcc/arm-none-eabi/9.2.1/../../../../arm-none-eabi/lib/thumb/v7e-m+fp/hard\libc_nano.a(lib_a-sbrkr.o)
                0x00000000080037c8                _sbrk_r
 .text.__malloc_lock
                0x00000000080037e8        0xc c:/vscodeproject/software/arm_gcc/bin/../lib/gcc/arm-none-eabi/9.2.1/../../../../arm-none-eabi/lib/thumb/v7e-m+fp/hard\libc_nano.a(lib_a-mlock.o)
                0x00000000080037e8                __malloc_lock
 .text.__malloc_unlock
                0x00000000080037f4        0xc c:/vscodeproject/software/arm_gcc/bin/../lib/gcc/arm-none-eabi/9.2.1/../../../../arm-none-eabi/lib/thumb/v7e-m+fp/hard\libc_nano.a(lib_a-mlock.o)
                0x00000000080037f4                __malloc_unlock
 .text._malloc_usable_size_r
                0x0000000008003800       0x10 c:/vscodeproject/software/arm_gcc/bin/../lib/gcc/arm-none-eabi/9.2.1/../../../../arm-none-eabi/lib/thumb/v7e-m+fp/hard\libc_nano.a(lib_a-nano-msizer.o)
                0x0000000008003800                _malloc_usable_size_r
 .text.__retarget_lock_acquire_recursive
                0x0000000008003810        0x2 c:/vscodeproject/software/arm_gcc/bin/../lib/gcc/arm-none-eabi/9.2.1/../../../../arm-none-eabi/lib/thumb/v7e-m+fp/hard\libc_nano.a(lib_a-lock.o)
                0x0000000008003810                __retarget_lock_acquire_recursive
 .text.__retarget_lock_release_recursive
                0x0000000008003812        0x2 c:/vscodeproject/software/arm_gcc/bin/../lib/gcc/arm-none-eabi/9.2.1/../../../../arm-none-eabi/lib/thumb/v7e-m+fp/hard\libc_nano.a(lib_a-lock.o)
                0x0000000008003812                __retarget_lock_release_recursive
 .text._sbrk    0x0000000008003814       0x1c c:/vscodeproject/software/arm_gcc/bin/../lib/gcc/arm-none-eabi/9.2.1/../../../../arm-none-eabi/lib/thumb/v7e-m+fp/hard\libnosys.a(sbrk.o)
                0x0000000008003814                _sbrk
 .text.__udivmoddi4
                0x0000000008003830      0x2c4 c:/vscodeproject/software/arm_gcc/bin/../lib/gcc/arm-none-eabi/9.2.1/thumb/v7e-m+fp/hard\libgcc.a(_udivmoddi4.o)
                0x0000000008003830                __udivmoddi4
 *(.glue_7)
 .glue_7        0x0000000008003af4        0x0 linker stubs
 *(.glue_7t)
 .glue_7t       0x0000000008003af4        0x0 linker stubs
 *(.eh_frame)
 .eh_frame      0x0000000008003af4        0x0 c:/vscodeproject/software/arm_gcc/bin/../lib/gcc/arm-none-eabi/9.2.1/thumb/v7e-m+fp/hard/crtbegin.o
 *(.init)
 .init          0x0000000008003af4        0x4 c:/vscodeproject/software/arm_gcc/bin/../lib/gcc/arm-none-eabi/9.2.1/thumb/v7e-m+fp/hard/crti.o
                0x0000000008003af4                _init
 .init          0x0000000008003af8        0x8 c:/vscodeproject/software/arm_gcc/bin/../lib/gcc/arm-none-eabi/9.2.1/thumb/v7e-m+fp/hard/crtn.o
 *(.fini)
 .fini          0x0000000008003b00        0x4 c:/vscodeproject/software/arm_gcc/bin/../lib/gcc/arm-none-eabi/9.2.1/thumb/v7e-m+fp/hard/crti.o
                0x0000000008003b00                _fini
 .fini          0x0000000008003b04        0x8 c:/vscodeproject/software/arm_gcc/bin/../lib/gcc/arm-none-eabi/9.2.1/thumb/v7e-m+fp/hard/crtn.o
                0x0000000008003b0c                . = ALIGN (0x4)
                0x0000000008003b0c                _etext = .

.vfp11_veneer   0x0000000008003b0c        0x0
 .vfp11_veneer  0x0000000008003b0c        0x0 linker stubs

.v4_bx          0x0000000008003b0c        0x0
 .v4_bx         0x0000000008003b0c        0x0 linker stubs

.iplt           0x0000000008003b0c        0x0
 .iplt          0x0000000008003b0c        0x0 c:/vscodeproject/software/arm_gcc/bin/../lib/gcc/arm-none-eabi/9.2.1/thumb/v7e-m+fp/hard/crtbegin.o

.rodata         0x0000000008003b0c      0x254
                0x0000000008003b0c                . = ALIGN (0x4)
 *(.rodata)
 *(.rodata*)
 .rodata.AHBPrescTable
                0x0000000008003b0c       0x10 build/system_stm32f4xx.o
                0x0000000008003b0c                AHBPrescTable
 .rodata.APBPrescTable
                0x0000000008003b1c        0x8 build/system_stm32f4xx.o
                0x0000000008003b1c                APBPrescTable
 .rodata.aucCRCHi
                0x0000000008003b24      0x100 build/mbcrc.o
 .rodata.aucCRCLo
                0x0000000008003c24      0x100 build/mbcrc.o
 .rodata.erase_flash.str1.4
                0x0000000008003d24        0x8 build/FlashPROM.o
 .rodata._svfprintf_r.str1.1
                0x0000000008003d2c       0x11 c:/vscodeproject/software/arm_gcc/bin/../lib/gcc/arm-none-eabi/9.2.1/../../../../arm-none-eabi/lib/thumb/v7e-m+fp/hard\libc_nano.a(lib_a-nano-svfprintf.o)
 .rodata._printf_i.str1.1
                0x0000000008003d3d       0x22 c:/vscodeproject/software/arm_gcc/bin/../lib/gcc/arm-none-eabi/9.2.1/../../../../arm-none-eabi/lib/thumb/v7e-m+fp/hard\libc_nano.a(lib_a-nano-vfprintf_i.o)
                0x0000000008003d60                . = ALIGN (0x4)
 *fill*         0x0000000008003d5f        0x1 

.ARM.extab
 *(.ARM.extab* .gnu.linkonce.armextab.*)

.ARM            0x0000000008003d60        0x8
                0x0000000008003d60                __exidx_start = .
 *(.ARM.exidx*)
 .ARM.exidx.text.__udivmoddi4
                0x0000000008003d60        0x8 c:/vscodeproject/software/arm_gcc/bin/../lib/gcc/arm-none-eabi/9.2.1/thumb/v7e-m+fp/hard\libgcc.a(_udivmoddi4.o)
                0x0000000008003d68                __exidx_end = .

.rel.dyn        0x0000000008003d68        0x0
 .rel.iplt      0x0000000008003d68        0x0 c:/vscodeproject/software/arm_gcc/bin/../lib/gcc/arm-none-eabi/9.2.1/thumb/v7e-m+fp/hard/crtbegin.o

.preinit_array  0x0000000008003d68        0x0
                0x0000000008003d68                PROVIDE (__preinit_array_start = .)
 *(.preinit_array*)
                0x0000000008003d68                PROVIDE (__preinit_array_end = .)

.init_array     0x0000000008003d68        0x4
                0x0000000008003d68                PROVIDE (__init_array_start = .)
 *(SORT_BY_NAME(.init_array.*))
 *(.init_array*)
 .init_array    0x0000000008003d68        0x4 c:/vscodeproject/software/arm_gcc/bin/../lib/gcc/arm-none-eabi/9.2.1/thumb/v7e-m+fp/hard/crtbegin.o
                0x0000000008003d6c                PROVIDE (__init_array_end = .)

.fini_array     0x0000000008003d6c        0x4
                [!provide]                        PROVIDE (__fini_array_start = .)
 *(SORT_BY_NAME(.fini_array.*))
 *(.fini_array*)
 .fini_array    0x0000000008003d6c        0x4 c:/vscodeproject/software/arm_gcc/bin/../lib/gcc/arm-none-eabi/9.2.1/thumb/v7e-m+fp/hard/crtbegin.o
                [!provide]                        PROVIDE (__fini_array_end = .)
                0x0000000008003d70                _sidata = LOADADDR (.data)

.data           0x0000000020000000       0xf4 load address 0x0000000008003d70
                0x0000000020000000                . = ALIGN (0x4)
                0x0000000020000000                _sdata = .
 *(.data)
 *(.data*)
 .data.uwTickFreq
                0x0000000020000000        0x1 build/stm32f4xx_hal.o
                0x0000000020000000                uwTickFreq
 *fill*         0x0000000020000001        0x3 
 .data.uwTickPrio
                0x0000000020000004        0x4 build/stm32f4xx_hal.o
                0x0000000020000004                uwTickPrio
 .data.SystemCoreClock
                0x0000000020000008        0x4 build/system_stm32f4xx.o
                0x0000000020000008                SystemCoreClock
 .data.eMBState
                0x000000002000000c        0x1 build/mb.o
 *fill*         0x000000002000000d        0x3 
 .data.xFuncHandlers
                0x0000000020000010       0x80 build/mb.o
 .data._impure_ptr
                0x0000000020000090        0x4 c:/vscodeproject/software/arm_gcc/bin/../lib/gcc/arm-none-eabi/9.2.1/../../../../arm-none-eabi/lib/thumb/v7e-m+fp/hard\libc_nano.a(lib_a-impure.o)
                0x0000000020000090                _impure_ptr
 .data.impure_data
                0x0000000020000094       0x60 c:/vscodeproject/software/arm_gcc/bin/../lib/gcc/arm-none-eabi/9.2.1/../../../../arm-none-eabi/lib/thumb/v7e-m+fp/hard\libc_nano.a(lib_a-impure.o)
                0x00000000200000f4                . = ALIGN (0x4)
                0x00000000200000f4                _edata = .
                0x0000000008003e64                _siccmram = LOADADDR (.ccmram)

.igot.plt       0x00000000200000f4        0x0 load address 0x0000000008003e64
 .igot.plt      0x00000000200000f4        0x0 c:/vscodeproject/software/arm_gcc/bin/../lib/gcc/arm-none-eabi/9.2.1/thumb/v7e-m+fp/hard/crtbegin.o

.ccmram         0x0000000010000000        0x0 load address 0x0000000008003e64
                0x0000000010000000                . = ALIGN (0x4)
                0x0000000010000000                _sccmram = .
 *(.ccmram)
 *(.ccmram*)
                0x0000000010000000                . = ALIGN (0x4)
                0x0000000010000000                _eccmram = .
                0x0000000010000000                . = ALIGN (0x4)

.bss            0x00000000200000f4      0x304
                0x00000000200000f4                _sbss = .
                0x00000000200000f4                __bss_start__ = _sbss
 *(.bss)
 *(.bss*)
 .bss.completed.10274
                0x00000000200000f4        0x1 c:/vscodeproject/software/arm_gcc/bin/../lib/gcc/arm-none-eabi/9.2.1/thumb/v7e-m+fp/hard/crtbegin.o
 *fill*         0x00000000200000f5        0x3 
 .bss.object.10279
                0x00000000200000f8       0x18 c:/vscodeproject/software/arm_gcc/bin/../lib/gcc/arm-none-eabi/9.2.1/thumb/v7e-m+fp/hard/crtbegin.o
 .bss.res_addr  0x0000000020000110        0x4 build/main.o
                0x0000000020000110                res_addr
 .bss.ucMBSlaveID
                0x0000000020000114       0x20 build/mbfuncother.o
 .bss.usMBSlaveIDLen
                0x0000000020000134        0x2 build/mbfuncother.o
 .bss.eQueuedEvent
                0x0000000020000136        0x1 build/portevent.o
 .bss.xEventInQueue
                0x0000000020000137        0x1 build/portevent.o
 .bss.singlechar
                0x0000000020000138        0x1 build/portserial.o
 *fill*         0x0000000020000139        0x1 
 .bss.counter   0x000000002000013a        0x2 build/porttimer.o
                0x000000002000013a                counter
 .bss.timeout   0x000000002000013c        0x2 build/porttimer.o
 *fill*         0x000000002000013e        0x2 
 .bss.lock_count
                0x0000000020000140        0x4 build/portcritical.o
 .bss.eRcvState
                0x0000000020000144        0x1 build/mbrtu.o
 .bss.eSndState
                0x0000000020000145        0x1 build/mbrtu.o
 *fill*         0x0000000020000146        0x2 
 .bss.pucSndBufferCur
                0x0000000020000148        0x4 build/mbrtu.o
 .bss.usRcvBufferPos
                0x000000002000014c        0x2 build/mbrtu.o
 .bss.usSndBufferCount
                0x000000002000014e        0x2 build/mbrtu.o
 .bss.eException.9479
                0x0000000020000150        0x1 build/mb.o
 *fill*         0x0000000020000151        0x3 
 .bss.peMBFrameReceiveCur
                0x0000000020000154        0x4 build/mb.o
 .bss.peMBFrameSendCur
                0x0000000020000158        0x4 build/mb.o
 .bss.pvMBFrameCloseCur
                0x000000002000015c        0x4 build/mb.o
 .bss.pvMBFrameStartCur
                0x0000000020000160        0x4 build/mb.o
 .bss.pvMBFrameStopCur
                0x0000000020000164        0x4 build/mb.o
 .bss.ucFunctionCode.9477
                0x0000000020000168        0x1 build/mb.o
 .bss.ucMBAddress
                0x0000000020000169        0x1 build/mb.o
 *fill*         0x000000002000016a        0x2 
 .bss.ucMBFrame.9475
                0x000000002000016c        0x4 build/mb.o
 .bss.ucRcvAddress.9476
                0x0000000020000170        0x1 build/mb.o
 *fill*         0x0000000020000171        0x1 
 .bss.usLength.9478
                0x0000000020000172        0x2 build/mb.o
 .bss.usSCoilStart
                0x0000000020000174        0x2 build/user_mb_app.o
                0x0000000020000174                usSCoilStart
 .bss.usSDiscInStart
                0x0000000020000176        0x2 build/user_mb_app.o
                0x0000000020000176                usSDiscInStart
 .bss.usSRegHoldStart
                0x0000000020000178        0x2 build/user_mb_app.o
                0x0000000020000178                usSRegHoldStart
 .bss.usSRegInStart
                0x000000002000017a        0x2 build/user_mb_app.o
                0x000000002000017a                usSRegInStart
 .bss.EraseInitStruct.9457
                0x000000002000017c       0x14 build/FlashPROM.o
 .bss.__malloc_free_list
                0x0000000020000190        0x4 c:/vscodeproject/software/arm_gcc/bin/../lib/gcc/arm-none-eabi/9.2.1/../../../../arm-none-eabi/lib/thumb/v7e-m+fp/hard\libc_nano.a(lib_a-nano-mallocr.o)
                0x0000000020000190                __malloc_free_list
 .bss.__malloc_sbrk_start
                0x0000000020000194        0x4 c:/vscodeproject/software/arm_gcc/bin/../lib/gcc/arm-none-eabi/9.2.1/../../../../arm-none-eabi/lib/thumb/v7e-m+fp/hard\libc_nano.a(lib_a-nano-mallocr.o)
                0x0000000020000194                __malloc_sbrk_start
 .bss.heap_end.5507
                0x0000000020000198        0x4 c:/vscodeproject/software/arm_gcc/bin/../lib/gcc/arm-none-eabi/9.2.1/../../../../arm-none-eabi/lib/thumb/v7e-m+fp/hard\libnosys.a(sbrk.o)
 *(COMMON)
 COMMON         0x000000002000019c       0x20 build/stm32f4xx_hal_flash.o
                0x000000002000019c                pFlash
 COMMON         0x00000000200001bc        0x4 build/stm32f4xx_hal.o
                0x00000000200001bc                uwTick
 COMMON         0x00000000200001c0        0x4 build/portserial.o
                0x00000000200001c0                uart
 COMMON         0x00000000200001c4        0x5 build/porttimer.o
                0x00000000200001c4                tim
                0x00000000200001c8                var
 *fill*         0x00000000200001c9        0x3 
 COMMON         0x00000000200001cc      0x100 build/mbrtu.o
                0x00000000200001cc                ucRTUBuf
 COMMON         0x00000000200002cc       0x14 build/mb.o
                0x00000000200002cc                pxMBFrameCBTransmitterEmpty
                0x00000000200002d0                pxMBPortCBTimerExpired
                0x00000000200002d4                pxMBFrameCBByteReceived
                0x00000000200002d8                pxMBFrameCBTransmitFSMCur
                0x00000000200002dc                pxMBFrameCBReceiveFSMCur
 COMMON         0x00000000200002e0       0x30 build/user_mb_app.o
                0x00000000200002e0                ucSCoilBuf
                0x00000000200002e4                ucSDiscInBuf
                0x00000000200002e8                usSRegHoldBuf
                0x00000000200002fc                usSRegInBuf
 COMMON         0x0000000020000310       0x48 build/tim.o
                0x0000000020000310                htim4
 COMMON         0x0000000020000358       0x88 build/usart.o
                0x0000000020000358                huart1
                0x000000002000039c                huart2
 COMMON         0x00000000200003e0        0x8 build/crc.o
                0x00000000200003e0                hcrc
 COMMON         0x00000000200003e8        0x4 c:/vscodeproject/software/arm_gcc/bin/../lib/gcc/arm-none-eabi/9.2.1/../../../../arm-none-eabi/lib/thumb/v7e-m+fp/hard\libc_nano.a(lib_a-reent.o)
                0x00000000200003e8                errno
 COMMON         0x00000000200003ec        0x9 c:/vscodeproject/software/arm_gcc/bin/../lib/gcc/arm-none-eabi/9.2.1/../../../../arm-none-eabi/lib/thumb/v7e-m+fp/hard\libc_nano.a(lib_a-lock.o)
                0x00000000200003ec                __lock___atexit_recursive_mutex
                0x00000000200003ed                __lock___arc4random_mutex
                0x00000000200003ee                __lock___env_recursive_mutex
                0x00000000200003ef                __lock___sinit_recursive_mutex
                0x00000000200003f0                __lock___malloc_recursive_mutex
                0x00000000200003f1                __lock___at_quick_exit_mutex
                0x00000000200003f2                __lock___dd_hash_mutex
                0x00000000200003f3                __lock___tz_mutex
                0x00000000200003f4                __lock___sfp_recursive_mutex
                0x00000000200003f8                . = ALIGN (0x4)
 *fill*         0x00000000200003f5        0x3 
                0x00000000200003f8                _ebss = .
                0x00000000200003f8                __bss_end__ = _ebss

._user_heap_stack
                0x00000000200003f8      0x600
                0x00000000200003f8                . = ALIGN (0x8)
                0x00000000200003f8                PROVIDE (end = .)
                [!provide]                        PROVIDE (_end = .)
                0x00000000200005f8                . = (. + _Min_Heap_Size)
 *fill*         0x00000000200003f8      0x200 
                0x00000000200009f8                . = (. + _Min_Stack_Size)
 *fill*         0x00000000200005f8      0x400 
                0x00000000200009f8                . = ALIGN (0x8)

/DISCARD/
 libc.a(*)
 libm.a(*)
 libgcc.a(*)

.ARM.attributes
                0x0000000000000000       0x30
 *(.ARM.attributes)
 .ARM.attributes
                0x0000000000000000       0x1e c:/vscodeproject/software/arm_gcc/bin/../lib/gcc/arm-none-eabi/9.2.1/thumb/v7e-m+fp/hard/crti.o
 .ARM.attributes
                0x000000000000001e       0x34 c:/vscodeproject/software/arm_gcc/bin/../lib/gcc/arm-none-eabi/9.2.1/thumb/v7e-m+fp/hard/crtbegin.o
 .ARM.attributes
                0x0000000000000052       0x34 build/main.o
 .ARM.attributes
                0x0000000000000086       0x34 build/stm32f4xx_it.o
 .ARM.attributes
                0x00000000000000ba       0x34 build/stm32f4xx_hal_msp.o
 .ARM.attributes
                0x00000000000000ee       0x34 build/stm32f4xx_hal_tim.o
 .ARM.attributes
                0x0000000000000122       0x34 build/stm32f4xx_hal_tim_ex.o
 .ARM.attributes
                0x0000000000000156       0x34 build/stm32f4xx_hal_rcc.o
 .ARM.attributes
                0x000000000000018a       0x34 build/stm32f4xx_hal_flash.o
 .ARM.attributes
                0x00000000000001be       0x34 build/stm32f4xx_hal_flash_ex.o
 .ARM.attributes
                0x00000000000001f2       0x34 build/stm32f4xx_hal_gpio.o
 .ARM.attributes
                0x0000000000000226       0x34 build/stm32f4xx_hal_dma.o
 .ARM.attributes
                0x000000000000025a       0x34 build/stm32f4xx_hal_cortex.o
 .ARM.attributes
                0x000000000000028e       0x34 build/stm32f4xx_hal.o
 .ARM.attributes
                0x00000000000002c2       0x34 build/stm32f4xx_hal_uart.o
 .ARM.attributes
                0x00000000000002f6       0x34 build/system_stm32f4xx.o
 .ARM.attributes
                0x000000000000032a       0x34 build/mbfunccoils.o
 .ARM.attributes
                0x000000000000035e       0x34 build/mbfuncdisc.o
 .ARM.attributes
                0x0000000000000392       0x34 build/mbfuncholding.o
 .ARM.attributes
                0x00000000000003c6       0x34 build/mbfuncinput.o
 .ARM.attributes
                0x00000000000003fa       0x34 build/mbfuncother.o
 .ARM.attributes
                0x000000000000042e       0x34 build/mbutils.o
 .ARM.attributes
                0x0000000000000462       0x34 build/portevent.o
 .ARM.attributes
                0x0000000000000496       0x34 build/portserial.o
 .ARM.attributes
                0x00000000000004ca       0x34 build/porttimer.o
 .ARM.attributes
                0x00000000000004fe       0x34 build/portcritical.o
 .ARM.attributes
                0x0000000000000532       0x34 build/mbcrc.o
 .ARM.attributes
                0x0000000000000566       0x34 build/mbrtu.o
 .ARM.attributes
                0x000000000000059a       0x34 build/mb.o
 .ARM.attributes
                0x00000000000005ce       0x34 build/user_mb_app.o
 .ARM.attributes
                0x0000000000000602       0x34 build/FlashPROM.o
 .ARM.attributes
                0x0000000000000636       0x34 build/gpio.o
 .ARM.attributes
                0x000000000000066a       0x34 build/tim.o
 .ARM.attributes
                0x000000000000069e       0x34 build/usart.o
 .ARM.attributes
                0x00000000000006d2       0x34 build/crc.o
 .ARM.attributes
                0x0000000000000706       0x34 build/stm32f4xx_hal_crc.o
 .ARM.attributes
                0x000000000000073a       0x21 build/startup_stm32f407xx.o
 .ARM.attributes
                0x000000000000075b       0x32 c:/vscodeproject/software/arm_gcc/bin/../lib/gcc/arm-none-eabi/9.2.1/../../../../arm-none-eabi/lib/thumb/v7e-m+fp/hard\libc_nano.a(lib_a-impure.o)
 .ARM.attributes
                0x000000000000078d       0x34 c:/vscodeproject/software/arm_gcc/bin/../lib/gcc/arm-none-eabi/9.2.1/../../../../arm-none-eabi/lib/thumb/v7e-m+fp/hard\libc_nano.a(lib_a-init.o)
 .ARM.attributes
                0x00000000000007c1       0x34 c:/vscodeproject/software/arm_gcc/bin/../lib/gcc/arm-none-eabi/9.2.1/../../../../arm-none-eabi/lib/thumb/v7e-m+fp/hard\libc_nano.a(lib_a-memcpy-stub.o)
 .ARM.attributes
                0x00000000000007f5       0x34 c:/vscodeproject/software/arm_gcc/bin/../lib/gcc/arm-none-eabi/9.2.1/../../../../arm-none-eabi/lib/thumb/v7e-m+fp/hard\libc_nano.a(lib_a-memset.o)
 .ARM.attributes
                0x0000000000000829       0x34 c:/vscodeproject/software/arm_gcc/bin/../lib/gcc/arm-none-eabi/9.2.1/../../../../arm-none-eabi/lib/thumb/v7e-m+fp/hard\libc_nano.a(lib_a-snprintf.o)
 .ARM.attributes
                0x000000000000085d       0x17 c:/vscodeproject/software/arm_gcc/bin/../lib/gcc/arm-none-eabi/9.2.1/../../../../arm-none-eabi/lib/thumb/v7e-m+fp/hard\libc_nano.a(lib_a-strlen.o)
 .ARM.attributes
                0x0000000000000874       0x34 c:/vscodeproject/software/arm_gcc/bin/../lib/gcc/arm-none-eabi/9.2.1/../../../../arm-none-eabi/lib/thumb/v7e-m+fp/hard\libc_nano.a(lib_a-nano-svfprintf.o)
 .ARM.attributes
                0x00000000000008a8       0x34 c:/vscodeproject/software/arm_gcc/bin/../lib/gcc/arm-none-eabi/9.2.1/../../../../arm-none-eabi/lib/thumb/v7e-m+fp/hard\libc_nano.a(lib_a-nano-vfprintf_i.o)
 .ARM.attributes
                0x00000000000008dc       0x1c c:/vscodeproject/software/arm_gcc/bin/../lib/gcc/arm-none-eabi/9.2.1/../../../../arm-none-eabi/lib/thumb/v7e-m+fp/hard\libc_nano.a(lib_a-memchr.o)
 .ARM.attributes
                0x00000000000008f8       0x34 c:/vscodeproject/software/arm_gcc/bin/../lib/gcc/arm-none-eabi/9.2.1/../../../../arm-none-eabi/lib/thumb/v7e-m+fp/hard\libc_nano.a(lib_a-memmove.o)
 .ARM.attributes
                0x000000000000092c       0x34 c:/vscodeproject/software/arm_gcc/bin/../lib/gcc/arm-none-eabi/9.2.1/../../../../arm-none-eabi/lib/thumb/v7e-m+fp/hard\libc_nano.a(lib_a-nano-freer.o)
 .ARM.attributes
                0x0000000000000960       0x34 c:/vscodeproject/software/arm_gcc/bin/../lib/gcc/arm-none-eabi/9.2.1/../../../../arm-none-eabi/lib/thumb/v7e-m+fp/hard\libc_nano.a(lib_a-nano-mallocr.o)
 .ARM.attributes
                0x0000000000000994       0x34 c:/vscodeproject/software/arm_gcc/bin/../lib/gcc/arm-none-eabi/9.2.1/../../../../arm-none-eabi/lib/thumb/v7e-m+fp/hard\libc_nano.a(lib_a-nano-reallocr.o)
 .ARM.attributes
                0x00000000000009c8       0x34 c:/vscodeproject/software/arm_gcc/bin/../lib/gcc/arm-none-eabi/9.2.1/../../../../arm-none-eabi/lib/thumb/v7e-m+fp/hard\libc_nano.a(lib_a-sbrkr.o)
 .ARM.attributes
                0x00000000000009fc       0x34 c:/vscodeproject/software/arm_gcc/bin/../lib/gcc/arm-none-eabi/9.2.1/../../../../arm-none-eabi/lib/thumb/v7e-m+fp/hard\libc_nano.a(lib_a-mlock.o)
 .ARM.attributes
                0x0000000000000a30       0x34 c:/vscodeproject/software/arm_gcc/bin/../lib/gcc/arm-none-eabi/9.2.1/../../../../arm-none-eabi/lib/thumb/v7e-m+fp/hard\libc_nano.a(lib_a-nano-msizer.o)
 .ARM.attributes
                0x0000000000000a64       0x34 c:/vscodeproject/software/arm_gcc/bin/../lib/gcc/arm-none-eabi/9.2.1/../../../../arm-none-eabi/lib/thumb/v7e-m+fp/hard\libc_nano.a(lib_a-reent.o)
 .ARM.attributes
                0x0000000000000a98       0x34 c:/vscodeproject/software/arm_gcc/bin/../lib/gcc/arm-none-eabi/9.2.1/../../../../arm-none-eabi/lib/thumb/v7e-m+fp/hard\libc_nano.a(lib_a-lock.o)
 .ARM.attributes
                0x0000000000000acc       0x34 c:/vscodeproject/software/arm_gcc/bin/../lib/gcc/arm-none-eabi/9.2.1/../../../../arm-none-eabi/lib/thumb/v7e-m+fp/hard\libnosys.a(sbrk.o)
 .ARM.attributes
                0x0000000000000b00       0x1e c:/vscodeproject/software/arm_gcc/bin/../lib/gcc/arm-none-eabi/9.2.1/thumb/v7e-m+fp/hard\libgcc.a(_aeabi_uldivmod.o)
 .ARM.attributes
                0x0000000000000b1e       0x34 c:/vscodeproject/software/arm_gcc/bin/../lib/gcc/arm-none-eabi/9.2.1/thumb/v7e-m+fp/hard\libgcc.a(_udivmoddi4.o)
 .ARM.attributes
                0x0000000000000b52       0x1e c:/vscodeproject/software/arm_gcc/bin/../lib/gcc/arm-none-eabi/9.2.1/thumb/v7e-m+fp/hard\libgcc.a(_dvmd_tls.o)
 .ARM.attributes
                0x0000000000000b70       0x1e c:/vscodeproject/software/arm_gcc/bin/../lib/gcc/arm-none-eabi/9.2.1/thumb/v7e-m+fp/hard/crtn.o
OUTPUT(build/studyMCU_407.elf elf32-littlearm)

.debug_info     0x0000000000000000    0x1e2a8
 .debug_info    0x0000000000000000     0x1d68 build/main.o
 .debug_info    0x0000000000001d68      0xbfc build/stm32f4xx_it.o
 .debug_info    0x0000000000002964      0x3e5 build/stm32f4xx_hal_msp.o
 .debug_info    0x0000000000002d49     0x3f02 build/stm32f4xx_hal_tim.o
 .debug_info    0x0000000000006c4b     0x1cbb build/stm32f4xx_hal_tim_ex.o
 .debug_info    0x0000000000008906      0xc44 build/stm32f4xx_hal_rcc.o
 .debug_info    0x000000000000954a      0x8ab build/stm32f4xx_hal_flash.o
 .debug_info    0x0000000000009df5      0x9ad build/stm32f4xx_hal_flash_ex.o
 .debug_info    0x000000000000a7a2      0x92a build/stm32f4xx_hal_gpio.o
 .debug_info    0x000000000000b0cc      0xc8b build/stm32f4xx_hal_dma.o
 .debug_info    0x000000000000bd57     0x123e build/stm32f4xx_hal_cortex.o
 .debug_info    0x000000000000cf95      0xb5e build/stm32f4xx_hal.o
 .debug_info    0x000000000000daf3     0x1f4e build/stm32f4xx_hal_uart.o
 .debug_info    0x000000000000fa41      0x63c build/system_stm32f4xx.o
 .debug_info    0x000000000001007d      0xf34 build/mbfunccoils.o
 .debug_info    0x0000000000010fb1      0xd65 build/mbfuncdisc.o
 .debug_info    0x0000000000011d16     0x1019 build/mbfuncholding.o
 .debug_info    0x0000000000012d2f      0xd57 build/mbfuncinput.o
 .debug_info    0x0000000000013a86      0xdc7 build/mbfuncother.o
 .debug_info    0x000000000001484d      0xe1b build/mbutils.o
 .debug_info    0x0000000000015668      0x2f2 build/portevent.o
 .debug_info    0x000000000001595a      0xa2d build/portserial.o
 .debug_info    0x0000000000016387      0x9d6 build/porttimer.o
 .debug_info    0x0000000000016d5d      0x214 build/portcritical.o
 .debug_info    0x0000000000016f71      0x28d build/mbcrc.o
 .debug_info    0x00000000000171fe     0x1210 build/mbrtu.o
 .debug_info    0x000000000001840e     0x1218 build/mb.o
 .debug_info    0x0000000000019626      0x78a build/user_mb_app.o
 .debug_info    0x0000000000019db0     0x1685 build/FlashPROM.o
 .debug_info    0x000000000001b435      0x59e build/gpio.o
 .debug_info    0x000000000001b9d3      0xe9b build/tim.o
 .debug_info    0x000000000001c86e      0xf44 build/usart.o
 .debug_info    0x000000000001d7b2      0x5d5 build/crc.o
 .debug_info    0x000000000001dd87      0x4ff build/stm32f4xx_hal_crc.o
 .debug_info    0x000000000001e286       0x22 build/startup_stm32f407xx.o

.debug_abbrev   0x0000000000000000     0x4c2a
 .debug_abbrev  0x0000000000000000      0x303 build/main.o
 .debug_abbrev  0x0000000000000303      0x1aa build/stm32f4xx_it.o
 .debug_abbrev  0x00000000000004ad      0x11c build/stm32f4xx_hal_msp.o
 .debug_abbrev  0x00000000000005c9      0x2af build/stm32f4xx_hal_tim.o
 .debug_abbrev  0x0000000000000878      0x2ab build/stm32f4xx_hal_tim_ex.o
 .debug_abbrev  0x0000000000000b23      0x2cd build/stm32f4xx_hal_rcc.o
 .debug_abbrev  0x0000000000000df0      0x303 build/stm32f4xx_hal_flash.o
 .debug_abbrev  0x00000000000010f3      0x2a2 build/stm32f4xx_hal_flash_ex.o
 .debug_abbrev  0x0000000000001395      0x258 build/stm32f4xx_hal_gpio.o
 .debug_abbrev  0x00000000000015ed      0x312 build/stm32f4xx_hal_dma.o
 .debug_abbrev  0x00000000000018ff      0x3a8 build/stm32f4xx_hal_cortex.o
 .debug_abbrev  0x0000000000001ca7      0x21c build/stm32f4xx_hal.o
 .debug_abbrev  0x0000000000001ec3      0x318 build/stm32f4xx_hal_uart.o
 .debug_abbrev  0x00000000000021db      0x14a build/system_stm32f4xx.o
 .debug_abbrev  0x0000000000002325      0x264 build/mbfunccoils.o
 .debug_abbrev  0x0000000000002589      0x253 build/mbfuncdisc.o
 .debug_abbrev  0x00000000000027dc      0x25e build/mbfuncholding.o
 .debug_abbrev  0x0000000000002a3a      0x253 build/mbfuncinput.o
 .debug_abbrev  0x0000000000002c8d      0x241 build/mbfuncother.o
 .debug_abbrev  0x0000000000002ece      0x250 build/mbutils.o
 .debug_abbrev  0x000000000000311e      0x122 build/portevent.o
 .debug_abbrev  0x0000000000003240      0x237 build/portserial.o
 .debug_abbrev  0x0000000000003477      0x220 build/porttimer.o
 .debug_abbrev  0x0000000000003697       0xf1 build/portcritical.o
 .debug_abbrev  0x0000000000003788       0xfd build/mbcrc.o
 .debug_abbrev  0x0000000000003885      0x2cd build/mbrtu.o
 .debug_abbrev  0x0000000000003b52      0x300 build/mb.o
 .debug_abbrev  0x0000000000003e52      0x162 build/user_mb_app.o
 .debug_abbrev  0x0000000000003fb4      0x31f build/FlashPROM.o
 .debug_abbrev  0x00000000000042d3      0x17e build/gpio.o
 .debug_abbrev  0x0000000000004451      0x1fc build/tim.o
 .debug_abbrev  0x000000000000464d      0x1fa build/usart.o
 .debug_abbrev  0x0000000000004847      0x1b0 build/crc.o
 .debug_abbrev  0x00000000000049f7      0x221 build/stm32f4xx_hal_crc.o
 .debug_abbrev  0x0000000000004c18       0x12 build/startup_stm32f407xx.o

.debug_loc      0x0000000000000000    0x100c1
 .debug_loc     0x0000000000000000       0x72 build/main.o
 .debug_loc     0x0000000000000072       0x80 build/stm32f4xx_it.o
 .debug_loc     0x00000000000000f2       0x2c build/stm32f4xx_hal_msp.o
 .debug_loc     0x000000000000011e     0x52a7 build/stm32f4xx_hal_tim.o
 .debug_loc     0x00000000000053c5     0x1f68 build/stm32f4xx_hal_tim_ex.o
 .debug_loc     0x000000000000732d      0x6c7 build/stm32f4xx_hal_rcc.o
 .debug_loc     0x00000000000079f4      0x498 build/stm32f4xx_hal_flash.o
 .debug_loc     0x0000000000007e8c      0x6c3 build/stm32f4xx_hal_flash_ex.o
 .debug_loc     0x000000000000854f      0x5db build/stm32f4xx_hal_gpio.o
 .debug_loc     0x0000000000008b2a      0xd6d build/stm32f4xx_hal_dma.o
 .debug_loc     0x0000000000009897      0x7d4 build/stm32f4xx_hal_cortex.o
 .debug_loc     0x000000000000a06b      0x1e1 build/stm32f4xx_hal.o
 .debug_loc     0x000000000000a24c     0x265b build/stm32f4xx_hal_uart.o
 .debug_loc     0x000000000000c8a7      0x16c build/system_stm32f4xx.o
 .debug_loc     0x000000000000ca13      0x6d6 build/mbfunccoils.o
 .debug_loc     0x000000000000d0e9      0x289 build/mbfuncdisc.o
 .debug_loc     0x000000000000d372      0x809 build/mbfuncholding.o
 .debug_loc     0x000000000000db7b      0x1d8 build/mbfuncinput.o
 .debug_loc     0x000000000000dd53      0x220 build/mbfuncother.o
 .debug_loc     0x000000000000df73      0x37a build/mbutils.o
 .debug_loc     0x000000000000e2ed       0x89 build/portevent.o
 .debug_loc     0x000000000000e376      0x2a5 build/portserial.o
 .debug_loc     0x000000000000e61b       0xc8 build/porttimer.o
 .debug_loc     0x000000000000e6e3      0x103 build/mbcrc.o
 .debug_loc     0x000000000000e7e6      0x469 build/mbrtu.o
 .debug_loc     0x000000000000ec4f      0x459 build/mb.o
 .debug_loc     0x000000000000f0a8      0x7e8 build/user_mb_app.o
 .debug_loc     0x000000000000f890      0x2eb build/FlashPROM.o
 .debug_loc     0x000000000000fb7b       0x38 build/gpio.o
 .debug_loc     0x000000000000fbb3      0x103 build/tim.o
 .debug_loc     0x000000000000fcb6      0x162 build/usart.o
 .debug_loc     0x000000000000fe18       0x4c build/crc.o
 .debug_loc     0x000000000000fe64      0x25d build/stm32f4xx_hal_crc.o

.debug_aranges  0x0000000000000000     0x10b0
 .debug_aranges
                0x0000000000000000       0x30 build/main.o
 .debug_aranges
                0x0000000000000030       0x78 build/stm32f4xx_it.o
 .debug_aranges
                0x00000000000000a8       0x20 build/stm32f4xx_hal_msp.o
 .debug_aranges
                0x00000000000000c8      0x3d0 build/stm32f4xx_hal_tim.o
 .debug_aranges
                0x0000000000000498      0x168 build/stm32f4xx_hal_tim_ex.o
 .debug_aranges
                0x0000000000000600       0x88 build/stm32f4xx_hal_rcc.o
 .debug_aranges
                0x0000000000000688       0xa0 build/stm32f4xx_hal_flash.o
 .debug_aranges
                0x0000000000000728       0x98 build/stm32f4xx_hal_flash_ex.o
 .debug_aranges
                0x00000000000007c0       0x58 build/stm32f4xx_hal_gpio.o
 .debug_aranges
                0x0000000000000818       0x90 build/stm32f4xx_hal_dma.o
 .debug_aranges
                0x00000000000008a8       0xa8 build/stm32f4xx_hal_cortex.o
 .debug_aranges
                0x0000000000000950       0xf0 build/stm32f4xx_hal.o
 .debug_aranges
                0x0000000000000a40      0x200 build/stm32f4xx_hal_uart.o
 .debug_aranges
                0x0000000000000c40       0x28 build/system_stm32f4xx.o
 .debug_aranges
                0x0000000000000c68       0x30 build/mbfunccoils.o
 .debug_aranges
                0x0000000000000c98       0x20 build/mbfuncdisc.o
 .debug_aranges
                0x0000000000000cb8       0x38 build/mbfuncholding.o
 .debug_aranges
                0x0000000000000cf0       0x20 build/mbfuncinput.o
 .debug_aranges
                0x0000000000000d10       0x28 build/mbfuncother.o
 .debug_aranges
                0x0000000000000d38       0x30 build/mbutils.o
 .debug_aranges
                0x0000000000000d68       0x30 build/portevent.o
 .debug_aranges
                0x0000000000000d98       0x58 build/portserial.o
 .debug_aranges
                0x0000000000000df0       0x38 build/porttimer.o
 .debug_aranges
                0x0000000000000e28       0x28 build/portcritical.o
 .debug_aranges
                0x0000000000000e50       0x20 build/mbcrc.o
 .debug_aranges
                0x0000000000000e70       0x58 build/mbrtu.o
 .debug_aranges
                0x0000000000000ec8       0x48 build/mb.o
 .debug_aranges
                0x0000000000000f10       0x38 build/user_mb_app.o
 .debug_aranges
                0x0000000000000f48       0x38 build/FlashPROM.o
 .debug_aranges
                0x0000000000000f80       0x20 build/gpio.o
 .debug_aranges
                0x0000000000000fa0       0x30 build/tim.o
 .debug_aranges
                0x0000000000000fd0       0x38 build/usart.o
 .debug_aranges
                0x0000000000001008       0x30 build/crc.o
 .debug_aranges
                0x0000000000001038       0x50 build/stm32f4xx_hal_crc.o
 .debug_aranges
                0x0000000000001088       0x28 build/startup_stm32f407xx.o

.debug_ranges   0x0000000000000000      0xf00
 .debug_ranges  0x0000000000000000       0x20 build/main.o
 .debug_ranges  0x0000000000000020       0x68 build/stm32f4xx_it.o
 .debug_ranges  0x0000000000000088       0x10 build/stm32f4xx_hal_msp.o
 .debug_ranges  0x0000000000000098      0x3c0 build/stm32f4xx_hal_tim.o
 .debug_ranges  0x0000000000000458      0x158 build/stm32f4xx_hal_tim_ex.o
 .debug_ranges  0x00000000000005b0       0x90 build/stm32f4xx_hal_rcc.o
 .debug_ranges  0x0000000000000640       0x90 build/stm32f4xx_hal_flash.o
 .debug_ranges  0x00000000000006d0       0x88 build/stm32f4xx_hal_flash_ex.o
 .debug_ranges  0x0000000000000758       0x48 build/stm32f4xx_hal_gpio.o
 .debug_ranges  0x00000000000007a0       0x80 build/stm32f4xx_hal_dma.o
 .debug_ranges  0x0000000000000820       0xf8 build/stm32f4xx_hal_cortex.o
 .debug_ranges  0x0000000000000918       0xe0 build/stm32f4xx_hal.o
 .debug_ranges  0x00000000000009f8      0x1f0 build/stm32f4xx_hal_uart.o
 .debug_ranges  0x0000000000000be8       0x18 build/system_stm32f4xx.o
 .debug_ranges  0x0000000000000c00       0x20 build/mbfunccoils.o
 .debug_ranges  0x0000000000000c20       0x10 build/mbfuncdisc.o
 .debug_ranges  0x0000000000000c30       0x28 build/mbfuncholding.o
 .debug_ranges  0x0000000000000c58       0x10 build/mbfuncinput.o
 .debug_ranges  0x0000000000000c68       0x18 build/mbfuncother.o
 .debug_ranges  0x0000000000000c80       0x20 build/mbutils.o
 .debug_ranges  0x0000000000000ca0       0x20 build/portevent.o
 .debug_ranges  0x0000000000000cc0       0x48 build/portserial.o
 .debug_ranges  0x0000000000000d08       0x28 build/porttimer.o
 .debug_ranges  0x0000000000000d30       0x18 build/portcritical.o
 .debug_ranges  0x0000000000000d48       0x10 build/mbcrc.o
 .debug_ranges  0x0000000000000d58       0x48 build/mbrtu.o
 .debug_ranges  0x0000000000000da0       0x38 build/mb.o
 .debug_ranges  0x0000000000000dd8       0x28 build/user_mb_app.o
 .debug_ranges  0x0000000000000e00       0x28 build/FlashPROM.o
 .debug_ranges  0x0000000000000e28       0x10 build/gpio.o
 .debug_ranges  0x0000000000000e38       0x20 build/tim.o
 .debug_ranges  0x0000000000000e58       0x28 build/usart.o
 .debug_ranges  0x0000000000000e80       0x20 build/crc.o
 .debug_ranges  0x0000000000000ea0       0x40 build/stm32f4xx_hal_crc.o
 .debug_ranges  0x0000000000000ee0       0x20 build/startup_stm32f407xx.o

.debug_line     0x0000000000000000    0x11578
 .debug_line    0x0000000000000000      0x4ae build/main.o
 .debug_line    0x00000000000004ae      0x32c build/stm32f4xx_it.o
 .debug_line    0x00000000000007da      0x1a2 build/stm32f4xx_hal_msp.o
 .debug_line    0x000000000000097c     0x4807 build/stm32f4xx_hal_tim.o
 .debug_line    0x0000000000005183     0x1c7b build/stm32f4xx_hal_tim_ex.o
 .debug_line    0x0000000000006dfe      0xb14 build/stm32f4xx_hal_rcc.o
 .debug_line    0x0000000000007912      0x745 build/stm32f4xx_hal_flash.o
 .debug_line    0x0000000000008057      0x6fd build/stm32f4xx_hal_flash_ex.o
 .debug_line    0x0000000000008754      0x70d build/stm32f4xx_hal_gpio.o
 .debug_line    0x0000000000008e61      0xe05 build/stm32f4xx_hal_dma.o
 .debug_line    0x0000000000009c66      0x780 build/stm32f4xx_hal_cortex.o
 .debug_line    0x000000000000a3e6      0x543 build/stm32f4xx_hal.o
 .debug_line    0x000000000000a929     0x20d6 build/stm32f4xx_hal_uart.o
 .debug_line    0x000000000000c9ff      0x25f build/system_stm32f4xx.o
 .debug_line    0x000000000000cc5e      0x50d build/mbfunccoils.o
 .debug_line    0x000000000000d16b      0x375 build/mbfuncdisc.o
 .debug_line    0x000000000000d4e0      0x5ab build/mbfuncholding.o
 .debug_line    0x000000000000da8b      0x359 build/mbfuncinput.o
 .debug_line    0x000000000000dde4      0x353 build/mbfuncother.o
 .debug_line    0x000000000000e137      0x399 build/mbutils.o
 .debug_line    0x000000000000e4d0      0x233 build/portevent.o
 .debug_line    0x000000000000e703      0x33b build/portserial.o
 .debug_line    0x000000000000ea3e      0x29b build/porttimer.o
 .debug_line    0x000000000000ecd9      0x1ef build/portcritical.o
 .debug_line    0x000000000000eec8      0x1eb build/mbcrc.o
 .debug_line    0x000000000000f0b3      0x51d build/mbrtu.o
 .debug_line    0x000000000000f5d0      0x62a build/mb.o
 .debug_line    0x000000000000fbfa      0x4d5 build/user_mb_app.o
 .debug_line    0x00000000000100cf      0x588 build/FlashPROM.o
 .debug_line    0x0000000000010657      0x1d6 build/gpio.o
 .debug_line    0x000000000001082d      0x2f9 build/tim.o
 .debug_line    0x0000000000010b26      0x3d1 build/usart.o
 .debug_line    0x0000000000010ef7      0x23b build/crc.o
 .debug_line    0x0000000000011132      0x3d0 build/stm32f4xx_hal_crc.o
 .debug_line    0x0000000000011502       0x76 build/startup_stm32f407xx.o

.debug_str      0x0000000000000000     0x5483
 .debug_str     0x0000000000000000     0x117f build/main.o
                                       0x12a2 (size before relaxing)
 .debug_str     0x000000000000117f      0x10a build/stm32f4xx_it.o
                                        0xa87 (size before relaxing)
 .debug_str     0x0000000000001289       0x24 build/stm32f4xx_hal_msp.o
                                        0x386 (size before relaxing)
 .debug_str     0x00000000000012ad      0xf3d build/stm32f4xx_hal_tim.o
                                       0x1782 (size before relaxing)
 .debug_str     0x00000000000021ea      0x591 build/stm32f4xx_hal_tim_ex.o
                                        0xf83 (size before relaxing)
 .debug_str     0x000000000000277b      0x22b build/stm32f4xx_hal_rcc.o
                                        0x77c (size before relaxing)
 .debug_str     0x00000000000029a6      0x2ab build/stm32f4xx_hal_flash.o
                                        0x608 (size before relaxing)
 .debug_str     0x0000000000002c51      0x230 build/stm32f4xx_hal_flash_ex.o
                                        0x658 (size before relaxing)
 .debug_str     0x0000000000002e81      0x150 build/stm32f4xx_hal_gpio.o
                                        0x59e (size before relaxing)
 .debug_str     0x0000000000002fd1      0x2de build/stm32f4xx_hal_dma.o
                                        0x824 (size before relaxing)
 .debug_str     0x00000000000032af      0x9ef build/stm32f4xx_hal_cortex.o
                                        0xcd8 (size before relaxing)
 .debug_str     0x0000000000003c9e      0x21f build/stm32f4xx_hal.o
                                        0xb99 (size before relaxing)
 .debug_str     0x0000000000003ebd      0x600 build/stm32f4xx_hal_uart.o
                                        0xde2 (size before relaxing)
 .debug_str     0x00000000000044bd       0x42 build/system_stm32f4xx.o
                                        0x402 (size before relaxing)
 .debug_str     0x00000000000044ff      0x289 build/mbfunccoils.o
                                        0x98a (size before relaxing)
 .debug_str     0x0000000000004788       0x63 build/mbfuncdisc.o
                                        0x925 (size before relaxing)
 .debug_str     0x00000000000047eb      0x130 build/mbfuncholding.o
                                        0xa02 (size before relaxing)
 .debug_str     0x000000000000491b       0x52 build/mbfuncinput.o
                                        0x916 (size before relaxing)
 .debug_str     0x000000000000496d       0xb4 build/mbfuncother.o
                                        0x93a (size before relaxing)
 .debug_str     0x0000000000004a21       0xa7 build/mbutils.o
                                        0x92d (size before relaxing)
 .debug_str     0x0000000000004ac8       0xc1 build/portevent.o
                                        0x3d9 (size before relaxing)
 .debug_str     0x0000000000004b89       0xe4 build/portserial.o
                                        0x8da (size before relaxing)
 .debug_str     0x0000000000004c6d       0x7a build/porttimer.o
                                        0x93d (size before relaxing)
 .debug_str     0x0000000000004ce7       0x60 build/portcritical.o
                                        0x2cd (size before relaxing)
 .debug_str     0x0000000000004d47       0x42 build/mbcrc.o
                                        0x2e6 (size before relaxing)
 .debug_str     0x0000000000004d89      0x1a5 build/mbrtu.o
                                        0xa5f (size before relaxing)
 .debug_str     0x0000000000004f2e      0x1c1 build/mb.o
                                        0xb64 (size before relaxing)
 .debug_str     0x00000000000050ef      0x1c6 build/user_mb_app.o
                                        0x60e (size before relaxing)
 .debug_str     0x00000000000052b5       0xaf build/FlashPROM.o
                                        0xcf2 (size before relaxing)
 .debug_str     0x0000000000005364        0xb build/gpio.o
                                        0x437 (size before relaxing)
 .debug_str     0x000000000000536f       0x19 build/tim.o
                                        0xf34 (size before relaxing)
 .debug_str     0x0000000000005388       0x17 build/usart.o
                                        0xdfa (size before relaxing)
 .debug_str     0x000000000000539f       0x43 build/crc.o
                                        0x4d2 (size before relaxing)
 .debug_str     0x00000000000053e2       0x7d build/stm32f4xx_hal_crc.o
                                        0x461 (size before relaxing)
 .debug_str     0x000000000000545f       0x24 build/startup_stm32f407xx.o
                                         0x3a (size before relaxing)

.comment        0x0000000000000000       0x66
 .comment       0x0000000000000000       0x66 build/main.o
                                         0x67 (size before relaxing)
 .comment       0x0000000000000066       0x67 build/stm32f4xx_it.o
 .comment       0x0000000000000066       0x67 build/stm32f4xx_hal_msp.o
 .comment       0x0000000000000066       0x67 build/stm32f4xx_hal_tim.o
 .comment       0x0000000000000066       0x67 build/stm32f4xx_hal_tim_ex.o
 .comment       0x0000000000000066       0x67 build/stm32f4xx_hal_rcc.o
 .comment       0x0000000000000066       0x67 build/stm32f4xx_hal_flash.o
 .comment       0x0000000000000066       0x67 build/stm32f4xx_hal_flash_ex.o
 .comment       0x0000000000000066       0x67 build/stm32f4xx_hal_gpio.o
 .comment       0x0000000000000066       0x67 build/stm32f4xx_hal_dma.o
 .comment       0x0000000000000066       0x67 build/stm32f4xx_hal_cortex.o
 .comment       0x0000000000000066       0x67 build/stm32f4xx_hal.o
 .comment       0x0000000000000066       0x67 build/stm32f4xx_hal_uart.o
 .comment       0x0000000000000066       0x67 build/system_stm32f4xx.o
 .comment       0x0000000000000066       0x67 build/mbfunccoils.o
 .comment       0x0000000000000066       0x67 build/mbfuncdisc.o
 .comment       0x0000000000000066       0x67 build/mbfuncholding.o
 .comment       0x0000000000000066       0x67 build/mbfuncinput.o
 .comment       0x0000000000000066       0x67 build/mbfuncother.o
 .comment       0x0000000000000066       0x67 build/mbutils.o
 .comment       0x0000000000000066       0x67 build/portevent.o
 .comment       0x0000000000000066       0x67 build/portserial.o
 .comment       0x0000000000000066       0x67 build/porttimer.o
 .comment       0x0000000000000066       0x67 build/portcritical.o
 .comment       0x0000000000000066       0x67 build/mbcrc.o
 .comment       0x0000000000000066       0x67 build/mbrtu.o
 .comment       0x0000000000000066       0x67 build/mb.o
 .comment       0x0000000000000066       0x67 build/user_mb_app.o
 .comment       0x0000000000000066       0x67 build/FlashPROM.o
 .comment       0x0000000000000066       0x67 build/gpio.o
 .comment       0x0000000000000066       0x67 build/tim.o
 .comment       0x0000000000000066       0x67 build/usart.o
 .comment       0x0000000000000066       0x67 build/crc.o
 .comment       0x0000000000000066       0x67 build/stm32f4xx_hal_crc.o

.debug_frame    0x0000000000000000     0x3264
 .debug_frame   0x0000000000000000       0x60 build/main.o
 .debug_frame   0x0000000000000060      0x100 build/stm32f4xx_it.o
 .debug_frame   0x0000000000000160       0x28 build/stm32f4xx_hal_msp.o
 .debug_frame   0x0000000000000188      0xc68 build/stm32f4xx_hal_tim.o
 .debug_frame   0x0000000000000df0      0x4a8 build/stm32f4xx_hal_tim_ex.o
 .debug_frame   0x0000000000001298      0x1ac build/stm32f4xx_hal_rcc.o
 .debug_frame   0x0000000000001444      0x184 build/stm32f4xx_hal_flash.o
 .debug_frame   0x00000000000015c8      0x19c build/stm32f4xx_hal_flash_ex.o
 .debug_frame   0x0000000000001764       0xec build/stm32f4xx_hal_gpio.o
 .debug_frame   0x0000000000001850      0x1b8 build/stm32f4xx_hal_dma.o
 .debug_frame   0x0000000000001a08      0x16c build/stm32f4xx_hal_cortex.o
 .debug_frame   0x0000000000001b74      0x200 build/stm32f4xx_hal.o
 .debug_frame   0x0000000000001d74      0x670 build/stm32f4xx_hal_uart.o
 .debug_frame   0x00000000000023e4       0x30 build/system_stm32f4xx.o
 .debug_frame   0x0000000000002414       0x94 build/mbfunccoils.o
 .debug_frame   0x00000000000024a8       0x30 build/mbfuncdisc.o
 .debug_frame   0x00000000000024d8       0x94 build/mbfuncholding.o
 .debug_frame   0x000000000000256c       0x30 build/mbfuncinput.o
 .debug_frame   0x000000000000259c       0x5c build/mbfuncother.o
 .debug_frame   0x00000000000025f8       0x64 build/mbutils.o
 .debug_frame   0x000000000000265c       0x40 build/portevent.o
 .debug_frame   0x000000000000269c       0xd8 build/portserial.o
 .debug_frame   0x0000000000002774       0x74 build/porttimer.o
 .debug_frame   0x00000000000027e8       0x30 build/portcritical.o
 .debug_frame   0x0000000000002818       0x30 build/mbcrc.o
 .debug_frame   0x0000000000002848      0x10c build/mbrtu.o
 .debug_frame   0x0000000000002954       0xd0 build/mb.o
 .debug_frame   0x0000000000002a24       0xb0 build/user_mb_app.o
 .debug_frame   0x0000000000002ad4       0x88 build/FlashPROM.o
 .debug_frame   0x0000000000002b5c       0x34 build/gpio.o
 .debug_frame   0x0000000000002b90       0x68 build/tim.o
 .debug_frame   0x0000000000002bf8       0x88 build/usart.o
 .debug_frame   0x0000000000002c80       0x54 build/crc.o
 .debug_frame   0x0000000000002cd4       0xdc build/stm32f4xx_hal_crc.o
 .debug_frame   0x0000000000002db0       0x2c c:/vscodeproject/software/arm_gcc/bin/../lib/gcc/arm-none-eabi/9.2.1/../../../../arm-none-eabi/lib/thumb/v7e-m+fp/hard\libc_nano.a(lib_a-init.o)
 .debug_frame   0x0000000000002ddc       0x28 c:/vscodeproject/software/arm_gcc/bin/../lib/gcc/arm-none-eabi/9.2.1/../../../../arm-none-eabi/lib/thumb/v7e-m+fp/hard\libc_nano.a(lib_a-memcpy-stub.o)
 .debug_frame   0x0000000000002e04       0x20 c:/vscodeproject/software/arm_gcc/bin/../lib/gcc/arm-none-eabi/9.2.1/../../../../arm-none-eabi/lib/thumb/v7e-m+fp/hard\libc_nano.a(lib_a-memset.o)
 .debug_frame   0x0000000000002e24       0x7c c:/vscodeproject/software/arm_gcc/bin/../lib/gcc/arm-none-eabi/9.2.1/../../../../arm-none-eabi/lib/thumb/v7e-m+fp/hard\libc_nano.a(lib_a-snprintf.o)
 .debug_frame   0x0000000000002ea0       0x90 c:/vscodeproject/software/arm_gcc/bin/../lib/gcc/arm-none-eabi/9.2.1/../../../../arm-none-eabi/lib/thumb/v7e-m+fp/hard\libc_nano.a(lib_a-nano-svfprintf.o)
 .debug_frame   0x0000000000002f30       0x60 c:/vscodeproject/software/arm_gcc/bin/../lib/gcc/arm-none-eabi/9.2.1/../../../../arm-none-eabi/lib/thumb/v7e-m+fp/hard\libc_nano.a(lib_a-nano-vfprintf_i.o)
 .debug_frame   0x0000000000002f90       0x28 c:/vscodeproject/software/arm_gcc/bin/../lib/gcc/arm-none-eabi/9.2.1/../../../../arm-none-eabi/lib/thumb/v7e-m+fp/hard\libc_nano.a(lib_a-memmove.o)
 .debug_frame   0x0000000000002fb8       0x38 c:/vscodeproject/software/arm_gcc/bin/../lib/gcc/arm-none-eabi/9.2.1/../../../../arm-none-eabi/lib/thumb/v7e-m+fp/hard\libc_nano.a(lib_a-nano-freer.o)
 .debug_frame   0x0000000000002ff0       0x30 c:/vscodeproject/software/arm_gcc/bin/../lib/gcc/arm-none-eabi/9.2.1/../../../../arm-none-eabi/lib/thumb/v7e-m+fp/hard\libc_nano.a(lib_a-nano-mallocr.o)
 .debug_frame   0x0000000000003020       0x3c c:/vscodeproject/software/arm_gcc/bin/../lib/gcc/arm-none-eabi/9.2.1/../../../../arm-none-eabi/lib/thumb/v7e-m+fp/hard\libc_nano.a(lib_a-nano-reallocr.o)
 .debug_frame   0x000000000000305c       0x2c c:/vscodeproject/software/arm_gcc/bin/../lib/gcc/arm-none-eabi/9.2.1/../../../../arm-none-eabi/lib/thumb/v7e-m+fp/hard\libc_nano.a(lib_a-sbrkr.o)
 .debug_frame   0x0000000000003088       0x30 c:/vscodeproject/software/arm_gcc/bin/../lib/gcc/arm-none-eabi/9.2.1/../../../../arm-none-eabi/lib/thumb/v7e-m+fp/hard\libc_nano.a(lib_a-mlock.o)
 .debug_frame   0x00000000000030b8       0x20 c:/vscodeproject/software/arm_gcc/bin/../lib/gcc/arm-none-eabi/9.2.1/../../../../arm-none-eabi/lib/thumb/v7e-m+fp/hard\libc_nano.a(lib_a-nano-msizer.o)
 .debug_frame   0x00000000000030d8       0x5c c:/vscodeproject/software/arm_gcc/bin/../lib/gcc/arm-none-eabi/9.2.1/../../../../arm-none-eabi/lib/thumb/v7e-m+fp/hard\libc_nano.a(lib_a-reent.o)
 .debug_frame   0x0000000000003134       0xb0 c:/vscodeproject/software/arm_gcc/bin/../lib/gcc/arm-none-eabi/9.2.1/../../../../arm-none-eabi/lib/thumb/v7e-m+fp/hard\libc_nano.a(lib_a-lock.o)
 .debug_frame   0x00000000000031e4       0x20 c:/vscodeproject/software/arm_gcc/bin/../lib/gcc/arm-none-eabi/9.2.1/../../../../arm-none-eabi/lib/thumb/v7e-m+fp/hard\libnosys.a(sbrk.o)
 .debug_frame   0x0000000000003204       0x2c c:/vscodeproject/software/arm_gcc/bin/../lib/gcc/arm-none-eabi/9.2.1/thumb/v7e-m+fp/hard\libgcc.a(_aeabi_uldivmod.o)
 .debug_frame   0x0000000000003230       0x34 c:/vscodeproject/software/arm_gcc/bin/../lib/gcc/arm-none-eabi/9.2.1/thumb/v7e-m+fp/hard\libgcc.a(_udivmoddi4.o)

Cross Reference Table

Symbol                                            File
ADC_IRQHandler                                    build/startup_stm32f407xx.o
AHBPrescTable                                     build/system_stm32f4xx.o
                                                  build/stm32f4xx_hal_rcc.o
APBPrescTable                                     build/system_stm32f4xx.o
                                                  build/stm32f4xx_hal_rcc.o
BusFault_Handler                                  build/stm32f4xx_it.o
CAN1_RX0_IRQHandler                               build/startup_stm32f407xx.o
CAN1_RX1_IRQHandler                               build/startup_stm32f407xx.o
CAN1_SCE_IRQHandler                               build/startup_stm32f407xx.o
CAN1_TX_IRQHandler                                build/startup_stm32f407xx.o
CAN2_RX0_IRQHandler                               build/startup_stm32f407xx.o
CAN2_RX1_IRQHandler                               build/startup_stm32f407xx.o
CAN2_SCE_IRQHandler                               build/startup_stm32f407xx.o
CAN2_TX_IRQHandler                                build/startup_stm32f407xx.o
DCMI_IRQHandler                                   build/startup_stm32f407xx.o
DMA1_Stream0_IRQHandler                           build/startup_stm32f407xx.o
DMA1_Stream1_IRQHandler                           build/startup_stm32f407xx.o
DMA1_Stream2_IRQHandler                           build/startup_stm32f407xx.o
DMA1_Stream3_IRQHandler                           build/startup_stm32f407xx.o
DMA1_Stream4_IRQHandler                           build/startup_stm32f407xx.o
DMA1_Stream5_IRQHandler                           build/startup_stm32f407xx.o
DMA1_Stream6_IRQHandler                           build/startup_stm32f407xx.o
DMA1_Stream7_IRQHandler                           build/startup_stm32f407xx.o
DMA2_Stream0_IRQHandler                           build/startup_stm32f407xx.o
DMA2_Stream1_IRQHandler                           build/startup_stm32f407xx.o
DMA2_Stream2_IRQHandler                           build/startup_stm32f407xx.o
DMA2_Stream3_IRQHandler                           build/startup_stm32f407xx.o
DMA2_Stream4_IRQHandler                           build/startup_stm32f407xx.o
DMA2_Stream5_IRQHandler                           build/startup_stm32f407xx.o
DMA2_Stream6_IRQHandler                           build/startup_stm32f407xx.o
DMA2_Stream7_IRQHandler                           build/startup_stm32f407xx.o
DebugMon_Handler                                  build/stm32f4xx_it.o
Default_Handler                                   build/startup_stm32f407xx.o
ETH_IRQHandler                                    build/startup_stm32f407xx.o
ETH_WKUP_IRQHandler                               build/startup_stm32f407xx.o
EXTI0_IRQHandler                                  build/startup_stm32f407xx.o
EXTI15_10_IRQHandler                              build/startup_stm32f407xx.o
EXTI1_IRQHandler                                  build/startup_stm32f407xx.o
EXTI2_IRQHandler                                  build/startup_stm32f407xx.o
EXTI3_IRQHandler                                  build/startup_stm32f407xx.o
EXTI4_IRQHandler                                  build/startup_stm32f407xx.o
EXTI9_5_IRQHandler                                build/startup_stm32f407xx.o
Error_Handler                                     build/main.o
                                                  build/crc.o
                                                  build/usart.o
                                                  build/tim.o
FLASH_Erase_Sector                                build/stm32f4xx_hal_flash_ex.o
                                                  build/stm32f4xx_hal_flash.o
FLASH_FlushCaches                                 build/stm32f4xx_hal_flash_ex.o
                                                  build/stm32f4xx_hal_flash.o
FLASH_IRQHandler                                  build/startup_stm32f407xx.o
FLASH_WaitForLastOperation                        build/stm32f4xx_hal_flash.o
                                                  build/stm32f4xx_hal_flash_ex.o
FPU_IRQHandler                                    build/startup_stm32f407xx.o
FSMC_IRQHandler                                   build/startup_stm32f407xx.o
HAL_CRC_Accumulate                                build/stm32f4xx_hal_crc.o
HAL_CRC_Calculate                                 build/stm32f4xx_hal_crc.o
                                                  build/FlashPROM.o
HAL_CRC_DeInit                                    build/stm32f4xx_hal_crc.o
HAL_CRC_GetState                                  build/stm32f4xx_hal_crc.o
HAL_CRC_Init                                      build/stm32f4xx_hal_crc.o
                                                  build/crc.o
HAL_CRC_MspDeInit                                 build/crc.o
HAL_CRC_MspInit                                   build/crc.o
HAL_DBGMCU_DisableDBGSleepMode                    build/stm32f4xx_hal.o
HAL_DBGMCU_DisableDBGStandbyMode                  build/stm32f4xx_hal.o
HAL_DBGMCU_DisableDBGStopMode                     build/stm32f4xx_hal.o