Archive member included to satisfy reference by file (symbol)

c:/vscodeproject/software/arm_gcc/bin/../lib/gcc/arm-none-eabi/9.2.1/../../../../arm-none-eabi/lib/thumb/v7e-m+fp/hard\libc_nano.a(lib_a-exit.o)
                              c:/vscodeproject/software/arm_gcc/bin/../lib/gcc/arm-none-eabi/9.2.1/../../../../arm-none-eabi/lib/thumb/v7e-m+fp/hard/crt0.o (exit)
c:/vscodeproject/software/arm_gcc/bin/../lib/gcc/arm-none-eabi/9.2.1/../../../../arm-none-eabi/lib/thumb/v7e-m+fp/hard\libc_nano.a(lib_a-impure.o)
                              c:/vscodeproject/software/arm_gcc/bin/../lib/gcc/arm-none-eabi/9.2.1/../../../../arm-none-eabi/lib/thumb/v7e-m+fp/hard\libc_nano.a(lib_a-exit.o) (_global_impure_ptr)
c:/vscodeproject/software/arm_gcc/bin/../lib/gcc/arm-none-eabi/9.2.1/../../../../arm-none-eabi/lib/thumb/v7e-m+fp/hard\libc_nano.a(lib_a-init.o)
                              c:/vscodeproject/software/arm_gcc/bin/../lib/gcc/arm-none-eabi/9.2.1/../../../../arm-none-eabi/lib/thumb/v7e-m+fp/hard/crt0.o (__libc_init_array)
c:/vscodeproject/software/arm_gcc/bin/../lib/gcc/arm-none-eabi/9.2.1/../../../../arm-none-eabi/lib/thumb/v7e-m+fp/hard\libc_nano.a(lib_a-memcpy-stub.o)
                              build/mbfuncother.o (memcpy)
c:/vscodeproject/software/arm_gcc/bin/../lib/gcc/arm-none-eabi/9.2.1/../../../../arm-none-eabi/lib/thumb/v7e-m+fp/hard\libc_nano.a(lib_a-memset.o)
                              c:/vscodeproject/software/arm_gcc/bin/../lib/gcc/arm-none-eabi/9.2.1/../../../../arm-none-eabi/lib/thumb/v7e-m+fp/hard/crt0.o (memset)
c:/vscodeproject/software/arm_gcc/bin/../lib/gcc/arm-none-eabi/9.2.1/../../../../arm-none-eabi/lib/thumb/v7e-m+fp/hard\libc_nano.a(lib_a-sprintf.o)
                              build/stm32f4xx_it.o (sprintf)
c:/vscodeproject/software/arm_gcc/bin/../lib/gcc/arm-none-eabi/9.2.1/../../../../arm-none-eabi/lib/thumb/v7e-m+fp/hard\libc_nano.a(lib_a-nano-svfprintf.o)
                              c:/vscodeproject/software/arm_gcc/bin/../lib/gcc/arm-none-eabi/9.2.1/../../../../arm-none-eabi/lib/thumb/v7e-m+fp/hard\libc_nano.a(lib_a-sprintf.o) (_svfprintf_r)
c:/vscodeproject/software/arm_gcc/bin/../lib/gcc/arm-none-eabi/9.2.1/../../../../arm-none-eabi/lib/thumb/v7e-m+fp/hard\libc_nano.a(lib_a-nano-vfprintf_i.o)
                              c:/vscodeproject/software/arm_gcc/bin/../lib/gcc/arm-none-eabi/9.2.1/../../../../arm-none-eabi/lib/thumb/v7e-m+fp/hard\libc_nano.a(lib_a-nano-svfprintf.o) (_printf_i)
c:/vscodeproject/software/arm_gcc/bin/../lib/gcc/arm-none-eabi/9.2.1/../../../../arm-none-eabi/lib/thumb/v7e-m+fp/hard\libc_nano.a(lib_a-memchr.o)
                              c:/vscodeproject/software/arm_gcc/bin/../lib/gcc/arm-none-eabi/9.2.1/../../../../arm-none-eabi/lib/thumb/v7e-m+fp/hard\libc_nano.a(lib_a-nano-svfprintf.o) (memchr)
c:/vscodeproject/software/arm_gcc/bin/../lib/gcc/arm-none-eabi/9.2.1/../../../../arm-none-eabi/lib/thumb/v7e-m+fp/hard\libc_nano.a(lib_a-memmove.o)
                              c:/vscodeproject/software/arm_gcc/bin/../lib/gcc/arm-none-eabi/9.2.1/../../../../arm-none-eabi/lib/thumb/v7e-m+fp/hard\libc_nano.a(lib_a-nano-svfprintf.o) (memmove)
c:/vscodeproject/software/arm_gcc/bin/../lib/gcc/arm-none-eabi/9.2.1/../../../../arm-none-eabi/lib/thumb/v7e-m+fp/hard\libc_nano.a(lib_a-nano-freer.o)
                              c:/vscodeproject/software/arm_gcc/bin/../lib/gcc/arm-none-eabi/9.2.1/../../../../arm-none-eabi/lib/thumb/v7e-m+fp/hard\libc_nano.a(lib_a-nano-svfprintf.o) (_free_r)
c:/vscodeproject/software/arm_gcc/bin/../lib/gcc/arm-none-eabi/9.2.1/../../../../arm-none-eabi/lib/thumb/v7e-m+fp/hard\libc_nano.a(lib_a-nano-mallocr.o)
                              c:/vscodeproject/software/arm_gcc/bin/../lib/gcc/arm-none-eabi/9.2.1/../../../../arm-none-eabi/lib/thumb/v7e-m+fp/hard\libc_nano.a(lib_a-nano-svfprintf.o) (_malloc_r)
c:/vscodeproject/software/arm_gcc/bin/../lib/gcc/arm-none-eabi/9.2.1/../../../../arm-none-eabi/lib/thumb/v7e-m+fp/hard\libc_nano.a(lib_a-nano-reallocr.o)
                              c:/vscodeproject/software/arm_gcc/bin/../lib/gcc/arm-none-eabi/9.2.1/../../../../arm-none-eabi/lib/thumb/v7e-m+fp/hard\libc_nano.a(lib_a-nano-svfprintf.o) (_realloc_r)
c:/vscodeproject/software/arm_gcc/bin/../lib/gcc/arm-none-eabi/9.2.1/../../../../arm-none-eabi/lib/thumb/v7e-m+fp/hard\libc_nano.a(lib_a-sbrkr.o)
                              c:/vscodeproject/software/arm_gcc/bin/../lib/gcc/arm-none-eabi/9.2.1/../../../../arm-none-eabi/lib/thumb/v7e-m+fp/hard\libc_nano.a(lib_a-nano-mallocr.o) (_sbrk_r)
c:/vscodeproject/software/arm_gcc/bin/../lib/gcc/arm-none-eabi/9.2.1/../../../../arm-none-eabi/lib/thumb/v7e-m+fp/hard\libc_nano.a(lib_a-mlock.o)
                              c:/vscodeproject/software/arm_gcc/bin/../lib/gcc/arm-none-eabi/9.2.1/../../../../arm-none-eabi/lib/thumb/v7e-m+fp/hard\libc_nano.a(lib_a-nano-freer.o) (__malloc_lock)
[...]
Memory Configuration

Name             Origin             Length             Attributes
RAM              0x0000000020000000 0x0000000000020000 xrw
CCMRAM           0x0000000010000000 0x0000000000010000 xrw
FLASH            0x0000000008000000 0x0000000000080000 xr
*default*        0x0000000000000000 0xffffffffffffffff

Linker script and memory map

LOAD c:/vscodeproject/software/arm_gcc/bin/../lib/gcc/arm-none-eabi/9.2.1/thumb/v7e-m+fp/hard/crti.o
LOAD c:/vscodeproject/software/arm_gcc/bin/../lib/gcc/arm-none-eabi/9.2.1/thumb/v7e-m+fp/hard/crtbegin.o
LOAD c:/vscodeproject/software/arm_gcc/bin/../lib/gcc/arm-none-eabi/9.2.1/../../../../arm-none-eabi/lib/thumb/v7e-m+fp/hard/crt0.o
LOAD build/main.o
LOAD build/gpio.o
LOAD build/adc.o
LOAD build/spi.o
LOAD build/tim.o
LOAD build/usart.o
LOAD build/stm32f4xx_it.o
LOAD build/stm32f4xx_hal_msp.o
LOAD build/stm32f4xx_hal_adc.o
LOAD build/stm32f4xx_hal_adc_ex.o
LOAD build/stm32f4xx_ll_adc.o
LOAD build/stm32f4xx_hal_rcc.o
LOAD build/stm32f4xx_hal_rcc_ex.o
LOAD build/stm32f4xx_hal_flash.o
LOAD build/stm32f4xx_hal_flash_ex.o
LOAD build/stm32f4xx_hal_flash_ramfunc.o
LOAD build/stm32f4xx_hal_gpio.o
LOAD build/stm32f4xx_hal_dma_ex.o
LOAD build/stm32f4xx_hal_dma.o
LOAD build/stm32f4xx_hal_pwr.o
LOAD build/stm32f4xx_hal_pwr_ex.o
LOAD build/stm32f4xx_hal_cortex.o
LOAD build/stm32f4xx_hal.o
LOAD build/stm32f4xx_hal_exti.o
LOAD build/stm32f4xx_hal_spi.o
LOAD build/stm32f4xx_hal_tim.o
LOAD build/stm32f4xx_hal_tim_ex.o
LOAD build/stm32f4xx_hal_uart.o
LOAD build/system_stm32f4xx.o
LOAD build/mbascii.o
LOAD build/mbfunccoils.o
LOAD build/mbfunccoils_m.o
LOAD build/mbfuncdiag.o
LOAD build/mbfuncdisc.o
LOAD build/mbfuncdisc_m.o
LOAD build/mbfuncholding.o
LOAD build/mbfuncholding_m.o
LOAD build/mbfuncinput.o
LOAD build/mbfuncinput_m.o
LOAD build/mbfuncother.o
LOAD build/mbutils.o
LOAD build/portevent.o
LOAD build/portevent_m.o
LOAD build/portserial.o
LOAD build/portserial_m.o
LOAD build/porttimer.o
LOAD build/porttimer_m.o
LOAD build/portcritical.o
LOAD build/mbcrc.o
LOAD build/mbrtu.o
LOAD build/mbrtu_m.o
LOAD build/mbtcp.o
LOAD build/mb.o
LOAD build/mb_m.o
LOAD build/user_mb_app.o
LOAD build/user_mb_app_m.o
LOAD build/ReceiveTransmit.o
LOAD build/st7735.o
LOAD build/fonts.o
LOAD build/startup_stm32f407xx.o
LOAD c:/vscodeproject/software/arm_gcc/bin/../lib/gcc/arm-none-eabi/9.2.1/../../../../arm-none-eabi/lib/thumb/v7e-m+fp/hard\libc_nano.a
LOAD c:/vscodeproject/software/arm_gcc/bin/../lib/gcc/arm-none-eabi/9.2.1/../../../../arm-none-eabi/lib/thumb/v7e-m+fp/hard\libm.a
LOAD c:/vscodeproject/software/arm_gcc/bin/../lib/gcc/arm-none-eabi/9.2.1/../../../../arm-none-eabi/lib/thumb/v7e-m+fp/hard\libnosys.a
START GROUP
LOAD c:/vscodeproject/software/arm_gcc/bin/../lib/gcc/arm-none-eabi/9.2.1/thumb/v7e-m+fp/hard\libgcc.a
LOAD c:/vscodeproject/software/arm_gcc/bin/../lib/gcc/arm-none-eabi/9.2.1/../../../../arm-none-eabi/lib/thumb/v7e-m+fp/hard\libc_nano.a
END GROUP
START GROUP
LOAD c:/vscodeproject/software/arm_gcc/bin/../lib/gcc/arm-none-eabi/9.2.1/thumb/v7e-m+fp/hard\libgcc.a
LOAD c:/vscodeproject/software/arm_gcc/bin/../lib/gcc/arm-none-eabi/9.2.1/../../../../arm-none-eabi/lib/thumb/v7e-m+fp/hard\libc_nano.a
END GROUP
LOAD c:/vscodeproject/software/arm_gcc/bin/../lib/gcc/arm-none-eabi/9.2.1/thumb/v7e-m+fp/hard/crtend.o
LOAD c:/vscodeproject/software/arm_gcc/bin/../lib/gcc/arm-none-eabi/9.2.1/thumb/v7e-m+fp/hard/crtn.o
                0x0000000020020000                _estack = 0x20020000
                0x0000000000000200                _Min_Heap_Size = 0x200
                0x0000000000000400                _Min_Stack_Size = 0x400

.isr_vector     0x0000000008000000      0x188
                0x0000000008000000                . = ALIGN (0x4)
 *(.isr_vector)
 .isr_vector    0x0000000008000000      0x188 build/startup_stm32f407xx.o
                0x0000000008000000                g_pfnVectors
                0x0000000008000188                . = ALIGN (0x4)

.text           0x0000000008000190     0x4f94
                0x0000000008000190                . = ALIGN (0x4)
 *(.text)
 .text          0x0000000008000190       0xa0 c:/vscodeproject/software/arm_gcc/bin/../lib/gcc/arm-none-eabi/9.2.1/../../../../arm-none-eabi/lib/thumb/v7e-m+fp/hard\libc_nano.a(lib_a-memchr.o)
                0x0000000008000190                memchr
 .text          0x0000000008000230      0x378 c:/vscodeproject/software/arm_gcc/bin/../lib/gcc/arm-none-eabi/9.2.1/thumb/v7e-m+fp/hard\libgcc.a(_arm_addsubdf3.o)
                0x0000000008000230                __aeabi_drsub
                0x0000000008000238                __aeabi_dsub
                0x0000000008000238                __subdf3
                0x000000000800023c                __aeabi_dadd
                0x000000000800023c                __adddf3
                0x00000000080004b4                __floatunsidf
                0x00000000080004b4                __aeabi_ui2d
                0x00000000080004d4                __floatsidf
                0x00000000080004d4                __aeabi_i2d
                0x00000000080004f8                __aeabi_f2d
                0x00000000080004f8                __extendsfdf2
                0x000000000800053c                __floatundidf
                0x000000000800053c                __aeabi_ul2d
                0x000000000800054c                __floatdidf
                0x000000000800054c                __aeabi_l2d
 .text          0x00000000080005a8      0x424 c:/vscodeproject/software/arm_gcc/bin/../lib/gcc/arm-none-eabi/9.2.1/thumb/v7e-m+fp/hard\libgcc.a(_arm_muldivdf3.o)
                0x00000000080005a8                __aeabi_dmul
                0x00000000080005a8                __muldf3
                0x00000000080007fc                __divdf3
                0x00000000080007fc                __aeabi_ddiv
 .text          0x00000000080009cc       0x40 c:/vscodeproject/software/arm_gcc/bin/../lib/gcc/arm-none-eabi/9.2.1/thumb/v7e-m+fp/hard\libgcc.a(_arm_fixunsdfsi.o)
                0x00000000080009cc                __aeabi_d2uiz
                0x00000000080009cc                __fixunsdfsi
 .text          0x0000000008000a0c       0xa0 c:/vscodeproject/software/arm_gcc/bin/../lib/gcc/arm-none-eabi/9.2.1/thumb/v7e-m+fp/hard\libgcc.a(_arm_truncdfsf2.o)
                0x0000000008000a0c                __truncdfsf2
                0x0000000008000a0c                __aeabi_d2f
 .text          0x0000000008000aac       0x30 c:/vscodeproject/software/arm_gcc/bin/../lib/gcc/arm-none-eabi/9.2.1/thumb/v7e-m+fp/hard\libgcc.a(_aeabi_uldivmod.o)
                0x0000000008000aac                __aeabi_uldivmod
 .text          0x0000000008000adc        0x4 c:/vscodeproject/software/arm_gcc/bin/../lib/gcc/arm-none-eabi/9.2.1/thumb/v7e-m+fp/hard\libgcc.a(_dvmd_tls.o)
                0x0000000008000adc                __aeabi_idiv0
                0x0000000008000adc                __aeabi_ldiv0
 *(.text*)
 .text.__do_global_dtors_aux
                0x0000000008000ae0       0x24 c:/vscodeproject/software/arm_gcc/bin/../lib/gcc/arm-none-eabi/9.2.1/thumb/v7e-m+fp/hard/crtbegin.o
 .text.frame_dummy
                0x0000000008000b04       0x1c c:/vscodeproject/software/arm_gcc/bin/../lib/gcc/arm-none-eabi/9.2.1/thumb/v7e-m+fp/hard/crtbegin.o
 .text.Error_Handler
                0x0000000008000b20        0x4 build/main.o
                0x0000000008000b20                Error_Handler
 .text.SystemClock_Config
                0x0000000008000b24       0xa0 build/main.o
                0x0000000008000b24                SystemClock_Config
 .text.main     0x0000000008000bc4       0x6c build/main.o
                0x0000000008000bc4                main
 .text.MX_GPIO_Init
                0x0000000008000c30      0x104 build/gpio.o
                0x0000000008000c30                MX_GPIO_Init
 .text.MX_ADC1_Init
                0x0000000008000d34       0x6c build/adc.o
                0x0000000008000d34                MX_ADC1_Init
 .text.HAL_ADC_MspInit
                0x0000000008000da0       0x30 build/adc.o
                0x0000000008000da0                HAL_ADC_MspInit
 .text.MX_SPI1_Init
                0x0000000008000dd0       0x40 build/spi.o
                0x0000000008000dd0                MX_SPI1_Init
 .text.MX_SPI2_Init
                0x0000000008000e10       0x40 build/spi.o
                0x0000000008000e10                MX_SPI2_Init
 .text.HAL_SPI_MspInit
                0x0000000008000e50       0xcc build/spi.o
                0x0000000008000e50                HAL_SPI_MspInit
 .text.MX_TIM3_Init
                0x0000000008000f1c       0x70 build/tim.o
                0x0000000008000f1c                MX_TIM3_Init
 .text.MX_TIM4_Init
                0x0000000008000f8c       0x6c build/tim.o
                0x0000000008000f8c                MX_TIM4_Init
 .text.HAL_TIM_Base_MspInit
                0x0000000008000ff8       0x74 build/tim.o
                0x0000000008000ff8                HAL_TIM_Base_MspInit
 .text.MX_USART1_UART_Init
                0x000000000800106c       0x34 build/usart.o
                0x000000000800106c                MX_USART1_UART_Init
 .text.MX_USART2_UART_Init
                0x00000000080010a0       0x34 build/usart.o
                0x00000000080010a0                MX_USART2_UART_Init
 .text.HAL_UART_MspInit
                0x00000000080010d4       0xe4 build/usart.o
                0x00000000080010d4                HAL_UART_MspInit
 .text.NMI_Handler
                0x00000000080011b8        0x2 build/stm32f4xx_it.o
                0x00000000080011b8                NMI_Handler
 .text.HardFault_Handler
                0x00000000080011ba        0x2 build/stm32f4xx_it.o
                0x00000000080011ba                HardFault_Handler
 .text.MemManage_Handler
                0x00000000080011bc        0x2 build/stm32f4xx_it.o
                0x00000000080011bc                MemManage_Handler
 .text.BusFault_Handler
                0x00000000080011be        0x2 build/stm32f4xx_it.o
                0x00000000080011be                BusFault_Handler
 .text.UsageFault_Handler
                0x00000000080011c0        0x2 build/stm32f4xx_it.o
                0x00000000080011c0                UsageFault_Handler
 .text.SVC_Handler
                0x00000000080011c2        0x2 build/stm32f4xx_it.o
                0x00000000080011c2                SVC_Handler
 .text.DebugMon_Handler
                0x00000000080011c4        0x2 build/stm32f4xx_it.o
                0x00000000080011c4                DebugMon_Handler
 .text.PendSV_Handler
                0x00000000080011c6        0x2 build/stm32f4xx_it.o
                0x00000000080011c6                PendSV_Handler
 .text.SysTick_Handler
                0x00000000080011c8        0x8 build/stm32f4xx_it.o
                0x00000000080011c8                SysTick_Handler
 .text.EXTI0_IRQHandler
                0x00000000080011d0       0x18 build/stm32f4xx_it.o
                0x00000000080011d0                EXTI0_IRQHandler
 .text.TIM3_IRQHandler
                0x00000000080011e8      0x1d0 build/stm32f4xx_it.o
                0x00000000080011e8                TIM3_IRQHandler
 .text.TIM4_IRQHandler
                0x00000000080013b8       0x10 build/stm32f4xx_it.o
                0x00000000080013b8                TIM4_IRQHandler
 .text.USART1_IRQHandler
                0x00000000080013c8       0x10 build/stm32f4xx_it.o
                0x00000000080013c8                USART1_IRQHandler
 .text.USART2_IRQHandler
                0x00000000080013d8       0x10 build/stm32f4xx_it.o
                0x00000000080013d8                USART2_IRQHandler
 .text.HAL_MspInit
                0x00000000080013e8       0x38 build/stm32f4xx_hal_msp.o
                0x00000000080013e8                HAL_MspInit
 .text.ADC_Init
                0x0000000008001420      0x134 build/stm32f4xx_hal_adc.o
 .text.HAL_ADC_Init
                0x0000000008001554       0x56 build/stm32f4xx_hal_adc.o
                0x0000000008001554                HAL_ADC_Init
 *fill*         0x00000000080015aa        0x2 
 .text.HAL_ADC_Start
                0x00000000080015ac      0x144 build/stm32f4xx_hal_adc.o
                0x00000000080015ac                HAL_ADC_Start
 .text.HAL_ADC_Stop
                0x00000000080016f0       0x40 build/stm32f4xx_hal_adc.o
                0x00000000080016f0                HAL_ADC_Stop
 .text.HAL_ADC_PollForConversion
                0x0000000008001730       0xb8 build/stm32f4xx_hal_adc.o
                0x0000000008001730                HAL_ADC_PollForConversion
 .text.HAL_ADC_GetValue
                0x00000000080017e8        0x6 build/stm32f4xx_hal_adc.o
                0x00000000080017e8                HAL_ADC_GetValue
 *fill*         0x00000000080017ee        0x2 
 .text.HAL_ADC_ConfigChannel
                0x00000000080017f0      0x190 build/stm32f4xx_hal_adc.o
                0x00000000080017f0                HAL_ADC_ConfigChannel
 .text.HAL_RCC_OscConfig
                0x0000000008001980      0x3f8 build/stm32f4xx_hal_rcc.o
                0x0000000008001980                HAL_RCC_OscConfig
 .text.HAL_RCC_GetSysClockFreq
                0x0000000008001d78       0xcc build/stm32f4xx_hal_rcc.o
                0x0000000008001d78                HAL_RCC_GetSysClockFreq
 .text.HAL_RCC_ClockConfig
                0x0000000008001e44      0x160 build/stm32f4xx_hal_rcc.o
                0x0000000008001e44                HAL_RCC_ClockConfig
 .text.HAL_RCC_GetHCLKFreq
                0x0000000008001fa4        0xc build/stm32f4xx_hal_rcc.o
                0x0000000008001fa4                HAL_RCC_GetHCLKFreq
 .text.HAL_RCC_GetPCLK1Freq
                0x0000000008001fb0       0x20 build/stm32f4xx_hal_rcc.o
                0x0000000008001fb0                HAL_RCC_GetPCLK1Freq
 .text.HAL_RCC_GetPCLK2Freq
                0x0000000008001fd0       0x20 build/stm32f4xx_hal_rcc.o
                0x0000000008001fd0                HAL_RCC_GetPCLK2Freq
 .text.HAL_GPIO_Init
                0x0000000008001ff0      0x1d4 build/stm32f4xx_hal_gpio.o
                0x0000000008001ff0                HAL_GPIO_Init
 .text.HAL_GPIO_WritePin
                0x00000000080021c4        0xc build/stm32f4xx_hal_gpio.o
                0x00000000080021c4                HAL_GPIO_WritePin
 .text.HAL_GPIO_TogglePin
                0x00000000080021d0       0x12 build/stm32f4xx_hal_gpio.o
                0x00000000080021d0                HAL_GPIO_TogglePin
 .text.HAL_GPIO_EXTI_Callback
                0x00000000080021e2        0x2 build/stm32f4xx_hal_gpio.o
                0x00000000080021e2                HAL_GPIO_EXTI_Callback
 .text.HAL_GPIO_EXTI_IRQHandler
                0x00000000080021e4       0x1c build/stm32f4xx_hal_gpio.o
                0x00000000080021e4                HAL_GPIO_EXTI_IRQHandler
 .text.HAL_DMA_Abort
                0x0000000008002200       0x94 build/stm32f4xx_hal_dma.o
                0x0000000008002200                HAL_DMA_Abort
 .text.HAL_DMA_Abort_IT
                0x0000000008002294       0x26 build/stm32f4xx_hal_dma.o
                0x0000000008002294                HAL_DMA_Abort_IT
 *fill*         0x00000000080022ba        0x2 
 .text.HAL_NVIC_SetPriorityGrouping
                0x00000000080022bc       0x24 build/stm32f4xx_hal_cortex.o
                0x00000000080022bc                HAL_NVIC_SetPriorityGrouping
 .text.HAL_NVIC_SetPriority
                0x00000000080022e0       0x68 build/stm32f4xx_hal_cortex.o
                0x00000000080022e0                HAL_NVIC_SetPriority
 .text.HAL_NVIC_EnableIRQ
                0x0000000008002348       0x1c build/stm32f4xx_hal_cortex.o
                0x0000000008002348                HAL_NVIC_EnableIRQ
 .text.HAL_SYSTICK_Config
                0x0000000008002364       0x2c build/stm32f4xx_hal_cortex.o
                0x0000000008002364                HAL_SYSTICK_Config
 .text.HAL_InitTick
                0x0000000008002390       0x4c build/stm32f4xx_hal.o
                0x0000000008002390                HAL_InitTick
 .text.HAL_Init
                0x00000000080023dc       0x34 build/stm32f4xx_hal.o
                0x00000000080023dc                HAL_Init
 .text.HAL_IncTick
                0x0000000008002410       0x18 build/stm32f4xx_hal.o
                0x0000000008002410                HAL_IncTick
 .text.HAL_GetTick
                0x0000000008002428        0xc build/stm32f4xx_hal.o
                0x0000000008002428                HAL_GetTick
 .text.HAL_Delay
                0x0000000008002434       0x28 build/stm32f4xx_hal.o
                0x0000000008002434                HAL_Delay
 .text.SPI_WaitFlagStateUntilTimeout
                0x000000000800245c       0xd0 build/stm32f4xx_hal_spi.o
 .text.SPI_EndRxTxTransaction
                0x000000000800252c       0x68 build/stm32f4xx_hal_spi.o
 .text.HAL_SPI_Init
                0x0000000008002594       0xbe build/stm32f4xx_hal_spi.o
                0x0000000008002594                HAL_SPI_Init
 .text.HAL_SPI_Transmit
                0x0000000008002652      0x1ae build/stm32f4xx_hal_spi.o
                0x0000000008002652                HAL_SPI_Transmit
 .text.TIM_TI1_ConfigInputStage
                0x0000000008002800       0x24 build/stm32f4xx_hal_tim.o
 .text.TIM_TI2_ConfigInputStage
                0x0000000008002824       0x26 build/stm32f4xx_hal_tim.o
 .text.TIM_ITRx_SetConfig
                0x000000000800284a       0x10 build/stm32f4xx_hal_tim.o
 *fill*         0x000000000800285a        0x2 
 .text.HAL_TIM_Base_Start_IT
                0x000000000800285c       0x88 build/stm32f4xx_hal_tim.o
                0x000000000800285c                HAL_TIM_Base_Start_IT
 .text.HAL_TIM_Base_Stop_IT
                0x00000000080028e4       0x32 build/stm32f4xx_hal_tim.o
                0x00000000080028e4                HAL_TIM_Base_Stop_IT
 .text.HAL_TIM_OC_DelayElapsedCallback
                0x0000000008002916        0x2 build/stm32f4xx_hal_tim.o
                0x0000000008002916                HAL_TIM_OC_DelayElapsedCallback
 .text.HAL_TIM_IC_CaptureCallback
                0x0000000008002918        0x2 build/stm32f4xx_hal_tim.o
                0x0000000008002918                HAL_TIM_IC_CaptureCallback
 .text.HAL_TIM_PWM_PulseFinishedCallback
                0x000000000800291a        0x2 build/stm32f4xx_hal_tim.o
                0x000000000800291a                HAL_TIM_PWM_PulseFinishedCallback
 .text.HAL_TIM_TriggerCallback
                0x000000000800291c        0x2 build/stm32f4xx_hal_tim.o
                0x000000000800291c                HAL_TIM_TriggerCallback
 .text.HAL_TIM_IRQHandler
                0x000000000800291e      0x17a build/stm32f4xx_hal_tim.o
                0x000000000800291e                HAL_TIM_IRQHandler
 .text.TIM_Base_SetConfig
                0x0000000008002a98       0xc8 build/stm32f4xx_hal_tim.o
                0x0000000008002a98                TIM_Base_SetConfig
 .text.HAL_TIM_Base_Init
                0x0000000008002b60       0x58 build/stm32f4xx_hal_tim.o
                0x0000000008002b60                HAL_TIM_Base_Init
 .text.TIM_ETR_SetConfig
                0x0000000008002bb8       0x18 build/stm32f4xx_hal_tim.o
                0x0000000008002bb8                TIM_ETR_SetConfig
 .text.HAL_TIM_ConfigClockSource
                0x0000000008002bd0       0xfe build/stm32f4xx_hal_tim.o
                0x0000000008002bd0                HAL_TIM_ConfigClockSource
 *fill*         0x0000000008002cce        0x2 
 .text.HAL_TIMEx_MasterConfigSynchronization
                0x0000000008002cd0       0x88 build/stm32f4xx_hal_tim_ex.o
                0x0000000008002cd0                HAL_TIMEx_MasterConfigSynchronization
 .text.HAL_TIMEx_CommutCallback
                0x0000000008002d58        0x2 build/stm32f4xx_hal_tim_ex.o
                0x0000000008002d58                HAL_TIMEx_CommutCallback
 .text.HAL_TIMEx_BreakCallback
                0x0000000008002d5a        0x2 build/stm32f4xx_hal_tim_ex.o
                0x0000000008002d5a                HAL_TIMEx_BreakCallback
 .text.UART_EndRxTransfer
                0x0000000008002d5c       0x5c build/stm32f4xx_hal_uart.o
 .text.UART_Transmit_IT
                0x0000000008002db8       0x60 build/stm32f4xx_hal_uart.o
 .text.UART_SetConfig
                0x0000000008002e18      0x11c build/stm32f4xx_hal_uart.o
 .text.HAL_UART_Init
                0x0000000008002f34       0x5e build/stm32f4xx_hal_uart.o
                0x0000000008002f34                HAL_UART_Init
 .text.HAL_UART_Transmit_IT
                0x0000000008002f92       0x48 build/stm32f4xx_hal_uart.o
                0x0000000008002f92                HAL_UART_Transmit_IT
 .text.UART_EndTransmit_IT
                0x0000000008002fda       0x1a build/stm32f4xx_hal_uart.o
 .text.HAL_UART_ErrorCallback
                0x0000000008002ff4        0x2 build/stm32f4xx_hal_uart.o
                0x0000000008002ff4                HAL_UART_ErrorCallback
 .text.UART_DMAAbortOnError
                0x0000000008002ff6       0x10 build/stm32f4xx_hal_uart.o
 .text.HAL_UART_AbortTransmitCpltCallback
                0x0000000008003006        0x2 build/stm32f4xx_hal_uart.o
                0x0000000008003006                HAL_UART_AbortTransmitCpltCallback
 .text.HAL_UART_AbortTransmit_IT
                0x0000000008003008       0x80 build/stm32f4xx_hal_uart.o
                0x0000000008003008                HAL_UART_AbortTransmit_IT
 .text.UART_DMATxOnlyAbortCallback
                0x0000000008003088       0x14 build/stm32f4xx_hal_uart.o
 .text.HAL_UART_AbortReceiveCpltCallback
                0x000000000800309c        0x2 build/stm32f4xx_hal_uart.o
                0x000000000800309c                HAL_UART_AbortReceiveCpltCallback
 *fill*         0x000000000800309e        0x2 
 .text.HAL_UART_AbortReceive_IT
                0x00000000080030a0       0xbc build/stm32f4xx_hal_uart.o
                0x00000000080030a0                HAL_UART_AbortReceive_IT
 .text.UART_DMARxOnlyAbortCallback
                0x000000000800315c       0x16 build/stm32f4xx_hal_uart.o
 .text.HAL_UARTEx_RxEventCallback
                0x0000000008003172        0x2 build/stm32f4xx_hal_uart.o
                0x0000000008003172                HAL_UARTEx_RxEventCallback
 .text.UART_Receive_IT
                0x0000000008003174       0xe2 build/stm32f4xx_hal_uart.o
 *fill*         0x0000000008003256        0x2 
 .text.HAL_UART_IRQHandler
                0x0000000008003258      0x280 build/stm32f4xx_hal_uart.o
                0x0000000008003258                HAL_UART_IRQHandler
 .text.UART_Start_Receive_IT
                0x00000000080034d8       0x36 build/stm32f4xx_hal_uart.o
                0x00000000080034d8                UART_Start_Receive_IT
 .text.HAL_UART_Receive_IT
                0x000000000800350e       0x38 build/stm32f4xx_hal_uart.o
                0x000000000800350e                HAL_UART_Receive_IT
 *fill*         0x0000000008003546        0x2 
 .text.SystemInit
                0x0000000008003548       0x14 build/system_stm32f4xx.o
                0x0000000008003548                SystemInit
 .text.eMBFuncReadCoils
                0x000000000800355c       0x74 build/mbfunccoils.o
                0x000000000800355c                eMBFuncReadCoils
 .text.eMBFuncWriteCoil
                0x00000000080035d0       0x60 build/mbfunccoils.o
                0x00000000080035d0                eMBFuncWriteCoil
 .text.eMBFuncWriteMultipleCoils
                0x0000000008003630       0x64 build/mbfunccoils.o
                0x0000000008003630                eMBFuncWriteMultipleCoils
 .text.eMBFuncReadDiscreteInputs
                0x0000000008003694       0x72 build/mbfuncdisc.o
                0x0000000008003694                eMBFuncReadDiscreteInputs
 .text.eMBFuncWriteHoldingRegister
                0x0000000008003706       0x2c build/mbfuncholding.o
                0x0000000008003706                eMBFuncWriteHoldingRegister
 .text.eMBFuncWriteMultipleHoldingRegister
                0x0000000008003732       0x52 build/mbfuncholding.o
                0x0000000008003732                eMBFuncWriteMultipleHoldingRegister
 .text.eMBFuncReadHoldingRegister
                0x0000000008003784       0x64 build/mbfuncholding.o
                0x0000000008003784                eMBFuncReadHoldingRegister
 .text.eMBFuncReadWriteMultipleHoldingRegister
                0x00000000080037e8       0xa4 build/mbfuncholding.o
                0x00000000080037e8                eMBFuncReadWriteMultipleHoldingRegister
 .text.eMBFuncReadInputRegister
                0x000000000800388c       0x64 build/mbfuncinput.o
                0x000000000800388c                eMBFuncReadInputRegister
 .text.eMBFuncReportSlaveID
                0x00000000080038f0       0x24 build/mbfuncother.o
                0x00000000080038f0                eMBFuncReportSlaveID
 .text.xMBUtilSetBits
                0x0000000008003914       0x40 build/mbutils.o
                0x0000000008003914                xMBUtilSetBits
 .text.xMBUtilGetBits
                0x0000000008003954       0x28 build/mbutils.o
                0x0000000008003954                xMBUtilGetBits
 .text.prveMBError2Exception
                0x000000000800397c       0x18 build/mbutils.o
                0x000000000800397c                prveMBError2Exception
 .text.xMBPortEventInit
                0x0000000008003994       0x10 build/portevent.o
                0x0000000008003994                xMBPortEventInit
 .text.xMBPortEventPost
                0x00000000080039a4       0x18 build/portevent.o
                0x00000000080039a4                xMBPortEventPost
 .text.xMBPortEventGet
                0x00000000080039bc       0x20 build/portevent.o
                0x00000000080039bc                xMBPortEventGet
 .text.xMBPortSerialInit
                0x00000000080039dc        0xc build/portserial.o
                0x00000000080039dc                xMBPortSerialInit
 .text.vMBPortSerialEnable
                0x00000000080039e8       0x3c build/portserial.o
                0x00000000080039e8                vMBPortSerialEnable
 .text.xMBPortSerialPutBytes
                0x0000000008003a24       0x18 build/portserial.o
                0x0000000008003a24                xMBPortSerialPutBytes
 .text.xMBPortSerialGetByte
                0x0000000008003a3c       0x10 build/portserial.o
                0x0000000008003a3c                xMBPortSerialGetByte
 .text.HAL_UART_RxCpltCallback
                0x0000000008003a4c       0x30 build/portserial.o
                0x0000000008003a4c                HAL_UART_RxCpltCallback
 .text.HAL_UART_TxCpltCallback
                0x0000000008003a7c       0x20 build/portserial.o
                0x0000000008003a7c                HAL_UART_TxCpltCallback
 .text.xMBPortTimersInit
                0x0000000008003a9c       0x14 build/porttimer.o
                0x0000000008003a9c                xMBPortTimersInit
 .text.vMBPortTimersEnable
                0x0000000008003ab0       0x1c build/porttimer.o
                0x0000000008003ab0                vMBPortTimersEnable
 .text.vMBPortTimersDisable
                0x0000000008003acc       0x10 build/porttimer.o
                0x0000000008003acc                vMBPortTimersDisable
 .text.HAL_TIM_PeriodElapsedCallback
                0x0000000008003adc       0x38 build/porttimer.o
                0x0000000008003adc                HAL_TIM_PeriodElapsedCallback
 .text.__critical_enter
                0x0000000008003b14       0x10 build/portcritical.o
                0x0000000008003b14                __critical_enter
 .text.__critical_exit
                0x0000000008003b24       0x14 build/portcritical.o
                0x0000000008003b24                __critical_exit
 .text.usMBCRC16
                0x0000000008003b38       0x30 build/mbcrc.o
                0x0000000008003b38                usMBCRC16
 .text.eMBRTUInit
                0x0000000008003b68       0x50 build/mbrtu.o
                0x0000000008003b68                eMBRTUInit
 .text.eMBRTUStart
                0x0000000008003bb8       0x20 build/mbrtu.o
                0x0000000008003bb8                eMBRTUStart
 .text.eMBRTUStop
                0x0000000008003bd8       0x18 build/mbrtu.o
                0x0000000008003bd8                eMBRTUStop
 .text.eMBRTUReceive
                0x0000000008003bf0       0x54 build/mbrtu.o
                0x0000000008003bf0                eMBRTUReceive
 .text.eMBRTUSend
                0x0000000008003c44       0x94 build/mbrtu.o
                0x0000000008003c44                eMBRTUSend
 .text.xMBRTUReceiveFSM
                0x0000000008003cd8       0x8c build/mbrtu.o
                0x0000000008003cd8                xMBRTUReceiveFSM
 .text.xMBRTUTransmitFSM
                0x0000000008003d64       0x60 build/mbrtu.o
                0x0000000008003d64                xMBRTUTransmitFSM
 .text.xMBRTUTimerT35Expired
                0x0000000008003dc4       0x38 build/mbrtu.o
                0x0000000008003dc4                xMBRTUTimerT35Expired
 .text.eMBInit  0x0000000008003dfc       0xb4 build/mb.o
                0x0000000008003dfc                eMBInit
 .text.eMBEnable
                0x0000000008003eb0       0x24 build/mb.o
                0x0000000008003eb0                eMBEnable
 .text.eMBPoll  0x0000000008003ed4      0x100 build/mb.o
                0x0000000008003ed4                eMBPoll
 .text.eMBRegInputCB
                0x0000000008003fd4       0x48 build/user_mb_app.o
                0x0000000008003fd4                eMBRegInputCB
 .text.eMBRegHoldingCB
                0x000000000800401c       0x7c build/user_mb_app.o
                0x000000000800401c                eMBRegHoldingCB
 .text.eMBRegCoilsCB
                0x0000000008004098       0xbc build/user_mb_app.o
                0x0000000008004098                eMBRegCoilsCB
 .text.eMBRegDiscreteCB
                0x0000000008004154       0x70 build/user_mb_app.o
                0x0000000008004154                eMBRegDiscreteCB
 .text.dataTransmit
                0x00000000080041c4       0x2c build/ReceiveTransmit.o
                0x00000000080041c4                dataTransmit
 .text.ST7735_Select
                0x00000000080041f0       0x14 build/st7735.o
 .text.ST7735_Reset
                0x0000000008004204       0x24 build/st7735.o
 .text.ST7735_WriteCommand
                0x0000000008004228       0x30 build/st7735.o
 .text.ST7735_WriteData
                0x0000000008004258       0x28 build/st7735.o
 .text.ST7735_ExecuteCommandList
                0x0000000008004280       0x4c build/st7735.o
 .text.ST7735_SetAddressWindow
                0x00000000080042cc       0x58 build/st7735.o
 .text.ST7735_WriteChar
                0x0000000008004324       0x96 build/st7735.o
 *fill*         0x00000000080043ba        0x2 
 .text.ST7735_Unselect
                0x00000000080043bc       0x14 build/st7735.o
                0x00000000080043bc                ST7735_Unselect
 .text.ST7735_Init
                0x00000000080043d0       0x30 build/st7735.o
                0x00000000080043d0                ST7735_Init
 .text.ST7735_WriteString
                0x0000000008004400       0x72 build/st7735.o
                0x0000000008004400                ST7735_WriteString
 *fill*         0x0000000008004472        0x2 
 .text.ST7735_FillRectangle
                0x0000000008004474       0x98 build/st7735.o
                0x0000000008004474                ST7735_FillRectangle
 .text.ST7735_FillScreen
                0x000000000800450c       0x18 build/st7735.o
                0x000000000800450c                ST7735_FillScreen
 .text.Reset_Handler
                0x0000000008004524       0x50 build/startup_stm32f407xx.o
                0x0000000008004524                Reset_Handler
 .text.Default_Handler
                0x0000000008004574        0x2 build/startup_stm32f407xx.o
                0x0000000008004574                RTC_Alarm_IRQHandler
                0x0000000008004574                HASH_RNG_IRQHandler
                0x0000000008004574                EXTI2_IRQHandler
                0x0000000008004574                TIM8_CC_IRQHandler
                0x0000000008004574                TIM1_CC_IRQHandler
                0x0000000008004574                DMA2_Stream5_IRQHandler
                0x0000000008004574                DMA1_Stream5_IRQHandler
                0x0000000008004574                PVD_IRQHandler
                0x0000000008004574                SDIO_IRQHandler
                0x0000000008004574                TAMP_STAMP_IRQHandler
                0x0000000008004574                CAN2_RX1_IRQHandler
                0x0000000008004574                EXTI3_IRQHandler
                0x0000000008004574                TIM8_TRG_COM_TIM14_IRQHandler
                0x0000000008004574                TIM1_UP_TIM10_IRQHandler
                0x0000000008004574                TIM8_UP_TIM13_IRQHandler
                0x0000000008004574                I2C3_ER_IRQHandler
                0x0000000008004574                I2C2_EV_IRQHandler
                0x0000000008004574                DMA1_Stream2_IRQHandler
                0x0000000008004574                CAN1_RX0_IRQHandler
                0x0000000008004574                FPU_IRQHandler
                0x0000000008004574                OTG_HS_WKUP_IRQHandler
                0x0000000008004574                CAN2_SCE_IRQHandler
                0x0000000008004574                DMA2_Stream2_IRQHandler
                0x0000000008004574                SPI1_IRQHandler
                0x0000000008004574                TIM6_DAC_IRQHandler
                0x0000000008004574                TIM1_BRK_TIM9_IRQHandler
                0x0000000008004574                DCMI_IRQHandler
                0x0000000008004574                CAN2_RX0_IRQHandler
                0x0000000008004574                DMA2_Stream3_IRQHandler
                0x0000000008004574                USART6_IRQHandler
                0x0000000008004574                USART3_IRQHandler
                0x0000000008004574                CAN1_RX1_IRQHandler
                0x0000000008004574                UART5_IRQHandler
                0x0000000008004574                DMA2_Stream0_IRQHandler
                0x0000000008004574                I2C1_EV_IRQHandler
                0x0000000008004574                DMA1_Stream6_IRQHandler
                0x0000000008004574                DMA1_Stream1_IRQHandler
                0x0000000008004574                UART4_IRQHandler
                0x0000000008004574                RCC_IRQHandler
                0x0000000008004574                TIM8_BRK_TIM12_IRQHandler
                0x0000000008004574                Default_Handler
                0x0000000008004574                EXTI15_10_IRQHandler
                0x0000000008004574                ADC_IRQHandler
                0x0000000008004574                DMA1_Stream7_IRQHandler
                0x0000000008004574                TIM7_IRQHandler
                0x0000000008004574                CAN2_TX_IRQHandler
                0x0000000008004574                TIM5_IRQHandler
                0x0000000008004574                DMA2_Stream7_IRQHandler
                0x0000000008004574                I2C3_EV_IRQHandler
                0x0000000008004574                EXTI9_5_IRQHandler
                0x0000000008004574                RTC_WKUP_IRQHandler
                0x0000000008004574                ETH_WKUP_IRQHandler
                0x0000000008004574                SPI2_IRQHandler
                0x0000000008004574                OTG_HS_EP1_IN_IRQHandler
                0x0000000008004574                DMA1_Stream0_IRQHandler
                0x0000000008004574                CAN1_TX_IRQHandler
                0x0000000008004574                EXTI4_IRQHandler
                0x0000000008004574                FSMC_IRQHandler
                0x0000000008004574                ETH_IRQHandler
                0x0000000008004574                OTG_HS_EP1_OUT_IRQHandler
                0x0000000008004574                WWDG_IRQHandler
                0x0000000008004574                TIM2_IRQHandler
                0x0000000008004574                OTG_FS_WKUP_IRQHandler
                0x0000000008004574                TIM1_TRG_COM_TIM11_IRQHandler
                0x0000000008004574                OTG_HS_IRQHandler
                0x0000000008004574                EXTI1_IRQHandler
                0x0000000008004574                I2C2_ER_IRQHandler
                0x0000000008004574                DMA2_Stream1_IRQHandler
                0x0000000008004574                CAN1_SCE_IRQHandler
                0x0000000008004574                FLASH_IRQHandler
                0x0000000008004574                DMA2_Stream4_IRQHandler
                0x0000000008004574                OTG_FS_IRQHandler
                0x0000000008004574                SPI3_IRQHandler
                0x0000000008004574                DMA1_Stream4_IRQHandler
                0x0000000008004574                I2C1_ER_IRQHandler
                0x0000000008004574                DMA2_Stream6_IRQHandler
                0x0000000008004574                DMA1_Stream3_IRQHandler
 *fill*         0x0000000008004576        0x2 
 .text.__libc_init_array
                0x0000000008004578       0x48 c:/vscodeproject/software/arm_gcc/bin/../lib/gcc/arm-none-eabi/9.2.1/../../../../arm-none-eabi/lib/thumb/v7e-m+fp/hard\libc_nano.a(lib_a-init.o)
                0x0000000008004578                __libc_init_array
 .text.memcpy   0x00000000080045c0       0x1c c:/vscodeproject/software/arm_gcc/bin/../lib/gcc/arm-none-eabi/9.2.1/../../../../arm-none-eabi/lib/thumb/v7e-m+fp/hard\libc_nano.a(lib_a-memcpy-stub.o)
                0x00000000080045c0                memcpy
 .text.memset   0x00000000080045dc       0x10 c:/vscodeproject/software/arm_gcc/bin/../lib/gcc/arm-none-eabi/9.2.1/../../../../arm-none-eabi/lib/thumb/v7e-m+fp/hard\libc_nano.a(lib_a-memset.o)
                0x00000000080045dc                memset
 .text.sprintf  0x00000000080045ec       0x40 c:/vscodeproject/software/arm_gcc/bin/../lib/gcc/arm-none-eabi/9.2.1/../../../../arm-none-eabi/lib/thumb/v7e-m+fp/hard\libc_nano.a(lib_a-sprintf.o)
                0x00000000080045ec                siprintf
                0x00000000080045ec                sprintf
 .text.__ssputs_r
                0x000000000800462c       0xb6 c:/vscodeproject/software/arm_gcc/bin/../lib/gcc/arm-none-eabi/9.2.1/../../../../arm-none-eabi/lib/thumb/v7e-m+fp/hard\libc_nano.a(lib_a-nano-svfprintf.o)
                0x000000000800462c                __ssputs_r
 *fill*         0x00000000080046e2        0x2 
 .text._svfprintf_r
                0x00000000080046e4      0x200 c:/vscodeproject/software/arm_gcc/bin/../lib/gcc/arm-none-eabi/9.2.1/../../../../arm-none-eabi/lib/thumb/v7e-m+fp/hard\libc_nano.a(lib_a-nano-svfprintf.o)
                0x00000000080046e4                _svfiprintf_r
                0x00000000080046e4                _svfprintf_r
 .text._printf_common
                0x00000000080048e4       0xda c:/vscodeproject/software/arm_gcc/bin/../lib/gcc/arm-none-eabi/9.2.1/../../../../arm-none-eabi/lib/thumb/v7e-m+fp/hard\libc_nano.a(lib_a-nano-vfprintf_i.o)
                0x00000000080048e4                _printf_common
 *fill*         0x00000000080049be        0x2 
 .text._printf_i
                0x00000000080049c0      0x24c c:/vscodeproject/software/arm_gcc/bin/../lib/gcc/arm-none-eabi/9.2.1/../../../../arm-none-eabi/lib/thumb/v7e-m+fp/hard\libc_nano.a(lib_a-nano-vfprintf_i.o)
                0x00000000080049c0                _printf_i
 .text.memmove  0x0000000008004c0c       0x34 c:/vscodeproject/software/arm_gcc/bin/../lib/gcc/arm-none-eabi/9.2.1/../../../../arm-none-eabi/lib/thumb/v7e-m+fp/hard\libc_nano.a(lib_a-memmove.o)
                0x0000000008004c0c                memmove
 .text._free_r  0x0000000008004c40       0xa0 c:/vscodeproject/software/arm_gcc/bin/../lib/gcc/arm-none-eabi/9.2.1/../../../../arm-none-eabi/lib/thumb/v7e-m+fp/hard\libc_nano.a(lib_a-nano-freer.o)
                0x0000000008004c40                _free_r
 .text._malloc_r
                0x0000000008004ce0       0xb4 c:/vscodeproject/software/arm_gcc/bin/../lib/gcc/arm-none-eabi/9.2.1/../../../../arm-none-eabi/lib/thumb/v7e-m+fp/hard\libc_nano.a(lib_a-nano-mallocr.o)
                0x0000000008004ce0                _malloc_r
 .text._realloc_r
                0x0000000008004d94       0x4c c:/vscodeproject/software/arm_gcc/bin/../lib/gcc/arm-none-eabi/9.2.1/../../../../arm-none-eabi/lib/thumb/v7e-m+fp/hard\libc_nano.a(lib_a-nano-reallocr.o)
                0x0000000008004d94                _realloc_r
 .text._sbrk_r  0x0000000008004de0       0x20 c:/vscodeproject/software/arm_gcc/bin/../lib/gcc/arm-none-eabi/9.2.1/../../../../arm-none-eabi/lib/thumb/v7e-m+fp/hard\libc_nano.a(lib_a-sbrkr.o)
                0x0000000008004de0                _sbrk_r
 .text.__malloc_lock
                0x0000000008004e00        0xc c:/vscodeproject/software/arm_gcc/bin/../lib/gcc/arm-none-eabi/9.2.1/../../../../arm-none-eabi/lib/thumb/v7e-m+fp/hard\libc_nano.a(lib_a-mlock.o)
                0x0000000008004e00                __malloc_lock
 .text.__malloc_unlock
                0x0000000008004e0c        0xc c:/vscodeproject/software/arm_gcc/bin/../lib/gcc/arm-none-eabi/9.2.1/../../../../arm-none-eabi/lib/thumb/v7e-m+fp/hard\libc_nano.a(lib_a-mlock.o)
                0x0000000008004e0c                __malloc_unlock
 .text._malloc_usable_size_r
                0x0000000008004e18       0x10 c:/vscodeproject/software/arm_gcc/bin/../lib/gcc/arm-none-eabi/9.2.1/../../../../arm-none-eabi/lib/thumb/v7e-m+fp/hard\libc_nano.a(lib_a-nano-msizer.o)
                0x0000000008004e18                _malloc_usable_size_r
 .text.__retarget_lock_acquire_recursive
                0x0000000008004e28        0x2 c:/vscodeproject/software/arm_gcc/bin/../lib/gcc/arm-none-eabi/9.2.1/../../../../arm-none-eabi/lib/thumb/v7e-m+fp/hard\libc_nano.a(lib_a-lock.o)
                0x0000000008004e28                __retarget_lock_acquire_recursive
 .text.__retarget_lock_release_recursive
                0x0000000008004e2a        0x2 c:/vscodeproject/software/arm_gcc/bin/../lib/gcc/arm-none-eabi/9.2.1/../../../../arm-none-eabi/lib/thumb/v7e-m+fp/hard\libc_nano.a(lib_a-lock.o)
                0x0000000008004e2a                __retarget_lock_release_recursive
 .text._sbrk    0x0000000008004e2c       0x1c c:/vscodeproject/software/arm_gcc/bin/../lib/gcc/arm-none-eabi/9.2.1/../../../../arm-none-eabi/lib/thumb/v7e-m+fp/hard\libnosys.a(sbrk.o)
                0x0000000008004e2c                _sbrk
 .text.__udivmoddi4
                0x0000000008004e48      0x2c4 c:/vscodeproject/software/arm_gcc/bin/../lib/gcc/arm-none-eabi/9.2.1/thumb/v7e-m+fp/hard\libgcc.a(_udivmoddi4.o)
                0x0000000008004e48                __udivmoddi4
 *(.glue_7)
 .glue_7        0x000000000800510c        0x0 linker stubs
 *(.glue_7t)
 .glue_7t       0x000000000800510c        0x0 linker stubs
 *(.eh_frame)
 .eh_frame      0x000000000800510c        0x0 c:/vscodeproject/software/arm_gcc/bin/../lib/gcc/arm-none-eabi/9.2.1/thumb/v7e-m+fp/hard/crtbegin.o
 *(.init)
 .init          0x000000000800510c        0x4 c:/vscodeproject/software/arm_gcc/bin/../lib/gcc/arm-none-eabi/9.2.1/thumb/v7e-m+fp/hard/crti.o
                0x000000000800510c                _init
 .init          0x0000000008005110        0x8 c:/vscodeproject/software/arm_gcc/bin/../lib/gcc/arm-none-eabi/9.2.1/thumb/v7e-m+fp/hard/crtn.o
 *(.fini)
 .fini          0x0000000008005118        0x4 c:/vscodeproject/software/arm_gcc/bin/../lib/gcc/arm-none-eabi/9.2.1/thumb/v7e-m+fp/hard/crti.o
                0x0000000008005118                _fini
 .fini          0x000000000800511c        0x8 c:/vscodeproject/software/arm_gcc/bin/../lib/gcc/arm-none-eabi/9.2.1/thumb/v7e-m+fp/hard/crtn.o
                0x0000000008005124                . = ALIGN (0x4)
                0x0000000008005124                _etext = .

.vfp11_veneer   0x0000000008005124        0x0
 .vfp11_veneer  0x0000000008005124        0x0 linker stubs

.v4_bx          0x0000000008005124        0x0
 .v4_bx         0x0000000008005124        0x0 linker stubs

.iplt           0x0000000008005124        0x0
 .iplt          0x0000000008005124        0x0 c:/vscodeproject/software/arm_gcc/bin/../lib/gcc/arm-none-eabi/9.2.1/thumb/v7e-m+fp/hard/crtbegin.o

.rodata         0x0000000008005124      0xa4c
                0x0000000008005124                . = ALIGN (0x4)
 *(.rodata)
 *(.rodata*)
 .rodata.TIM3_IRQHandler.str1.4
                0x0000000008005124       0x1c build/stm32f4xx_it.o
 .rodata.AHBPrescTable
                0x0000000008005140       0x10 build/system_stm32f4xx.o
                0x0000000008005140                AHBPrescTable
 .rodata.APBPrescTable
                0x0000000008005150        0x8 build/system_stm32f4xx.o
                0x0000000008005150                APBPrescTable
 .rodata.aucCRCHi
                0x0000000008005158      0x100 build/mbcrc.o
 .rodata.aucCRCLo
                0x0000000008005258      0x100 build/mbcrc.o
 .rodata.init_cmds1
                0x0000000008005358       0x3b build/st7735.o
 *fill*         0x0000000008005393        0x1 
 .rodata.init_cmds2
                0x0000000008005394        0xd build/st7735.o
 *fill*         0x00000000080053a1        0x3 
 .rodata.init_cmds3
                0x00000000080053a4       0x2b build/st7735.o
 *fill*         0x00000000080053cf        0x1 
 .rodata.Font7x10
                0x00000000080053d0      0x76c build/fonts.o
 .rodata._svfprintf_r.str1.1
                0x0000000008005b3c       0x11 c:/vscodeproject/software/arm_gcc/bin/../lib/gcc/arm-none-eabi/9.2.1/../../../../arm-none-eabi/lib/thumb/v7e-m+fp/hard\libc_nano.a(lib_a-nano-svfprintf.o)
 .rodata._printf_i.str1.1
                0x0000000008005b4d       0x22 c:/vscodeproject/software/arm_gcc/bin/../lib/gcc/arm-none-eabi/9.2.1/../../../../arm-none-eabi/lib/thumb/v7e-m+fp/hard\libc_nano.a(lib_a-nano-vfprintf_i.o)
                0x0000000008005b70                . = ALIGN (0x4)
 *fill*         0x0000000008005b6f        0x1 

.ARM.extab
 *(.ARM.extab* .gnu.linkonce.armextab.*)

.ARM            0x0000000008005b70        0x8
                0x0000000008005b70                __exidx_start = .
 *(.ARM.exidx*)
 .ARM.exidx.text.__udivmoddi4
                0x0000000008005b70        0x8 c:/vscodeproject/software/arm_gcc/bin/../lib/gcc/arm-none-eabi/9.2.1/thumb/v7e-m+fp/hard\libgcc.a(_udivmoddi4.o)
                0x0000000008005b78                __exidx_end = .

.rel.dyn        0x0000000008005b78        0x0
 .rel.iplt      0x0000000008005b78        0x0 c:/vscodeproject/software/arm_gcc/bin/../lib/gcc/arm-none-eabi/9.2.1/thumb/v7e-m+fp/hard/crtbegin.o

.preinit_array  0x0000000008005b78        0x0
                0x0000000008005b78                PROVIDE (__preinit_array_start = .)
 *(.preinit_array*)
                0x0000000008005b78                PROVIDE (__preinit_array_end = .)

.init_array     0x0000000008005b78        0x4
                0x0000000008005b78                PROVIDE (__init_array_start = .)
 *(SORT_BY_NAME(.init_array.*))
 *(.init_array*)
 .init_array    0x0000000008005b78        0x4 c:/vscodeproject/software/arm_gcc/bin/../lib/gcc/arm-none-eabi/9.2.1/thumb/v7e-m+fp/hard/crtbegin.o
                0x0000000008005b7c                PROVIDE (__init_array_end = .)

.fini_array     0x0000000008005b7c        0x4
                [!provide]                        PROVIDE (__fini_array_start = .)
 *(SORT_BY_NAME(.fini_array.*))
 *(.fini_array*)
 .fini_array    0x0000000008005b7c        0x4 c:/vscodeproject/software/arm_gcc/bin/../lib/gcc/arm-none-eabi/9.2.1/thumb/v7e-m+fp/hard/crtbegin.o
                [!provide]                        PROVIDE (__fini_array_end = .)
                0x0000000008005b80                _sidata = LOADADDR (.data)

.data           0x0000000020000000       0xfc load address 0x0000000008005b80
                0x0000000020000000                . = ALIGN (0x4)
                0x0000000020000000                _sdata = .
 *(.data)
 *(.data*)
 .data.uwTickFreq
                0x0000000020000000        0x1 build/stm32f4xx_hal.o
                0x0000000020000000                uwTickFreq
 *fill*         0x0000000020000001        0x3 
 .data.uwTickPrio
                0x0000000020000004        0x4 build/stm32f4xx_hal.o
                0x0000000020000004                uwTickPrio
 .data.SystemCoreClock
                0x0000000020000008        0x4 build/system_stm32f4xx.o
                0x0000000020000008                SystemCoreClock
 .data.eMBState
                0x000000002000000c        0x1 build/mb.o
 *fill*         0x000000002000000d        0x3 
 .data.xFuncHandlers
                0x0000000020000010       0x80 build/mb.o
 .data.Font_7x10
                0x0000000020000090        0x8 build/fonts.o
                0x0000000020000090                Font_7x10
 .data._impure_ptr
                0x0000000020000098        0x4 c:/vscodeproject/software/arm_gcc/bin/../lib/gcc/arm-none-eabi/9.2.1/../../../../arm-none-eabi/lib/thumb/v7e-m+fp/hard\libc_nano.a(lib_a-impure.o)
                0x0000000020000098                _impure_ptr
 .data.impure_data
                0x000000002000009c       0x60 c:/vscodeproject/software/arm_gcc/bin/../lib/gcc/arm-none-eabi/9.2.1/../../../../arm-none-eabi/lib/thumb/v7e-m+fp/hard\libc_nano.a(lib_a-impure.o)
                0x00000000200000fc                . = ALIGN (0x4)
                0x00000000200000fc                _edata = .
                0x0000000008005c7c                _siccmram = LOADADDR (.ccmram)

.igot.plt       0x00000000200000fc        0x0 load address 0x0000000008005c7c
 .igot.plt      0x00000000200000fc        0x0 c:/vscodeproject/software/arm_gcc/bin/../lib/gcc/arm-none-eabi/9.2.1/thumb/v7e-m+fp/hard/crtbegin.o

.ccmram         0x0000000010000000        0x0 load address 0x0000000008005c7c
                0x0000000010000000                . = ALIGN (0x4)
                0x0000000010000000                _sccmram = .
 *(.ccmram)
 *(.ccmram*)
                0x0000000010000000                . = ALIGN (0x4)
                0x0000000010000000                _eccmram = .
                0x0000000010000000                . = ALIGN (0x4)

.bss            0x00000000200000fc      0x428
                0x00000000200000fc                _sbss = .
                0x00000000200000fc                __bss_start__ = _sbss
 *(.bss)
 *(.bss*)
 .bss.completed.10274
                0x00000000200000fc        0x1 c:/vscodeproject/software/arm_gcc/bin/../lib/gcc/arm-none-eabi/9.2.1/thumb/v7e-m+fp/hard/crtbegin.o
 *fill*         0x00000000200000fd        0x3 
 .bss.object.10279
                0x0000000020000100       0x18 c:/vscodeproject/software/arm_gcc/bin/../lib/gcc/arm-none-eabi/9.2.1/thumb/v7e-m+fp/hard/crtbegin.o
 .bss.AverageADC
                0x0000000020000118        0x4 build/stm32f4xx_it.o
                0x0000000020000118                AverageADC
 .bss.Result    0x000000002000011c        0x4 build/stm32f4xx_it.o
                0x000000002000011c                Result
 .bss.meanADC   0x0000000020000120        0x4 build/stm32f4xx_it.o
                0x0000000020000120                meanADC
 .bss.voltageADC
                0x0000000020000124        0x4 build/stm32f4xx_it.o
                0x0000000020000124                voltageADC
 .bss.ucMBSlaveID
                0x0000000020000128       0x20 build/mbfuncother.o
 .bss.usMBSlaveIDLen
                0x0000000020000148        0x2 build/mbfuncother.o
 .bss.eQueuedEvent
                0x000000002000014a        0x1 build/portevent.o
 .bss.xEventInQueue
                0x000000002000014b        0x1 build/portevent.o
 .bss.singlechar
                0x000000002000014c        0x1 build/portserial.o
 *fill*         0x000000002000014d        0x1 
 .bss.counter   0x000000002000014e        0x2 build/porttimer.o
                0x000000002000014e                counter
 .bss.timeout   0x0000000020000150        0x2 build/porttimer.o
 *fill*         0x0000000020000152        0x2 
 .bss.lock_count
                0x0000000020000154        0x4 build/portcritical.o
 .bss.eRcvState
                0x0000000020000158        0x1 build/mbrtu.o
 .bss.eSndState
                0x0000000020000159        0x1 build/mbrtu.o
 *fill*         0x000000002000015a        0x2 
 .bss.pucSndBufferCur
                0x000000002000015c        0x4 build/mbrtu.o
 .bss.usRcvBufferPos
                0x0000000020000160        0x2 build/mbrtu.o
 .bss.usSndBufferCount
                0x0000000020000162        0x2 build/mbrtu.o
 .bss.eException.10085
                0x0000000020000164        0x1 build/mb.o
 *fill*         0x0000000020000165        0x3 
 .bss.peMBFrameReceiveCur
                0x0000000020000168        0x4 build/mb.o
 .bss.peMBFrameSendCur
                0x000000002000016c        0x4 build/mb.o
 .bss.pvMBFrameCloseCur
                0x0000000020000170        0x4 build/mb.o
 .bss.pvMBFrameStartCur
                0x0000000020000174        0x4 build/mb.o
 .bss.pvMBFrameStopCur
                0x0000000020000178        0x4 build/mb.o
 .bss.ucFunctionCode.10083
                0x000000002000017c        0x1 build/mb.o
 .bss.ucMBAddress
                0x000000002000017d        0x1 build/mb.o
 *fill*         0x000000002000017e        0x2 
 .bss.ucMBFrame.10081
                0x0000000020000180        0x4 build/mb.o
 .bss.ucRcvAddress.10082
                0x0000000020000184        0x1 build/mb.o
 *fill*         0x0000000020000185        0x1 
 .bss.usLength.10084
                0x0000000020000186        0x2 build/mb.o
 .bss.usSCoilStart
                0x0000000020000188        0x2 build/user_mb_app.o
                0x0000000020000188                usSCoilStart
 .bss.usSDiscInStart
                0x000000002000018a        0x2 build/user_mb_app.o
                0x000000002000018a                usSDiscInStart
 .bss.usSRegHoldStart
                0x000000002000018c        0x2 build/user_mb_app.o
                0x000000002000018c                usSRegHoldStart
 .bss.usSRegInStart
                0x000000002000018e        0x2 build/user_mb_app.o
                0x000000002000018e                usSRegInStart
 .bss.tmpe      0x0000000020000190        0x4 build/ReceiveTransmit.o
                0x0000000020000190                tmpe
 .bss.__malloc_free_list
                0x0000000020000194        0x4 c:/vscodeproject/software/arm_gcc/bin/../lib/gcc/arm-none-eabi/9.2.1/../../../../arm-none-eabi/lib/thumb/v7e-m+fp/hard\libc_nano.a(lib_a-nano-mallocr.o)
                0x0000000020000194                __malloc_free_list
 .bss.__malloc_sbrk_start
                0x0000000020000198        0x4 c:/vscodeproject/software/arm_gcc/bin/../lib/gcc/arm-none-eabi/9.2.1/../../../../arm-none-eabi/lib/thumb/v7e-m+fp/hard\libc_nano.a(lib_a-nano-mallocr.o)
                0x0000000020000198                __malloc_sbrk_start
 .bss.heap_end.5507
                0x000000002000019c        0x4 c:/vscodeproject/software/arm_gcc/bin/../lib/gcc/arm-none-eabi/9.2.1/../../../../arm-none-eabi/lib/thumb/v7e-m+fp/hard\libnosys.a(sbrk.o)
 *(COMMON)
 COMMON         0x00000000200001a0       0x48 build/adc.o
                0x00000000200001a0                hadc1
 COMMON         0x00000000200001e8       0xb0 build/spi.o
                0x00000000200001e8                hspi2
                0x0000000020000240                hspi1
 COMMON         0x0000000020000298       0x90 build/tim.o
                0x0000000020000298                htim4
                0x00000000200002e0                htim3
 COMMON         0x0000000020000328       0x88 build/usart.o
                0x0000000020000328                huart1
                0x000000002000036c                huart2
 COMMON         0x00000000200003b0       0x10 build/stm32f4xx_it.o
                0x00000000200003b0                MassifADC
                0x00000000200003bc                temp
 COMMON         0x00000000200003c0        0x4 build/stm32f4xx_hal.o
                0x00000000200003c0                uwTick
 COMMON         0x00000000200003c4        0x4 build/portserial.o
                0x00000000200003c4                uart
 COMMON         0x00000000200003c8        0x5 build/porttimer.o
                0x00000000200003c8                tim
                0x00000000200003cc                var
 *fill*         0x00000000200003cd        0x3 
 COMMON         0x00000000200003d0      0x100 build/mbrtu.o
                0x00000000200003d0                ucRTUBuf
 COMMON         0x00000000200004d0       0x14 build/mb.o
                0x00000000200004d0                pxMBFrameCBTransmitterEmpty
                0x00000000200004d4                pxMBPortCBTimerExpired
                0x00000000200004d8                pxMBFrameCBByteReceived
                0x00000000200004dc                pxMBFrameCBTransmitFSMCur
                0x00000000200004e0                pxMBFrameCBReceiveFSMCur
 COMMON         0x00000000200004e4       0x30 build/user_mb_app.o
                0x00000000200004e4                ucSCoilBuf
                0x00000000200004e8                ucSDiscInBuf
                0x00000000200004ec                usSRegHoldBuf
                0x0000000020000500                usSRegInBuf
 COMMON         0x0000000020000514        0x4 c:/vscodeproject/software/arm_gcc/bin/../lib/gcc/arm-none-eabi/9.2.1/../../../../arm-none-eabi/lib/thumb/v7e-m+fp/hard\libc_nano.a(lib_a-reent.o)
                0x0000000020000514                errno
 COMMON         0x0000000020000518        0x9 c:/vscodeproject/software/arm_gcc/bin/../lib/gcc/arm-none-eabi/9.2.1/../../../../arm-none-eabi/lib/thumb/v7e-m+fp/hard\libc_nano.a(lib_a-lock.o)
                0x0000000020000518                __lock___atexit_recursive_mutex
                0x0000000020000519                __lock___arc4random_mutex
                0x000000002000051a                __lock___env_recursive_mutex
                0x000000002000051b                __lock___sinit_recursive_mutex
                0x000000002000051c                __lock___malloc_recursive_mutex
                0x000000002000051d                __lock___at_quick_exit_mutex
                0x000000002000051e                __lock___dd_hash_mutex
                0x000000002000051f                __lock___tz_mutex
                0x0000000020000520                __lock___sfp_recursive_mutex
                0x0000000020000524                . = ALIGN (0x4)
 *fill*         0x0000000020000521        0x3 
                0x0000000020000524                _ebss = .
                0x0000000020000524                __bss_end__ = _ebss

._user_heap_stack
                0x0000000020000524      0x604
                0x0000000020000528                . = ALIGN (0x8)
 *fill*         0x0000000020000524        0x4 
                0x0000000020000528                PROVIDE (end = .)
                [!provide]                        PROVIDE (_end = .)
                0x0000000020000728                . = (. + _Min_Heap_Size)
 *fill*         0x0000000020000528      0x200 
                0x0000000020000b28                . = (. + _Min_Stack_Size)
 *fill*         0x0000000020000728      0x400 
                0x0000000020000b28                . = ALIGN (0x8)

/DISCARD/
 libc.a(*)
 libm.a(*)
 libgcc.a(*)

.ARM.attributes
                0x0000000000000000       0x30
 *(.ARM.attributes)
 .ARM.attributes
                0x0000000000000000       0x1e c:/vscodeproject/software/arm_gcc/bin/../lib/gcc/arm-none-eabi/9.2.1/thumb/v7e-m+fp/hard/crti.o
 .ARM.attributes
                0x000000000000001e       0x34 c:/vscodeproject/software/arm_gcc/bin/../lib/gcc/arm-none-eabi/9.2.1/thumb/v7e-m+fp/hard/crtbegin.o
 .ARM.attributes
                0x0000000000000052       0x34 build/main.o
 .ARM.attributes
                0x0000000000000086       0x34 build/gpio.o
 .ARM.attributes
                0x00000000000000ba       0x34 build/adc.o
 .ARM.attributes
                0x00000000000000ee       0x34 build/spi.o
 .ARM.attributes
                0x0000000000000122       0x34 build/tim.o
 .ARM.attributes
                0x0000000000000156       0x34 build/usart.o
 .ARM.attributes
                0x000000000000018a       0x34 build/stm32f4xx_it.o
 .ARM.attributes
                0x00000000000001be       0x34 build/stm32f4xx_hal_msp.o
 .ARM.attributes
                0x00000000000001f2       0x34 build/stm32f4xx_hal_adc.o
 .ARM.attributes
                0x0000000000000226       0x34 build/stm32f4xx_hal_rcc.o
 .ARM.attributes
                0x000000000000025a       0x34 build/stm32f4xx_hal_gpio.o
 .ARM.attributes
                0x000000000000028e       0x34 build/stm32f4xx_hal_dma.o
 .ARM.attributes
                0x00000000000002c2       0x34 build/stm32f4xx_hal_cortex.o
 .ARM.attributes
                0x00000000000002f6       0x34 build/stm32f4xx_hal.o
 .ARM.attributes
                0x000000000000032a       0x34 build/stm32f4xx_hal_spi.o
 .ARM.attributes
                0x000000000000035e       0x34 build/stm32f4xx_hal_tim.o
 .ARM.attributes
                0x0000000000000392       0x34 build/stm32f4xx_hal_tim_ex.o
 .ARM.attributes
                0x00000000000003c6       0x34 build/stm32f4xx_hal_uart.o
 .ARM.attributes
                0x00000000000003fa       0x34 build/system_stm32f4xx.o
 .ARM.attributes
                0x000000000000042e       0x34 build/mbfunccoils.o
 .ARM.attributes
                0x0000000000000462       0x34 build/mbfuncdisc.o
 .ARM.attributes
                0x0000000000000496       0x34 build/mbfuncholding.o
 .ARM.attributes
                0x00000000000004ca       0x34 build/mbfuncinput.o
 .ARM.attributes
                0x00000000000004fe       0x34 build/mbfuncother.o
 .ARM.attributes
                0x0000000000000532       0x34 build/mbutils.o
 .ARM.attributes
                0x0000000000000566       0x34 build/portevent.o
 .ARM.attributes
                0x000000000000059a       0x34 build/portserial.o
 .ARM.attributes
                0x00000000000005ce       0x34 build/porttimer.o
 .ARM.attributes
                0x0000000000000602       0x34 build/portcritical.o
 .ARM.attributes
                0x0000000000000636       0x34 build/mbcrc.o
 .ARM.attributes
                0x000000000000066a       0x34 build/mbrtu.o
 .ARM.attributes
                0x000000000000069e       0x34 build/mb.o
 .ARM.attributes
                0x00000000000006d2       0x34 build/user_mb_app.o
 .ARM.attributes
                0x0000000000000706       0x34 build/ReceiveTransmit.o
 .ARM.attributes
                0x000000000000073a       0x34 build/st7735.o
 .ARM.attributes
                0x000000000000076e       0x39 build/fonts.o
 .ARM.attributes
                0x00000000000007a7       0x21 build/startup_stm32f407xx.o
 .ARM.attributes
                0x00000000000007c8       0x32 c:/vscodeproject/software/arm_gcc/bin/../lib/gcc/arm-none-eabi/9.2.1/../../../../arm-none-eabi/lib/thumb/v7e-m+fp/hard\libc_nano.a(lib_a-impure.o)
 .ARM.attributes
                0x00000000000007fa       0x34 c:/vscodeproject/software/arm_gcc/bin/../lib/gcc/arm-none-eabi/9.2.1/../../../../arm-none-eabi/lib/thumb/v7e-m+fp/hard\libc_nano.a(lib_a-init.o)
 .ARM.attributes
                0x000000000000082e       0x34 c:/vscodeproject/software/arm_gcc/bin/../lib/gcc/arm-none-eabi/9.2.1/../../../../arm-none-eabi/lib/thumb/v7e-m+fp/hard\libc_nano.a(lib_a-memcpy-stub.o)
 .ARM.attributes
                0x0000000000000862       0x34 c:/vscodeproject/software/arm_gcc/bin/../lib/gcc/arm-none-eabi/9.2.1/../../../../arm-none-eabi/lib/thumb/v7e-m+fp/hard\libc_nano.a(lib_a-memset.o)
 .ARM.attributes
                0x0000000000000896       0x34 c:/vscodeproject/software/arm_gcc/bin/../lib/gcc/arm-none-eabi/9.2.1/../../../../arm-none-eabi/lib/thumb/v7e-m+fp/hard\libc_nano.a(lib_a-sprintf.o)
 .ARM.attributes
                0x00000000000008ca       0x34 c:/vscodeproject/software/arm_gcc/bin/../lib/gcc/arm-none-eabi/9.2.1/../../../../arm-none-eabi/lib/thumb/v7e-m+fp/hard\libc_nano.a(lib_a-nano-svfprintf.o)
 .ARM.attributes
                0x00000000000008fe       0x34 c:/vscodeproject/software/arm_gcc/bin/../lib/gcc/arm-none-eabi/9.2.1/../../../../arm-none-eabi/lib/thumb/v7e-m+fp/hard\libc_nano.a(lib_a-nano-vfprintf_i.o)
 .ARM.attributes
                0x0000000000000932       0x1c c:/vscodeproject/software/arm_gcc/bin/../lib/gcc/arm-none-eabi/9.2.1/../../../../arm-none-eabi/lib/thumb/v7e-m+fp/hard\libc_nano.a(lib_a-memchr.o)
 .ARM.attributes
                0x000000000000094e       0x34 c:/vscodeproject/software/arm_gcc/bin/../lib/gcc/arm-none-eabi/9.2.1/../../../../arm-none-eabi/lib/thumb/v7e-m+fp/hard\libc_nano.a(lib_a-memmove.o)
 .ARM.attributes
                0x0000000000000982       0x34 c:/vscodeproject/software/arm_gcc/bin/../lib/gcc/arm-none-eabi/9.2.1/../../../../arm-none-eabi/lib/thumb/v7e-m+fp/hard\libc_nano.a(lib_a-nano-freer.o)
 .ARM.attributes
                0x00000000000009b6       0x34 c:/vscodeproject/software/arm_gcc/bin/../lib/gcc/arm-none-eabi/9.2.1/../../../../arm-none-eabi/lib/thumb/v7e-m+fp/hard\libc_nano.a(lib_a-nano-mallocr.o)
 .ARM.attributes
                0x00000000000009ea       0x34 c:/vscodeproject/software/arm_gcc/bin/../lib/gcc/arm-none-eabi/9.2.1/../../../../arm-none-eabi/lib/thumb/v7e-m+fp/hard\libc_nano.a(lib_a-nano-reallocr.o)
 .ARM.attributes
                0x0000000000000a1e       0x34 c:/vscodeproject/software/arm_gcc/bin/../lib/gcc/arm-none-eabi/9.2.1/../../../../arm-none-eabi/lib/thumb/v7e-m+fp/hard\libc_nano.a(lib_a-sbrkr.o)
 .ARM.attributes
                0x0000000000000a52       0x34 c:/vscodeproject/software/arm_gcc/bin/../lib/gcc/arm-none-eabi/9.2.1/../../../../arm-none-eabi/lib/thumb/v7e-m+fp/hard\libc_nano.a(lib_a-mlock.o)
 .ARM.attributes
                0x0000000000000a86       0x34 c:/vscodeproject/software/arm_gcc/bin/../lib/gcc/arm-none-eabi/9.2.1/../../../../arm-none-eabi/lib/thumb/v7e-m+fp/hard\libc_nano.a(lib_a-nano-msizer.o)
 .ARM.attributes
                0x0000000000000aba       0x34 c:/vscodeproject/software/arm_gcc/bin/../lib/gcc/arm-none-eabi/9.2.1/../../../../arm-none-eabi/lib/thumb/v7e-m+fp/hard\libc_nano.a(lib_a-reent.o)
 .ARM.attributes
                0x0000000000000aee       0x34 c:/vscodeproject/software/arm_gcc/bin/../lib/gcc/arm-none-eabi/9.2.1/../../../../arm-none-eabi/lib/thumb/v7e-m+fp/hard\libc_nano.a(lib_a-lock.o)
 .ARM.attributes
                0x0000000000000b22       0x34 c:/vscodeproject/software/arm_gcc/bin/../lib/gcc/arm-none-eabi/9.2.1/../../../../arm-none-eabi/lib/thumb/v7e-m+fp/hard\libnosys.a(sbrk.o)
 .ARM.attributes
                0x0000000000000b56       0x1e c:/vscodeproject/software/arm_gcc/bin/../lib/gcc/arm-none-eabi/9.2.1/thumb/v7e-m+fp/hard\libgcc.a(_arm_addsubdf3.o)
 .ARM.attributes
                0x0000000000000b74       0x1e c:/vscodeproject/software/arm_gcc/bin/../lib/gcc/arm-none-eabi/9.2.1/thumb/v7e-m+fp/hard\libgcc.a(_arm_muldivdf3.o)
 .ARM.attributes
                0x0000000000000b92       0x1e c:/vscodeproject/software/arm_gcc/bin/../lib/gcc/arm-none-eabi/9.2.1/thumb/v7e-m+fp/hard\libgcc.a(_arm_fixunsdfsi.o)
 .ARM.attributes
                0x0000000000000bb0       0x1e c:/vscodeproject/software/arm_gcc/bin/../lib/gcc/arm-none-eabi/9.2.1/thumb/v7e-m+fp/hard\libgcc.a(_arm_truncdfsf2.o)
 .ARM.attributes
                0x0000000000000bce       0x1e c:/vscodeproject/software/arm_gcc/bin/../lib/gcc/arm-none-eabi/9.2.1/thumb/v7e-m+fp/hard\libgcc.a(_aeabi_uldivmod.o)
 .ARM.attributes
                0x0000000000000bec       0x34 c:/vscodeproject/software/arm_gcc/bin/../lib/gcc/arm-none-eabi/9.2.1/thumb/v7e-m+fp/hard\libgcc.a(_udivmoddi4.o)
 .ARM.attributes
                0x0000000000000c20       0x1e c:/vscodeproject/software/arm_gcc/bin/../lib/gcc/arm-none-eabi/9.2.1/thumb/v7e-m+fp/hard\libgcc.a(_dvmd_tls.o)
 .ARM.attributes
                0x0000000000000c3e       0x1e c:/vscodeproject/software/arm_gcc/bin/../lib/gcc/arm-none-eabi/9.2.1/thumb/v7e-m+fp/hard/crtn.o
OUTPUT(build/studyMCU_407.elf elf32-littlearm)

.debug_info     0x0000000000000000    0x25e2e
 .debug_info    0x0000000000000000     0x2180 build/main.o
 .debug_info    0x0000000000002180      0x8dd build/gpio.o
 .debug_info    0x0000000000002a5d      0xaaf build/adc.o
 .debug_info    0x000000000000350c      0xcc6 build/spi.o
 .debug_info    0x00000000000041d2      0xfbd build/tim.o
 .debug_info    0x000000000000518f      0xf44 build/usart.o
 .debug_info    0x00000000000060d3     0x204d build/stm32f4xx_it.o
 .debug_info    0x0000000000008120      0x3e5 build/stm32f4xx_hal_msp.o
 .debug_info    0x0000000000008505     0x10b4 build/stm32f4xx_hal_adc.o
 .debug_info    0x00000000000095b9      0xc44 build/stm32f4xx_hal_rcc.o
 .debug_info    0x000000000000a1fd      0x92a build/stm32f4xx_hal_gpio.o
 .debug_info    0x000000000000ab27      0xc8b build/stm32f4xx_hal_dma.o
 .debug_info    0x000000000000b7b2     0x123e build/stm32f4xx_hal_cortex.o
 .debug_info    0x000000000000c9f0      0xb5e build/stm32f4xx_hal.o
 .debug_info    0x000000000000d54e     0x20e8 build/stm32f4xx_hal_spi.o
 .debug_info    0x000000000000f636     0x4151 build/stm32f4xx_hal_tim.o
 .debug_info    0x0000000000013787     0x1d63 build/stm32f4xx_hal_tim_ex.o
 .debug_info    0x00000000000154ea     0x4491 build/stm32f4xx_hal_uart.o
 .debug_info    0x000000000001997b      0x63c build/system_stm32f4xx.o
 .debug_info    0x0000000000019fb7      0xf34 build/mbfunccoils.o
 .debug_info    0x000000000001aeeb      0xd65 build/mbfuncdisc.o
 .debug_info    0x000000000001bc50     0x1019 build/mbfuncholding.o
 .debug_info    0x000000000001cc69      0xd57 build/mbfuncinput.o
 .debug_info    0x000000000001d9c0      0xdc7 build/mbfuncother.o
 .debug_info    0x000000000001e787      0xe1b build/mbutils.o
 .debug_info    0x000000000001f5a2      0x2f2 build/portevent.o
 .debug_info    0x000000000001f894      0xa2d build/portserial.o
 .debug_info    0x00000000000202c1      0x9d6 build/porttimer.o
 .debug_info    0x0000000000020c97      0x214 build/portcritical.o
 .debug_info    0x0000000000020eab      0x28d build/mbcrc.o
 .debug_info    0x0000000000021138     0x1210 build/mbrtu.o
 .debug_info    0x0000000000022348     0x1218 build/mb.o
 .debug_info    0x0000000000023560      0x78a build/user_mb_app.o
 .debug_info    0x0000000000023cea      0xca8 build/ReceiveTransmit.o
 .debug_info    0x0000000000024992     0x12c4 build/st7735.o
 .debug_info    0x0000000000025c56      0x1b6 build/fonts.o
 .debug_info    0x0000000000025e0c       0x22 build/startup_stm32f407xx.o

.debug_abbrev   0x0000000000000000     0x509e
 .debug_abbrev  0x0000000000000000      0x2dc build/main.o
 .debug_abbrev  0x00000000000002dc      0x19b build/gpio.o
 .debug_abbrev  0x0000000000000477      0x1fd build/adc.o
 .debug_abbrev  0x0000000000000674      0x1f1 build/spi.o
 .debug_abbrev  0x0000000000000865      0x1fc build/tim.o
 .debug_abbrev  0x0000000000000a61      0x1fa build/usart.o
 .debug_abbrev  0x0000000000000c5b      0x304 build/stm32f4xx_it.o
 .debug_abbrev  0x0000000000000f5f      0x11c build/stm32f4xx_hal_msp.o
 .debug_abbrev  0x000000000000107b      0x2be build/stm32f4xx_hal_adc.o
 .debug_abbrev  0x0000000000001339      0x2cd build/stm32f4xx_hal_rcc.o
 .debug_abbrev  0x0000000000001606      0x258 build/stm32f4xx_hal_gpio.o
 .debug_abbrev  0x000000000000185e      0x312 build/stm32f4xx_hal_dma.o
 .debug_abbrev  0x0000000000001b70      0x3a8 build/stm32f4xx_hal_cortex.o
 .debug_abbrev  0x0000000000001f18      0x21c build/stm32f4xx_hal.o
 .debug_abbrev  0x0000000000002134      0x2d2 build/stm32f4xx_hal_spi.o
 .debug_abbrev  0x0000000000002406      0x2af build/stm32f4xx_hal_tim.o
 .debug_abbrev  0x00000000000026b5      0x2ab build/stm32f4xx_hal_tim_ex.o
 .debug_abbrev  0x0000000000002960      0x39a build/stm32f4xx_hal_uart.o
 .debug_abbrev  0x0000000000002cfa      0x14a build/system_stm32f4xx.o
 .debug_abbrev  0x0000000000002e44      0x264 build/mbfunccoils.o
 .debug_abbrev  0x00000000000030a8      0x253 build/mbfuncdisc.o
 .debug_abbrev  0x00000000000032fb      0x25e build/mbfuncholding.o
 .debug_abbrev  0x0000000000003559      0x253 build/mbfuncinput.o
 .debug_abbrev  0x00000000000037ac      0x241 build/mbfuncother.o
 .debug_abbrev  0x00000000000039ed      0x250 build/mbutils.o
 .debug_abbrev  0x0000000000003c3d      0x122 build/portevent.o
 .debug_abbrev  0x0000000000003d5f      0x237 build/portserial.o
 .debug_abbrev  0x0000000000003f96      0x220 build/porttimer.o
 .debug_abbrev  0x00000000000041b6       0xf1 build/portcritical.o
 .debug_abbrev  0x00000000000042a7       0xfd build/mbcrc.o
 .debug_abbrev  0x00000000000043a4      0x2cd build/mbrtu.o
 .debug_abbrev  0x0000000000004671      0x300 build/mb.o
 .debug_abbrev  0x0000000000004971      0x162 build/user_mb_app.o
 .debug_abbrev  0x0000000000004ad3      0x249 build/ReceiveTransmit.o
 .debug_abbrev  0x0000000000004d1c      0x2c6 build/st7735.o
 .debug_abbrev  0x0000000000004fe2       0xaa build/fonts.o
 .debug_abbrev  0x000000000000508c       0x12 build/startup_stm32f407xx.o

.debug_loc      0x0000000000000000    0x164b6
 .debug_loc     0x0000000000000000       0x72 build/main.o
 .debug_loc     0x0000000000000072       0x39 build/gpio.o
 .debug_loc     0x00000000000000ab       0x70 build/adc.o
 .debug_loc     0x000000000000011b      0x162 build/spi.o
 .debug_loc     0x000000000000027d      0x1aa build/tim.o
 .debug_loc     0x0000000000000427      0x162 build/usart.o
 .debug_loc     0x0000000000000589      0x137 build/stm32f4xx_it.o
 .debug_loc     0x00000000000006c0       0x2c build/stm32f4xx_hal_msp.o
 .debug_loc     0x00000000000006ec      0xdcf build/stm32f4xx_hal_adc.o
 .debug_loc     0x00000000000014bb      0x6c7 build/stm32f4xx_hal_rcc.o
 .debug_loc     0x0000000000001b82      0x5db build/stm32f4xx_hal_gpio.o
 .debug_loc     0x000000000000215d      0xd6d build/stm32f4xx_hal_dma.o
 .debug_loc     0x0000000000002eca      0x7d4 build/stm32f4xx_hal_cortex.o
 .debug_loc     0x000000000000369e      0x1e1 build/stm32f4xx_hal.o
 .debug_loc     0x000000000000387f     0x24e5 build/stm32f4xx_hal_spi.o
 .debug_loc     0x0000000000005d64     0x5b36 build/stm32f4xx_hal_tim.o
 .debug_loc     0x000000000000b89a     0x2110 build/stm32f4xx_hal_tim_ex.o
 .debug_loc     0x000000000000d9aa     0x502f build/stm32f4xx_hal_uart.o
 .debug_loc     0x00000000000129d9      0x16c build/system_stm32f4xx.o
 .debug_loc     0x0000000000012b45      0x6d6 build/mbfunccoils.o
 .debug_loc     0x000000000001321b      0x289 build/mbfuncdisc.o
 .debug_loc     0x00000000000134a4      0x809 build/mbfuncholding.o
 .debug_loc     0x0000000000013cad      0x1d8 build/mbfuncinput.o
 .debug_loc     0x0000000000013e85      0x220 build/mbfuncother.o
 .debug_loc     0x00000000000140a5      0x37a build/mbutils.o
 .debug_loc     0x000000000001441f       0x89 build/portevent.o
 .debug_loc     0x00000000000144a8      0x2a5 build/portserial.o
 .debug_loc     0x000000000001474d       0xc8 build/porttimer.o
 .debug_loc     0x0000000000014815      0x103 build/mbcrc.o
 .debug_loc     0x0000000000014918      0x469 build/mbrtu.o
 .debug_loc     0x0000000000014d81      0x459 build/mb.o
 .debug_loc     0x00000000000151da      0x7e8 build/user_mb_app.o
 .debug_loc     0x00000000000159c2       0x74 build/ReceiveTransmit.o
 .debug_loc     0x0000000000015a36      0xa80 build/st7735.o

.debug_aranges  0x0000000000000000     0x12c8
 .debug_aranges
                0x0000000000000000       0x30 build/main.o
 .debug_aranges
                0x0000000000000030       0x20 build/gpio.o
 .debug_aranges
                0x0000000000000050       0x30 build/adc.o
 .debug_aranges
                0x0000000000000080       0x38 build/spi.o
 .debug_aranges
                0x00000000000000b8       0x38 build/tim.o
 .debug_aranges
                0x00000000000000f0       0x38 build/usart.o
 .debug_aranges
                0x0000000000000128       0x88 build/stm32f4xx_it.o
 .debug_aranges
                0x00000000000001b0       0x20 build/stm32f4xx_hal_msp.o
 .debug_aranges
                0x00000000000001d0       0xe8 build/stm32f4xx_hal_adc.o
 .debug_aranges
                0x00000000000002b8       0x88 build/stm32f4xx_hal_rcc.o
 .debug_aranges
                0x0000000000000340       0x58 build/stm32f4xx_hal_gpio.o
 .debug_aranges
                0x0000000000000398       0x90 build/stm32f4xx_hal_dma.o
 .debug_aranges
                0x0000000000000428       0xa8 build/stm32f4xx_hal_cortex.o
 .debug_aranges
                0x00000000000004d0       0xf0 build/stm32f4xx_hal.o
 .debug_aranges
                0x00000000000005c0      0x1d0 build/stm32f4xx_hal_spi.o
 .debug_aranges
                0x0000000000000790      0x3d0 build/stm32f4xx_hal_tim.o
 .debug_aranges
                0x0000000000000b60      0x168 build/stm32f4xx_hal_tim_ex.o
 .debug_aranges
                0x0000000000000cc8      0x200 build/stm32f4xx_hal_uart.o
 .debug_aranges
                0x0000000000000ec8       0x28 build/system_stm32f4xx.o
 .debug_aranges
                0x0000000000000ef0       0x30 build/mbfunccoils.o
 .debug_aranges
                0x0000000000000f20       0x20 build/mbfuncdisc.o
 .debug_aranges
                0x0000000000000f40       0x38 build/mbfuncholding.o
 .debug_aranges
                0x0000000000000f78       0x20 build/mbfuncinput.o
 .debug_aranges
                0x0000000000000f98       0x28 build/mbfuncother.o
 .debug_aranges
                0x0000000000000fc0       0x30 build/mbutils.o
 .debug_aranges
                0x0000000000000ff0       0x30 build/portevent.o
 .debug_aranges
                0x0000000000001020       0x58 build/portserial.o
 .debug_aranges
                0x0000000000001078       0x38 build/porttimer.o
 .debug_aranges
                0x00000000000010b0       0x28 build/portcritical.o
 .debug_aranges
                0x00000000000010d8       0x20 build/mbcrc.o
 .debug_aranges
                0x00000000000010f8       0x58 build/mbrtu.o
 .debug_aranges
                0x0000000000001150       0x48 build/mb.o
 .debug_aranges
                0x0000000000001198       0x38 build/user_mb_app.o
 .debug_aranges
                0x00000000000011d0       0x28 build/ReceiveTransmit.o
 .debug_aranges
                0x00000000000011f8       0x90 build/st7735.o
 .debug_aranges
                0x0000000000001288       0x18 build/fonts.o
 .debug_aranges
                0x00000000000012a0       0x28 build/startup_stm32f407xx.o

.debug_ranges   0x0000000000000000     0x1120
 .debug_ranges  0x0000000000000000       0x20 build/main.o
 .debug_ranges  0x0000000000000020       0x10 build/gpio.o
 .debug_ranges  0x0000000000000030       0x20 build/adc.o
 .debug_ranges  0x0000000000000050       0x28 build/spi.o
 .debug_ranges  0x0000000000000078       0x28 build/tim.o
 .debug_ranges  0x00000000000000a0       0x28 build/usart.o
 .debug_ranges  0x00000000000000c8       0x78 build/stm32f4xx_it.o
 .debug_ranges  0x0000000000000140       0x10 build/stm32f4xx_hal_msp.o
 .debug_ranges  0x0000000000000150       0xd8 build/stm32f4xx_hal_adc.o
 .debug_ranges  0x0000000000000228       0x90 build/stm32f4xx_hal_rcc.o
 .debug_ranges  0x00000000000002b8       0x48 build/stm32f4xx_hal_gpio.o
 .debug_ranges  0x0000000000000300       0x80 build/stm32f4xx_hal_dma.o
 .debug_ranges  0x0000000000000380       0xf8 build/stm32f4xx_hal_cortex.o
 .debug_ranges  0x0000000000000478       0xe0 build/stm32f4xx_hal.o
 .debug_ranges  0x0000000000000558      0x1c0 build/stm32f4xx_hal_spi.o
 .debug_ranges  0x0000000000000718      0x3c0 build/stm32f4xx_hal_tim.o
 .debug_ranges  0x0000000000000ad8      0x158 build/stm32f4xx_hal_tim_ex.o
 .debug_ranges  0x0000000000000c30      0x208 build/stm32f4xx_hal_uart.o
 .debug_ranges  0x0000000000000e38       0x18 build/system_stm32f4xx.o
 .debug_ranges  0x0000000000000e50       0x20 build/mbfunccoils.o
 .debug_ranges  0x0000000000000e70       0x10 build/mbfuncdisc.o
 .debug_ranges  0x0000000000000e80       0x28 build/mbfuncholding.o
 .debug_ranges  0x0000000000000ea8       0x10 build/mbfuncinput.o
 .debug_ranges  0x0000000000000eb8       0x18 build/mbfuncother.o
 .debug_ranges  0x0000000000000ed0       0x20 build/mbutils.o
 .debug_ranges  0x0000000000000ef0       0x20 build/portevent.o
 .debug_ranges  0x0000000000000f10       0x48 build/portserial.o
 .debug_ranges  0x0000000000000f58       0x28 build/porttimer.o
 .debug_ranges  0x0000000000000f80       0x18 build/portcritical.o
 .debug_ranges  0x0000000000000f98       0x10 build/mbcrc.o
 .debug_ranges  0x0000000000000fa8       0x48 build/mbrtu.o
 .debug_ranges  0x0000000000000ff0       0x38 build/mb.o
 .debug_ranges  0x0000000000001028       0x28 build/user_mb_app.o
 .debug_ranges  0x0000000000001050       0x18 build/ReceiveTransmit.o
 .debug_ranges  0x0000000000001068       0x98 build/st7735.o
 .debug_ranges  0x0000000000001100       0x20 build/startup_stm32f407xx.o

.debug_line     0x0000000000000000    0x16f68
 .debug_line    0x0000000000000000      0x4ae build/main.o
 .debug_line    0x00000000000004ae      0x260 build/gpio.o
 .debug_line    0x000000000000070e      0x2f0 build/adc.o
 .debug_line    0x00000000000009fe      0x3f2 build/spi.o
 .debug_line    0x0000000000000df0      0x3cb build/tim.o
 .debug_line    0x00000000000011bb      0x3db build/usart.o
 .debug_line    0x0000000000001596      0x629 build/stm32f4xx_it.o
 .debug_line    0x0000000000001bbf      0x1a7 build/stm32f4xx_hal_msp.o
 .debug_line    0x0000000000001d66     0x10bf build/stm32f4xx_hal_adc.o
 .debug_line    0x0000000000002e25      0xb14 build/stm32f4xx_hal_rcc.o
 .debug_line    0x0000000000003939      0x70d build/stm32f4xx_hal_gpio.o
 .debug_line    0x0000000000004046      0xe2f build/stm32f4xx_hal_dma.o
 .debug_line    0x0000000000004e75      0x780 build/stm32f4xx_hal_cortex.o
 .debug_line    0x00000000000055f5      0x543 build/stm32f4xx_hal.o
 .debug_line    0x0000000000005b38     0x24d9 build/stm32f4xx_hal_spi.o
 .debug_line    0x0000000000008011     0x4adb build/stm32f4xx_hal_tim.o
 .debug_line    0x000000000000caec     0x1cfc build/stm32f4xx_hal_tim_ex.o
 .debug_line    0x000000000000e7e8     0x45dc build/stm32f4xx_hal_uart.o
 .debug_line    0x0000000000012dc4      0x264 build/system_stm32f4xx.o
 .debug_line    0x0000000000013028      0x50d build/mbfunccoils.o
 .debug_line    0x0000000000013535      0x375 build/mbfuncdisc.o
 .debug_line    0x00000000000138aa      0x5ab build/mbfuncholding.o
 .debug_line    0x0000000000013e55      0x359 build/mbfuncinput.o
 .debug_line    0x00000000000141ae      0x353 build/mbfuncother.o
 .debug_line    0x0000000000014501      0x399 build/mbutils.o
 .debug_line    0x000000000001489a      0x233 build/portevent.o
 .debug_line    0x0000000000014acd      0x33b build/portserial.o
 .debug_line    0x0000000000014e08      0x29b build/porttimer.o
 .debug_line    0x00000000000150a3      0x1ef build/portcritical.o
 .debug_line    0x0000000000015292      0x1eb build/mbcrc.o
 .debug_line    0x000000000001547d      0x51d build/mbrtu.o
 .debug_line    0x000000000001599a      0x62a build/mb.o
 .debug_line    0x0000000000015fc4      0x4d5 build/user_mb_app.o
 .debug_line    0x0000000000016499      0x2ba build/ReceiveTransmit.o
 .debug_line    0x0000000000016753      0x6c3 build/st7735.o
 .debug_line    0x0000000000016e16       0xdc build/fonts.o
 .debug_line    0x0000000000016ef2       0x76 build/startup_stm32f407xx.o

.debug_str      0x0000000000000000     0x5beb
 .debug_str     0x0000000000000000     0x13df build/main.o
                                       0x1528 (size before relaxing)
 .debug_str     0x00000000000013df      0x5ca build/gpio.o
                                        0x95a (size before relaxing)
 .debug_str     0x00000000000019a9       0x8a build/adc.o
                                        0x819 (size before relaxing)
 .debug_str     0x0000000000001a33       0x58 build/spi.o
                                        0x8ce (size before relaxing)
 .debug_str     0x0000000000001a8b      0x13e build/tim.o
                                        0xf54 (size before relaxing)
 .debug_str     0x0000000000001bc9       0x4e build/usart.o
                                        0xe07 (size before relaxing)
 .debug_str     0x0000000000001c17      0x22f build/stm32f4xx_it.o
                                       0x140e (size before relaxing)
 .debug_str     0x0000000000001e46       0x29 build/stm32f4xx_hal_msp.o
                                        0x393 (size before relaxing)
 .debug_str     0x0000000000001e6f      0x28c build/stm32f4xx_hal_adc.o
                                        0xa09 (size before relaxing)
 .debug_str     0x00000000000020fb      0x1d1 build/stm32f4xx_hal_rcc.o
                                        0x784 (size before relaxing)
 .debug_str     0x00000000000022cc       0xf4 build/stm32f4xx_hal_gpio.o
                                        0x5a6 (size before relaxing)
 .debug_str     0x00000000000023c0      0x2e4 build/stm32f4xx_hal_dma.o
                                        0x82c (size before relaxing)
 .debug_str     0x00000000000026a4      0x4c4 build/stm32f4xx_hal_cortex.o
                                        0xce0 (size before relaxing)
 .debug_str     0x0000000000002b68      0x21f build/stm32f4xx_hal.o
                                        0xba1 (size before relaxing)
 .debug_str     0x0000000000002d87      0x52a build/stm32f4xx_hal_spi.o
                                        0xcb0 (size before relaxing)
 .debug_str     0x00000000000032b1      0xe20 build/stm32f4xx_hal_tim.o
                                       0x1791 (size before relaxing)
 .debug_str     0x00000000000040d1      0x521 build/stm32f4xx_hal_tim_ex.o
                                        0xf92 (size before relaxing)
 .debug_str     0x00000000000045f2      0x5d6 build/stm32f4xx_hal_uart.o
                                        0xe0e (size before relaxing)
 .debug_str     0x0000000000004bc8       0x47 build/system_stm32f4xx.o
                                        0x40f (size before relaxing)
 .debug_str     0x0000000000004c0f      0x289 build/mbfunccoils.o
                                        0x992 (size before relaxing)
 .debug_str     0x0000000000004e98       0x63 build/mbfuncdisc.o
                                        0x92d (size before relaxing)
 .debug_str     0x0000000000004efb      0x130 build/mbfuncholding.o
                                        0xa0a (size before relaxing)
 .debug_str     0x000000000000502b       0x52 build/mbfuncinput.o
                                        0x91e (size before relaxing)
 .debug_str     0x000000000000507d       0xb4 build/mbfuncother.o
                                        0x942 (size before relaxing)
 .debug_str     0x0000000000005131       0xa7 build/mbutils.o
                                        0x935 (size before relaxing)
 .debug_str     0x00000000000051d8       0xc1 build/portevent.o
                                        0x3e1 (size before relaxing)
 .debug_str     0x0000000000005299       0xe4 build/portserial.o
                                        0x8e2 (size before relaxing)
 .debug_str     0x000000000000537d       0x72 build/porttimer.o
                                        0x945 (size before relaxing)
 .debug_str     0x00000000000053ef       0x60 build/portcritical.o
                                        0x2d5 (size before relaxing)
 .debug_str     0x000000000000544f       0x42 build/mbcrc.o
                                        0x2ee (size before relaxing)
 .debug_str     0x0000000000005491      0x1a5 build/mbrtu.o
                                        0xa67 (size before relaxing)
 .debug_str     0x0000000000005636      0x1c1 build/mb.o
                                        0xb6c (size before relaxing)
 .debug_str     0x00000000000057f7      0x1de build/user_mb_app.o
                                        0x616 (size before relaxing)
 .debug_str     0x00000000000059d5       0x70 build/ReceiveTransmit.o
                                        0x7b3 (size before relaxing)
 .debug_str     0x0000000000005a45      0x151 build/st7735.o
                                        0x8f7 (size before relaxing)
 .debug_str     0x0000000000005b96       0x31 build/fonts.o
                                        0x1fa (size before relaxing)
 .debug_str     0x0000000000005bc7       0x24 build/startup_stm32f407xx.o
                                         0x42 (size before relaxing)

.comment        0x0000000000000000       0x66
 .comment       0x0000000000000000       0x66 build/main.o
                                         0x67 (size before relaxing)
 .comment       0x0000000000000066       0x67 build/gpio.o
 .comment       0x0000000000000066       0x67 build/adc.o
 .comment       0x0000000000000066       0x67 build/spi.o
 .comment       0x0000000000000066       0x67 build/tim.o
 .comment       0x0000000000000066       0x67 build/usart.o
 .comment       0x0000000000000066       0x67 build/stm32f4xx_it.o
 .comment       0x0000000000000066       0x67 build/stm32f4xx_hal_msp.o
 .comment       0x0000000000000066       0x67 build/stm32f4xx_hal_adc.o
 .comment       0x0000000000000066       0x67 build/stm32f4xx_hal_rcc.o
 .comment       0x0000000000000066       0x67 build/stm32f4xx_hal_gpio.o
 .comment       0x0000000000000066       0x67 build/stm32f4xx_hal_dma.o
 .comment       0x0000000000000066       0x67 build/stm32f4xx_hal_cortex.o
 .comment       0x0000000000000066       0x67 build/stm32f4xx_hal.o
 .comment       0x0000000000000066       0x67 build/stm32f4xx_hal_spi.o
 .comment       0x0000000000000066       0x67 build/stm32f4xx_hal_tim.o
 .comment       0x0000000000000066       0x67 build/stm32f4xx_hal_tim_ex.o
 .comment       0x0000000000000066       0x67 build/stm32f4xx_hal_uart.o
 .comment       0x0000000000000066       0x67 build/system_stm32f4xx.o
 .comment       0x0000000000000066       0x67 build/mbfunccoils.o
 .comment       0x0000000000000066       0x67 build/mbfuncdisc.o
 .comment       0x0000000000000066       0x67 build/mbfuncholding.o
 .comment       0x0000000000000066       0x67 build/mbfuncinput.o
 .comment       0x0000000000000066       0x67 build/mbfuncother.o
 .comment       0x0000000000000066       0x67 build/mbutils.o
 .comment       0x0000000000000066       0x67 build/portevent.o
 .comment       0x0000000000000066       0x67 build/portserial.o
 .comment       0x0000000000000066       0x67 build/porttimer.o
 .comment       0x0000000000000066       0x67 build/portcritical.o
 .comment       0x0000000000000066       0x67 build/mbcrc.o
 .comment       0x0000000000000066       0x67 build/mbrtu.o
 .comment       0x0000000000000066       0x67 build/mb.o
 .comment       0x0000000000000066       0x67 build/user_mb_app.o
 .comment       0x0000000000000066       0x67 build/ReceiveTransmit.o
 .comment       0x0000000000000066       0x67 build/st7735.o
 .comment       0x0000000000000066       0x67 build/fonts.o

.debug_frame    0x0000000000000000     0x3bac
 .debug_frame   0x0000000000000000       0x60 build/main.o
 .debug_frame   0x0000000000000060       0x40 build/gpio.o
 .debug_frame   0x00000000000000a0       0x58 build/adc.o
 .debug_frame   0x00000000000000f8       0x84 build/spi.o
 .debug_frame   0x000000000000017c       0x8c build/tim.o
 .debug_frame   0x0000000000000208       0x88 build/usart.o
 .debug_frame   0x0000000000000290      0x154 build/stm32f4xx_it.o
 .debug_frame   0x00000000000003e4       0x28 build/stm32f4xx_hal_msp.o
 .debug_frame   0x000000000000040c      0x298 build/stm32f4xx_hal_adc.o
 .debug_frame   0x00000000000006a4      0x1ac build/stm32f4xx_hal_rcc.o
 .debug_frame   0x0000000000000850       0xec build/stm32f4xx_hal_gpio.o
 .debug_frame   0x000000000000093c      0x1b8 build/stm32f4xx_hal_dma.o
 .debug_frame   0x0000000000000af4      0x16c build/stm32f4xx_hal_cortex.o
 .debug_frame   0x0000000000000c60      0x200 build/stm32f4xx_hal.o
 .debug_frame   0x0000000000000e60      0x640 build/stm32f4xx_hal_spi.o
 .debug_frame   0x00000000000014a0      0xc70 build/stm32f4xx_hal_tim.o
 .debug_frame   0x0000000000002110      0x4a8 build/stm32f4xx_hal_tim_ex.o
 .debug_frame   0x00000000000025b8      0x674 build/stm32f4xx_hal_uart.o
 .debug_frame   0x0000000000002c2c       0x30 build/system_stm32f4xx.o
 .debug_frame   0x0000000000002c5c       0x94 build/mbfunccoils.o
 .debug_frame   0x0000000000002cf0       0x30 build/mbfuncdisc.o
 .debug_frame   0x0000000000002d20       0x94 build/mbfuncholding.o
 .debug_frame   0x0000000000002db4       0x30 build/mbfuncinput.o
 .debug_frame   0x0000000000002de4       0x5c build/mbfuncother.o
 .debug_frame   0x0000000000002e40       0x64 build/mbutils.o
 .debug_frame   0x0000000000002ea4       0x40 build/portevent.o
 .debug_frame   0x0000000000002ee4       0xd8 build/portserial.o
 .debug_frame   0x0000000000002fbc       0x74 build/porttimer.o
 .debug_frame   0x0000000000003030       0x30 build/portcritical.o
 .debug_frame   0x0000000000003060       0x30 build/mbcrc.o
 .debug_frame   0x0000000000003090      0x10c build/mbrtu.o
 .debug_frame   0x000000000000319c       0xd0 build/mb.o
 .debug_frame   0x000000000000326c       0xb0 build/user_mb_app.o
 .debug_frame   0x000000000000331c       0x38 build/ReceiveTransmit.o
 .debug_frame   0x0000000000003354      0x270 build/st7735.o
 .debug_frame   0x00000000000035c4       0x2c c:/vscodeproject/software/arm_gcc/bin/../lib/gcc/arm-none-eabi/9.2.1/../../../../arm-none-eabi/lib/thumb/v7e-m+fp/hard\libc_nano.a(lib_a-init.o)
 .debug_frame   0x00000000000035f0       0x28 c:/vscodeproject/software/arm_gcc/bin/../lib/gcc/arm-none-eabi/9.2.1/../../../../arm-none-eabi/lib/thumb/v7e-m+fp/hard\libc_nano.a(lib_a-memcpy-stub.o)
 .debug_frame   0x0000000000003618       0x20 c:/vscodeproject/software/arm_gcc/bin/../lib/gcc/arm-none-eabi/9.2.1/../../../../arm-none-eabi/lib/thumb/v7e-m+fp/hard\libc_nano.a(lib_a-memset.o)
 .debug_frame   0x0000000000003638       0x6c c:/vscodeproject/software/arm_gcc/bin/../lib/gcc/arm-none-eabi/9.2.1/../../../../arm-none-eabi/lib/thumb/v7e-m+fp/hard\libc_nano.a(lib_a-sprintf.o)
 .debug_frame   0x00000000000036a4       0x90 c:/vscodeproject/software/arm_gcc/bin/../lib/gcc/arm-none-eabi/9.2.1/../../../../arm-none-eabi/lib/thumb/v7e-m+fp/hard\libc_nano.a(lib_a-nano-svfprintf.o)
 .debug_frame   0x0000000000003734       0x60 c:/vscodeproject/software/arm_gcc/bin/../lib/gcc/arm-none-eabi/9.2.1/../../../../arm-none-eabi/lib/thumb/v7e-m+fp/hard\libc_nano.a(lib_a-nano-vfprintf_i.o)
 .debug_frame   0x0000000000003794       0x28 c:/vscodeproject/software/arm_gcc/bin/../lib/gcc/arm-none-eabi/9.2.1/../../../../arm-none-eabi/lib/thumb/v7e-m+fp/hard\libc_nano.a(lib_a-memmove.o)