Archive member included to satisfy reference by file (symbol)

c:/vscodeproject/software/arm_gcc/bin/../lib/gcc/arm-none-eabi/9.2.1/../../../../arm-none-eabi/lib/thumb/v7e-m+fp/hard\libc_nano.a(lib_a-exit.o)
                              c:/vscodeproject/software/arm_gcc/bin/../lib/gcc/arm-none-eabi/9.2.1/../../../../arm-none-eabi/lib/thumb/v7e-m+fp/hard/crt0.o (exit)
c:/vscodeproject/software/arm_gcc/bin/../lib/gcc/arm-none-eabi/9.2.1/../../../../arm-none-eabi/lib/thumb/v7e-m+fp/hard\libc_nano.a(lib_a-impure.o)
                              c:/vscodeproject/software/arm_gcc/bin/../lib/gcc/arm-none-eabi/9.2.1/../../../../arm-none-eabi/lib/thumb/v7e-m+fp/hard\libc_nano.a(lib_a-exit.o) (_global_impure_ptr)
c:/vscodeproject/software/arm_gcc/bin/../lib/gcc/arm-none-eabi/9.2.1/../../../../arm-none-eabi/lib/thumb/v7e-m+fp/hard\libc_nano.a(lib_a-init.o)
                              c:/vscodeproject/software/arm_gcc/bin/../lib/gcc/arm-none-eabi/9.2.1/../../../../arm-none-eabi/lib/thumb/v7e-m+fp/hard/crt0.o (__libc_init_array)
c:/vscodeproject/software/arm_gcc/bin/../lib/gcc/arm-none-eabi/9.2.1/../../../../arm-none-eabi/lib/thumb/v7e-m+fp/hard\libc_nano.a(lib_a-memcpy-stub.o)
                              build/mbfuncother.o (memcpy)
c:/vscodeproject/software/arm_gcc/bin/../lib/gcc/arm-none-eabi/9.2.1/../../../../arm-none-eabi/lib/thumb/v7e-m+fp/hard\libc_nano.a(lib_a-memset.o)
                              c:/vscodeproject/software/arm_gcc/bin/../lib/gcc/arm-none-eabi/9.2.1/../../../../arm-none-eabi/lib/thumb/v7e-m+fp/hard/crt0.o (memset)
c:/vscodeproject/software/arm_gcc/bin/../lib/gcc/arm-none-eabi/9.2.1/../../../../arm-none-eabi/lib/thumb/v7e-m+fp/hard\libc_nano.a(lib_a-snprintf.o)
                              build/w25qxx.o (snprintf)
c:/vscodeproject/software/arm_gcc/bin/../lib/gcc/arm-none-eabi/9.2.1/../../../../arm-none-eabi/lib/thumb/v7e-m+fp/hard\libc_nano.a(lib_a-strlen.o)
                              build/w25qxx.o (strlen)
c:/vscodeproject/software/arm_gcc/bin/../lib/gcc/arm-none-eabi/9.2.1/../../../../arm-none-eabi/lib/thumb/v7e-m+fp/hard\libc_nano.a(lib_a-nano-svfprintf.o)
                              c:/vscodeproject/software/arm_gcc/bin/../lib/gcc/arm-none-eabi/9.2.1/../../../../arm-none-eabi/lib/thumb/v7e-m+fp/hard\libc_nano.a(lib_a-snprintf.o) (_svfprintf_r)
c:/vscodeproject/software/arm_gcc/bin/../lib/gcc/arm-none-eabi/9.2.1/../../../../arm-none-eabi/lib/thumb/v7e-m+fp/hard\libc_nano.a(lib_a-nano-vfprintf_i.o)
                              c:/vscodeproject/software/arm_gcc/bin/../lib/gcc/arm-none-eabi/9.2.1/../../../../arm-none-eabi/lib/thumb/v7e-m+fp/hard\libc_nano.a(lib_a-nano-svfprintf.o) (_printf_i)
c:/vscodeproject/software/arm_gcc/bin/../lib/gcc/arm-none-eabi/9.2.1/../../../../arm-none-eabi/lib/thumb/v7e-m+fp/hard\libc_nano.a(lib_a-memchr.o)
                              c:/vscodeproject/software/arm_gcc/bin/../lib/gcc/arm-none-eabi/9.2.1/../../../../arm-none-eabi/lib/thumb/v7e-m+fp/hard\libc_nano.a(lib_a-nano-svfprintf.o) (memchr)
c:/vscodeproject/software/arm_gcc/bin/../lib/gcc/arm-none-eabi/9.2.1/../../../../arm-none-eabi/lib/thumb/v7e-m+fp/hard\libc_nano.a(lib_a-memmove.o)
                              c:/vscodeproject/software/arm_gcc/bin/../lib/gcc/arm-none-eabi/9.2.1/../../../../arm-none-eabi/lib/thumb/v7e-m+fp/hard\libc_nano.a(lib_a-nano-svfprintf.o) (memmove)
c:/vscodeproject/software/arm_gcc/bin/../lib/gcc/arm-none-eabi/9.2.1/../../../../arm-none-eabi/lib/thumb/v7e-m+fp/hard\libc_nano.a(lib_a-nano-freer.o)
                              c:/vscodeproject/software/arm_gcc/bin/../lib/gcc/arm-none-eabi/9.2.1/../../../../arm-none-eabi/lib/thumb/v7e-m+fp/hard\libc_nano.a(lib_a-nano-svfprintf.o) (_free_r)
c:/vscodeproject/software/arm_gcc/bin/../lib/gcc/arm-none-eabi/9.2.1/../../../../arm-none-eabi/lib/thumb/v7e-m+fp/hard\libc_nano.a(lib_a-nano-mallocr.o)
                              c:/vscodeproject/software/arm_gcc/bin/../lib/gcc/arm-none-eabi/9.2.1/../../../../arm-none-eabi/lib/thumb/v7e-m+fp/hard\libc_nano.a(lib_a-nano-svfprintf.o) (_malloc_r)
c:/vscodeproject/software/arm_gcc/bin/../lib/gcc/arm-none-eabi/9.2.1/../../../../arm-none-eabi/lib/thumb/v7e-m+fp/hard\libc_nano.a(lib_a-nano-reallocr.o)
                              c:/vscodeproject/software/arm_gcc/bin/../lib/gcc/arm-none-eabi/9.2.1/../../../../arm-none-eabi/lib/thumb/v7e-m+fp/hard\libc_nano.a(lib_a-nano-svfprintf.o) (_realloc_r)
c:/vscodeproject/software/arm_gcc/bin/../lib/gcc/arm-none-eabi/9.2.1/../../../../arm-none-eabi/lib/thumb/v7e-m+fp/hard\libc_nano.a(lib_a-sbrkr.o)
                              c:/vscodeproject/software/arm_gcc/bin/../lib/gcc/arm-none-eabi/9.2.1/../../../../arm-none-eabi/lib/thumb/v7e-m+fp/hard\libc_nano.a(lib_a-nano-mallocr.o) (_sbrk_r)
c:/vscodeproject/software/arm_gcc/bin/../lib/gcc/arm-none-eabi/9.2.1/../../../../arm-none-eabi/lib/thumb/v7e-m+fp/hard\libc_nano.a(lib_a-mlock.o)
[...]
Memory Configuration

Name             Origin             Length             Attributes
RAM              0x0000000020000000 0x0000000000020000 xrw
CCMRAM           0x0000000010000000 0x0000000000010000 xrw
FLASH            0x0000000008000000 0x0000000000080000 xr
*default*        0x0000000000000000 0xffffffffffffffff

Linker script and memory map

LOAD c:/vscodeproject/software/arm_gcc/bin/../lib/gcc/arm-none-eabi/9.2.1/thumb/v7e-m+fp/hard/crti.o
LOAD c:/vscodeproject/software/arm_gcc/bin/../lib/gcc/arm-none-eabi/9.2.1/thumb/v7e-m+fp/hard/crtbegin.o
LOAD c:/vscodeproject/software/arm_gcc/bin/../lib/gcc/arm-none-eabi/9.2.1/../../../../arm-none-eabi/lib/thumb/v7e-m+fp/hard/crt0.o
LOAD build/main.o
LOAD build/stm32f4xx_it.o
LOAD build/stm32f4xx_hal_msp.o
LOAD build/stm32f4xx_hal_tim.o
LOAD build/stm32f4xx_hal_tim_ex.o
LOAD build/stm32f4xx_hal_rcc.o
LOAD build/stm32f4xx_hal_rcc_ex.o
LOAD build/stm32f4xx_hal_flash.o
LOAD build/stm32f4xx_hal_flash_ex.o
LOAD build/stm32f4xx_hal_flash_ramfunc.o
LOAD build/stm32f4xx_hal_gpio.o
LOAD build/stm32f4xx_hal_dma_ex.o
LOAD build/stm32f4xx_hal_dma.o
LOAD build/stm32f4xx_hal_pwr.o
LOAD build/stm32f4xx_hal_pwr_ex.o
LOAD build/stm32f4xx_hal_cortex.o
LOAD build/stm32f4xx_hal.o
LOAD build/stm32f4xx_hal_exti.o
LOAD build/stm32f4xx_hal_uart.o
LOAD build/system_stm32f4xx.o
LOAD build/mbascii.o
LOAD build/mbfunccoils.o
LOAD build/mbfunccoils_m.o
LOAD build/mbfuncdiag.o
LOAD build/mbfuncdisc.o
LOAD build/mbfuncdisc_m.o
LOAD build/mbfuncholding.o
LOAD build/mbfuncholding_m.o
LOAD build/mbfuncinput.o
LOAD build/mbfuncinput_m.o
LOAD build/mbfuncother.o
LOAD build/mbutils.o
LOAD build/portevent.o
LOAD build/portevent_m.o
LOAD build/portserial.o
LOAD build/portserial_m.o
LOAD build/porttimer.o
LOAD build/porttimer_m.o
LOAD build/portcritical.o
LOAD build/mbcrc.o
LOAD build/mbrtu.o
LOAD build/mbrtu_m.o
LOAD build/mbtcp.o
LOAD build/mb.o
LOAD build/mb_m.o
LOAD build/user_mb_app.o
LOAD build/user_mb_app_m.o
LOAD build/ReceiveTransmit.o
LOAD build/gpio.o
LOAD build/tim.o
LOAD build/usart.o
LOAD build/spi.o
LOAD build/stm32f4xx_hal_spi.o
LOAD build/w25qxx.o
LOAD build/startup_stm32f407xx.o
LOAD c:/vscodeproject/software/arm_gcc/bin/../lib/gcc/arm-none-eabi/9.2.1/../../../../arm-none-eabi/lib/thumb/v7e-m+fp/hard\libc_nano.a
LOAD c:/vscodeproject/software/arm_gcc/bin/../lib/gcc/arm-none-eabi/9.2.1/../../../../arm-none-eabi/lib/thumb/v7e-m+fp/hard\libm.a
LOAD c:/vscodeproject/software/arm_gcc/bin/../lib/gcc/arm-none-eabi/9.2.1/../../../../arm-none-eabi/lib/thumb/v7e-m+fp/hard\libnosys.a
START GROUP
LOAD c:/vscodeproject/software/arm_gcc/bin/../lib/gcc/arm-none-eabi/9.2.1/thumb/v7e-m+fp/hard\libgcc.a
LOAD c:/vscodeproject/software/arm_gcc/bin/../lib/gcc/arm-none-eabi/9.2.1/../../../../arm-none-eabi/lib/thumb/v7e-m+fp/hard\libc_nano.a
END GROUP
START GROUP
LOAD c:/vscodeproject/software/arm_gcc/bin/../lib/gcc/arm-none-eabi/9.2.1/thumb/v7e-m+fp/hard\libgcc.a
LOAD c:/vscodeproject/software/arm_gcc/bin/../lib/gcc/arm-none-eabi/9.2.1/../../../../arm-none-eabi/lib/thumb/v7e-m+fp/hard\libc_nano.a
END GROUP
LOAD c:/vscodeproject/software/arm_gcc/bin/../lib/gcc/arm-none-eabi/9.2.1/thumb/v7e-m+fp/hard/crtend.o
LOAD c:/vscodeproject/software/arm_gcc/bin/../lib/gcc/arm-none-eabi/9.2.1/thumb/v7e-m+fp/hard/crtn.o
                0x0000000020020000                _estack = 0x20020000
                0x0000000000000200                _Min_Heap_Size = 0x200
                0x0000000000000400                _Min_Stack_Size = 0x400

.isr_vector     0x0000000008000000      0x188
                0x0000000008000000                . = ALIGN (0x4)
 *(.isr_vector)
 .isr_vector    0x0000000008000000      0x188 build/startup_stm32f407xx.o
                0x0000000008000000                g_pfnVectors
                0x0000000008000188                . = ALIGN (0x4)

.text           0x0000000008000190     0x4780
                0x0000000008000190                . = ALIGN (0x4)
 *(.text)
 .text          0x0000000008000190       0x10 c:/vscodeproject/software/arm_gcc/bin/../lib/gcc/arm-none-eabi/9.2.1/../../../../arm-none-eabi/lib/thumb/v7e-m+fp/hard\libc_nano.a(lib_a-strlen.o)
                0x0000000008000190                strlen
 .text          0x00000000080001a0       0xa0 c:/vscodeproject/software/arm_gcc/bin/../lib/gcc/arm-none-eabi/9.2.1/../../../../arm-none-eabi/lib/thumb/v7e-m+fp/hard\libc_nano.a(lib_a-memchr.o)
                0x00000000080001a0                memchr
 .text          0x0000000008000240       0x30 c:/vscodeproject/software/arm_gcc/bin/../lib/gcc/arm-none-eabi/9.2.1/thumb/v7e-m+fp/hard\libgcc.a(_aeabi_uldivmod.o)
                0x0000000008000240                __aeabi_uldivmod
 .text          0x0000000008000270        0x4 c:/vscodeproject/software/arm_gcc/bin/../lib/gcc/arm-none-eabi/9.2.1/thumb/v7e-m+fp/hard\libgcc.a(_dvmd_tls.o)
                0x0000000008000270                __aeabi_idiv0
                0x0000000008000270                __aeabi_ldiv0
 *(.text*)
 .text.__do_global_dtors_aux
                0x0000000008000274       0x24 c:/vscodeproject/software/arm_gcc/bin/../lib/gcc/arm-none-eabi/9.2.1/thumb/v7e-m+fp/hard/crtbegin.o
 .text.frame_dummy
                0x0000000008000298       0x1c c:/vscodeproject/software/arm_gcc/bin/../lib/gcc/arm-none-eabi/9.2.1/thumb/v7e-m+fp/hard/crtbegin.o
 .text.Error_Handler
                0x00000000080002b4        0x4 build/main.o
                0x00000000080002b4                Error_Handler
 .text.SystemClock_Config
                0x00000000080002b8       0xa0 build/main.o
                0x00000000080002b8                SystemClock_Config
 .text.main     0x0000000008000358       0xf4 build/main.o
                0x0000000008000358                main
 .text.NMI_Handler
                0x000000000800044c        0x2 build/stm32f4xx_it.o
                0x000000000800044c                NMI_Handler
 .text.HardFault_Handler
                0x000000000800044e        0x2 build/stm32f4xx_it.o
                0x000000000800044e                HardFault_Handler
 .text.MemManage_Handler
                0x0000000008000450        0x2 build/stm32f4xx_it.o
                0x0000000008000450                MemManage_Handler
 .text.BusFault_Handler
                0x0000000008000452        0x2 build/stm32f4xx_it.o
                0x0000000008000452                BusFault_Handler
 .text.UsageFault_Handler
                0x0000000008000454        0x2 build/stm32f4xx_it.o
                0x0000000008000454                UsageFault_Handler
 .text.SVC_Handler
                0x0000000008000456        0x2 build/stm32f4xx_it.o
                0x0000000008000456                SVC_Handler
 .text.DebugMon_Handler
                0x0000000008000458        0x2 build/stm32f4xx_it.o
                0x0000000008000458                DebugMon_Handler
 .text.PendSV_Handler
                0x000000000800045a        0x2 build/stm32f4xx_it.o
                0x000000000800045a                PendSV_Handler
 .text.SysTick_Handler
                0x000000000800045c        0x8 build/stm32f4xx_it.o
                0x000000000800045c                SysTick_Handler
 .text.TIM4_IRQHandler
                0x0000000008000464       0x10 build/stm32f4xx_it.o
                0x0000000008000464                TIM4_IRQHandler
 .text.USART1_IRQHandler
                0x0000000008000474       0x10 build/stm32f4xx_it.o
                0x0000000008000474                USART1_IRQHandler
 .text.USART2_IRQHandler
                0x0000000008000484       0x10 build/stm32f4xx_it.o
                0x0000000008000484                USART2_IRQHandler
 .text.HAL_MspInit
                0x0000000008000494       0x38 build/stm32f4xx_hal_msp.o
                0x0000000008000494                HAL_MspInit
 .text.TIM_OC1_SetConfig
                0x00000000080004cc       0x68 build/stm32f4xx_hal_tim.o
 .text.TIM_OC3_SetConfig
                0x0000000008000534       0x70 build/stm32f4xx_hal_tim.o
 .text.TIM_OC4_SetConfig
                0x00000000080005a4       0x50 build/stm32f4xx_hal_tim.o
 .text.TIM_TI1_ConfigInputStage
                0x00000000080005f4       0x24 build/stm32f4xx_hal_tim.o
 .text.TIM_TI2_ConfigInputStage
                0x0000000008000618       0x26 build/stm32f4xx_hal_tim.o
 .text.TIM_ITRx_SetConfig
                0x000000000800063e       0x10 build/stm32f4xx_hal_tim.o
 *fill*         0x000000000800064e        0x2 
 .text.HAL_TIM_Base_Start_IT
                0x0000000008000650       0x88 build/stm32f4xx_hal_tim.o
                0x0000000008000650                HAL_TIM_Base_Start_IT
 .text.HAL_TIM_Base_Stop_IT
                0x00000000080006d8       0x32 build/stm32f4xx_hal_tim.o
                0x00000000080006d8                HAL_TIM_Base_Stop_IT
 .text.HAL_TIM_OC_DelayElapsedCallback
                0x000000000800070a        0x2 build/stm32f4xx_hal_tim.o
                0x000000000800070a                HAL_TIM_OC_DelayElapsedCallback
 .text.HAL_TIM_IC_CaptureCallback
                0x000000000800070c        0x2 build/stm32f4xx_hal_tim.o
                0x000000000800070c                HAL_TIM_IC_CaptureCallback
 .text.HAL_TIM_PWM_PulseFinishedCallback
                0x000000000800070e        0x2 build/stm32f4xx_hal_tim.o
                0x000000000800070e                HAL_TIM_PWM_PulseFinishedCallback
 .text.HAL_TIM_TriggerCallback
                0x0000000008000710        0x2 build/stm32f4xx_hal_tim.o
                0x0000000008000710                HAL_TIM_TriggerCallback
 .text.HAL_TIM_IRQHandler
                0x0000000008000712      0x17a build/stm32f4xx_hal_tim.o
                0x0000000008000712                HAL_TIM_IRQHandler
 .text.TIM_Base_SetConfig
                0x000000000800088c       0xc8 build/stm32f4xx_hal_tim.o
                0x000000000800088c                TIM_Base_SetConfig
 .text.HAL_TIM_Base_Init
                0x0000000008000954       0x58 build/stm32f4xx_hal_tim.o
                0x0000000008000954                HAL_TIM_Base_Init
 .text.HAL_TIM_PWM_Init
                0x00000000080009ac       0x58 build/stm32f4xx_hal_tim.o
                0x00000000080009ac                HAL_TIM_PWM_Init
 .text.TIM_OC2_SetConfig
                0x0000000008000a04       0x70 build/stm32f4xx_hal_tim.o
                0x0000000008000a04                TIM_OC2_SetConfig
 .text.HAL_TIM_PWM_ConfigChannel
                0x0000000008000a74       0xd0 build/stm32f4xx_hal_tim.o
                0x0000000008000a74                HAL_TIM_PWM_ConfigChannel
 .text.TIM_ETR_SetConfig
                0x0000000008000b44       0x18 build/stm32f4xx_hal_tim.o
                0x0000000008000b44                TIM_ETR_SetConfig
 .text.HAL_TIM_ConfigClockSource
                0x0000000008000b5c       0xda build/stm32f4xx_hal_tim.o
                0x0000000008000b5c                HAL_TIM_ConfigClockSource
 .text.TIM_CCxChannelCmd
                0x0000000008000c36       0x24 build/stm32f4xx_hal_tim.o
                0x0000000008000c36                TIM_CCxChannelCmd
 *fill*         0x0000000008000c5a        0x2 
 .text.HAL_TIM_PWM_Start
                0x0000000008000c5c      0x104 build/stm32f4xx_hal_tim.o
                0x0000000008000c5c                HAL_TIM_PWM_Start
 .text.HAL_TIM_PWM_Stop
                0x0000000008000d60       0x8c build/stm32f4xx_hal_tim.o
                0x0000000008000d60                HAL_TIM_PWM_Stop
 .text.HAL_TIMEx_MasterConfigSynchronization
                0x0000000008000dec       0x88 build/stm32f4xx_hal_tim_ex.o
                0x0000000008000dec                HAL_TIMEx_MasterConfigSynchronization
 .text.HAL_TIMEx_CommutCallback
                0x0000000008000e74        0x2 build/stm32f4xx_hal_tim_ex.o
                0x0000000008000e74                HAL_TIMEx_CommutCallback
 .text.HAL_TIMEx_BreakCallback
                0x0000000008000e76        0x2 build/stm32f4xx_hal_tim_ex.o
                0x0000000008000e76                HAL_TIMEx_BreakCallback
 .text.HAL_RCC_OscConfig
                0x0000000008000e78      0x3f8 build/stm32f4xx_hal_rcc.o
                0x0000000008000e78                HAL_RCC_OscConfig
 .text.HAL_RCC_GetSysClockFreq
                0x0000000008001270       0xcc build/stm32f4xx_hal_rcc.o
                0x0000000008001270                HAL_RCC_GetSysClockFreq
 .text.HAL_RCC_ClockConfig
                0x000000000800133c      0x160 build/stm32f4xx_hal_rcc.o
                0x000000000800133c                HAL_RCC_ClockConfig
 .text.HAL_RCC_GetHCLKFreq
                0x000000000800149c        0xc build/stm32f4xx_hal_rcc.o
                0x000000000800149c                HAL_RCC_GetHCLKFreq
 .text.HAL_RCC_GetPCLK1Freq
                0x00000000080014a8       0x20 build/stm32f4xx_hal_rcc.o
                0x00000000080014a8                HAL_RCC_GetPCLK1Freq
 .text.HAL_RCC_GetPCLK2Freq
                0x00000000080014c8       0x20 build/stm32f4xx_hal_rcc.o
                0x00000000080014c8                HAL_RCC_GetPCLK2Freq
 .text.HAL_GPIO_Init
                0x00000000080014e8      0x1d4 build/stm32f4xx_hal_gpio.o
                0x00000000080014e8                HAL_GPIO_Init
 .text.HAL_GPIO_WritePin
                0x00000000080016bc        0xc build/stm32f4xx_hal_gpio.o
                0x00000000080016bc                HAL_GPIO_WritePin
 .text.HAL_DMA_Abort
                0x00000000080016c8       0x94 build/stm32f4xx_hal_dma.o
                0x00000000080016c8                HAL_DMA_Abort
 .text.HAL_DMA_Abort_IT
                0x000000000800175c       0x26 build/stm32f4xx_hal_dma.o
                0x000000000800175c                HAL_DMA_Abort_IT
 *fill*         0x0000000008001782        0x2 
 .text.HAL_NVIC_SetPriorityGrouping
                0x0000000008001784       0x24 build/stm32f4xx_hal_cortex.o
                0x0000000008001784                HAL_NVIC_SetPriorityGrouping
 .text.HAL_NVIC_SetPriority
                0x00000000080017a8       0x68 build/stm32f4xx_hal_cortex.o
                0x00000000080017a8                HAL_NVIC_SetPriority
 .text.HAL_NVIC_EnableIRQ
                0x0000000008001810       0x1c build/stm32f4xx_hal_cortex.o
                0x0000000008001810                HAL_NVIC_EnableIRQ
 .text.HAL_SYSTICK_Config
                0x000000000800182c       0x2c build/stm32f4xx_hal_cortex.o
                0x000000000800182c                HAL_SYSTICK_Config
 .text.HAL_InitTick
                0x0000000008001858       0x4c build/stm32f4xx_hal.o
                0x0000000008001858                HAL_InitTick
 .text.HAL_Init
                0x00000000080018a4       0x34 build/stm32f4xx_hal.o
                0x00000000080018a4                HAL_Init
 .text.HAL_IncTick
                0x00000000080018d8       0x18 build/stm32f4xx_hal.o
                0x00000000080018d8                HAL_IncTick
 .text.HAL_GetTick
                0x00000000080018f0        0xc build/stm32f4xx_hal.o
                0x00000000080018f0                HAL_GetTick
 .text.HAL_Delay
                0x00000000080018fc       0x28 build/stm32f4xx_hal.o
                0x00000000080018fc                HAL_Delay
 .text.UART_EndRxTransfer
                0x0000000008001924       0x32 build/stm32f4xx_hal_uart.o
 .text.UART_Transmit_IT
                0x0000000008001956       0x60 build/stm32f4xx_hal_uart.o
 *fill*         0x00000000080019b6        0x2 
 .text.UART_SetConfig
                0x00000000080019b8      0x11c build/stm32f4xx_hal_uart.o
 .text.UART_WaitOnFlagUntilTimeout
                0x0000000008001ad4       0x68 build/stm32f4xx_hal_uart.o
 .text.HAL_UART_Init
                0x0000000008001b3c       0x5e build/stm32f4xx_hal_uart.o
                0x0000000008001b3c                HAL_UART_Init
 .text.HAL_UART_Transmit
                0x0000000008001b9a       0xd8 build/stm32f4xx_hal_uart.o
                0x0000000008001b9a                HAL_UART_Transmit
 .text.HAL_UART_Transmit_IT
                0x0000000008001c72       0x48 build/stm32f4xx_hal_uart.o
                0x0000000008001c72                HAL_UART_Transmit_IT
 .text.UART_EndTransmit_IT
                0x0000000008001cba       0x1a build/stm32f4xx_hal_uart.o
 .text.HAL_UART_ErrorCallback
                0x0000000008001cd4        0x2 build/stm32f4xx_hal_uart.o
                0x0000000008001cd4                HAL_UART_ErrorCallback
 .text.UART_DMAAbortOnError
                0x0000000008001cd6       0x10 build/stm32f4xx_hal_uart.o
 .text.HAL_UART_AbortTransmitCpltCallback
                0x0000000008001ce6        0x2 build/stm32f4xx_hal_uart.o
                0x0000000008001ce6                HAL_UART_AbortTransmitCpltCallback
 .text.HAL_UART_AbortTransmit_IT
                0x0000000008001ce8       0x60 build/stm32f4xx_hal_uart.o
                0x0000000008001ce8                HAL_UART_AbortTransmit_IT
 .text.UART_DMATxOnlyAbortCallback
                0x0000000008001d48       0x14 build/stm32f4xx_hal_uart.o
 .text.HAL_UART_AbortReceiveCpltCallback
                0x0000000008001d5c        0x2 build/stm32f4xx_hal_uart.o
                0x0000000008001d5c                HAL_UART_AbortReceiveCpltCallback
 *fill*         0x0000000008001d5e        0x2 
 .text.HAL_UART_AbortReceive_IT
                0x0000000008001d60       0x84 build/stm32f4xx_hal_uart.o
                0x0000000008001d60                HAL_UART_AbortReceive_IT
 .text.UART_DMARxOnlyAbortCallback
                0x0000000008001de4       0x16 build/stm32f4xx_hal_uart.o
 .text.HAL_UARTEx_RxEventCallback
                0x0000000008001dfa        0x2 build/stm32f4xx_hal_uart.o
                0x0000000008001dfa                HAL_UARTEx_RxEventCallback
 .text.UART_Receive_IT
                0x0000000008001dfc       0xba build/stm32f4xx_hal_uart.o
 *fill*         0x0000000008001eb6        0x2 
 .text.HAL_UART_IRQHandler
                0x0000000008001eb8      0x208 build/stm32f4xx_hal_uart.o
                0x0000000008001eb8                HAL_UART_IRQHandler
 .text.UART_Start_Receive_IT
                0x00000000080020c0       0x36 build/stm32f4xx_hal_uart.o
                0x00000000080020c0                UART_Start_Receive_IT
 .text.HAL_UART_Receive_IT
                0x00000000080020f6       0x38 build/stm32f4xx_hal_uart.o
                0x00000000080020f6                HAL_UART_Receive_IT
 *fill*         0x000000000800212e        0x2 
 .text.SystemInit
                0x0000000008002130       0x14 build/system_stm32f4xx.o
                0x0000000008002130                SystemInit
 .text.eMBFuncReadCoils
                0x0000000008002144       0x74 build/mbfunccoils.o
                0x0000000008002144                eMBFuncReadCoils
 .text.eMBFuncWriteCoil
                0x00000000080021b8       0x60 build/mbfunccoils.o
                0x00000000080021b8                eMBFuncWriteCoil
 .text.eMBFuncWriteMultipleCoils
                0x0000000008002218       0x64 build/mbfunccoils.o
                0x0000000008002218                eMBFuncWriteMultipleCoils
 .text.eMBFuncReadDiscreteInputs
                0x000000000800227c       0x72 build/mbfuncdisc.o
                0x000000000800227c                eMBFuncReadDiscreteInputs
 .text.eMBFuncWriteHoldingRegister
                0x00000000080022ee       0x2c build/mbfuncholding.o
                0x00000000080022ee                eMBFuncWriteHoldingRegister
 .text.eMBFuncWriteMultipleHoldingRegister
                0x000000000800231a       0x52 build/mbfuncholding.o
                0x000000000800231a                eMBFuncWriteMultipleHoldingRegister
 .text.eMBFuncReadHoldingRegister
                0x000000000800236c       0x64 build/mbfuncholding.o
                0x000000000800236c                eMBFuncReadHoldingRegister
 .text.eMBFuncReadWriteMultipleHoldingRegister
                0x00000000080023d0       0xa4 build/mbfuncholding.o
                0x00000000080023d0                eMBFuncReadWriteMultipleHoldingRegister
 .text.eMBFuncReadInputRegister
                0x0000000008002474       0x64 build/mbfuncinput.o
                0x0000000008002474                eMBFuncReadInputRegister
 .text.eMBFuncReportSlaveID
                0x00000000080024d8       0x24 build/mbfuncother.o
                0x00000000080024d8                eMBFuncReportSlaveID
 .text.xMBUtilSetBits
                0x00000000080024fc       0x40 build/mbutils.o
                0x00000000080024fc                xMBUtilSetBits
 .text.xMBUtilGetBits
                0x000000000800253c       0x28 build/mbutils.o
                0x000000000800253c                xMBUtilGetBits
 .text.prveMBError2Exception
                0x0000000008002564       0x18 build/mbutils.o
                0x0000000008002564                prveMBError2Exception
 .text.xMBPortEventInit
                0x000000000800257c       0x10 build/portevent.o
                0x000000000800257c                xMBPortEventInit
 .text.xMBPortEventPost
                0x000000000800258c       0x18 build/portevent.o
                0x000000000800258c                xMBPortEventPost
 .text.xMBPortEventGet
                0x00000000080025a4       0x20 build/portevent.o
                0x00000000080025a4                xMBPortEventGet
 .text.xMBPortSerialInit
                0x00000000080025c4        0xc build/portserial.o
                0x00000000080025c4                xMBPortSerialInit
 .text.vMBPortSerialEnable
                0x00000000080025d0       0x3c build/portserial.o
                0x00000000080025d0                vMBPortSerialEnable
 .text.xMBPortSerialPutBytes
                0x000000000800260c       0x18 build/portserial.o
                0x000000000800260c                xMBPortSerialPutBytes
 .text.xMBPortSerialGetByte
                0x0000000008002624       0x10 build/portserial.o
                0x0000000008002624                xMBPortSerialGetByte
 .text.HAL_UART_RxCpltCallback
                0x0000000008002634       0x30 build/portserial.o
                0x0000000008002634                HAL_UART_RxCpltCallback
 .text.HAL_UART_TxCpltCallback
                0x0000000008002664       0x20 build/portserial.o
                0x0000000008002664                HAL_UART_TxCpltCallback
 .text.xMBPortTimersInit
                0x0000000008002684       0x14 build/porttimer.o
                0x0000000008002684                xMBPortTimersInit
 .text.vMBPortTimersEnable
                0x0000000008002698       0x1c build/porttimer.o
                0x0000000008002698                vMBPortTimersEnable
 .text.vMBPortTimersDisable
                0x00000000080026b4       0x10 build/porttimer.o
                0x00000000080026b4                vMBPortTimersDisable
 .text.HAL_TIM_PeriodElapsedCallback
                0x00000000080026c4       0x38 build/porttimer.o
                0x00000000080026c4                HAL_TIM_PeriodElapsedCallback
 .text.__critical_enter
                0x00000000080026fc       0x10 build/portcritical.o
                0x00000000080026fc                __critical_enter
 .text.__critical_exit
                0x000000000800270c       0x14 build/portcritical.o
                0x000000000800270c                __critical_exit
 .text.usMBCRC16
                0x0000000008002720       0x30 build/mbcrc.o
                0x0000000008002720                usMBCRC16
 .text.eMBRTUInit
                0x0000000008002750       0x50 build/mbrtu.o
                0x0000000008002750                eMBRTUInit
 .text.eMBRTUStart
                0x00000000080027a0       0x20 build/mbrtu.o
                0x00000000080027a0                eMBRTUStart
 .text.eMBRTUStop
                0x00000000080027c0       0x18 build/mbrtu.o
                0x00000000080027c0                eMBRTUStop
 .text.eMBRTUReceive
                0x00000000080027d8       0x54 build/mbrtu.o
                0x00000000080027d8                eMBRTUReceive
 .text.eMBRTUSend
                0x000000000800282c       0x94 build/mbrtu.o
                0x000000000800282c                eMBRTUSend
 .text.xMBRTUReceiveFSM
                0x00000000080028c0       0x8c build/mbrtu.o
                0x00000000080028c0                xMBRTUReceiveFSM
 .text.xMBRTUTransmitFSM
                0x000000000800294c       0x60 build/mbrtu.o
                0x000000000800294c                xMBRTUTransmitFSM
 .text.xMBRTUTimerT35Expired
                0x00000000080029ac       0x38 build/mbrtu.o
                0x00000000080029ac                xMBRTUTimerT35Expired
 .text.eMBInit  0x00000000080029e4       0xb4 build/mb.o
                0x00000000080029e4                eMBInit
 .text.eMBEnable
                0x0000000008002a98       0x24 build/mb.o
                0x0000000008002a98                eMBEnable
 .text.eMBPoll  0x0000000008002abc      0x100 build/mb.o
                0x0000000008002abc                eMBPoll
 .text.eMBRegInputCB
                0x0000000008002bbc       0x48 build/user_mb_app.o
                0x0000000008002bbc                eMBRegInputCB
 .text.eMBRegHoldingCB
                0x0000000008002c04       0x7c build/user_mb_app.o
                0x0000000008002c04                eMBRegHoldingCB
 .text.eMBRegCoilsCB
                0x0000000008002c80       0xbc build/user_mb_app.o
                0x0000000008002c80                eMBRegCoilsCB
 .text.eMBRegDiscreteCB
                0x0000000008002d3c       0x70 build/user_mb_app.o
                0x0000000008002d3c                eMBRegDiscreteCB
 .text.dataTransmit
                0x0000000008002dac       0x2c build/ReceiveTransmit.o
                0x0000000008002dac                dataTransmit
 .text.MX_GPIO_Init
                0x0000000008002dd8       0x80 build/gpio.o
                0x0000000008002dd8                MX_GPIO_Init
 .text.MX_TIM4_Init
                0x0000000008002e58       0x6c build/tim.o
                0x0000000008002e58                MX_TIM4_Init
 .text.HAL_TIM_PWM_MspInit
                0x0000000008002ec4       0x2c build/tim.o
                0x0000000008002ec4                HAL_TIM_PWM_MspInit
 .text.HAL_TIM_Base_MspInit
                0x0000000008002ef0       0x40 build/tim.o
                0x0000000008002ef0                HAL_TIM_Base_MspInit
 .text.HAL_TIM_MspPostInit
                0x0000000008002f30       0x58 build/tim.o
                0x0000000008002f30                HAL_TIM_MspPostInit
 .text.MX_TIM2_Init
                0x0000000008002f88       0x84 build/tim.o
                0x0000000008002f88                MX_TIM2_Init
 .text.MX_USART1_UART_Init
                0x000000000800300c       0x34 build/usart.o
                0x000000000800300c                MX_USART1_UART_Init
 .text.MX_USART2_UART_Init
                0x0000000008003040       0x34 build/usart.o
                0x0000000008003040                MX_USART2_UART_Init
 .text.HAL_UART_MspInit
                0x0000000008003074       0xe4 build/usart.o
                0x0000000008003074                HAL_UART_MspInit
 .text.MX_SPI1_Init
                0x0000000008003158       0x40 build/spi.o
                0x0000000008003158                MX_SPI1_Init
 .text.HAL_SPI_MspInit
                0x0000000008003198       0x70 build/spi.o
                0x0000000008003198                HAL_SPI_MspInit
 .text.SPI_WaitFlagStateUntilTimeout
                0x0000000008003208       0xd0 build/stm32f4xx_hal_spi.o
 .text.SPI_EndRxTxTransaction
                0x00000000080032d8       0x68 build/stm32f4xx_hal_spi.o
 .text.HAL_SPI_Init
                0x0000000008003340       0xbe build/stm32f4xx_hal_spi.o
                0x0000000008003340                HAL_SPI_Init
 .text.HAL_SPI_TransmitReceive
                0x00000000080033fe      0x238 build/stm32f4xx_hal_spi.o
                0x00000000080033fe                HAL_SPI_TransmitReceive
 *fill*         0x0000000008003636        0x2 
 .text.W25qxx_Spi
                0x0000000008003638       0x2c build/w25qxx.o
                0x0000000008003638                W25qxx_Spi
 .text.W25qxx_ReadID
                0x0000000008003664       0x4c build/w25qxx.o
                0x0000000008003664                W25qxx_ReadID
 .text.W25qxx_WriteEnable
                0x00000000080036b0       0x30 build/w25qxx.o
                0x00000000080036b0                W25qxx_WriteEnable
 .text.W25qxx_WaitForWriteEnd
                0x00000000080036e0       0x4c build/w25qxx.o
                0x00000000080036e0                W25qxx_WaitForWriteEnd
 .text.W25qxx_Init
                0x000000000800372c      0x424 build/w25qxx.o
                0x000000000800372c                W25qxx_Init
 .text.W25qxx_EraseSector
                0x0000000008003b50       0x8c build/w25qxx.o
                0x0000000008003b50                W25qxx_EraseSector
 .text.W25qxx_WriteByte
                0x0000000008003bdc       0x88 build/w25qxx.o
                0x0000000008003bdc                W25qxx_WriteByte
 .text.W25qxx_ReadByte
                0x0000000008003c64       0x84 build/w25qxx.o
                0x0000000008003c64                W25qxx_ReadByte
 .text.Reset_Handler
                0x0000000008003ce8       0x50 build/startup_stm32f407xx.o
                0x0000000008003ce8                Reset_Handler
 .text.Default_Handler
                0x0000000008003d38        0x2 build/startup_stm32f407xx.o
                0x0000000008003d38                RTC_Alarm_IRQHandler
                0x0000000008003d38                HASH_RNG_IRQHandler
                0x0000000008003d38                EXTI2_IRQHandler
                0x0000000008003d38                TIM8_CC_IRQHandler
                0x0000000008003d38                TIM1_CC_IRQHandler
                0x0000000008003d38                DMA2_Stream5_IRQHandler
                0x0000000008003d38                DMA1_Stream5_IRQHandler
                0x0000000008003d38                PVD_IRQHandler
                0x0000000008003d38                SDIO_IRQHandler
                0x0000000008003d38                TAMP_STAMP_IRQHandler
                0x0000000008003d38                CAN2_RX1_IRQHandler
                0x0000000008003d38                EXTI3_IRQHandler
                0x0000000008003d38                TIM8_TRG_COM_TIM14_IRQHandler
                0x0000000008003d38                TIM1_UP_TIM10_IRQHandler
                0x0000000008003d38                TIM8_UP_TIM13_IRQHandler
                0x0000000008003d38                I2C3_ER_IRQHandler
                0x0000000008003d38                EXTI0_IRQHandler
                0x0000000008003d38                I2C2_EV_IRQHandler
                0x0000000008003d38                DMA1_Stream2_IRQHandler
                0x0000000008003d38                CAN1_RX0_IRQHandler
                0x0000000008003d38                FPU_IRQHandler
                0x0000000008003d38                OTG_HS_WKUP_IRQHandler
                0x0000000008003d38                CAN2_SCE_IRQHandler
                0x0000000008003d38                DMA2_Stream2_IRQHandler
                0x0000000008003d38                SPI1_IRQHandler
                0x0000000008003d38                TIM6_DAC_IRQHandler
                0x0000000008003d38                TIM1_BRK_TIM9_IRQHandler
                0x0000000008003d38                DCMI_IRQHandler
                0x0000000008003d38                CAN2_RX0_IRQHandler
                0x0000000008003d38                DMA2_Stream3_IRQHandler
                0x0000000008003d38                USART6_IRQHandler
                0x0000000008003d38                USART3_IRQHandler
                0x0000000008003d38                CAN1_RX1_IRQHandler
                0x0000000008003d38                UART5_IRQHandler
                0x0000000008003d38                DMA2_Stream0_IRQHandler
                0x0000000008003d38                I2C1_EV_IRQHandler
                0x0000000008003d38                DMA1_Stream6_IRQHandler
                0x0000000008003d38                DMA1_Stream1_IRQHandler
                0x0000000008003d38                UART4_IRQHandler
                0x0000000008003d38                TIM3_IRQHandler
                0x0000000008003d38                RCC_IRQHandler
                0x0000000008003d38                TIM8_BRK_TIM12_IRQHandler
                0x0000000008003d38                Default_Handler
                0x0000000008003d38                EXTI15_10_IRQHandler
                0x0000000008003d38                ADC_IRQHandler
                0x0000000008003d38                DMA1_Stream7_IRQHandler
                0x0000000008003d38                TIM7_IRQHandler
                0x0000000008003d38                CAN2_TX_IRQHandler
                0x0000000008003d38                TIM5_IRQHandler
                0x0000000008003d38                DMA2_Stream7_IRQHandler
                0x0000000008003d38                I2C3_EV_IRQHandler
                0x0000000008003d38                EXTI9_5_IRQHandler
                0x0000000008003d38                RTC_WKUP_IRQHandler
                0x0000000008003d38                ETH_WKUP_IRQHandler
                0x0000000008003d38                SPI2_IRQHandler
                0x0000000008003d38                OTG_HS_EP1_IN_IRQHandler
                0x0000000008003d38                DMA1_Stream0_IRQHandler
                0x0000000008003d38                CAN1_TX_IRQHandler
                0x0000000008003d38                EXTI4_IRQHandler
                0x0000000008003d38                FSMC_IRQHandler
                0x0000000008003d38                ETH_IRQHandler
                0x0000000008003d38                OTG_HS_EP1_OUT_IRQHandler
                0x0000000008003d38                WWDG_IRQHandler
                0x0000000008003d38                TIM2_IRQHandler
                0x0000000008003d38                OTG_FS_WKUP_IRQHandler
                0x0000000008003d38                TIM1_TRG_COM_TIM11_IRQHandler
                0x0000000008003d38                OTG_HS_IRQHandler
                0x0000000008003d38                EXTI1_IRQHandler
                0x0000000008003d38                I2C2_ER_IRQHandler
                0x0000000008003d38                DMA2_Stream1_IRQHandler
                0x0000000008003d38                CAN1_SCE_IRQHandler
                0x0000000008003d38                FLASH_IRQHandler
                0x0000000008003d38                DMA2_Stream4_IRQHandler
                0x0000000008003d38                OTG_FS_IRQHandler
                0x0000000008003d38                SPI3_IRQHandler
                0x0000000008003d38                DMA1_Stream4_IRQHandler
                0x0000000008003d38                I2C1_ER_IRQHandler
                0x0000000008003d38                DMA2_Stream6_IRQHandler
                0x0000000008003d38                DMA1_Stream3_IRQHandler
 *fill*         0x0000000008003d3a        0x2 
 .text.__libc_init_array
                0x0000000008003d3c       0x48 c:/vscodeproject/software/arm_gcc/bin/../lib/gcc/arm-none-eabi/9.2.1/../../../../arm-none-eabi/lib/thumb/v7e-m+fp/hard\libc_nano.a(lib_a-init.o)
                0x0000000008003d3c                __libc_init_array
 .text.memcpy   0x0000000008003d84       0x1c c:/vscodeproject/software/arm_gcc/bin/../lib/gcc/arm-none-eabi/9.2.1/../../../../arm-none-eabi/lib/thumb/v7e-m+fp/hard\libc_nano.a(lib_a-memcpy-stub.o)
                0x0000000008003d84                memcpy
 .text.memset   0x0000000008003da0       0x10 c:/vscodeproject/software/arm_gcc/bin/../lib/gcc/arm-none-eabi/9.2.1/../../../../arm-none-eabi/lib/thumb/v7e-m+fp/hard\libc_nano.a(lib_a-memset.o)
                0x0000000008003da0                memset
 .text.snprintf
                0x0000000008003db0       0x68 c:/vscodeproject/software/arm_gcc/bin/../lib/gcc/arm-none-eabi/9.2.1/../../../../arm-none-eabi/lib/thumb/v7e-m+fp/hard\libc_nano.a(lib_a-snprintf.o)
                0x0000000008003db0                sniprintf
                0x0000000008003db0                snprintf
 .text.__ssputs_r
                0x0000000008003e18       0xb6 c:/vscodeproject/software/arm_gcc/bin/../lib/gcc/arm-none-eabi/9.2.1/../../../../arm-none-eabi/lib/thumb/v7e-m+fp/hard\libc_nano.a(lib_a-nano-svfprintf.o)
                0x0000000008003e18                __ssputs_r
 *fill*         0x0000000008003ece        0x2 
 .text._svfprintf_r
                0x0000000008003ed0      0x200 c:/vscodeproject/software/arm_gcc/bin/../lib/gcc/arm-none-eabi/9.2.1/../../../../arm-none-eabi/lib/thumb/v7e-m+fp/hard\libc_nano.a(lib_a-nano-svfprintf.o)
                0x0000000008003ed0                _svfiprintf_r
                0x0000000008003ed0                _svfprintf_r
 .text._printf_common
                0x00000000080040d0       0xda c:/vscodeproject/software/arm_gcc/bin/../lib/gcc/arm-none-eabi/9.2.1/../../../../arm-none-eabi/lib/thumb/v7e-m+fp/hard\libc_nano.a(lib_a-nano-vfprintf_i.o)
                0x00000000080040d0                _printf_common
 *fill*         0x00000000080041aa        0x2 
 .text._printf_i
                0x00000000080041ac      0x24c c:/vscodeproject/software/arm_gcc/bin/../lib/gcc/arm-none-eabi/9.2.1/../../../../arm-none-eabi/lib/thumb/v7e-m+fp/hard\libc_nano.a(lib_a-nano-vfprintf_i.o)
                0x00000000080041ac                _printf_i
 .text.memmove  0x00000000080043f8       0x34 c:/vscodeproject/software/arm_gcc/bin/../lib/gcc/arm-none-eabi/9.2.1/../../../../arm-none-eabi/lib/thumb/v7e-m+fp/hard\libc_nano.a(lib_a-memmove.o)
                0x00000000080043f8                memmove
 .text._free_r  0x000000000800442c       0xa0 c:/vscodeproject/software/arm_gcc/bin/../lib/gcc/arm-none-eabi/9.2.1/../../../../arm-none-eabi/lib/thumb/v7e-m+fp/hard\libc_nano.a(lib_a-nano-freer.o)
                0x000000000800442c                _free_r
 .text._malloc_r
                0x00000000080044cc       0xb4 c:/vscodeproject/software/arm_gcc/bin/../lib/gcc/arm-none-eabi/9.2.1/../../../../arm-none-eabi/lib/thumb/v7e-m+fp/hard\libc_nano.a(lib_a-nano-mallocr.o)
                0x00000000080044cc                _malloc_r
 .text._realloc_r
                0x0000000008004580       0x4c c:/vscodeproject/software/arm_gcc/bin/../lib/gcc/arm-none-eabi/9.2.1/../../../../arm-none-eabi/lib/thumb/v7e-m+fp/hard\libc_nano.a(lib_a-nano-reallocr.o)
                0x0000000008004580                _realloc_r
 .text._sbrk_r  0x00000000080045cc       0x20 c:/vscodeproject/software/arm_gcc/bin/../lib/gcc/arm-none-eabi/9.2.1/../../../../arm-none-eabi/lib/thumb/v7e-m+fp/hard\libc_nano.a(lib_a-sbrkr.o)
                0x00000000080045cc                _sbrk_r
 .text.__malloc_lock
                0x00000000080045ec        0xc c:/vscodeproject/software/arm_gcc/bin/../lib/gcc/arm-none-eabi/9.2.1/../../../../arm-none-eabi/lib/thumb/v7e-m+fp/hard\libc_nano.a(lib_a-mlock.o)
                0x00000000080045ec                __malloc_lock
 .text.__malloc_unlock
                0x00000000080045f8        0xc c:/vscodeproject/software/arm_gcc/bin/../lib/gcc/arm-none-eabi/9.2.1/../../../../arm-none-eabi/lib/thumb/v7e-m+fp/hard\libc_nano.a(lib_a-mlock.o)
                0x00000000080045f8                __malloc_unlock
 .text._malloc_usable_size_r
                0x0000000008004604       0x10 c:/vscodeproject/software/arm_gcc/bin/../lib/gcc/arm-none-eabi/9.2.1/../../../../arm-none-eabi/lib/thumb/v7e-m+fp/hard\libc_nano.a(lib_a-nano-msizer.o)
                0x0000000008004604                _malloc_usable_size_r
 .text.__retarget_lock_acquire_recursive
                0x0000000008004614        0x2 c:/vscodeproject/software/arm_gcc/bin/../lib/gcc/arm-none-eabi/9.2.1/../../../../arm-none-eabi/lib/thumb/v7e-m+fp/hard\libc_nano.a(lib_a-lock.o)
                0x0000000008004614                __retarget_lock_acquire_recursive
 .text.__retarget_lock_release_recursive
                0x0000000008004616        0x2 c:/vscodeproject/software/arm_gcc/bin/../lib/gcc/arm-none-eabi/9.2.1/../../../../arm-none-eabi/lib/thumb/v7e-m+fp/hard\libc_nano.a(lib_a-lock.o)
                0x0000000008004616                __retarget_lock_release_recursive
 .text._sbrk    0x0000000008004618       0x1c c:/vscodeproject/software/arm_gcc/bin/../lib/gcc/arm-none-eabi/9.2.1/../../../../arm-none-eabi/lib/thumb/v7e-m+fp/hard\libnosys.a(sbrk.o)
                0x0000000008004618                _sbrk
 .text.__udivmoddi4
                0x0000000008004634      0x2c4 c:/vscodeproject/software/arm_gcc/bin/../lib/gcc/arm-none-eabi/9.2.1/thumb/v7e-m+fp/hard\libgcc.a(_udivmoddi4.o)
                0x0000000008004634                __udivmoddi4
 *(.glue_7)
 .glue_7        0x00000000080048f8        0x0 linker stubs
 *(.glue_7t)
 .glue_7t       0x00000000080048f8        0x0 linker stubs
 *(.eh_frame)
 .eh_frame      0x00000000080048f8        0x0 c:/vscodeproject/software/arm_gcc/bin/../lib/gcc/arm-none-eabi/9.2.1/thumb/v7e-m+fp/hard/crtbegin.o
 *(.init)
 .init          0x00000000080048f8        0x4 c:/vscodeproject/software/arm_gcc/bin/../lib/gcc/arm-none-eabi/9.2.1/thumb/v7e-m+fp/hard/crti.o
                0x00000000080048f8                _init
 .init          0x00000000080048fc        0x8 c:/vscodeproject/software/arm_gcc/bin/../lib/gcc/arm-none-eabi/9.2.1/thumb/v7e-m+fp/hard/crtn.o
 *(.fini)
 .fini          0x0000000008004904        0x4 c:/vscodeproject/software/arm_gcc/bin/../lib/gcc/arm-none-eabi/9.2.1/thumb/v7e-m+fp/hard/crti.o
                0x0000000008004904                _fini
 .fini          0x0000000008004908        0x8 c:/vscodeproject/software/arm_gcc/bin/../lib/gcc/arm-none-eabi/9.2.1/thumb/v7e-m+fp/hard/crtn.o
                0x0000000008004910                . = ALIGN (0x4)
                0x0000000008004910                _etext = .

.vfp11_veneer   0x0000000008004910        0x0
 .vfp11_veneer  0x0000000008004910        0x0 linker stubs

.v4_bx          0x0000000008004910        0x0
 .v4_bx         0x0000000008004910        0x0 linker stubs

.iplt           0x0000000008004910        0x0
 .iplt          0x0000000008004910        0x0 c:/vscodeproject/software/arm_gcc/bin/../lib/gcc/arm-none-eabi/9.2.1/thumb/v7e-m+fp/hard/crtbegin.o

.rodata         0x0000000008004910      0x42c
                0x0000000008004910                . = ALIGN (0x4)
 *(.rodata)
 *(.rodata*)
 .rodata.AHBPrescTable
                0x0000000008004910       0x10 build/system_stm32f4xx.o
                0x0000000008004910                AHBPrescTable
 .rodata.APBPrescTable
                0x0000000008004920        0x8 build/system_stm32f4xx.o
                0x0000000008004920                APBPrescTable
 .rodata.aucCRCHi
                0x0000000008004928      0x100 build/mbcrc.o
 .rodata.aucCRCLo
                0x0000000008004a28      0x100 build/mbcrc.o
 .rodata.W25qxx_Init.str1.4
                0x0000000008004b28      0x1df build/w25qxx.o
 .rodata._svfprintf_r.str1.1
                0x0000000008004d07       0x11 c:/vscodeproject/software/arm_gcc/bin/../lib/gcc/arm-none-eabi/9.2.1/../../../../arm-none-eabi/lib/thumb/v7e-m+fp/hard\libc_nano.a(lib_a-nano-svfprintf.o)
 .rodata._printf_i.str1.1
                0x0000000008004d18       0x22 c:/vscodeproject/software/arm_gcc/bin/../lib/gcc/arm-none-eabi/9.2.1/../../../../arm-none-eabi/lib/thumb/v7e-m+fp/hard\libc_nano.a(lib_a-nano-vfprintf_i.o)
                0x0000000008004d3c                . = ALIGN (0x4)
 *fill*         0x0000000008004d3a        0x2 

.ARM.extab
 *(.ARM.extab* .gnu.linkonce.armextab.*)

.ARM            0x0000000008004d3c        0x8
                0x0000000008004d3c                __exidx_start = .
 *(.ARM.exidx*)
 .ARM.exidx.text.__udivmoddi4
                0x0000000008004d3c        0x8 c:/vscodeproject/software/arm_gcc/bin/../lib/gcc/arm-none-eabi/9.2.1/thumb/v7e-m+fp/hard\libgcc.a(_udivmoddi4.o)
                0x0000000008004d44                __exidx_end = .

.rel.dyn        0x0000000008004d44        0x0
 .rel.iplt      0x0000000008004d44        0x0 c:/vscodeproject/software/arm_gcc/bin/../lib/gcc/arm-none-eabi/9.2.1/thumb/v7e-m+fp/hard/crtbegin.o

.preinit_array  0x0000000008004d44        0x0
                0x0000000008004d44                PROVIDE (__preinit_array_start = .)
 *(.preinit_array*)
                0x0000000008004d44                PROVIDE (__preinit_array_end = .)

.init_array     0x0000000008004d44        0x4
                0x0000000008004d44                PROVIDE (__init_array_start = .)
 *(SORT_BY_NAME(.init_array.*))
 *(.init_array*)
 .init_array    0x0000000008004d44        0x4 c:/vscodeproject/software/arm_gcc/bin/../lib/gcc/arm-none-eabi/9.2.1/thumb/v7e-m+fp/hard/crtbegin.o
                0x0000000008004d48                PROVIDE (__init_array_end = .)

.fini_array     0x0000000008004d48        0x4
                [!provide]                        PROVIDE (__fini_array_start = .)
 *(SORT_BY_NAME(.fini_array.*))
 *(.fini_array*)
 .fini_array    0x0000000008004d48        0x4 c:/vscodeproject/software/arm_gcc/bin/../lib/gcc/arm-none-eabi/9.2.1/thumb/v7e-m+fp/hard/crtbegin.o
                [!provide]                        PROVIDE (__fini_array_end = .)
                0x0000000008004d4c                _sidata = LOADADDR (.data)

.data           0x0000000020000000       0xf4 load address 0x0000000008004d4c
                0x0000000020000000                . = ALIGN (0x4)
                0x0000000020000000                _sdata = .
 *(.data)
 *(.data*)
 .data.uwTickFreq
                0x0000000020000000        0x1 build/stm32f4xx_hal.o
                0x0000000020000000                uwTickFreq
 *fill*         0x0000000020000001        0x3 
 .data.uwTickPrio
                0x0000000020000004        0x4 build/stm32f4xx_hal.o
                0x0000000020000004                uwTickPrio
 .data.SystemCoreClock
                0x0000000020000008        0x4 build/system_stm32f4xx.o
                0x0000000020000008                SystemCoreClock
 .data.eMBState
                0x000000002000000c        0x1 build/mb.o
 *fill*         0x000000002000000d        0x3 
 .data.xFuncHandlers
                0x0000000020000010       0x80 build/mb.o
 .data._impure_ptr
                0x0000000020000090        0x4 c:/vscodeproject/software/arm_gcc/bin/../lib/gcc/arm-none-eabi/9.2.1/../../../../arm-none-eabi/lib/thumb/v7e-m+fp/hard\libc_nano.a(lib_a-impure.o)
                0x0000000020000090                _impure_ptr
 .data.impure_data
                0x0000000020000094       0x60 c:/vscodeproject/software/arm_gcc/bin/../lib/gcc/arm-none-eabi/9.2.1/../../../../arm-none-eabi/lib/thumb/v7e-m+fp/hard\libc_nano.a(lib_a-impure.o)
                0x00000000200000f4                . = ALIGN (0x4)
                0x00000000200000f4                _edata = .
                0x0000000008004e40                _siccmram = LOADADDR (.ccmram)

.igot.plt       0x00000000200000f4        0x0 load address 0x0000000008004e40
 .igot.plt      0x00000000200000f4        0x0 c:/vscodeproject/software/arm_gcc/bin/../lib/gcc/arm-none-eabi/9.2.1/thumb/v7e-m+fp/hard/crtbegin.o

.ccmram         0x0000000010000000        0x0 load address 0x0000000008004e40
                0x0000000010000000                . = ALIGN (0x4)
                0x0000000010000000                _sccmram = .
 *(.ccmram)
 *(.ccmram*)
                0x0000000010000000                . = ALIGN (0x4)
                0x0000000010000000                _eccmram = .
                0x0000000010000000                . = ALIGN (0x4)

.bss            0x00000000200000f4      0x3d0
                0x00000000200000f4                _sbss = .
                0x00000000200000f4                __bss_start__ = _sbss
 *(.bss)
 *(.bss*)
 .bss.completed.10274
                0x00000000200000f4        0x1 c:/vscodeproject/software/arm_gcc/bin/../lib/gcc/arm-none-eabi/9.2.1/thumb/v7e-m+fp/hard/crtbegin.o
 *fill*         0x00000000200000f5        0x3 
 .bss.object.10279
                0x00000000200000f8       0x18 c:/vscodeproject/software/arm_gcc/bin/../lib/gcc/arm-none-eabi/9.2.1/thumb/v7e-m+fp/hard/crtbegin.o
 .bss.ucMBSlaveID
                0x0000000020000110       0x20 build/mbfuncother.o
 .bss.usMBSlaveIDLen
                0x0000000020000130        0x2 build/mbfuncother.o
 .bss.eQueuedEvent
                0x0000000020000132        0x1 build/portevent.o
 .bss.xEventInQueue
                0x0000000020000133        0x1 build/portevent.o
 .bss.singlechar
                0x0000000020000134        0x1 build/portserial.o
 *fill*         0x0000000020000135        0x1 
 .bss.counter   0x0000000020000136        0x2 build/porttimer.o
                0x0000000020000136                counter
 .bss.timeout   0x0000000020000138        0x2 build/porttimer.o
 *fill*         0x000000002000013a        0x2 
 .bss.lock_count
                0x000000002000013c        0x4 build/portcritical.o
 .bss.eRcvState
                0x0000000020000140        0x1 build/mbrtu.o
 .bss.eSndState
                0x0000000020000141        0x1 build/mbrtu.o
 *fill*         0x0000000020000142        0x2 
 .bss.pucSndBufferCur
                0x0000000020000144        0x4 build/mbrtu.o
 .bss.usRcvBufferPos
                0x0000000020000148        0x2 build/mbrtu.o
 .bss.usSndBufferCount
                0x000000002000014a        0x2 build/mbrtu.o
 .bss.eException.9573
                0x000000002000014c        0x1 build/mb.o
 *fill*         0x000000002000014d        0x3 
 .bss.peMBFrameReceiveCur
                0x0000000020000150        0x4 build/mb.o
 .bss.peMBFrameSendCur
                0x0000000020000154        0x4 build/mb.o
 .bss.pvMBFrameCloseCur
                0x0000000020000158        0x4 build/mb.o
 .bss.pvMBFrameStartCur
                0x000000002000015c        0x4 build/mb.o
 .bss.pvMBFrameStopCur
                0x0000000020000160        0x4 build/mb.o
 .bss.ucFunctionCode.9571
                0x0000000020000164        0x1 build/mb.o
 .bss.ucMBAddress
                0x0000000020000165        0x1 build/mb.o
 *fill*         0x0000000020000166        0x2 
 .bss.ucMBFrame.9569
                0x0000000020000168        0x4 build/mb.o
 .bss.ucRcvAddress.9570
                0x000000002000016c        0x1 build/mb.o
 *fill*         0x000000002000016d        0x1 
 .bss.usLength.9572
                0x000000002000016e        0x2 build/mb.o
 .bss.usSCoilStart
                0x0000000020000170        0x2 build/user_mb_app.o
                0x0000000020000170                usSCoilStart
 .bss.usSDiscInStart
                0x0000000020000172        0x2 build/user_mb_app.o
                0x0000000020000172                usSDiscInStart
 .bss.usSRegHoldStart
                0x0000000020000174        0x2 build/user_mb_app.o
                0x0000000020000174                usSRegHoldStart
 .bss.usSRegInStart
                0x0000000020000176        0x2 build/user_mb_app.o
                0x0000000020000176                usSRegInStart
 .bss.tmpe      0x0000000020000178        0x4 build/ReceiveTransmit.o
                0x0000000020000178                tmpe
 .bss.buf       0x000000002000017c       0x40 build/w25qxx.o
                0x000000002000017c                buf
 .bss.__malloc_free_list
                0x00000000200001bc        0x4 c:/vscodeproject/software/arm_gcc/bin/../lib/gcc/arm-none-eabi/9.2.1/../../../../arm-none-eabi/lib/thumb/v7e-m+fp/hard\libc_nano.a(lib_a-nano-mallocr.o)
                0x00000000200001bc                __malloc_free_list
 .bss.__malloc_sbrk_start
                0x00000000200001c0        0x4 c:/vscodeproject/software/arm_gcc/bin/../lib/gcc/arm-none-eabi/9.2.1/../../../../arm-none-eabi/lib/thumb/v7e-m+fp/hard\libc_nano.a(lib_a-nano-mallocr.o)
                0x00000000200001c0                __malloc_sbrk_start
 .bss.heap_end.5507
                0x00000000200001c4        0x4 c:/vscodeproject/software/arm_gcc/bin/../lib/gcc/arm-none-eabi/9.2.1/../../../../arm-none-eabi/lib/thumb/v7e-m+fp/hard\libnosys.a(sbrk.o)
 *(COMMON)
 COMMON         0x00000000200001c8        0x4 build/stm32f4xx_hal.o
                0x00000000200001c8                uwTick
 COMMON         0x00000000200001cc        0x4 build/portserial.o
                0x00000000200001cc                uart
 COMMON         0x00000000200001d0        0x5 build/porttimer.o
                0x00000000200001d0                tim
                0x00000000200001d4                var
 *fill*         0x00000000200001d5        0x3 
 COMMON         0x00000000200001d8      0x100 build/mbrtu.o
                0x00000000200001d8                ucRTUBuf
 COMMON         0x00000000200002d8       0x14 build/mb.o
                0x00000000200002d8                pxMBFrameCBTransmitterEmpty
                0x00000000200002dc                pxMBPortCBTimerExpired
                0x00000000200002e0                pxMBFrameCBByteReceived
                0x00000000200002e4                pxMBFrameCBTransmitFSMCur
                0x00000000200002e8                pxMBFrameCBReceiveFSMCur
 COMMON         0x00000000200002ec       0x30 build/user_mb_app.o
                0x00000000200002ec                ucSCoilBuf
                0x00000000200002f0                ucSDiscInBuf
                0x00000000200002f4                usSRegHoldBuf
                0x0000000020000308                usSRegInBuf
 COMMON         0x000000002000031c       0x90 build/tim.o
                0x000000002000031c                htim4
                0x0000000020000364                htim2
 COMMON         0x00000000200003ac       0x88 build/usart.o
                0x00000000200003ac                huart1
                0x00000000200003f0                huart2
 COMMON         0x0000000020000434       0x58 build/spi.o
                0x0000000020000434                hspi1
 COMMON         0x000000002000048c       0x28 build/w25qxx.o
                0x000000002000048c                w25qxx
 COMMON         0x00000000200004b4        0x4 c:/vscodeproject/software/arm_gcc/bin/../lib/gcc/arm-none-eabi/9.2.1/../../../../arm-none-eabi/lib/thumb/v7e-m+fp/hard\libc_nano.a(lib_a-reent.o)
                0x00000000200004b4                errno
 COMMON         0x00000000200004b8        0x9 c:/vscodeproject/software/arm_gcc/bin/../lib/gcc/arm-none-eabi/9.2.1/../../../../arm-none-eabi/lib/thumb/v7e-m+fp/hard\libc_nano.a(lib_a-lock.o)
                0x00000000200004b8                __lock___atexit_recursive_mutex
                0x00000000200004b9                __lock___arc4random_mutex
                0x00000000200004ba                __lock___env_recursive_mutex
                0x00000000200004bb                __lock___sinit_recursive_mutex
                0x00000000200004bc                __lock___malloc_recursive_mutex
                0x00000000200004bd                __lock___at_quick_exit_mutex
                0x00000000200004be                __lock___dd_hash_mutex
                0x00000000200004bf                __lock___tz_mutex
                0x00000000200004c0                __lock___sfp_recursive_mutex
                0x00000000200004c4                . = ALIGN (0x4)
 *fill*         0x00000000200004c1        0x3 
                0x00000000200004c4                _ebss = .
                0x00000000200004c4                __bss_end__ = _ebss

._user_heap_stack
                0x00000000200004c4      0x604
                0x00000000200004c8                . = ALIGN (0x8)
 *fill*         0x00000000200004c4        0x4 
                0x00000000200004c8                PROVIDE (end = .)
                [!provide]                        PROVIDE (_end = .)
                0x00000000200006c8                . = (. + _Min_Heap_Size)
 *fill*         0x00000000200004c8      0x200 
                0x0000000020000ac8                . = (. + _Min_Stack_Size)
 *fill*         0x00000000200006c8      0x400 
                0x0000000020000ac8                . = ALIGN (0x8)

/DISCARD/
 libc.a(*)
 libm.a(*)
 libgcc.a(*)

.ARM.attributes
                0x0000000000000000       0x30
 *(.ARM.attributes)
 .ARM.attributes
                0x0000000000000000       0x1e c:/vscodeproject/software/arm_gcc/bin/../lib/gcc/arm-none-eabi/9.2.1/thumb/v7e-m+fp/hard/crti.o
 .ARM.attributes
                0x000000000000001e       0x34 c:/vscodeproject/software/arm_gcc/bin/../lib/gcc/arm-none-eabi/9.2.1/thumb/v7e-m+fp/hard/crtbegin.o
 .ARM.attributes
                0x0000000000000052       0x34 build/main.o
 .ARM.attributes
                0x0000000000000086       0x34 build/stm32f4xx_it.o
 .ARM.attributes
                0x00000000000000ba       0x34 build/stm32f4xx_hal_msp.o
 .ARM.attributes
                0x00000000000000ee       0x34 build/stm32f4xx_hal_tim.o
 .ARM.attributes
                0x0000000000000122       0x34 build/stm32f4xx_hal_tim_ex.o
 .ARM.attributes
                0x0000000000000156       0x34 build/stm32f4xx_hal_rcc.o
 .ARM.attributes
                0x000000000000018a       0x34 build/stm32f4xx_hal_gpio.o
 .ARM.attributes
                0x00000000000001be       0x34 build/stm32f4xx_hal_dma.o
 .ARM.attributes
                0x00000000000001f2       0x34 build/stm32f4xx_hal_cortex.o
 .ARM.attributes
                0x0000000000000226       0x34 build/stm32f4xx_hal.o
 .ARM.attributes
                0x000000000000025a       0x34 build/stm32f4xx_hal_uart.o
 .ARM.attributes
                0x000000000000028e       0x34 build/system_stm32f4xx.o
 .ARM.attributes
                0x00000000000002c2       0x34 build/mbfunccoils.o
 .ARM.attributes
                0x00000000000002f6       0x34 build/mbfuncdisc.o
 .ARM.attributes
                0x000000000000032a       0x34 build/mbfuncholding.o
 .ARM.attributes
                0x000000000000035e       0x34 build/mbfuncinput.o
 .ARM.attributes
                0x0000000000000392       0x34 build/mbfuncother.o
 .ARM.attributes
                0x00000000000003c6       0x34 build/mbutils.o
 .ARM.attributes
                0x00000000000003fa       0x34 build/portevent.o
 .ARM.attributes
                0x000000000000042e       0x34 build/portserial.o
 .ARM.attributes
                0x0000000000000462       0x34 build/porttimer.o
 .ARM.attributes
                0x0000000000000496       0x34 build/portcritical.o
 .ARM.attributes
                0x00000000000004ca       0x34 build/mbcrc.o
 .ARM.attributes
                0x00000000000004fe       0x34 build/mbrtu.o
 .ARM.attributes
                0x0000000000000532       0x34 build/mb.o
 .ARM.attributes
                0x0000000000000566       0x34 build/user_mb_app.o
 .ARM.attributes
                0x000000000000059a       0x34 build/ReceiveTransmit.o
 .ARM.attributes
                0x00000000000005ce       0x34 build/gpio.o
 .ARM.attributes
                0x0000000000000602       0x34 build/tim.o
 .ARM.attributes
                0x0000000000000636       0x34 build/usart.o
 .ARM.attributes
                0x000000000000066a       0x34 build/spi.o
 .ARM.attributes
                0x000000000000069e       0x34 build/stm32f4xx_hal_spi.o
 .ARM.attributes
                0x00000000000006d2       0x34 build/w25qxx.o
 .ARM.attributes
                0x0000000000000706       0x21 build/startup_stm32f407xx.o
 .ARM.attributes
                0x0000000000000727       0x32 c:/vscodeproject/software/arm_gcc/bin/../lib/gcc/arm-none-eabi/9.2.1/../../../../arm-none-eabi/lib/thumb/v7e-m+fp/hard\libc_nano.a(lib_a-impure.o)
 .ARM.attributes
                0x0000000000000759       0x34 c:/vscodeproject/software/arm_gcc/bin/../lib/gcc/arm-none-eabi/9.2.1/../../../../arm-none-eabi/lib/thumb/v7e-m+fp/hard\libc_nano.a(lib_a-init.o)
 .ARM.attributes
                0x000000000000078d       0x34 c:/vscodeproject/software/arm_gcc/bin/../lib/gcc/arm-none-eabi/9.2.1/../../../../arm-none-eabi/lib/thumb/v7e-m+fp/hard\libc_nano.a(lib_a-memcpy-stub.o)
 .ARM.attributes
                0x00000000000007c1       0x34 c:/vscodeproject/software/arm_gcc/bin/../lib/gcc/arm-none-eabi/9.2.1/../../../../arm-none-eabi/lib/thumb/v7e-m+fp/hard\libc_nano.a(lib_a-memset.o)
 .ARM.attributes
                0x00000000000007f5       0x34 c:/vscodeproject/software/arm_gcc/bin/../lib/gcc/arm-none-eabi/9.2.1/../../../../arm-none-eabi/lib/thumb/v7e-m+fp/hard\libc_nano.a(lib_a-snprintf.o)
 .ARM.attributes
                0x0000000000000829       0x17 c:/vscodeproject/software/arm_gcc/bin/../lib/gcc/arm-none-eabi/9.2.1/../../../../arm-none-eabi/lib/thumb/v7e-m+fp/hard\libc_nano.a(lib_a-strlen.o)
 .ARM.attributes
                0x0000000000000840       0x34 c:/vscodeproject/software/arm_gcc/bin/../lib/gcc/arm-none-eabi/9.2.1/../../../../arm-none-eabi/lib/thumb/v7e-m+fp/hard\libc_nano.a(lib_a-nano-svfprintf.o)
 .ARM.attributes
                0x0000000000000874       0x34 c:/vscodeproject/software/arm_gcc/bin/../lib/gcc/arm-none-eabi/9.2.1/../../../../arm-none-eabi/lib/thumb/v7e-m+fp/hard\libc_nano.a(lib_a-nano-vfprintf_i.o)
 .ARM.attributes
                0x00000000000008a8       0x1c c:/vscodeproject/software/arm_gcc/bin/../lib/gcc/arm-none-eabi/9.2.1/../../../../arm-none-eabi/lib/thumb/v7e-m+fp/hard\libc_nano.a(lib_a-memchr.o)
 .ARM.attributes
                0x00000000000008c4       0x34 c:/vscodeproject/software/arm_gcc/bin/../lib/gcc/arm-none-eabi/9.2.1/../../../../arm-none-eabi/lib/thumb/v7e-m+fp/hard\libc_nano.a(lib_a-memmove.o)
 .ARM.attributes
                0x00000000000008f8       0x34 c:/vscodeproject/software/arm_gcc/bin/../lib/gcc/arm-none-eabi/9.2.1/../../../../arm-none-eabi/lib/thumb/v7e-m+fp/hard\libc_nano.a(lib_a-nano-freer.o)
 .ARM.attributes
                0x000000000000092c       0x34 c:/vscodeproject/software/arm_gcc/bin/../lib/gcc/arm-none-eabi/9.2.1/../../../../arm-none-eabi/lib/thumb/v7e-m+fp/hard\libc_nano.a(lib_a-nano-mallocr.o)
 .ARM.attributes
                0x0000000000000960       0x34 c:/vscodeproject/software/arm_gcc/bin/../lib/gcc/arm-none-eabi/9.2.1/../../../../arm-none-eabi/lib/thumb/v7e-m+fp/hard\libc_nano.a(lib_a-nano-reallocr.o)
 .ARM.attributes
                0x0000000000000994       0x34 c:/vscodeproject/software/arm_gcc/bin/../lib/gcc/arm-none-eabi/9.2.1/../../../../arm-none-eabi/lib/thumb/v7e-m+fp/hard\libc_nano.a(lib_a-sbrkr.o)
 .ARM.attributes
                0x00000000000009c8       0x34 c:/vscodeproject/software/arm_gcc/bin/../lib/gcc/arm-none-eabi/9.2.1/../../../../arm-none-eabi/lib/thumb/v7e-m+fp/hard\libc_nano.a(lib_a-mlock.o)
 .ARM.attributes
                0x00000000000009fc       0x34 c:/vscodeproject/software/arm_gcc/bin/../lib/gcc/arm-none-eabi/9.2.1/../../../../arm-none-eabi/lib/thumb/v7e-m+fp/hard\libc_nano.a(lib_a-nano-msizer.o)
 .ARM.attributes
                0x0000000000000a30       0x34 c:/vscodeproject/software/arm_gcc/bin/../lib/gcc/arm-none-eabi/9.2.1/../../../../arm-none-eabi/lib/thumb/v7e-m+fp/hard\libc_nano.a(lib_a-reent.o)
 .ARM.attributes
                0x0000000000000a64       0x34 c:/vscodeproject/software/arm_gcc/bin/../lib/gcc/arm-none-eabi/9.2.1/../../../../arm-none-eabi/lib/thumb/v7e-m+fp/hard\libc_nano.a(lib_a-lock.o)
 .ARM.attributes
                0x0000000000000a98       0x34 c:/vscodeproject/software/arm_gcc/bin/../lib/gcc/arm-none-eabi/9.2.1/../../../../arm-none-eabi/lib/thumb/v7e-m+fp/hard\libnosys.a(sbrk.o)
 .ARM.attributes
                0x0000000000000acc       0x1e c:/vscodeproject/software/arm_gcc/bin/../lib/gcc/arm-none-eabi/9.2.1/thumb/v7e-m+fp/hard\libgcc.a(_aeabi_uldivmod.o)
 .ARM.attributes
                0x0000000000000aea       0x34 c:/vscodeproject/software/arm_gcc/bin/../lib/gcc/arm-none-eabi/9.2.1/thumb/v7e-m+fp/hard\libgcc.a(_udivmoddi4.o)
 .ARM.attributes
                0x0000000000000b1e       0x1e c:/vscodeproject/software/arm_gcc/bin/../lib/gcc/arm-none-eabi/9.2.1/thumb/v7e-m+fp/hard\libgcc.a(_dvmd_tls.o)
 .ARM.attributes
                0x0000000000000b3c       0x1e c:/vscodeproject/software/arm_gcc/bin/../lib/gcc/arm-none-eabi/9.2.1/thumb/v7e-m+fp/hard/crtn.o
OUTPUT(build/studyMCU_407.elf elf32-littlearm)

.debug_info     0x0000000000000000    0x223c9
 .debug_info    0x0000000000000000     0x20d5 build/main.o
 .debug_info    0x00000000000020d5      0xbfc build/stm32f4xx_it.o
 .debug_info    0x0000000000002cd1      0x3e5 build/stm32f4xx_hal_msp.o
 .debug_info    0x00000000000030b6     0x3f02 build/stm32f4xx_hal_tim.o
 .debug_info    0x0000000000006fb8     0x1cbb build/stm32f4xx_hal_tim_ex.o
 .debug_info    0x0000000000008c73      0xc44 build/stm32f4xx_hal_rcc.o
 .debug_info    0x00000000000098b7      0x92a build/stm32f4xx_hal_gpio.o
 .debug_info    0x000000000000a1e1      0xc8b build/stm32f4xx_hal_dma.o
 .debug_info    0x000000000000ae6c     0x123e build/stm32f4xx_hal_cortex.o
 .debug_info    0x000000000000c0aa      0xb5e build/stm32f4xx_hal.o
 .debug_info    0x000000000000cc08     0x1f4e build/stm32f4xx_hal_uart.o
 .debug_info    0x000000000000eb56      0x63c build/system_stm32f4xx.o
 .debug_info    0x000000000000f192      0xf34 build/mbfunccoils.o
 .debug_info    0x00000000000100c6      0xd65 build/mbfuncdisc.o
 .debug_info    0x0000000000010e2b     0x1019 build/mbfuncholding.o
 .debug_info    0x0000000000011e44      0xd57 build/mbfuncinput.o
 .debug_info    0x0000000000012b9b      0xdc7 build/mbfuncother.o
 .debug_info    0x0000000000013962      0xe1b build/mbutils.o
 .debug_info    0x000000000001477d      0x2f2 build/portevent.o
 .debug_info    0x0000000000014a6f      0xa2d build/portserial.o
 .debug_info    0x000000000001549c      0x9d6 build/porttimer.o
 .debug_info    0x0000000000015e72      0x214 build/portcritical.o
 .debug_info    0x0000000000016086      0x28d build/mbcrc.o
 .debug_info    0x0000000000016313     0x1210 build/mbrtu.o
 .debug_info    0x0000000000017523     0x1218 build/mb.o
 .debug_info    0x000000000001873b      0x78a build/user_mb_app.o
 .debug_info    0x0000000000018ec5      0xca8 build/ReceiveTransmit.o
 .debug_info    0x0000000000019b6d      0x5bc build/gpio.o
 .debug_info    0x000000000001a129     0x123b build/tim.o
 .debug_info    0x000000000001b364      0xf44 build/usart.o
 .debug_info    0x000000000001c2a8      0xbf9 build/spi.o
 .debug_info    0x000000000001cea1     0x20e8 build/stm32f4xx_hal_spi.o
 .debug_info    0x000000000001ef89     0x341e build/w25qxx.o
 .debug_info    0x00000000000223a7       0x22 build/startup_stm32f407xx.o

.debug_abbrev   0x0000000000000000     0x4a93
 .debug_abbrev  0x0000000000000000      0x325 build/main.o
 .debug_abbrev  0x0000000000000325      0x1aa build/stm32f4xx_it.o
 .debug_abbrev  0x00000000000004cf      0x11c build/stm32f4xx_hal_msp.o
 .debug_abbrev  0x00000000000005eb      0x2af build/stm32f4xx_hal_tim.o
 .debug_abbrev  0x000000000000089a      0x2ab build/stm32f4xx_hal_tim_ex.o
 .debug_abbrev  0x0000000000000b45      0x2cd build/stm32f4xx_hal_rcc.o
 .debug_abbrev  0x0000000000000e12      0x258 build/stm32f4xx_hal_gpio.o
 .debug_abbrev  0x000000000000106a      0x312 build/stm32f4xx_hal_dma.o
 .debug_abbrev  0x000000000000137c      0x3a8 build/stm32f4xx_hal_cortex.o
 .debug_abbrev  0x0000000000001724      0x21c build/stm32f4xx_hal.o
 .debug_abbrev  0x0000000000001940      0x318 build/stm32f4xx_hal_uart.o
 .debug_abbrev  0x0000000000001c58      0x14a build/system_stm32f4xx.o
 .debug_abbrev  0x0000000000001da2      0x264 build/mbfunccoils.o
 .debug_abbrev  0x0000000000002006      0x253 build/mbfuncdisc.o
 .debug_abbrev  0x0000000000002259      0x25e build/mbfuncholding.o
 .debug_abbrev  0x00000000000024b7      0x253 build/mbfuncinput.o
 .debug_abbrev  0x000000000000270a      0x241 build/mbfuncother.o
 .debug_abbrev  0x000000000000294b      0x250 build/mbutils.o
 .debug_abbrev  0x0000000000002b9b      0x122 build/portevent.o
 .debug_abbrev  0x0000000000002cbd      0x237 build/portserial.o
 .debug_abbrev  0x0000000000002ef4      0x220 build/porttimer.o
 .debug_abbrev  0x0000000000003114       0xf1 build/portcritical.o
 .debug_abbrev  0x0000000000003205       0xfd build/mbcrc.o
 .debug_abbrev  0x0000000000003302      0x2cd build/mbrtu.o
 .debug_abbrev  0x00000000000035cf      0x300 build/mb.o
 .debug_abbrev  0x00000000000038cf      0x162 build/user_mb_app.o
 .debug_abbrev  0x0000000000003a31      0x249 build/ReceiveTransmit.o
 .debug_abbrev  0x0000000000003c7a      0x17e build/gpio.o
 .debug_abbrev  0x0000000000003df8      0x243 build/tim.o
 .debug_abbrev  0x000000000000403b      0x1fa build/usart.o
 .debug_abbrev  0x0000000000004235      0x1f1 build/spi.o
 .debug_abbrev  0x0000000000004426      0x2d2 build/stm32f4xx_hal_spi.o
 .debug_abbrev  0x00000000000046f8      0x389 build/w25qxx.o
 .debug_abbrev  0x0000000000004a81       0x12 build/startup_stm32f407xx.o

.debug_loc      0x0000000000000000    0x127f8
 .debug_loc     0x0000000000000000       0xa4 build/main.o
 .debug_loc     0x00000000000000a4       0x80 build/stm32f4xx_it.o
 .debug_loc     0x0000000000000124       0x2c build/stm32f4xx_hal_msp.o
 .debug_loc     0x0000000000000150     0x52a7 build/stm32f4xx_hal_tim.o
 .debug_loc     0x00000000000053f7     0x1f68 build/stm32f4xx_hal_tim_ex.o
 .debug_loc     0x000000000000735f      0x6c7 build/stm32f4xx_hal_rcc.o
 .debug_loc     0x0000000000007a26      0x5db build/stm32f4xx_hal_gpio.o
 .debug_loc     0x0000000000008001      0xd6d build/stm32f4xx_hal_dma.o
 .debug_loc     0x0000000000008d6e      0x7d4 build/stm32f4xx_hal_cortex.o
 .debug_loc     0x0000000000009542      0x1e1 build/stm32f4xx_hal.o
 .debug_loc     0x0000000000009723     0x265b build/stm32f4xx_hal_uart.o
 .debug_loc     0x000000000000bd7e      0x16c build/system_stm32f4xx.o
 .debug_loc     0x000000000000beea      0x6d6 build/mbfunccoils.o
 .debug_loc     0x000000000000c5c0      0x289 build/mbfuncdisc.o
 .debug_loc     0x000000000000c849      0x809 build/mbfuncholding.o
 .debug_loc     0x000000000000d052      0x1d8 build/mbfuncinput.o
 .debug_loc     0x000000000000d22a      0x220 build/mbfuncother.o
 .debug_loc     0x000000000000d44a      0x37a build/mbutils.o
 .debug_loc     0x000000000000d7c4       0x89 build/portevent.o
 .debug_loc     0x000000000000d84d      0x2a5 build/portserial.o
 .debug_loc     0x000000000000daf2       0xc8 build/porttimer.o
 .debug_loc     0x000000000000dbba      0x103 build/mbcrc.o
 .debug_loc     0x000000000000dcbd      0x469 build/mbrtu.o
 .debug_loc     0x000000000000e126      0x459 build/mb.o
 .debug_loc     0x000000000000e57f      0x7e8 build/user_mb_app.o
 .debug_loc     0x000000000000ed67       0x74 build/ReceiveTransmit.o
 .debug_loc     0x000000000000eddb       0x38 build/gpio.o
 .debug_loc     0x000000000000ee13      0x1f9 build/tim.o
 .debug_loc     0x000000000000f00c      0x162 build/usart.o
 .debug_loc     0x000000000000f16e      0x108 build/spi.o
 .debug_loc     0x000000000000f276     0x24e5 build/stm32f4xx_hal_spi.o
 .debug_loc     0x000000000001175b     0x109d build/w25qxx.o

.debug_aranges  0x0000000000000000     0x11f0
 .debug_aranges
                0x0000000000000000       0x30 build/main.o
 .debug_aranges
                0x0000000000000030       0x78 build/stm32f4xx_it.o
 .debug_aranges
                0x00000000000000a8       0x20 build/stm32f4xx_hal_msp.o
 .debug_aranges
                0x00000000000000c8      0x3d0 build/stm32f4xx_hal_tim.o
 .debug_aranges
                0x0000000000000498      0x168 build/stm32f4xx_hal_tim_ex.o
 .debug_aranges
                0x0000000000000600       0x88 build/stm32f4xx_hal_rcc.o
 .debug_aranges
                0x0000000000000688       0x58 build/stm32f4xx_hal_gpio.o
 .debug_aranges
                0x00000000000006e0       0x90 build/stm32f4xx_hal_dma.o
 .debug_aranges
                0x0000000000000770       0xa8 build/stm32f4xx_hal_cortex.o
 .debug_aranges
                0x0000000000000818       0xf0 build/stm32f4xx_hal.o
 .debug_aranges
                0x0000000000000908      0x200 build/stm32f4xx_hal_uart.o
 .debug_aranges
                0x0000000000000b08       0x28 build/system_stm32f4xx.o
 .debug_aranges
                0x0000000000000b30       0x30 build/mbfunccoils.o
 .debug_aranges
                0x0000000000000b60       0x20 build/mbfuncdisc.o
 .debug_aranges
                0x0000000000000b80       0x38 build/mbfuncholding.o
 .debug_aranges
                0x0000000000000bb8       0x20 build/mbfuncinput.o
 .debug_aranges
                0x0000000000000bd8       0x28 build/mbfuncother.o
 .debug_aranges
                0x0000000000000c00       0x30 build/mbutils.o
 .debug_aranges
                0x0000000000000c30       0x30 build/portevent.o
 .debug_aranges
                0x0000000000000c60       0x58 build/portserial.o
 .debug_aranges
                0x0000000000000cb8       0x38 build/porttimer.o
 .debug_aranges
                0x0000000000000cf0       0x28 build/portcritical.o
 .debug_aranges
                0x0000000000000d18       0x20 build/mbcrc.o
 .debug_aranges
                0x0000000000000d38       0x58 build/mbrtu.o
 .debug_aranges
                0x0000000000000d90       0x48 build/mb.o
 .debug_aranges
                0x0000000000000dd8       0x38 build/user_mb_app.o
 .debug_aranges
                0x0000000000000e10       0x28 build/ReceiveTransmit.o
 .debug_aranges
                0x0000000000000e38       0x20 build/gpio.o
 .debug_aranges
                0x0000000000000e58       0x50 build/tim.o
 .debug_aranges
                0x0000000000000ea8       0x38 build/usart.o
 .debug_aranges
                0x0000000000000ee0       0x30 build/spi.o
 .debug_aranges
                0x0000000000000f10      0x1d0 build/stm32f4xx_hal_spi.o
 .debug_aranges
                0x00000000000010e0       0xe8 build/w25qxx.o
 .debug_aranges
                0x00000000000011c8       0x28 build/startup_stm32f407xx.o

.debug_ranges   0x0000000000000000     0x10d8
 .debug_ranges  0x0000000000000000       0x20 build/main.o
 .debug_ranges  0x0000000000000020       0x68 build/stm32f4xx_it.o
 .debug_ranges  0x0000000000000088       0x10 build/stm32f4xx_hal_msp.o
 .debug_ranges  0x0000000000000098      0x3c0 build/stm32f4xx_hal_tim.o
 .debug_ranges  0x0000000000000458      0x158 build/stm32f4xx_hal_tim_ex.o
 .debug_ranges  0x00000000000005b0       0x90 build/stm32f4xx_hal_rcc.o
 .debug_ranges  0x0000000000000640       0x48 build/stm32f4xx_hal_gpio.o
 .debug_ranges  0x0000000000000688       0x80 build/stm32f4xx_hal_dma.o
 .debug_ranges  0x0000000000000708       0xf8 build/stm32f4xx_hal_cortex.o
 .debug_ranges  0x0000000000000800       0xe0 build/stm32f4xx_hal.o
 .debug_ranges  0x00000000000008e0      0x1f0 build/stm32f4xx_hal_uart.o
 .debug_ranges  0x0000000000000ad0       0x18 build/system_stm32f4xx.o
 .debug_ranges  0x0000000000000ae8       0x20 build/mbfunccoils.o
 .debug_ranges  0x0000000000000b08       0x10 build/mbfuncdisc.o
 .debug_ranges  0x0000000000000b18       0x28 build/mbfuncholding.o
 .debug_ranges  0x0000000000000b40       0x10 build/mbfuncinput.o
 .debug_ranges  0x0000000000000b50       0x18 build/mbfuncother.o
 .debug_ranges  0x0000000000000b68       0x20 build/mbutils.o
 .debug_ranges  0x0000000000000b88       0x20 build/portevent.o
 .debug_ranges  0x0000000000000ba8       0x48 build/portserial.o
 .debug_ranges  0x0000000000000bf0       0x28 build/porttimer.o
 .debug_ranges  0x0000000000000c18       0x18 build/portcritical.o
 .debug_ranges  0x0000000000000c30       0x10 build/mbcrc.o
 .debug_ranges  0x0000000000000c40       0x48 build/mbrtu.o
 .debug_ranges  0x0000000000000c88       0x38 build/mb.o
 .debug_ranges  0x0000000000000cc0       0x28 build/user_mb_app.o
 .debug_ranges  0x0000000000000ce8       0x18 build/ReceiveTransmit.o
 .debug_ranges  0x0000000000000d00       0x10 build/gpio.o
 .debug_ranges  0x0000000000000d10       0x40 build/tim.o
 .debug_ranges  0x0000000000000d50       0x28 build/usart.o
 .debug_ranges  0x0000000000000d78       0x20 build/spi.o
 .debug_ranges  0x0000000000000d98      0x1c0 build/stm32f4xx_hal_spi.o
 .debug_ranges  0x0000000000000f58      0x160 build/w25qxx.o
 .debug_ranges  0x00000000000010b8       0x20 build/startup_stm32f407xx.o

.debug_line     0x0000000000000000    0x138d1
 .debug_line    0x0000000000000000      0x510 build/main.o
 .debug_line    0x0000000000000510      0x32c build/stm32f4xx_it.o
 .debug_line    0x000000000000083c      0x1a2 build/stm32f4xx_hal_msp.o
 .debug_line    0x00000000000009de     0x4807 build/stm32f4xx_hal_tim.o
 .debug_line    0x00000000000051e5     0x1c7b build/stm32f4xx_hal_tim_ex.o
 .debug_line    0x0000000000006e60      0xb14 build/stm32f4xx_hal_rcc.o
 .debug_line    0x0000000000007974      0x70d build/stm32f4xx_hal_gpio.o
 .debug_line    0x0000000000008081      0xe05 build/stm32f4xx_hal_dma.o
 .debug_line    0x0000000000008e86      0x780 build/stm32f4xx_hal_cortex.o
 .debug_line    0x0000000000009606      0x543 build/stm32f4xx_hal.o
 .debug_line    0x0000000000009b49     0x20d6 build/stm32f4xx_hal_uart.o
 .debug_line    0x000000000000bc1f      0x25f build/system_stm32f4xx.o
 .debug_line    0x000000000000be7e      0x50d build/mbfunccoils.o
 .debug_line    0x000000000000c38b      0x375 build/mbfuncdisc.o
 .debug_line    0x000000000000c700      0x5ab build/mbfuncholding.o
 .debug_line    0x000000000000ccab      0x359 build/mbfuncinput.o
 .debug_line    0x000000000000d004      0x353 build/mbfuncother.o
 .debug_line    0x000000000000d357      0x399 build/mbutils.o
 .debug_line    0x000000000000d6f0      0x233 build/portevent.o
 .debug_line    0x000000000000d923      0x33b build/portserial.o
 .debug_line    0x000000000000dc5e      0x29b build/porttimer.o
 .debug_line    0x000000000000def9      0x1ef build/portcritical.o
 .debug_line    0x000000000000e0e8      0x1eb build/mbcrc.o
 .debug_line    0x000000000000e2d3      0x51d build/mbrtu.o
 .debug_line    0x000000000000e7f0      0x62a build/mb.o
 .debug_line    0x000000000000ee1a      0x4d5 build/user_mb_app.o
 .debug_line    0x000000000000f2ef      0x2ba build/ReceiveTransmit.o
 .debug_line    0x000000000000f5a9      0x1dc build/gpio.o
 .debug_line    0x000000000000f785      0x47d build/tim.o
 .debug_line    0x000000000000fc02      0x3d1 build/usart.o
 .debug_line    0x000000000000ffd3      0x308 build/spi.o
 .debug_line    0x00000000000102db     0x24d9 build/stm32f4xx_hal_spi.o
 .debug_line    0x00000000000127b4     0x10a7 build/w25qxx.o
 .debug_line    0x000000000001385b       0x76 build/startup_stm32f407xx.o

.debug_str      0x0000000000000000     0x59b1
 .debug_str     0x0000000000000000     0x1352 build/main.o
                                       0x14ae (size before relaxing)
 .debug_str     0x0000000000001352      0x10a build/stm32f4xx_it.o
                                        0xa90 (size before relaxing)
 .debug_str     0x000000000000145c       0x24 build/stm32f4xx_hal_msp.o
                                        0x38f (size before relaxing)
 .debug_str     0x0000000000001480      0xf1a build/stm32f4xx_hal_tim.o
                                       0x178b (size before relaxing)
 .debug_str     0x000000000000239a      0x591 build/stm32f4xx_hal_tim_ex.o
                                        0xf8c (size before relaxing)
 .debug_str     0x000000000000292b      0x253 build/stm32f4xx_hal_rcc.o
                                        0x785 (size before relaxing)
 .debug_str     0x0000000000002b7e      0x163 build/stm32f4xx_hal_gpio.o
                                        0x5a7 (size before relaxing)
 .debug_str     0x0000000000002ce1      0x2d6 build/stm32f4xx_hal_dma.o
                                        0x82d (size before relaxing)
 .debug_str     0x0000000000002fb7      0x9f5 build/stm32f4xx_hal_cortex.o
                                        0xce1 (size before relaxing)
 .debug_str     0x00000000000039ac      0x21f build/stm32f4xx_hal.o
                                        0xba2 (size before relaxing)
 .debug_str     0x0000000000003bcb      0x600 build/stm32f4xx_hal_uart.o
                                        0xdeb (size before relaxing)
 .debug_str     0x00000000000041cb       0x42 build/system_stm32f4xx.o
                                        0x40b (size before relaxing)
 .debug_str     0x000000000000420d      0x289 build/mbfunccoils.o
                                        0x993 (size before relaxing)
 .debug_str     0x0000000000004496       0x63 build/mbfuncdisc.o
                                        0x92e (size before relaxing)
 .debug_str     0x00000000000044f9      0x130 build/mbfuncholding.o
                                        0xa0b (size before relaxing)
 .debug_str     0x0000000000004629       0x52 build/mbfuncinput.o
                                        0x91f (size before relaxing)
 .debug_str     0x000000000000467b       0xb4 build/mbfuncother.o
                                        0x943 (size before relaxing)
 .debug_str     0x000000000000472f       0xa7 build/mbutils.o
                                        0x936 (size before relaxing)
 .debug_str     0x00000000000047d6       0xc1 build/portevent.o
                                        0x3e2 (size before relaxing)
 .debug_str     0x0000000000004897       0xe4 build/portserial.o
                                        0x8e3 (size before relaxing)
 .debug_str     0x000000000000497b       0x7a build/porttimer.o
                                        0x946 (size before relaxing)
 .debug_str     0x00000000000049f5       0x60 build/portcritical.o
                                        0x2d6 (size before relaxing)
 .debug_str     0x0000000000004a55       0x42 build/mbcrc.o
                                        0x2ef (size before relaxing)
 .debug_str     0x0000000000004a97      0x1a5 build/mbrtu.o
                                        0xa68 (size before relaxing)
 .debug_str     0x0000000000004c3c      0x1c1 build/mb.o
                                        0xb6d (size before relaxing)
 .debug_str     0x0000000000004dfd      0x1c6 build/user_mb_app.o
                                        0x617 (size before relaxing)
 .debug_str     0x0000000000004fc3       0x70 build/ReceiveTransmit.o
                                        0x7b4 (size before relaxing)
 .debug_str     0x0000000000005033        0xb build/gpio.o
                                        0x440 (size before relaxing)
 .debug_str     0x000000000000503e       0x4f build/tim.o
                                       0x10c0 (size before relaxing)
 .debug_str     0x000000000000508d       0x17 build/usart.o
                                        0xe03 (size before relaxing)
 .debug_str     0x00000000000050a4       0x43 build/spi.o
                                        0x8b7 (size before relaxing)
 .debug_str     0x00000000000050e7      0x51b build/stm32f4xx_hal_spi.o
                                        0xcb1 (size before relaxing)
 .debug_str     0x0000000000005602      0x38b build/w25qxx.o
                                       0x11b1 (size before relaxing)
 .debug_str     0x000000000000598d       0x24 build/startup_stm32f407xx.o
                                         0x43 (size before relaxing)

.comment        0x0000000000000000       0x66
 .comment       0x0000000000000000       0x66 build/main.o
                                         0x67 (size before relaxing)
 .comment       0x0000000000000066       0x67 build/stm32f4xx_it.o
 .comment       0x0000000000000066       0x67 build/stm32f4xx_hal_msp.o
 .comment       0x0000000000000066       0x67 build/stm32f4xx_hal_tim.o
 .comment       0x0000000000000066       0x67 build/stm32f4xx_hal_tim_ex.o
 .comment       0x0000000000000066       0x67 build/stm32f4xx_hal_rcc.o
 .comment       0x0000000000000066       0x67 build/stm32f4xx_hal_gpio.o
 .comment       0x0000000000000066       0x67 build/stm32f4xx_hal_dma.o
 .comment       0x0000000000000066       0x67 build/stm32f4xx_hal_cortex.o
 .comment       0x0000000000000066       0x67 build/stm32f4xx_hal.o
 .comment       0x0000000000000066       0x67 build/stm32f4xx_hal_uart.o
 .comment       0x0000000000000066       0x67 build/system_stm32f4xx.o
 .comment       0x0000000000000066       0x67 build/mbfunccoils.o
 .comment       0x0000000000000066       0x67 build/mbfuncdisc.o
 .comment       0x0000000000000066       0x67 build/mbfuncholding.o
 .comment       0x0000000000000066       0x67 build/mbfuncinput.o
 .comment       0x0000000000000066       0x67 build/mbfuncother.o
 .comment       0x0000000000000066       0x67 build/mbutils.o
 .comment       0x0000000000000066       0x67 build/portevent.o
 .comment       0x0000000000000066       0x67 build/portserial.o
 .comment       0x0000000000000066       0x67 build/porttimer.o
 .comment       0x0000000000000066       0x67 build/portcritical.o
 .comment       0x0000000000000066       0x67 build/mbcrc.o
 .comment       0x0000000000000066       0x67 build/mbrtu.o
 .comment       0x0000000000000066       0x67 build/mb.o
 .comment       0x0000000000000066       0x67 build/user_mb_app.o
 .comment       0x0000000000000066       0x67 build/ReceiveTransmit.o
 .comment       0x0000000000000066       0x67 build/gpio.o
 .comment       0x0000000000000066       0x67 build/tim.o
 .comment       0x0000000000000066       0x67 build/usart.o
 .comment       0x0000000000000066       0x67 build/spi.o
 .comment       0x0000000000000066       0x67 build/stm32f4xx_hal_spi.o
 .comment       0x0000000000000066       0x67 build/w25qxx.o

.debug_frame    0x0000000000000000     0x383c
 .debug_frame   0x0000000000000000       0x60 build/main.o
 .debug_frame   0x0000000000000060      0x100 build/stm32f4xx_it.o
 .debug_frame   0x0000000000000160       0x28 build/stm32f4xx_hal_msp.o
 .debug_frame   0x0000000000000188      0xc68 build/stm32f4xx_hal_tim.o
 .debug_frame   0x0000000000000df0      0x4a8 build/stm32f4xx_hal_tim_ex.o
 .debug_frame   0x0000000000001298      0x1ac build/stm32f4xx_hal_rcc.o
 .debug_frame   0x0000000000001444       0xec build/stm32f4xx_hal_gpio.o
 .debug_frame   0x0000000000001530      0x1b8 build/stm32f4xx_hal_dma.o
 .debug_frame   0x00000000000016e8      0x16c build/stm32f4xx_hal_cortex.o
 .debug_frame   0x0000000000001854      0x200 build/stm32f4xx_hal.o
 .debug_frame   0x0000000000001a54      0x670 build/stm32f4xx_hal_uart.o
 .debug_frame   0x00000000000020c4       0x30 build/system_stm32f4xx.o
 .debug_frame   0x00000000000020f4       0x94 build/mbfunccoils.o
 .debug_frame   0x0000000000002188       0x30 build/mbfuncdisc.o
 .debug_frame   0x00000000000021b8       0x94 build/mbfuncholding.o
 .debug_frame   0x000000000000224c       0x30 build/mbfuncinput.o
 .debug_frame   0x000000000000227c       0x5c build/mbfuncother.o
 .debug_frame   0x00000000000022d8       0x64 build/mbutils.o
 .debug_frame   0x000000000000233c       0x40 build/portevent.o
 .debug_frame   0x000000000000237c       0xd8 build/portserial.o
 .debug_frame   0x0000000000002454       0x74 build/porttimer.o
 .debug_frame   0x00000000000024c8       0x30 build/portcritical.o
 .debug_frame   0x00000000000024f8       0x30 build/mbcrc.o
 .debug_frame   0x0000000000002528      0x10c build/mbrtu.o
 .debug_frame   0x0000000000002634       0xd0 build/mb.o
 .debug_frame   0x0000000000002704       0xb0 build/user_mb_app.o
 .debug_frame   0x00000000000027b4       0x38 build/ReceiveTransmit.o
 .debug_frame   0x00000000000027ec       0x34 build/gpio.o
 .debug_frame   0x0000000000002820       0xd0 build/tim.o
 .debug_frame   0x00000000000028f0       0x88 build/usart.o
 .debug_frame   0x0000000000002978       0x68 build/spi.o
 .debug_frame   0x00000000000029e0      0x640 build/stm32f4xx_hal_spi.o
 .debug_frame   0x0000000000003020      0x368 build/w25qxx.o
 .debug_frame   0x0000000000003388       0x2c c:/vscodeproject/software/arm_gcc/bin/../lib/gcc/arm-none-eabi/9.2.1/../../../../arm-none-eabi/lib/thumb/v7e-m+fp/hard\libc_nano.a(lib_a-init.o)
 .debug_frame   0x00000000000033b4       0x28 c:/vscodeproject/software/arm_gcc/bin/../lib/gcc/arm-none-eabi/9.2.1/../../../../arm-none-eabi/lib/thumb/v7e-m+fp/hard\libc_nano.a(lib_a-memcpy-stub.o)
 .debug_frame   0x00000000000033dc       0x20 c:/vscodeproject/software/arm_gcc/bin/../lib/gcc/arm-none-eabi/9.2.1/../../../../arm-none-eabi/lib/thumb/v7e-m+fp/hard\libc_nano.a(lib_a-memset.o)
 .debug_frame   0x00000000000033fc       0x7c c:/vscodeproject/software/arm_gcc/bin/../lib/gcc/arm-none-eabi/9.2.1/../../../../arm-none-eabi/lib/thumb/v7e-m+fp/hard\libc_nano.a(lib_a-snprintf.o)
 .debug_frame   0x0000000000003478       0x90 c:/vscodeproject/software/arm_gcc/bin/../lib/gcc/arm-none-eabi/9.2.1/../../../../arm-none-eabi/lib/thumb/v7e-m+fp/hard\libc_nano.a(lib_a-nano-svfprintf.o)
 .debug_frame   0x0000000000003508       0x60 c:/vscodeproject/software/arm_gcc/bin/../lib/gcc/arm-none-eabi/9.2.1/../../../../arm-none-eabi/lib/thumb/v7e-m+fp/hard\libc_nano.a(lib_a-nano-vfprintf_i.o)
 .debug_frame   0x0000000000003568       0x28 c:/vscodeproject/software/arm_gcc/bin/../lib/gcc/arm-none-eabi/9.2.1/../../../../arm-none-eabi/lib/thumb/v7e-m+fp/hard\libc_nano.a(lib_a-memmove.o)
 .debug_frame   0x0000000000003590       0x38 c:/vscodeproject/software/arm_gcc/bin/../lib/gcc/arm-none-eabi/9.2.1/../../../../arm-none-eabi/lib/thumb/v7e-m+fp/hard\libc_nano.a(lib_a-nano-freer.o)
 .debug_frame   0x00000000000035c8       0x30 c:/vscodeproject/software/arm_gcc/bin/../lib/gcc/arm-none-eabi/9.2.1/../../../../arm-none-eabi/lib/thumb/v7e-m+fp/hard\libc_nano.a(lib_a-nano-mallocr.o)
 .debug_frame   0x00000000000035f8       0x3c c:/vscodeproject/software/arm_gcc/bin/../lib/gcc/arm-none-eabi/9.2.1/../../../../arm-none-eabi/lib/thumb/v7e-m+fp/hard\libc_nano.a(lib_a-nano-reallocr.o)
 .debug_frame   0x0000000000003634       0x2c c:/vscodeproject/software/arm_gcc/bin/../lib/gcc/arm-none-eabi/9.2.1/../../../../arm-none-eabi/lib/thumb/v7e-m+fp/hard\libc_nano.a(lib_a-sbrkr.o)
 .debug_frame   0x0000000000003660       0x30 c:/vscodeproject/software/arm_gcc/bin/../lib/gcc/arm-none-eabi/9.2.1/../../../../arm-none-eabi/lib/thumb/v7e-m+fp/hard\libc_nano.a(lib_a-mlock.o)
 .debug_frame   0x0000000000003690       0x20 c:/vscodeproject/software/arm_gcc/bin/../lib/gcc/arm-none-eabi/9.2.1/../../../../arm-none-eabi/lib/thumb/v7e-m+fp/hard\libc_nano.a(lib_a-nano-msizer.o)
 .debug_frame   0x00000000000036b0       0x5c c:/vscodeproject/software/arm_gcc/bin/../lib/gcc/arm-none-eabi/9.2.1/../../../../arm-none-eabi/lib/thumb/v7e-m+fp/hard\libc_nano.a(lib_a-reent.o)
 .debug_frame   0x000000000000370c       0xb0 c:/vscodeproject/software/arm_gcc/bin/../lib/gcc/arm-none-eabi/9.2.1/../../../../arm-none-eabi/lib/thumb/v7e-m+fp/hard\libc_nano.a(lib_a-lock.o)
 .debug_frame   0x00000000000037bc       0x20 c:/vscodeproject/software/arm_gcc/bin/../lib/gcc/arm-none-eabi/9.2.1/../../../../arm-none-eabi/lib/thumb/v7e-m+fp/hard\libnosys.a(sbrk.o)
 .debug_frame   0x00000000000037dc       0x2c c:/vscodeproject/software/arm_gcc/bin/../lib/gcc/arm-none-eabi/9.2.1/thumb/v7e-m+fp/hard\libgcc.a(_aeabi_uldivmod.o)
 .debug_frame   0x0000000000003808       0x34 c:/vscodeproject/software/arm_gcc/bin/../lib/gcc/arm-none-eabi/9.2.1/thumb/v7e-m+fp/hard\libgcc.a(_udivmoddi4.o)

Cross Reference Table

Symbol                                            File
ADC_IRQHandler                                    build/startup_stm32f407xx.o
AHBPrescTable                                     build/system_stm32f4xx.o
                                                  build/stm32f4xx_hal_rcc.o
APBPrescTable                                     build/system_stm32f4xx.o
                                                  build/stm32f4xx_hal_rcc.o
BusFault_Handler                                  build/stm32f4xx_it.o
CAN1_RX0_IRQHandler                               build/startup_stm32f407xx.o
CAN1_RX1_IRQHandler                               build/startup_stm32f407xx.o
CAN1_SCE_IRQHandler                               build/startup_stm32f407xx.o
CAN1_TX_IRQHandler                                build/startup_stm32f407xx.o
CAN2_RX0_IRQHandler                               build/startup_stm32f407xx.o
CAN2_RX1_IRQHandler                               build/startup_stm32f407xx.o
CAN2_SCE_IRQHandler                               build/startup_stm32f407xx.o
CAN2_TX_IRQHandler                                build/startup_stm32f407xx.o
DCMI_IRQHandler                                   build/startup_stm32f407xx.o
DMA1_Stream0_IRQHandler                           build/startup_stm32f407xx.o
DMA1_Stream1_IRQHandler                           build/startup_stm32f407xx.o
DMA1_Stream2_IRQHandler                           build/startup_stm32f407xx.o
DMA1_Stream3_IRQHandler                           build/startup_stm32f407xx.o
DMA1_Stream4_IRQHandler                           build/startup_stm32f407xx.o
DMA1_Stream5_IRQHandler                           build/startup_stm32f407xx.o
DMA1_Stream6_IRQHandler                           build/startup_stm32f407xx.o
DMA1_Stream7_IRQHandler                           build/startup_stm32f407xx.o
DMA2_Stream0_IRQHandler                           build/startup_stm32f407xx.o
DMA2_Stream1_IRQHandler                           build/startup_stm32f407xx.o
DMA2_Stream2_IRQHandler                           build/startup_stm32f407xx.o
DMA2_Stream3_IRQHandler                           build/startup_stm32f407xx.o
DMA2_Stream4_IRQHandler                           build/startup_stm32f407xx.o
DMA2_Stream5_IRQHandler                           build/startup_stm32f407xx.o
DMA2_Stream6_IRQHandler                           build/startup_stm32f407xx.o
DMA2_Stream7_IRQHandler                           build/startup_stm32f407xx.o
DebugMon_Handler                                  build/stm32f4xx_it.o
Default_Handler                                   build/startup_stm32f407xx.o
ETH_IRQHandler                                    build/startup_stm32f407xx.o
ETH_WKUP_IRQHandler                               build/startup_stm32f407xx.o
EXTI0_IRQHandler                                  build/startup_stm32f407xx.o
EXTI15_10_IRQHandler                              build/startup_stm32f407xx.o
EXTI1_IRQHandler                                  build/startup_stm32f407xx.o
EXTI2_IRQHandler                                  build/startup_stm32f407xx.o
EXTI3_IRQHandler                                  build/startup_stm32f407xx.o
EXTI4_IRQHandler                                  build/startup_stm32f407xx.o
EXTI9_5_IRQHandler                                build/startup_stm32f407xx.o
Error_Handler                                     build/main.o
                                                  build/spi.o
                                                  build/usart.o
                                                  build/tim.o
FLASH_Erase_Sector                                build/stm32f4xx_hal_flash_ex.o
                                                  build/stm32f4xx_hal_flash.o
FLASH_FlushCaches                                 build/stm32f4xx_hal_flash_ex.o
                                                  build/stm32f4xx_hal_flash.o
FLASH_IRQHandler                                  build/startup_stm32f407xx.o
FLASH_WaitForLastOperation                        build/stm32f4xx_hal_flash.o
                                                  build/stm32f4xx_hal_flash_ex.o
FPU_IRQHandler                                    build/startup_stm32f407xx.o
FSMC_IRQHandler                                   build/startup_stm32f407xx.o